Archive member included to satisfy reference by file (symbol)

c:/program files (x86)/atollic/truestudio for arm 8.1.0/armtools/bin/../lib/gcc/arm-atollic-eabi/6.3.1/../../../../arm-atollic-eabi/lib/armv7e-m/fpu\libc_nano.a(lib_a-init.o)
                              src\startup_stm32f411xe.o (__libc_init_array)
c:/program files (x86)/atollic/truestudio for arm 8.1.0/armtools/bin/../lib/gcc/arm-atollic-eabi/6.3.1/../../../../arm-atollic-eabi/lib/armv7e-m/fpu\libc_nano.a(lib_a-strchr.o)
                              src\gps.o (strchr)
c:/program files (x86)/atollic/truestudio for arm 8.1.0/armtools/bin/../lib/gcc/arm-atollic-eabi/6.3.1/../../../../arm-atollic-eabi/lib/armv7e-m/fpu\libc_nano.a(lib_a-strcpy.o)
                              src\gps.o (strcpy)
c:/program files (x86)/atollic/truestudio for arm 8.1.0/armtools/bin/../lib/gcc/arm-atollic-eabi/6.3.1/../../../../arm-atollic-eabi/lib/armv7e-m/fpu\libc_nano.a(lib_a-strlen.o)
                              src\gprs.o (strlen)
c:/program files (x86)/atollic/truestudio for arm 8.1.0/armtools/bin/../lib/gcc/arm-atollic-eabi/6.3.1/../../../../arm-atollic-eabi/lib/armv7e-m/fpu\libc_nano.a(lib_a-strstr.o)
                              src\gps.o (strstr)
c:/program files (x86)/atollic/truestudio for arm 8.1.0/armtools/bin/../lib/gcc/arm-atollic-eabi/6.3.1/../../../../arm-atollic-eabi/lib/armv7e-m/fpu\libc_nano.a(lib_a-strtok.o)
                              src\gps.o (strtok)
c:/program files (x86)/atollic/truestudio for arm 8.1.0/armtools/bin/../lib/gcc/arm-atollic-eabi/6.3.1/../../../../arm-atollic-eabi/lib/armv7e-m/fpu\libc_nano.a(lib_a-strtok_r.o)
                              c:/program files (x86)/atollic/truestudio for arm 8.1.0/armtools/bin/../lib/gcc/arm-atollic-eabi/6.3.1/../../../../arm-atollic-eabi/lib/armv7e-m/fpu\libc_nano.a(lib_a-strtok.o) (__strtok_r)
c:/program files (x86)/atollic/truestudio for arm 8.1.0/armtools/bin/../lib/gcc/arm-atollic-eabi/6.3.1/../../../../arm-atollic-eabi/lib/armv7e-m/fpu\libc_nano.a(lib_a-impure.o)
                              c:/program files (x86)/atollic/truestudio for arm 8.1.0/armtools/bin/../lib/gcc/arm-atollic-eabi/6.3.1/../../../../arm-atollic-eabi/lib/armv7e-m/fpu\libc_nano.a(lib_a-strtok.o) (_impure_ptr)
c:/program files (x86)/atollic/truestudio for arm 8.1.0/armtools/bin/../lib/gcc/arm-atollic-eabi/6.3.1/../../../../arm-atollic-eabi/lib/armv7e-m/fpu\libc_nano.a(lib_a-malloc.o)
                              c:/program files (x86)/atollic/truestudio for arm 8.1.0/armtools/bin/../lib/gcc/arm-atollic-eabi/6.3.1/../../../../arm-atollic-eabi/lib/armv7e-m/fpu\libc_nano.a(lib_a-strtok.o) (malloc)
c:/program files (x86)/atollic/truestudio for arm 8.1.0/armtools/bin/../lib/gcc/arm-atollic-eabi/6.3.1/../../../../arm-atollic-eabi/lib/armv7e-m/fpu\libc_nano.a(lib_a-nano-freer.o)
                              c:/program files (x86)/atollic/truestudio for arm 8.1.0/armtools/bin/../lib/gcc/arm-atollic-eabi/6.3.1/../../../../arm-atollic-eabi/lib/armv7e-m/fpu\libc_nano.a(lib_a-malloc.o) (_free_r)
c:/program files (x86)/atollic/truestudio for arm 8.1.0/armtools/bin/../lib/gcc/arm-atollic-eabi/6.3.1/../../../../arm-atollic-eabi/lib/armv7e-m/fpu\libc_nano.a(lib_a-nano-mallocr.o)
                              c:/program files (x86)/atollic/truestudio for arm 8.1.0/armtools/bin/../lib/gcc/arm-atollic-eabi/6.3.1/../../../../arm-atollic-eabi/lib/armv7e-m/fpu\libc_nano.a(lib_a-malloc.o) (_malloc_r)
c:/program files (x86)/atollic/truestudio for arm 8.1.0/armtools/bin/../lib/gcc/arm-atollic-eabi/6.3.1/../../../../arm-atollic-eabi/lib/armv7e-m/fpu\libc_nano.a(lib_a-sbrkr.o)
                              c:/program files (x86)/atollic/truestudio for arm 8.1.0/armtools/bin/../lib/gcc/arm-atollic-eabi/6.3.1/../../../../arm-atollic-eabi/lib/armv7e-m/fpu\libc_nano.a(lib_a-nano-mallocr.o) (_sbrk_r)
c:/program files (x86)/atollic/truestudio for arm 8.1.0/armtools/bin/../lib/gcc/arm-atollic-eabi/6.3.1/../../../../arm-atollic-eabi/lib/armv7e-m/fpu\libc_nano.a(lib_a-mlock.o)
                              c:/program files (x86)/atollic/truestudio for arm 8.1.0/armtools/bin/../lib/gcc/arm-atollic-eabi/6.3.1/../../../../arm-atollic-eabi/lib/armv7e-m/fpu\libc_nano.a(lib_a-nano-freer.o) (__malloc_lock)
c:/program files (x86)/atollic/truestudio for arm 8.1.0/armtools/bin/../lib/gcc/arm-atollic-eabi/6.3.1/../../../../arm-atollic-eabi/lib/armv7e-m/fpu\libc_nano.a(lib_a-reent.o)
                              c:/program files (x86)/atollic/truestudio for arm 8.1.0/armtools/bin/../lib/gcc/arm-atollic-eabi/6.3.1/../../../../arm-atollic-eabi/lib/armv7e-m/fpu\libc_nano.a(lib_a-sbrkr.o) (errno)
c:/program files (x86)/atollic/truestudio for arm 8.1.0/armtools/bin/../lib/gcc/arm-atollic-eabi/6.3.1/../../../../arm-atollic-eabi/lib/armv7e-m/fpu\libnosys.a(sbrk.o)
[...]
Memory Configuration

Name             Origin             Length             Attributes
FLASH            0x08000000         0x00040000         xr
RAM              0x20000000         0x00020000         xrw
MEMORY_B1        0x60000000         0x00000000         xr
DATA             0x08040000         0x00020000         xrw
*default*        0x00000000         0xffffffff

Linker script and memory map

LOAD c:/program files (x86)/atollic/truestudio for arm 8.1.0/armtools/bin/../lib/gcc/arm-atollic-eabi/6.3.1/armv7e-m/fpu/crti.o
LOAD c:/program files (x86)/atollic/truestudio for arm 8.1.0/armtools/bin/../lib/gcc/arm-atollic-eabi/6.3.1/armv7e-m/fpu/crtbegin.o
LOAD Drivers\BSP\STM32F4xx-Nucleo\stm32f4xx_nucleo.o
LOAD Drivers\STM32F4xx_HAL_Driver\Src\stm32f4xx_hal.o
LOAD Drivers\STM32F4xx_HAL_Driver\Src\stm32f4xx_hal_cortex.o
LOAD Drivers\STM32F4xx_HAL_Driver\Src\stm32f4xx_hal_crc.o
LOAD Drivers\STM32F4xx_HAL_Driver\Src\stm32f4xx_hal_dma.o
LOAD Drivers\STM32F4xx_HAL_Driver\Src\stm32f4xx_hal_dma2d.o
LOAD Drivers\STM32F4xx_HAL_Driver\Src\stm32f4xx_hal_dma_ex.o
LOAD Drivers\STM32F4xx_HAL_Driver\Src\stm32f4xx_hal_flash.o
LOAD Drivers\STM32F4xx_HAL_Driver\Src\stm32f4xx_hal_flash_ex.o
LOAD Drivers\STM32F4xx_HAL_Driver\Src\stm32f4xx_hal_flash_ramfunc.o
LOAD Drivers\STM32F4xx_HAL_Driver\Src\stm32f4xx_hal_gpio.o
LOAD Drivers\STM32F4xx_HAL_Driver\Src\stm32f4xx_hal_i2c.o
LOAD Drivers\STM32F4xx_HAL_Driver\Src\stm32f4xx_hal_i2c_ex.o
LOAD Drivers\STM32F4xx_HAL_Driver\Src\stm32f4xx_hal_nand.o
LOAD Drivers\STM32F4xx_HAL_Driver\Src\stm32f4xx_hal_nor.o
LOAD Drivers\STM32F4xx_HAL_Driver\Src\stm32f4xx_hal_pccard.o
LOAD Drivers\STM32F4xx_HAL_Driver\Src\stm32f4xx_hal_pwr.o
LOAD Drivers\STM32F4xx_HAL_Driver\Src\stm32f4xx_hal_pwr_ex.o
LOAD Drivers\STM32F4xx_HAL_Driver\Src\stm32f4xx_hal_rcc.o
LOAD Drivers\STM32F4xx_HAL_Driver\Src\stm32f4xx_hal_rcc_ex.o
LOAD Drivers\STM32F4xx_HAL_Driver\Src\stm32f4xx_hal_rtc.o
LOAD Drivers\STM32F4xx_HAL_Driver\Src\stm32f4xx_hal_rtc_ex.o
LOAD Drivers\STM32F4xx_HAL_Driver\Src\stm32f4xx_hal_sd.o
LOAD Drivers\STM32F4xx_HAL_Driver\Src\stm32f4xx_hal_sdram.o
LOAD Drivers\STM32F4xx_HAL_Driver\Src\stm32f4xx_hal_smartcard.o
LOAD Drivers\STM32F4xx_HAL_Driver\Src\stm32f4xx_hal_spi.o
LOAD Drivers\STM32F4xx_HAL_Driver\Src\stm32f4xx_hal_sram.o
LOAD Drivers\STM32F4xx_HAL_Driver\Src\stm32f4xx_hal_tim.o
LOAD Drivers\STM32F4xx_HAL_Driver\Src\stm32f4xx_hal_tim_ex.o
LOAD Drivers\STM32F4xx_HAL_Driver\Src\stm32f4xx_hal_uart.o
LOAD Drivers\STM32F4xx_HAL_Driver\Src\stm32f4xx_hal_usart.o
LOAD Drivers\STM32F4xx_HAL_Driver\Src\stm32f4xx_hal_wwdg.o
LOAD src\gprs.o
LOAD src\gps.o
LOAD src\init.o
LOAD src\lora.o
LOAD src\lp_modes.o
LOAD src\main.o
LOAD src\startup_stm32f411xe.o
LOAD src\stm32f4xx_hal_msp.o
LOAD src\stm32f4xx_it.o
LOAD src\system_stm32f4xx.o
LOAD src\tiny_printf.o
                0x00000080                malloc_getpagesize_P = 0x80
START GROUP
LOAD c:/program files (x86)/atollic/truestudio for arm 8.1.0/armtools/bin/../lib/gcc/arm-atollic-eabi/6.3.1/../../../../arm-atollic-eabi/lib/armv7e-m/fpu\libc_nano.a
LOAD c:/program files (x86)/atollic/truestudio for arm 8.1.0/armtools/bin/../lib/gcc/arm-atollic-eabi/6.3.1/../../../../arm-atollic-eabi/lib/armv7e-m/fpu\libm.a
END GROUP
START GROUP
LOAD c:/program files (x86)/atollic/truestudio for arm 8.1.0/armtools/bin/../lib/gcc/arm-atollic-eabi/6.3.1/armv7e-m/fpu\libgcc.a
LOAD c:/program files (x86)/atollic/truestudio for arm 8.1.0/armtools/bin/../lib/gcc/arm-atollic-eabi/6.3.1/../../../../arm-atollic-eabi/lib/armv7e-m/fpu\libc_nano.a
END GROUP
START GROUP
LOAD c:/program files (x86)/atollic/truestudio for arm 8.1.0/armtools/bin/../lib/gcc/arm-atollic-eabi/6.3.1/armv7e-m/fpu\libgcc.a
LOAD c:/program files (x86)/atollic/truestudio for arm 8.1.0/armtools/bin/../lib/gcc/arm-atollic-eabi/6.3.1/../../../../arm-atollic-eabi/lib/armv7e-m/fpu\libc_nano.a
LOAD c:/program files (x86)/atollic/truestudio for arm 8.1.0/armtools/bin/../lib/gcc/arm-atollic-eabi/6.3.1/../../../../arm-atollic-eabi/lib/armv7e-m/fpu\libnosys.a
END GROUP
START GROUP
LOAD c:/program files (x86)/atollic/truestudio for arm 8.1.0/armtools/bin/../lib/gcc/arm-atollic-eabi/6.3.1/armv7e-m/fpu\libgcc.a
LOAD c:/program files (x86)/atollic/truestudio for arm 8.1.0/armtools/bin/../lib/gcc/arm-atollic-eabi/6.3.1/../../../../arm-atollic-eabi/lib/armv7e-m/fpu\libc_nano.a
LOAD c:/program files (x86)/atollic/truestudio for arm 8.1.0/armtools/bin/../lib/gcc/arm-atollic-eabi/6.3.1/../../../../arm-atollic-eabi/lib/armv7e-m/fpu\libnosys.a
END GROUP
LOAD c:/program files (x86)/atollic/truestudio for arm 8.1.0/armtools/bin/../lib/gcc/arm-atollic-eabi/6.3.1/armv7e-m/fpu/crtend.o
LOAD c:/program files (x86)/atollic/truestudio for arm 8.1.0/armtools/bin/../lib/gcc/arm-atollic-eabi/6.3.1/armv7e-m/fpu/crtn.o
                0x20020000                _estack = 0x20020000
                0x00000000                _Min_Heap_Size = 0x0
                0x00000400                _Min_Stack_Size = 0x400

.isr_vector     0x08000000      0x198
                0x08000000                . = ALIGN (0x4)
 *(.isr_vector)
 .isr_vector    0x08000000      0x198 src\startup_stm32f411xe.o
                0x08000000                g_pfnVectors
                0x08000198                . = ALIGN (0x4)

.text           0x08000198     0x31d0
                0x08000198                . = ALIGN (0x4)
 *(.text)
 .text          0x08000198       0x40 c:/program files (x86)/atollic/truestudio for arm 8.1.0/armtools/bin/../lib/gcc/arm-atollic-eabi/6.3.1/armv7e-m/fpu/crtbegin.o
 .text          0x080001d8       0x10 c:/program files (x86)/atollic/truestudio for arm 8.1.0/armtools/bin/../lib/gcc/arm-atollic-eabi/6.3.1/../../../../arm-atollic-eabi/lib/armv7e-m/fpu\libc_nano.a(lib_a-strlen.o)
                0x080001d8                strlen
 *(.text*)
 .text.BSP_LED_Init
                0x080001e8       0x6c Drivers\BSP\STM32F4xx-Nucleo\stm32f4xx_nucleo.o
                0x080001e8                BSP_LED_Init
 .text.BSP_LED_On
                0x08000254       0x28 Drivers\BSP\STM32F4xx-Nucleo\stm32f4xx_nucleo.o
                0x08000254                BSP_LED_On
 .text.BSP_LED_Toggle
                0x0800027c       0x28 Drivers\BSP\STM32F4xx-Nucleo\stm32f4xx_nucleo.o
                0x0800027c                BSP_LED_Toggle
 .text.HAL_Init
                0x080002a4       0x44 Drivers\STM32F4xx_HAL_Driver\Src\stm32f4xx_hal.o
                0x080002a4                HAL_Init
 .text.HAL_InitTick
                0x080002e8       0x38 Drivers\STM32F4xx_HAL_Driver\Src\stm32f4xx_hal.o
                0x080002e8                HAL_InitTick
 .text.HAL_IncTick
                0x08000320       0x1c Drivers\STM32F4xx_HAL_Driver\Src\stm32f4xx_hal.o
                0x08000320                HAL_IncTick
 .text.HAL_GetTick
                0x0800033c       0x18 Drivers\STM32F4xx_HAL_Driver\Src\stm32f4xx_hal.o
                0x0800033c                HAL_GetTick
 .text.HAL_Delay
                0x08000354       0x3a Drivers\STM32F4xx_HAL_Driver\Src\stm32f4xx_hal.o
                0x08000354                HAL_Delay
 *fill*         0x0800038e        0x2 
 .text.NVIC_SetPriorityGrouping
                0x08000390       0x48 Drivers\STM32F4xx_HAL_Driver\Src\stm32f4xx_hal_cortex.o
 .text.NVIC_GetPriorityGrouping
                0x080003d8       0x1c Drivers\STM32F4xx_HAL_Driver\Src\stm32f4xx_hal_cortex.o
 .text.NVIC_EnableIRQ
                0x080003f4       0x34 Drivers\STM32F4xx_HAL_Driver\Src\stm32f4xx_hal_cortex.o
 .text.NVIC_SetPriority
                0x08000428       0x54 Drivers\STM32F4xx_HAL_Driver\Src\stm32f4xx_hal_cortex.o
 .text.NVIC_EncodePriority
                0x0800047c       0x62 Drivers\STM32F4xx_HAL_Driver\Src\stm32f4xx_hal_cortex.o
 *fill*         0x080004de        0x2 
 .text.SysTick_Config
                0x080004e0       0x44 Drivers\STM32F4xx_HAL_Driver\Src\stm32f4xx_hal_cortex.o
 .text.HAL_NVIC_SetPriorityGrouping
                0x08000524       0x16 Drivers\STM32F4xx_HAL_Driver\Src\stm32f4xx_hal_cortex.o
                0x08000524                HAL_NVIC_SetPriorityGrouping
 .text.HAL_NVIC_SetPriority
                0x0800053a       0x38 Drivers\STM32F4xx_HAL_Driver\Src\stm32f4xx_hal_cortex.o
                0x0800053a                HAL_NVIC_SetPriority
 .text.HAL_NVIC_EnableIRQ
                0x08000572       0x1c Drivers\STM32F4xx_HAL_Driver\Src\stm32f4xx_hal_cortex.o
                0x08000572                HAL_NVIC_EnableIRQ
 .text.HAL_SYSTICK_Config
                0x0800058e       0x18 Drivers\STM32F4xx_HAL_Driver\Src\stm32f4xx_hal_cortex.o
                0x0800058e                HAL_SYSTICK_Config
 .text.HAL_SYSTICK_IRQHandler
                0x080005a6        0xc Drivers\STM32F4xx_HAL_Driver\Src\stm32f4xx_hal_cortex.o
                0x080005a6                HAL_SYSTICK_IRQHandler
 *fill*         0x080005b2        0x2 
 .text.HAL_DMA_Init
                0x080005b4      0x15c Drivers\STM32F4xx_HAL_Driver\Src\stm32f4xx_hal_dma.o
                0x080005b4                HAL_DMA_Init
 .text.HAL_DMA_Start_IT
                0x08000710       0xc0 Drivers\STM32F4xx_HAL_Driver\Src\stm32f4xx_hal_dma.o
                0x08000710                HAL_DMA_Start_IT
 .text.HAL_DMA_Abort_IT
                0x080007d0       0x44 Drivers\STM32F4xx_HAL_Driver\Src\stm32f4xx_hal_dma.o
                0x080007d0                HAL_DMA_Abort_IT
 .text.HAL_DMA_IRQHandler
                0x08000814      0x320 Drivers\STM32F4xx_HAL_Driver\Src\stm32f4xx_hal_dma.o
                0x08000814                HAL_DMA_IRQHandler
 .text.DMA_SetConfig
                0x08000b34       0x5c Drivers\STM32F4xx_HAL_Driver\Src\stm32f4xx_hal_dma.o
 .text.DMA_CalcBaseAndBitshift
                0x08000b90       0x6c Drivers\STM32F4xx_HAL_Driver\Src\stm32f4xx_hal_dma.o
 .text.DMA_CheckFifoParam
                0x08000bfc       0xf4 Drivers\STM32F4xx_HAL_Driver\Src\stm32f4xx_hal_dma.o
 .text.HAL_GPIO_Init
                0x08000cf0      0x304 Drivers\STM32F4xx_HAL_Driver\Src\stm32f4xx_hal_gpio.o
                0x08000cf0                HAL_GPIO_Init
 .text.HAL_GPIO_WritePin
                0x08000ff4       0x32 Drivers\STM32F4xx_HAL_Driver\Src\stm32f4xx_hal_gpio.o
                0x08000ff4                HAL_GPIO_WritePin
 .text.HAL_GPIO_TogglePin
                0x08001026       0x24 Drivers\STM32F4xx_HAL_Driver\Src\stm32f4xx_hal_gpio.o
                0x08001026                HAL_GPIO_TogglePin
 *fill*         0x0800104a        0x2 
 .text.HAL_GPIO_EXTI_IRQHandler
                0x0800104c       0x30 Drivers\STM32F4xx_HAL_Driver\Src\stm32f4xx_hal_gpio.o
                0x0800104c                HAL_GPIO_EXTI_IRQHandler
 .text.HAL_RCC_OscConfig
                0x0800107c      0x4b4 Drivers\STM32F4xx_HAL_Driver\Src\stm32f4xx_hal_rcc.o
                0x0800107c                HAL_RCC_OscConfig
 .text.HAL_RCC_ClockConfig
                0x08001530      0x224 Drivers\STM32F4xx_HAL_Driver\Src\stm32f4xx_hal_rcc.o
                0x08001530                HAL_RCC_ClockConfig
 .text.HAL_RCC_GetSysClockFreq
                0x08001754       0xfc Drivers\STM32F4xx_HAL_Driver\Src\stm32f4xx_hal_rcc.o
                0x08001754                HAL_RCC_GetSysClockFreq
 .text.HAL_RCC_GetHCLKFreq
                0x08001850       0x18 Drivers\STM32F4xx_HAL_Driver\Src\stm32f4xx_hal_rcc.o
                0x08001850                HAL_RCC_GetHCLKFreq
 .text.HAL_RCC_GetPCLK1Freq
                0x08001868       0x44 Drivers\STM32F4xx_HAL_Driver\Src\stm32f4xx_hal_rcc.o
                0x08001868                HAL_RCC_GetPCLK1Freq
 .text.HAL_RCC_GetPCLK2Freq
                0x080018ac       0x44 Drivers\STM32F4xx_HAL_Driver\Src\stm32f4xx_hal_rcc.o
                0x080018ac                HAL_RCC_GetPCLK2Freq
 .text.HAL_RTCEx_WakeUpTimerIRQHandler
                0x080018f0       0x58 Drivers\STM32F4xx_HAL_Driver\Src\stm32f4xx_hal_rtc_ex.o
                0x080018f0                HAL_RTCEx_WakeUpTimerIRQHandler
 .text.HAL_SPI_IRQHandler
                0x08001948      0x1b0 Drivers\STM32F4xx_HAL_Driver\Src\stm32f4xx_hal_spi.o
                0x08001948                HAL_SPI_IRQHandler
 .text.HAL_SPI_ErrorCallback
                0x08001af8       0x14 Drivers\STM32F4xx_HAL_Driver\Src\stm32f4xx_hal_spi.o
                0x08001af8                HAL_SPI_ErrorCallback
 .text.SPI_DMAAbortOnError
                0x08001b0c       0x28 Drivers\STM32F4xx_HAL_Driver\Src\stm32f4xx_hal_spi.o
 .text.HAL_UART_Init
                0x08001b34       0x9a Drivers\STM32F4xx_HAL_Driver\Src\stm32f4xx_hal_uart.o
                0x08001b34                HAL_UART_Init
 .text.HAL_UART_Transmit
                0x08001bce      0x130 Drivers\STM32F4xx_HAL_Driver\Src\stm32f4xx_hal_uart.o
                0x08001bce                HAL_UART_Transmit
 *fill*         0x08001cfe        0x2 
 .text.HAL_UART_Transmit_DMA
                0x08001d00       0xd8 Drivers\STM32F4xx_HAL_Driver\Src\stm32f4xx_hal_uart.o
                0x08001d00                HAL_UART_Transmit_DMA
 .text.HAL_UART_Receive_DMA
                0x08001dd8      0x100 Drivers\STM32F4xx_HAL_Driver\Src\stm32f4xx_hal_uart.o
                0x08001dd8                HAL_UART_Receive_DMA
 .text.HAL_UART_IRQHandler
                0x08001ed8      0x1f8 Drivers\STM32F4xx_HAL_Driver\Src\stm32f4xx_hal_uart.o
                0x08001ed8                HAL_UART_IRQHandler
 .text.HAL_UART_TxHalfCpltCallback
                0x080020d0       0x14 Drivers\STM32F4xx_HAL_Driver\Src\stm32f4xx_hal_uart.o
                0x080020d0                HAL_UART_TxHalfCpltCallback
 .text.HAL_UART_RxHalfCpltCallback
                0x080020e4       0x14 Drivers\STM32F4xx_HAL_Driver\Src\stm32f4xx_hal_uart.o
                0x080020e4                HAL_UART_RxHalfCpltCallback
 .text.HAL_UART_ErrorCallback
                0x080020f8       0x14 Drivers\STM32F4xx_HAL_Driver\Src\stm32f4xx_hal_uart.o
                0x080020f8                HAL_UART_ErrorCallback
 .text.UART_DMATransmitCplt
                0x0800210c       0x52 Drivers\STM32F4xx_HAL_Driver\Src\stm32f4xx_hal_uart.o
 .text.UART_DMATxHalfCplt
                0x0800215e       0x1c Drivers\STM32F4xx_HAL_Driver\Src\stm32f4xx_hal_uart.o
 .text.UART_DMAReceiveCplt
                0x0800217a       0x68 Drivers\STM32F4xx_HAL_Driver\Src\stm32f4xx_hal_uart.o
 .text.UART_DMARxHalfCplt
                0x080021e2       0x1c Drivers\STM32F4xx_HAL_Driver\Src\stm32f4xx_hal_uart.o
 .text.UART_DMAError
                0x080021fe       0x94 Drivers\STM32F4xx_HAL_Driver\Src\stm32f4xx_hal_uart.o
 .text.UART_WaitOnFlagUntilTimeout
                0x08002292       0x94 Drivers\STM32F4xx_HAL_Driver\Src\stm32f4xx_hal_uart.o
 .text.UART_EndTxTransfer
                0x08002326       0x2c Drivers\STM32F4xx_HAL_Driver\Src\stm32f4xx_hal_uart.o
 .text.UART_EndRxTransfer
                0x08002352       0x3c Drivers\STM32F4xx_HAL_Driver\Src\stm32f4xx_hal_uart.o
 .text.UART_DMAAbortOnError
                0x0800238e       0x28 Drivers\STM32F4xx_HAL_Driver\Src\stm32f4xx_hal_uart.o
 .text.UART_Transmit_IT
                0x080023b6       0xaa Drivers\STM32F4xx_HAL_Driver\Src\stm32f4xx_hal_uart.o
 .text.UART_EndTransmit_IT
                0x08002460       0x30 Drivers\STM32F4xx_HAL_Driver\Src\stm32f4xx_hal_uart.o
 .text.UART_Receive_IT
                0x08002490       0xf2 Drivers\STM32F4xx_HAL_Driver\Src\stm32f4xx_hal_uart.o
 *fill*         0x08002582        0x2 
 .text.UART_SetConfig
                0x08002584      0x438 Drivers\STM32F4xx_HAL_Driver\Src\stm32f4xx_hal_uart.o
 .text.send_ATCommand_DMA
                0x080029bc       0x50 src\gprs.o
                0x080029bc                send_ATCommand_DMA
 .text.read_buffer
                0x08002a0c       0x3c src\gprs.o
                0x08002a0c                read_buffer
 .text.leerBuffer
                0x08002a48       0x14 src\gprs.o
                0x08002a48                leerBuffer
 .text.guardar_coordenadas
                0x08002a5c       0x48 src\gps.o
                0x08002a5c                guardar_coordenadas
 .text.HAL_UART_TxCpltCallback
                0x08002aa4       0x70 src\gps.o
                0x08002aa4                HAL_UART_TxCpltCallback
 .text.HAL_UART_RxCpltCallback
                0x08002b14       0x6c src\gps.o
                0x08002b14                HAL_UART_RxCpltCallback
 .text.GPIO_Init
                0x08002b80       0x6c src\init.o
                0x08002b80                GPIO_Init
 .text.UART1_Init
                0x08002bec       0x48 src\init.o
                0x08002bec                UART1_Init
 .text.UART2_Init
                0x08002c34       0x48 src\init.o
                0x08002c34                UART2_Init
 .text.DMA_Init
                0x08002c7c       0x70 src\init.o
                0x08002c7c                DMA_Init
 .text.HAL_SYSTICK_Callback
                0x08002cec        0xc src\init.o
                0x08002cec                HAL_SYSTICK_Callback
 .text.HAL_RTCEx_WakeUpTimerEventCallback
                0x08002cf8       0x24 src\init.o
                0x08002cf8                HAL_RTCEx_WakeUpTimerEventCallback
 .text.HAL_GPIO_EXTI_Callback
                0x08002d1c       0x34 src\init.o
                0x08002d1c                HAL_GPIO_EXTI_Callback
 .text.main     0x08002d50       0xb0 src\main.o
                0x08002d50                main
 .text.imprimir
                0x08002e00       0x2c src\main.o
                0x08002e00                imprimir
 .text.SystemClock_Config
                0x08002e2c       0xb8 src\main.o
                0x08002e2c                SystemClock_Config
 .text.Error_Handler
                0x08002ee4        0xc src\main.o
                0x08002ee4                Error_Handler
 .text.Reset_Handler
                0x08002ef0       0x50 src\startup_stm32f411xe.o
                0x08002ef0                Reset_Handler
 .text.Default_Handler
                0x08002f40        0x2 src\startup_stm32f411xe.o
                0x08002f40                RTC_Alarm_IRQHandler
                0x08002f40                EXTI2_IRQHandler
                0x08002f40                DebugMon_Handler
                0x08002f40                SPI4_IRQHandler
                0x08002f40                TIM1_CC_IRQHandler
                0x08002f40                HardFault_Handler
                0x08002f40                DMA1_Stream5_IRQHandler
                0x08002f40                PVD_IRQHandler
                0x08002f40                SDIO_IRQHandler
                0x08002f40                TAMP_STAMP_IRQHandler
                0x08002f40                PendSV_Handler
                0x08002f40                NMI_Handler
                0x08002f40                EXTI3_IRQHandler
                0x08002f40                TIM1_UP_TIM10_IRQHandler
                0x08002f40                I2C3_ER_IRQHandler
                0x08002f40                EXTI0_IRQHandler
                0x08002f40                I2C2_EV_IRQHandler
                0x08002f40                DMA1_Stream2_IRQHandler
                0x08002f40                FPU_IRQHandler
                0x08002f40                UsageFault_Handler
                0x08002f40                TIM1_BRK_TIM9_IRQHandler
                0x08002f40                DMA2_Stream3_IRQHandler
                0x08002f40                USART6_IRQHandler
                0x08002f40                DMA2_Stream0_IRQHandler
                0x08002f40                TIM4_IRQHandler
                0x08002f40                I2C1_EV_IRQHandler
                0x08002f40                DMA1_Stream6_IRQHandler
                0x08002f40                DMA1_Stream1_IRQHandler
                0x08002f40                TIM3_IRQHandler
                0x08002f40                RCC_IRQHandler
                0x08002f40                Default_Handler
                0x08002f40                ADC_IRQHandler
                0x08002f40                DMA1_Stream7_IRQHandler
                0x08002f40                SPI5_IRQHandler
                0x08002f40                TIM5_IRQHandler
                0x08002f40                I2C3_EV_IRQHandler
                0x08002f40                EXTI9_5_IRQHandler
                0x08002f40                SPI2_IRQHandler
                0x08002f40                MemManage_Handler
                0x08002f40                DMA1_Stream0_IRQHandler
                0x08002f40                SVC_Handler
                0x08002f40                EXTI4_IRQHandler
                0x08002f40                WWDG_IRQHandler
                0x08002f40                TIM2_IRQHandler
                0x08002f40                OTG_FS_WKUP_IRQHandler
                0x08002f40                TIM1_TRG_COM_TIM11_IRQHandler
                0x08002f40                EXTI1_IRQHandler
                0x08002f40                I2C2_ER_IRQHandler
                0x08002f40                DMA2_Stream1_IRQHandler
                0x08002f40                FLASH_IRQHandler
                0x08002f40                DMA2_Stream4_IRQHandler
                0x08002f40                BusFault_Handler
                0x08002f40                USART1_IRQHandler
                0x08002f40                OTG_FS_IRQHandler
                0x08002f40                SPI3_IRQHandler
                0x08002f40                DMA1_Stream4_IRQHandler
                0x08002f40                I2C1_ER_IRQHandler
                0x08002f40                DMA1_Stream3_IRQHandler
 .text.HAL_MspInit
                0x08002f42       0x1a src\stm32f4xx_hal_msp.o
                0x08002f42                HAL_MspInit
 .text.HAL_UART_MspInit
                0x08002f5c      0x284 src\stm32f4xx_hal_msp.o
                0x08002f5c                HAL_UART_MspInit
 .text.SysTick_Handler
                0x080031e0       0x10 src\stm32f4xx_it.o
                0x080031e0                SysTick_Handler
 .text.RTC_WKUP_IRQHandler
                0x080031f0       0x14 src\stm32f4xx_it.o
                0x080031f0                RTC_WKUP_IRQHandler
 .text.EXTI15_10_IRQHandler
                0x08003204       0x10 src\stm32f4xx_it.o
                0x08003204                EXTI15_10_IRQHandler
 .text.USART2_IRQHandler
                0x08003214       0x14 src\stm32f4xx_it.o
                0x08003214                USART2_IRQHandler
 .text.DMA2_Stream2_IRQHandler
                0x08003228       0x14 src\stm32f4xx_it.o
                0x08003228                DMA2_Stream2_IRQHandler
 .text.DMA2_Stream6_IRQHandler
                0x0800323c       0x14 src\stm32f4xx_it.o
                0x0800323c                DMA2_Stream6_IRQHandler
 .text.SPI1_IRQHandler
                0x08003250       0x14 src\stm32f4xx_it.o
                0x08003250                SPI1_IRQHandler
 .text.DMA2_Stream5_IRQHandler
                0x08003264       0x14 src\stm32f4xx_it.o
                0x08003264                DMA2_Stream5_IRQHandler
 .text.DMA2_Stream7_IRQHandler
                0x08003278       0x14 src\stm32f4xx_it.o
                0x08003278                DMA2_Stream7_IRQHandler
 .text.SystemInit
                0x0800328c       0x6c src\system_stm32f4xx.o
                0x0800328c                SystemInit
 .text.__libc_init_array
                0x080032f8       0x48 c:/program files (x86)/atollic/truestudio for arm 8.1.0/armtools/bin/../lib/gcc/arm-atollic-eabi/6.3.1/../../../../arm-atollic-eabi/lib/armv7e-m/fpu\libc_nano.a(lib_a-init.o)
                0x080032f8                __libc_init_array
 .text.strcpy   0x08003340       0x10 c:/program files (x86)/atollic/truestudio for arm 8.1.0/armtools/bin/../lib/gcc/arm-atollic-eabi/6.3.1/../../../../arm-atollic-eabi/lib/armv7e-m/fpu\libc_nano.a(lib_a-strcpy.o)
                0x08003340                strcpy
 *(.glue_7)
 .glue_7        0x08003350        0x0 linker stubs
 *(.glue_7t)
 .glue_7t       0x08003350        0x0 linker stubs
 *(.eh_frame)
 .eh_frame      0x08003350        0x0 c:/program files (x86)/atollic/truestudio for arm 8.1.0/armtools/bin/../lib/gcc/arm-atollic-eabi/6.3.1/armv7e-m/fpu/crtbegin.o
 *(.init)
 .init          0x08003350        0x4 c:/program files (x86)/atollic/truestudio for arm 8.1.0/armtools/bin/../lib/gcc/arm-atollic-eabi/6.3.1/armv7e-m/fpu/crti.o
                0x08003350                _init
 .init          0x08003354        0x8 c:/program files (x86)/atollic/truestudio for arm 8.1.0/armtools/bin/../lib/gcc/arm-atollic-eabi/6.3.1/armv7e-m/fpu/crtn.o
 *(.fini)
 .fini          0x0800335c        0x4 c:/program files (x86)/atollic/truestudio for arm 8.1.0/armtools/bin/../lib/gcc/arm-atollic-eabi/6.3.1/armv7e-m/fpu/crti.o
                0x0800335c                _fini
 .fini          0x08003360        0x8 c:/program files (x86)/atollic/truestudio for arm 8.1.0/armtools/bin/../lib/gcc/arm-atollic-eabi/6.3.1/armv7e-m/fpu/crtn.o
                0x08003368                . = ALIGN (0x4)
                0x08003368                _etext = .

.vfp11_veneer   0x08003368        0x0
 .vfp11_veneer  0x08003368        0x0 linker stubs

.v4_bx          0x08003368        0x0
 .v4_bx         0x08003368        0x0 linker stubs

.iplt           0x08003368        0x0
 .iplt          0x08003368        0x0 c:/program files (x86)/atollic/truestudio for arm 8.1.0/armtools/bin/../lib/gcc/arm-atollic-eabi/6.3.1/armv7e-m/fpu/crtbegin.o

.rodata         0x08003368       0xd0
                0x08003368                . = ALIGN (0x4)
 *(.rodata)
 .rodata        0x08003368       0x17 src\gprs.o
 *fill*         0x0800337f        0x1 
 .rodata        0x08003380       0x2e src\init.o
 *fill*         0x080033ae        0x2 
 .rodata        0x080033b0       0x66 src\main.o
 *(.rodata*)
 *fill*         0x08003416        0x2 
 .rodata.flagBitshiftOffset.8876
                0x08003418        0x8 Drivers\STM32F4xx_HAL_Driver\Src\stm32f4xx_hal_dma.o
 .rodata.AHBPrescTable
                0x08003420       0x10 src\system_stm32f4xx.o
                0x08003420                AHBPrescTable
 .rodata.APBPrescTable
                0x08003430        0x8 src\system_stm32f4xx.o
                0x08003430                APBPrescTable
                0x08003438                . = ALIGN (0x4)

.rel.dyn        0x08003438        0x0
 .rel.iplt      0x08003438        0x0 c:/program files (x86)/atollic/truestudio for arm 8.1.0/armtools/bin/../lib/gcc/arm-atollic-eabi/6.3.1/armv7e-m/fpu/crtbegin.o

.ARM.extab
 *(.ARM.extab* .gnu.linkonce.armextab.*)

.ARM            0x08003438        0x0
                0x08003438                __exidx_start = .
 *(.ARM.exidx*)
                0x08003438                __exidx_end = .

.user_data      0x08040000       0x40
                0x08040000                . = ALIGN (0x4)
 *(.user_data)
 .user_data     0x08040000       0x40 src\main.o
                0x08040000                userConfig
                0x08040040                . = ALIGN (0x4)

.preinit_array  0x08003438        0x0
                0x08003438                PROVIDE (__preinit_array_start, .)
 *(.preinit_array*)
                0x08003438                PROVIDE (__preinit_array_end, .)

.init_array     0x08003438        0x4
                0x08003438                PROVIDE (__init_array_start, .)
 *(SORT(.init_array.*))
 *(.init_array*)
 .init_array    0x08003438        0x4 c:/program files (x86)/atollic/truestudio for arm 8.1.0/armtools/bin/../lib/gcc/arm-atollic-eabi/6.3.1/armv7e-m/fpu/crtbegin.o
                0x0800343c                PROVIDE (__init_array_end, .)

.fini_array     0x0800343c        0x4
                [!provide]                PROVIDE (__fini_array_start, .)
 *(SORT(.fini_array.*))
 *(.fini_array*)
 .fini_array    0x0800343c        0x4 c:/program files (x86)/atollic/truestudio for arm 8.1.0/armtools/bin/../lib/gcc/arm-atollic-eabi/6.3.1/armv7e-m/fpu/crtbegin.o
                [!provide]                PROVIDE (__fini_array_end, .)
                0x08003440                _sidata = LOADADDR (.data)

.data           0x20000000        0xc load address 0x08003440
                0x20000000                . = ALIGN (0x4)
                0x20000000                _sdata = .
 *(.data)
 *(.data*)
 .data.GPIO_PORT
                0x20000000        0x4 Drivers\BSP\STM32F4xx-Nucleo\stm32f4xx_nucleo.o
                0x20000000                GPIO_PORT
 .data.RXBUFFERSIZE
                0x20000004        0x1 src\gprs.o
                0x20000004                RXBUFFERSIZE
 *fill*         0x20000005        0x3 
 .data.SystemCoreClock
                0x20000008        0x4 src\system_stm32f4xx.o
                0x20000008                SystemCoreClock
                0x2000000c                . = ALIGN (0x4)
                0x2000000c                _edata = .

.igot.plt       0x2000000c        0x0 load address 0x0800344c
 .igot.plt      0x2000000c        0x0 c:/program files (x86)/atollic/truestudio for arm 8.1.0/armtools/bin/../lib/gcc/arm-atollic-eabi/6.3.1/armv7e-m/fpu/crtbegin.o
                0x2000000c                . = ALIGN (0x4)

.bss            0x2000000c    0x134b4 load address 0x0800344c
                0x2000000c                _sbss = .
                0x2000000c                __bss_start__ = _sbss
 *(.bss)
 .bss           0x2000000c       0x1c c:/program files (x86)/atollic/truestudio for arm 8.1.0/armtools/bin/../lib/gcc/arm-atollic-eabi/6.3.1/armv7e-m/fpu/crtbegin.o
 *(.bss*)
 .bss.c         0x20000028        0x4 src\gps.o
                0x20000028                c
 .bss.UartReady
                0x2000002c        0x1 src\gps.o
                0x2000002c                UartReady
 .bss.Uart1Ready
                0x2000002d        0x1 src\gps.o
                0x2000002d                Uart1Ready
 *fill*         0x2000002e        0x2 
 .bss.uwCounter
                0x20000030        0x4 src\init.o
                0x20000030                uwCounter
 *(COMMON)
 COMMON         0x20000034        0x4 Drivers\STM32F4xx_HAL_Driver\Src\stm32f4xx_hal.o
                0x20000034                uwTick
 COMMON         0x20000038        0x5 src\gprs.o
                0x20000038                aRxBuffer
 *fill*         0x2000003d        0x3 
 COMMON         0x20000040    0x13160 src\gps.o
                0x20000040                dia
                0x20000044                hora
                0x20000048                tipo
                0x2000004c                GPS
                0x200094bc                mibuffer
                0x200130fc                longitud
                0x20013100                nmea
                0x2001313c                num
                0x20013140                latitud
                0x20013144                fecha
                0x20013148                parsing
                0x20013198                longCoor
                0x2001319c                latCoor
 COMMON         0x200131a0      0x180 src\init.o
                0x200131a0                hi2c1
                0x200131f4                huart1
                0x20013234                hwwdg
                0x20013248                huart6
                0x20013288                hspi1
                0x200132e0                huart2
 COMMON         0x20013320       0x20 src\lp_modes.o
                0x20013320                RTCHandle
 COMMON         0x20013340      0x180 src\stm32f4xx_hal_msp.o
                0x20013340                hdma_usart6_rx
                0x200133a0                hdma_usart1_tx
                0x20013400                hdma_usart6_tx
                0x20013460                hdma_usart1_rx
                0x200134c0                . = ALIGN (0x4)
                0x200134c0                _ebss = .
                0x200134c0                __bss_end__ = _ebss

._user_heap_stack
                0x200134c0      0x400 load address 0x0800344c
                0x200134c0                . = ALIGN (0x4)
                0x200134c0                PROVIDE (end, .)
                [!provide]                PROVIDE (_end, .)
                0x200134c0                . = (. + _Min_Heap_Size)
                0x200138c0                . = (. + _Min_Stack_Size)
 *fill*         0x200134c0      0x400 
                0x200138c0                . = ALIGN (0x4)

.memory_b1_text
 *(.mb1text)
 *(.mb1text*)
 *(.mb1rodata)
 *(.mb1rodata*)

/DISCARD/
 libc.a(*)
 libm.a(*)
 libgcc.a(*)

.ARM.attributes
                0x00000000       0x30
 *(.ARM.attributes)
 .ARM.attributes
                0x00000000       0x22 c:/program files (x86)/atollic/truestudio for arm 8.1.0/armtools/bin/../lib/gcc/arm-atollic-eabi/6.3.1/armv7e-m/fpu/crti.o
 .ARM.attributes
                0x00000022       0x34 c:/program files (x86)/atollic/truestudio for arm 8.1.0/armtools/bin/../lib/gcc/arm-atollic-eabi/6.3.1/armv7e-m/fpu/crtbegin.o
 .ARM.attributes
                0x00000056       0x39 Drivers\BSP\STM32F4xx-Nucleo\stm32f4xx_nucleo.o
 .ARM.attributes
                0x0000008f       0x39 Drivers\STM32F4xx_HAL_Driver\Src\stm32f4xx_hal.o
 .ARM.attributes
                0x000000c8       0x39 Drivers\STM32F4xx_HAL_Driver\Src\stm32f4xx_hal_cortex.o
 .ARM.attributes
                0x00000101       0x39 Drivers\STM32F4xx_HAL_Driver\Src\stm32f4xx_hal_dma.o
 .ARM.attributes
                0x0000013a       0x39 Drivers\STM32F4xx_HAL_Driver\Src\stm32f4xx_hal_gpio.o
 .ARM.attributes
                0x00000173       0x39 Drivers\STM32F4xx_HAL_Driver\Src\stm32f4xx_hal_rcc.o
 .ARM.attributes
                0x000001ac       0x39 Drivers\STM32F4xx_HAL_Driver\Src\stm32f4xx_hal_rtc_ex.o
 .ARM.attributes
                0x000001e5       0x39 Drivers\STM32F4xx_HAL_Driver\Src\stm32f4xx_hal_spi.o
 .ARM.attributes
                0x0000021e       0x39 Drivers\STM32F4xx_HAL_Driver\Src\stm32f4xx_hal_uart.o
 .ARM.attributes
                0x00000257       0x39 src\gprs.o
 .ARM.attributes
                0x00000290       0x39 src\gps.o
 .ARM.attributes
                0x000002c9       0x39 src\init.o
 .ARM.attributes
                0x00000302       0x39 src\lp_modes.o
 .ARM.attributes
                0x0000033b       0x39 src\main.o
 .ARM.attributes
                0x00000374       0x21 src\startup_stm32f411xe.o
 .ARM.attributes
                0x00000395       0x39 src\stm32f4xx_hal_msp.o
 .ARM.attributes
                0x000003ce       0x39 src\stm32f4xx_it.o
 .ARM.attributes
                0x00000407       0x39 src\system_stm32f4xx.o
 .ARM.attributes
                0x00000440       0x34 c:/program files (x86)/atollic/truestudio for arm 8.1.0/armtools/bin/../lib/gcc/arm-atollic-eabi/6.3.1/../../../../arm-atollic-eabi/lib/armv7e-m/fpu\libc_nano.a(lib_a-init.o)
 .ARM.attributes
                0x00000474       0x34 c:/program files (x86)/atollic/truestudio for arm 8.1.0/armtools/bin/../lib/gcc/arm-atollic-eabi/6.3.1/../../../../arm-atollic-eabi/lib/armv7e-m/fpu\libc_nano.a(lib_a-strcpy.o)
 .ARM.attributes
                0x000004a8       0x1b c:/program files (x86)/atollic/truestudio for arm 8.1.0/armtools/bin/../lib/gcc/arm-atollic-eabi/6.3.1/../../../../arm-atollic-eabi/lib/armv7e-m/fpu\libc_nano.a(lib_a-strlen.o)
 .ARM.attributes
                0x000004c3       0x22 c:/program files (x86)/atollic/truestudio for arm 8.1.0/armtools/bin/../lib/gcc/arm-atollic-eabi/6.3.1/armv7e-m/fpu/crtn.o
OUTPUT(WhistBand.elf elf32-littlearm)

.debug_info     0x00000000    0x15cfc
 .debug_info    0x00000000     0x18ee Drivers\BSP\STM32F4xx-Nucleo\stm32f4xx_nucleo.o
 .debug_info    0x000018ee     0x1081 Drivers\STM32F4xx_HAL_Driver\Src\stm32f4xx_hal.o
 .debug_info    0x0000296f     0x1552 Drivers\STM32F4xx_HAL_Driver\Src\stm32f4xx_hal_cortex.o
 .debug_info    0x00003ec1     0x111b Drivers\STM32F4xx_HAL_Driver\Src\stm32f4xx_hal_dma.o
 .debug_info    0x00004fdc      0xf9f Drivers\STM32F4xx_HAL_Driver\Src\stm32f4xx_hal_gpio.o
 .debug_info    0x00005f7b     0x137f Drivers\STM32F4xx_HAL_Driver\Src\stm32f4xx_hal_rcc.o
 .debug_info    0x000072fa     0x16b2 Drivers\STM32F4xx_HAL_Driver\Src\stm32f4xx_hal_rtc_ex.o
 .debug_info    0x000089ac     0x1cf1 Drivers\STM32F4xx_HAL_Driver\Src\stm32f4xx_hal_spi.o
 .debug_info    0x0000a69d     0x19d5 Drivers\STM32F4xx_HAL_Driver\Src\stm32f4xx_hal_uart.o
 .debug_info    0x0000c072     0x1138 src\gprs.o
 .debug_info    0x0000d1aa     0x1219 src\gps.o
 .debug_info    0x0000e3c3     0x1c1e src\init.o
 .debug_info    0x0000ffe1     0x12df src\lp_modes.o
 .debug_info    0x000112c0     0x1729 src\main.o
 .debug_info    0x000129e9       0x78 src\startup_stm32f411xe.o
 .debug_info    0x00012a61     0x19b3 src\stm32f4xx_hal_msp.o
 .debug_info    0x00014414     0x13c0 src\stm32f4xx_it.o
 .debug_info    0x000157d4      0x528 src\system_stm32f4xx.o

.debug_abbrev   0x00000000     0x28f5
 .debug_abbrev  0x00000000      0x2ae Drivers\BSP\STM32F4xx-Nucleo\stm32f4xx_nucleo.o
 .debug_abbrev  0x000002ae      0x2d5 Drivers\STM32F4xx_HAL_Driver\Src\stm32f4xx_hal.o
 .debug_abbrev  0x00000583      0x371 Drivers\STM32F4xx_HAL_Driver\Src\stm32f4xx_hal_cortex.o
 .debug_abbrev  0x000008f4      0x279 Drivers\STM32F4xx_HAL_Driver\Src\stm32f4xx_hal_dma.o
 .debug_abbrev  0x00000b6d      0x24c Drivers\STM32F4xx_HAL_Driver\Src\stm32f4xx_hal_gpio.o
 .debug_abbrev  0x00000db9      0x325 Drivers\STM32F4xx_HAL_Driver\Src\stm32f4xx_hal_rcc.o
 .debug_abbrev  0x000010de      0x27b Drivers\STM32F4xx_HAL_Driver\Src\stm32f4xx_hal_rtc_ex.o
 .debug_abbrev  0x00001359      0x2ac Drivers\STM32F4xx_HAL_Driver\Src\stm32f4xx_hal_spi.o
 .debug_abbrev  0x00001605      0x2bd Drivers\STM32F4xx_HAL_Driver\Src\stm32f4xx_hal_uart.o
 .debug_abbrev  0x000018c2      0x214 src\gprs.o
 .debug_abbrev  0x00001ad6      0x24a src\gps.o
 .debug_abbrev  0x00001d20      0x224 src\init.o
 .debug_abbrev  0x00001f44      0x22a src\lp_modes.o
 .debug_abbrev  0x0000216e      0x275 src\main.o
 .debug_abbrev  0x000023e3       0x12 src\startup_stm32f411xe.o
 .debug_abbrev  0x000023f5      0x255 src\stm32f4xx_hal_msp.o
 .debug_abbrev  0x0000264a      0x19d src\stm32f4xx_it.o
 .debug_abbrev  0x000027e7      0x10e src\system_stm32f4xx.o

.debug_aranges  0x00000000      0xb80
 .debug_aranges
                0x00000000       0xd0 Drivers\BSP\STM32F4xx-Nucleo\stm32f4xx_nucleo.o
 .debug_aranges
                0x000000d0       0xc8 Drivers\STM32F4xx_HAL_Driver\Src\stm32f4xx_hal.o
 .debug_aranges
                0x00000198      0x118 Drivers\STM32F4xx_HAL_Driver\Src\stm32f4xx_hal_cortex.o
 .debug_aranges
                0x000002b0       0x90 Drivers\STM32F4xx_HAL_Driver\Src\stm32f4xx_hal_dma.o
 .debug_aranges
                0x00000340       0x58 Drivers\STM32F4xx_HAL_Driver\Src\stm32f4xx_hal_gpio.o
 .debug_aranges
                0x00000398       0x88 Drivers\STM32F4xx_HAL_Driver\Src\stm32f4xx_hal_rcc.o
 .debug_aranges
                0x00000420      0x130 Drivers\STM32F4xx_HAL_Driver\Src\stm32f4xx_hal_rtc_ex.o
 .debug_aranges
                0x00000550      0x1c8 Drivers\STM32F4xx_HAL_Driver\Src\stm32f4xx_hal_spi.o
 .debug_aranges
                0x00000718      0x1d0 Drivers\STM32F4xx_HAL_Driver\Src\stm32f4xx_hal_uart.o
 .debug_aranges
                0x000008e8       0x38 src\gprs.o
 .debug_aranges
                0x00000920       0x40 src\gps.o
 .debug_aranges
                0x00000960       0x80 src\init.o
 .debug_aranges
                0x000009e0       0x48 src\lp_modes.o
 .debug_aranges
                0x00000a28       0x48 src\main.o
 .debug_aranges
                0x00000a70       0x28 src\startup_stm32f411xe.o
 .debug_aranges
                0x00000a98       0x60 src\stm32f4xx_hal_msp.o
 .debug_aranges
                0x00000af8       0x60 src\stm32f4xx_it.o
 .debug_aranges
                0x00000b58       0x28 src\system_stm32f4xx.o

.debug_ranges   0x00000000      0xa68
 .debug_ranges  0x00000000       0xc0 Drivers\BSP\STM32F4xx-Nucleo\stm32f4xx_nucleo.o
 .debug_ranges  0x000000c0       0xb8 Drivers\STM32F4xx_HAL_Driver\Src\stm32f4xx_hal.o
 .debug_ranges  0x00000178      0x108 Drivers\STM32F4xx_HAL_Driver\Src\stm32f4xx_hal_cortex.o
 .debug_ranges  0x00000280       0x80 Drivers\STM32F4xx_HAL_Driver\Src\stm32f4xx_hal_dma.o
 .debug_ranges  0x00000300       0x48 Drivers\STM32F4xx_HAL_Driver\Src\stm32f4xx_hal_gpio.o
 .debug_ranges  0x00000348       0x78 Drivers\STM32F4xx_HAL_Driver\Src\stm32f4xx_hal_rcc.o
 .debug_ranges  0x000003c0      0x120 Drivers\STM32F4xx_HAL_Driver\Src\stm32f4xx_hal_rtc_ex.o
 .debug_ranges  0x000004e0      0x1b8 Drivers\STM32F4xx_HAL_Driver\Src\stm32f4xx_hal_spi.o
 .debug_ranges  0x00000698      0x1c0 Drivers\STM32F4xx_HAL_Driver\Src\stm32f4xx_hal_uart.o
 .debug_ranges  0x00000858       0x28 src\gprs.o
 .debug_ranges  0x00000880       0x30 src\gps.o
 .debug_ranges  0x000008b0       0x70 src\init.o
 .debug_ranges  0x00000920       0x38 src\lp_modes.o
 .debug_ranges  0x00000958       0x38 src\main.o
 .debug_ranges  0x00000990       0x20 src\startup_stm32f411xe.o
 .debug_ranges  0x000009b0       0x50 src\stm32f4xx_hal_msp.o
 .debug_ranges  0x00000a00       0x50 src\stm32f4xx_it.o
 .debug_ranges  0x00000a50       0x18 src\system_stm32f4xx.o

.debug_line     0x00000000     0x5d3c
 .debug_line    0x00000000      0x533 Drivers\BSP\STM32F4xx-Nucleo\stm32f4xx_nucleo.o
 .debug_line    0x00000533      0x460 Drivers\STM32F4xx_HAL_Driver\Src\stm32f4xx_hal.o
 .debug_line    0x00000993      0x5c3 Drivers\STM32F4xx_HAL_Driver\Src\stm32f4xx_hal_cortex.o
 .debug_line    0x00000f56      0x57d Drivers\STM32F4xx_HAL_Driver\Src\stm32f4xx_hal_dma.o
 .debug_line    0x000014d3      0x455 Drivers\STM32F4xx_HAL_Driver\Src\stm32f4xx_hal_gpio.o
 .debug_line    0x00001928      0x612 Drivers\STM32F4xx_HAL_Driver\Src\stm32f4xx_hal_rcc.o
 .debug_line    0x00001f3a      0x99c Drivers\STM32F4xx_HAL_Driver\Src\stm32f4xx_hal_rtc_ex.o
 .debug_line    0x000028d6      0xc30 Drivers\STM32F4xx_HAL_Driver\Src\stm32f4xx_hal_spi.o
 .debug_line    0x00003506      0xbab Drivers\STM32F4xx_HAL_Driver\Src\stm32f4xx_hal_uart.o
 .debug_line    0x000040b1      0x303 src\gprs.o
 .debug_line    0x000043b4      0x376 src\gps.o
 .debug_line    0x0000472a      0x477 src\init.o
 .debug_line    0x00004ba1      0x3e1 src\lp_modes.o
 .debug_line    0x00004f82      0x3f9 src\main.o
 .debug_line    0x0000537b       0x7b src\startup_stm32f411xe.o
 .debug_line    0x000053f6      0x411 src\stm32f4xx_hal_msp.o
 .debug_line    0x00005807      0x360 src\stm32f4xx_it.o
 .debug_line    0x00005b67      0x1d5 src\system_stm32f4xx.o

.debug_str      0x00000000     0x3aa2
 .debug_str     0x00000000     0x1179 Drivers\BSP\STM32F4xx-Nucleo\stm32f4xx_nucleo.o
                               0x1284 (size before relaxing)
 .debug_str     0x00001179      0x274 Drivers\STM32F4xx_HAL_Driver\Src\stm32f4xx_hal.o
                                0xd91 (size before relaxing)
 .debug_str     0x000013ed      0x405 Drivers\STM32F4xx_HAL_Driver\Src\stm32f4xx_hal_cortex.o
                                0xf3d (size before relaxing)
 .debug_str     0x000017f2      0x2f6 Drivers\STM32F4xx_HAL_Driver\Src\stm32f4xx_hal_dma.o
                                0xbe5 (size before relaxing)
 .debug_str     0x00001ae8      0x158 Drivers\STM32F4xx_HAL_Driver\Src\stm32f4xx_hal_gpio.o
                                0x97d (size before relaxing)
 .debug_str     0x00001c40      0x2b5 Drivers\STM32F4xx_HAL_Driver\Src\stm32f4xx_hal_rcc.o
                                0xb10 (size before relaxing)
 .debug_str     0x00001ef5      0x7c1 Drivers\STM32F4xx_HAL_Driver\Src\stm32f4xx_hal_rtc_ex.o
                                0xedc (size before relaxing)
 .debug_str     0x000026b6      0x4f6 Drivers\STM32F4xx_HAL_Driver\Src\stm32f4xx_hal_spi.o
                                0xfb9 (size before relaxing)
 .debug_str     0x00002bac      0x686 Drivers\STM32F4xx_HAL_Driver\Src\stm32f4xx_hal_uart.o
                               0x1007 (size before relaxing)
 .debug_str     0x00003232      0x2f6 src\gprs.o
                                0xd59 (size before relaxing)
 .debug_str     0x00003528      0x129 src\gps.o
                                0xc06 (size before relaxing)
 .debug_str     0x00003651       0xcf src\init.o
                               0x1631 (size before relaxing)
 .debug_str     0x00003720       0x9a src\lp_modes.o
                                0xbed (size before relaxing)
 .debug_str     0x000037ba      0x130 src\main.o
                                0xffb (size before relaxing)
 .debug_str     0x000038ea       0xa2 src\stm32f4xx_hal_msp.o
                               0x147a (size before relaxing)
 .debug_str     0x0000398c       0xd1 src\stm32f4xx_it.o
                                0xe90 (size before relaxing)
 .debug_str     0x00003a5d       0x45 src\system_stm32f4xx.o
                                0x3b4 (size before relaxing)

.comment        0x00000000       0x7c
 .comment       0x00000000       0x7c Drivers\BSP\STM32F4xx-Nucleo\stm32f4xx_nucleo.o
                                 0x7d (size before relaxing)
 .comment       0x0000007c       0x7d Drivers\STM32F4xx_HAL_Driver\Src\stm32f4xx_hal.o
 .comment       0x0000007c       0x7d Drivers\STM32F4xx_HAL_Driver\Src\stm32f4xx_hal_cortex.o
 .comment       0x0000007c       0x7d Drivers\STM32F4xx_HAL_Driver\Src\stm32f4xx_hal_dma.o
 .comment       0x0000007c       0x7d Drivers\STM32F4xx_HAL_Driver\Src\stm32f4xx_hal_gpio.o
 .comment       0x0000007c       0x7d Drivers\STM32F4xx_HAL_Driver\Src\stm32f4xx_hal_rcc.o
 .comment       0x0000007c       0x7d Drivers\STM32F4xx_HAL_Driver\Src\stm32f4xx_hal_rtc_ex.o
 .comment       0x0000007c       0x7d Drivers\STM32F4xx_HAL_Driver\Src\stm32f4xx_hal_spi.o
 .comment       0x0000007c       0x7d Drivers\STM32F4xx_HAL_Driver\Src\stm32f4xx_hal_uart.o
 .comment       0x0000007c       0x7d src\gprs.o
 .comment       0x0000007c       0x7d src\gps.o
 .comment       0x0000007c       0x7d src\init.o
 .comment       0x0000007c       0x7d src\lp_modes.o
 .comment       0x0000007c       0x7d src\main.o
 .comment       0x0000007c       0x7d src\stm32f4xx_hal_msp.o
 .comment       0x0000007c       0x7d src\stm32f4xx_it.o
 .comment       0x0000007c       0x7d src\system_stm32f4xx.o

.debug_frame    0x00000000     0x2d90
 .debug_frame   0x00000000      0x338 Drivers\BSP\STM32F4xx-Nucleo\stm32f4xx_nucleo.o
 .debug_frame   0x00000338      0x2e8 Drivers\STM32F4xx_HAL_Driver\Src\stm32f4xx_hal.o
 .debug_frame   0x00000620      0x498 Drivers\STM32F4xx_HAL_Driver\Src\stm32f4xx_hal_cortex.o
 .debug_frame   0x00000ab8      0x250 Drivers\STM32F4xx_HAL_Driver\Src\stm32f4xx_hal_dma.o
 .debug_frame   0x00000d08      0x14c Drivers\STM32F4xx_HAL_Driver\Src\stm32f4xx_hal_gpio.o
 .debug_frame   0x00000e54      0x200 Drivers\STM32F4xx_HAL_Driver\Src\stm32f4xx_hal_rcc.o
 .debug_frame   0x00001054      0x548 Drivers\STM32F4xx_HAL_Driver\Src\stm32f4xx_hal_rtc_ex.o
 .debug_frame   0x0000159c      0x7fc Drivers\STM32F4xx_HAL_Driver\Src\stm32f4xx_hal_spi.o
 .debug_frame   0x00001d98      0x83c Drivers\STM32F4xx_HAL_Driver\Src\stm32f4xx_hal_uart.o
 .debug_frame   0x000025d4       0x90 src\gprs.o
 .debug_frame   0x00002664       0xc0 src\gps.o
 .debug_frame   0x00002724      0x1b0 src\init.o
 .debug_frame   0x000028d4       0xd8 src\lp_modes.o
 .debug_frame   0x000029ac       0xdc src\main.o
 .debug_frame   0x00002a88      0x158 src\stm32f4xx_hal_msp.o
 .debug_frame   0x00002be0      0x10c src\stm32f4xx_it.o
 .debug_frame   0x00002cec       0x58 src\system_stm32f4xx.o
 .debug_frame   0x00002d44       0x2c c:/program files (x86)/atollic/truestudio for arm 8.1.0/armtools/bin/../lib/gcc/arm-atollic-eabi/6.3.1/../../../../arm-atollic-eabi/lib/armv7e-m/fpu\libc_nano.a(lib_a-init.o)
 .debug_frame   0x00002d70       0x20 c:/program files (x86)/atollic/truestudio for arm 8.1.0/armtools/bin/../lib/gcc/arm-atollic-eabi/6.3.1/../../../../arm-atollic-eabi/lib/armv7e-m/fpu\libc_nano.a(lib_a-strcpy.o)

.stabstr        0x00000000       0x3f
 .stabstr       0x00000000       0x3f c:/program files (x86)/atollic/truestudio for arm 8.1.0/armtools/bin/../lib/gcc/arm-atollic-eabi/6.3.1/../../../../arm-atollic-eabi/lib/armv7e-m/fpu\libnosys.a(write.o)

Cross Reference Table

Symbol                                            File
ADC_IRQHandler                                    src\startup_stm32f411xe.o
AHBPrescTable                                     src\system_stm32f4xx.o
                                                  Drivers\STM32F4xx_HAL_Driver\Src\stm32f4xx_hal_rcc.o
APBPrescTable                                     src\system_stm32f4xx.o
                                                  Drivers\STM32F4xx_HAL_Driver\Src\stm32f4xx_hal_rcc.o
BSP_GetVersion                                    Drivers\BSP\STM32F4xx-Nucleo\stm32f4xx_nucleo.o
BSP_LED_DeInit                                    Drivers\BSP\STM32F4xx-Nucleo\stm32f4xx_nucleo.o
BSP_LED_Init                                      Drivers\BSP\STM32F4xx-Nucleo\stm32f4xx_nucleo.o
                                                  src\main.o
                                                  src\init.o
BSP_LED_Off                                       Drivers\BSP\STM32F4xx-Nucleo\stm32f4xx_nucleo.o
BSP_LED_On                                        Drivers\BSP\STM32F4xx-Nucleo\stm32f4xx_nucleo.o
                                                  src\main.o
BSP_LED_Toggle                                    Drivers\BSP\STM32F4xx-Nucleo\stm32f4xx_nucleo.o
                                                  src\main.o
                                                  src\init.o
BSP_PB_DeInit                                     Drivers\BSP\STM32F4xx-Nucleo\stm32f4xx_nucleo.o
BSP_PB_GetState                                   Drivers\BSP\STM32F4xx-Nucleo\stm32f4xx_nucleo.o
                                                  src\init.o
BSP_PB_Init                                       Drivers\BSP\STM32F4xx-Nucleo\stm32f4xx_nucleo.o
                                                  src\lp_modes.o
                                                  src\init.o
BUTTON_IRQn                                       Drivers\BSP\STM32F4xx-Nucleo\stm32f4xx_nucleo.o
BUTTON_PIN                                        Drivers\BSP\STM32F4xx-Nucleo\stm32f4xx_nucleo.o
BUTTON_PORT                                       Drivers\BSP\STM32F4xx-Nucleo\stm32f4xx_nucleo.o
BusFault_Handler                                  src\startup_stm32f411xe.o
DMA1_Stream0_IRQHandler                           src\startup_stm32f411xe.o
DMA1_Stream1_IRQHandler                           src\startup_stm32f411xe.o
DMA1_Stream2_IRQHandler                           src\startup_stm32f411xe.o
DMA1_Stream3_IRQHandler                           src\startup_stm32f411xe.o
DMA1_Stream4_IRQHandler                           src\startup_stm32f411xe.o
DMA1_Stream5_IRQHandler                           src\startup_stm32f411xe.o
DMA1_Stream6_IRQHandler                           src\startup_stm32f411xe.o
DMA1_Stream7_IRQHandler                           src\startup_stm32f411xe.o
DMA2_Stream0_IRQHandler                           src\startup_stm32f411xe.o
DMA2_Stream1_IRQHandler                           src\startup_stm32f411xe.o
DMA2_Stream2_IRQHandler                           src\stm32f4xx_it.o
                                                  src\startup_stm32f411xe.o
DMA2_Stream3_IRQHandler                           src\startup_stm32f411xe.o
DMA2_Stream4_IRQHandler                           src\startup_stm32f411xe.o
DMA2_Stream5_IRQHandler                           src\stm32f4xx_it.o
                                                  src\startup_stm32f411xe.o
DMA2_Stream6_IRQHandler                           src\stm32f4xx_it.o
                                                  src\startup_stm32f411xe.o
DMA2_Stream7_IRQHandler                           src\stm32f4xx_it.o
                                                  src\startup_stm32f411xe.o
DMA_Init                                          src\init.o
                                                  src\main.o
DebugMon_Handler                                  src\startup_stm32f411xe.o
Default_Handler                                   src\startup_stm32f411xe.o
EXTI0_IRQHandler                                  src\startup_stm32f411xe.o
EXTI15_10_IRQHandler                              src\stm32f4xx_it.o
                                                  src\startup_stm32f411xe.o
EXTI1_IRQHandler                                  src\startup_stm32f411xe.o
EXTI2_IRQHandler                                  src\startup_stm32f411xe.o
EXTI3_IRQHandler                                  src\startup_stm32f411xe.o
EXTI4_IRQHandler                                  src\startup_stm32f411xe.o
EXTI9_5_IRQHandler                                src\startup_stm32f411xe.o
EraseInitStruct                                   src\main.o
Error_Handler                                     src\main.o
                                                  src\lp_modes.o
                                                  src\gps.o
FLASH_Erase_Sector                                Drivers\STM32F4xx_HAL_Driver\Src\stm32f4xx_hal_flash_ex.o
                                                  Drivers\STM32F4xx_HAL_Driver\Src\stm32f4xx_hal_flash.o
FLASH_FlushCaches                                 Drivers\STM32F4xx_HAL_Driver\Src\stm32f4xx_hal_flash_ex.o
                                                  Drivers\STM32F4xx_HAL_Driver\Src\stm32f4xx_hal_flash.o
FLASH_IRQHandler                                  src\startup_stm32f411xe.o
FLASH_WaitForLastOperation                        Drivers\STM32F4xx_HAL_Driver\Src\stm32f4xx_hal_flash.o
                                                  Drivers\STM32F4xx_HAL_Driver\Src\stm32f4xx_hal_flash_ex.o
FPU_IRQHandler                                    src\startup_stm32f411xe.o
FlashAddress                                      src\main.o
GPIO_Init                                         src\init.o
                                                  src\main.o
GPIO_PIN                                          Drivers\BSP\STM32F4xx-Nucleo\stm32f4xx_nucleo.o
GPIO_PORT                                         Drivers\BSP\STM32F4xx-Nucleo\stm32f4xx_nucleo.o
GPS                                               src\gps.o
HAL_DBGMCU_DisableDBGSleepMode                    Drivers\STM32F4xx_HAL_Driver\Src\stm32f4xx_hal.o
HAL_DBGMCU_DisableDBGStandbyMode                  Drivers\STM32F4xx_HAL_Driver\Src\stm32f4xx_hal.o
HAL_DBGMCU_DisableDBGStopMode                     Drivers\STM32F4xx_HAL_Driver\Src\stm32f4xx_hal.o
HAL_DBGMCU_EnableDBGSleepMode                     Drivers\STM32F4xx_HAL_Driver\Src\stm32f4xx_hal.o
HAL_DBGMCU_EnableDBGStandbyMode                   Drivers\STM32F4xx_HAL_Driver\Src\stm32f4xx_hal.o
HAL_DBGMCU_EnableDBGStopMode                      Drivers\STM32F4xx_HAL_Driver\Src\stm32f4xx_hal.o
HAL_DMAEx_ChangeMemory                            Drivers\STM32F4xx_HAL_Driver\Src\stm32f4xx_hal_dma_ex.o
HAL_DMAEx_MultiBufferStart                        Drivers\STM32F4xx_HAL_Driver\Src\stm32f4xx_hal_dma_ex.o
HAL_DMAEx_MultiBufferStart_IT                     Drivers\STM32F4xx_HAL_Driver\Src\stm32f4xx_hal_dma_ex.o
HAL_DMA_Abort                                     Drivers\STM32F4xx_HAL_Driver\Src\stm32f4xx_hal_dma.o
                                                  Drivers\STM32F4xx_HAL_Driver\Src\stm32f4xx_hal_usart.o
                                                  Drivers\STM32F4xx_HAL_Driver\Src\stm32f4xx_hal_uart.o
                                                  Drivers\STM32F4xx_HAL_Driver\Src\stm32f4xx_hal_spi.o
HAL_DMA_Abort_IT                                  Drivers\STM32F4xx_HAL_Driver\Src\stm32f4xx_hal_dma.o
                                                  Drivers\STM32F4xx_HAL_Driver\Src\stm32f4xx_hal_usart.o
                                                  Drivers\STM32F4xx_HAL_Driver\Src\stm32f4xx_hal_uart.o
                                                  Drivers\STM32F4xx_HAL_Driver\Src\stm32f4xx_hal_spi.o
                                                  Drivers\STM32F4xx_HAL_Driver\Src\stm32f4xx_hal_i2c.o
HAL_DMA_DeInit                                    Drivers\STM32F4xx_HAL_Driver\Src\stm32f4xx_hal_dma.o
                                                  src\stm32f4xx_hal_msp.o
HAL_DMA_GetError                                  Drivers\STM32F4xx_HAL_Driver\Src\stm32f4xx_hal_dma.o
                                                  Drivers\STM32F4xx_HAL_Driver\Src\stm32f4xx_hal_i2c.o
HAL_DMA_GetState                                  Drivers\STM32F4xx_HAL_Driver\Src\stm32f4xx_hal_dma.o
HAL_DMA_IRQHandler                                Drivers\STM32F4xx_HAL_Driver\Src\stm32f4xx_hal_dma.o
                                                  src\stm32f4xx_it.o
HAL_DMA_Init                                      Drivers\STM32F4xx_HAL_Driver\Src\stm32f4xx_hal_dma.o
                                                  src\stm32f4xx_hal_msp.o
HAL_DMA_PollForTransfer                           Drivers\STM32F4xx_HAL_Driver\Src\stm32f4xx_hal_dma.o
HAL_DMA_RegisterCallback                          Drivers\STM32F4xx_HAL_Driver\Src\stm32f4xx_hal_dma.o
HAL_DMA_Start                                     Drivers\STM32F4xx_HAL_Driver\Src\stm32f4xx_hal_dma.o
HAL_DMA_Start_IT                                  Drivers\STM32F4xx_HAL_Driver\Src\stm32f4xx_hal_dma.o
                                                  Drivers\STM32F4xx_HAL_Driver\Src\stm32f4xx_hal_usart.o
                                                  Drivers\STM32F4xx_HAL_Driver\Src\stm32f4xx_hal_uart.o
                                                  Drivers\STM32F4xx_HAL_Driver\Src\stm32f4xx_hal_spi.o
                                                  Drivers\STM32F4xx_HAL_Driver\Src\stm32f4xx_hal_i2c.o
HAL_DMA_UnRegisterCallback                        Drivers\STM32F4xx_HAL_Driver\Src\stm32f4xx_hal_dma.o
HAL_DeInit                                        Drivers\STM32F4xx_HAL_Driver\Src\stm32f4xx_hal.o
HAL_Delay                                         Drivers\STM32F4xx_HAL_Driver\Src\stm32f4xx_hal.o
                                                  src\main.o
                                                  src\init.o
                                                  Drivers\BSP\STM32F4xx-Nucleo\stm32f4xx_nucleo.o
HAL_DisableCompensationCell                       Drivers\STM32F4xx_HAL_Driver\Src\stm32f4xx_hal.o
HAL_EnableCompensationCell                        Drivers\STM32F4xx_HAL_Driver\Src\stm32f4xx_hal.o
HAL_FLASHEx_AdvOBGetConfig                        Drivers\STM32F4xx_HAL_Driver\Src\stm32f4xx_hal_flash_ex.o
HAL_FLASHEx_AdvOBProgram                          Drivers\STM32F4xx_HAL_Driver\Src\stm32f4xx_hal_flash_ex.o
HAL_FLASHEx_DisableFlashSleepMode                 Drivers\STM32F4xx_HAL_Driver\Src\stm32f4xx_hal_flash_ramfunc.o
HAL_FLASHEx_EnableFlashSleepMode                  Drivers\STM32F4xx_HAL_Driver\Src\stm32f4xx_hal_flash_ramfunc.o
HAL_FLASHEx_Erase                                 Drivers\STM32F4xx_HAL_Driver\Src\stm32f4xx_hal_flash_ex.o
                                                  src\main.o
HAL_FLASHEx_Erase_IT                              Drivers\STM32F4xx_HAL_Driver\Src\stm32f4xx_hal_flash_ex.o
HAL_FLASHEx_OBGetConfig                           Drivers\STM32F4xx_HAL_Driver\Src\stm32f4xx_hal_flash_ex.o
HAL_FLASHEx_OBProgram                             Drivers\STM32F4xx_HAL_Driver\Src\stm32f4xx_hal_flash_ex.o
HAL_FLASHEx_OB_DeSelectPCROP                      Drivers\STM32F4xx_HAL_Driver\Src\stm32f4xx_hal_flash_ex.o
HAL_FLASHEx_OB_SelectPCROP                        Drivers\STM32F4xx_HAL_Driver\Src\stm32f4xx_hal_flash_ex.o
HAL_FLASHEx_StartFlashInterfaceClk                Drivers\STM32F4xx_HAL_Driver\Src\stm32f4xx_hal_flash_ramfunc.o
HAL_FLASHEx_StopFlashInterfaceClk                 Drivers\STM32F4xx_HAL_Driver\Src\stm32f4xx_hal_flash_ramfunc.o
HAL_FLASH_EndOfOperationCallback                  Drivers\STM32F4xx_HAL_Driver\Src\stm32f4xx_hal_flash.o
HAL_FLASH_GetError                                Drivers\STM32F4xx_HAL_Driver\Src\stm32f4xx_hal_flash.o
HAL_FLASH_IRQHandler                              Drivers\STM32F4xx_HAL_Driver\Src\stm32f4xx_hal_flash.o
HAL_FLASH_Lock                                    Drivers\STM32F4xx_HAL_Driver\Src\stm32f4xx_hal_flash.o
                                                  src\main.o
HAL_FLASH_OB_Launch                               Drivers\STM32F4xx_HAL_Driver\Src\stm32f4xx_hal_flash.o
HAL_FLASH_OB_Lock                                 Drivers\STM32F4xx_HAL_Driver\Src\stm32f4xx_hal_flash.o
HAL_FLASH_OB_Unlock                               Drivers\STM32F4xx_HAL_Driver\Src\stm32f4xx_hal_flash.o
HAL_FLASH_OperationErrorCallback                  Drivers\STM32F4xx_HAL_Driver\Src\stm32f4xx_hal_flash.o
HAL_FLASH_Program                                 Drivers\STM32F4xx_HAL_Driver\Src\stm32f4xx_hal_flash.o
                                                  src\main.o
HAL_FLASH_Program_IT                              Drivers\STM32F4xx_HAL_Driver\Src\stm32f4xx_hal_flash.o
HAL_FLASH_Unlock                                  Drivers\STM32F4xx_HAL_Driver\Src\stm32f4xx_hal_flash.o
                                                  src\main.o
HAL_GPIO_DeInit                                   Drivers\STM32F4xx_HAL_Driver\Src\stm32f4xx_hal_gpio.o
                                                  src\stm32f4xx_hal_msp.o
                                                  Drivers\BSP\STM32F4xx-Nucleo\stm32f4xx_nucleo.o
HAL_GPIO_EXTI_Callback                            src\init.o
                                                  Drivers\STM32F4xx_HAL_Driver\Src\stm32f4xx_hal_gpio.o
HAL_GPIO_EXTI_IRQHandler                          Drivers\STM32F4xx_HAL_Driver\Src\stm32f4xx_hal_gpio.o
                                                  src\stm32f4xx_it.o
HAL_GPIO_Init                                     Drivers\STM32F4xx_HAL_Driver\Src\stm32f4xx_hal_gpio.o
                                                  src\stm32f4xx_hal_msp.o
                                                  src\lp_modes.o
                                                  Drivers\STM32F4xx_HAL_Driver\Src\stm32f4xx_hal_rcc.o
                                                  Drivers\BSP\STM32F4xx-Nucleo\stm32f4xx_nucleo.o
HAL_GPIO_LockPin                                  Drivers\STM32F4xx_HAL_Driver\Src\stm32f4xx_hal_gpio.o
HAL_GPIO_ReadPin                                  Drivers\STM32F4xx_HAL_Driver\Src\stm32f4xx_hal_gpio.o
                                                  Drivers\BSP\STM32F4xx-Nucleo\stm32f4xx_nucleo.o
HAL_GPIO_TogglePin                                Drivers\STM32F4xx_HAL_Driver\Src\stm32f4xx_hal_gpio.o
                                                  Drivers\BSP\STM32F4xx-Nucleo\stm32f4xx_nucleo.o
HAL_GPIO_WritePin                                 Drivers\STM32F4xx_HAL_Driver\Src\stm32f4xx_hal_gpio.o
                                                  Drivers\BSP\STM32F4xx-Nucleo\stm32f4xx_nucleo.o
HAL_GetDEVID                                      Drivers\STM32F4xx_HAL_Driver\Src\stm32f4xx_hal.o
HAL_GetHalVersion                                 Drivers\STM32F4xx_HAL_Driver\Src\stm32f4xx_hal.o
HAL_GetREVID                                      Drivers\STM32F4xx_HAL_Driver\Src\stm32f4xx_hal.o
HAL_GetTick                                       Drivers\STM32F4xx_HAL_Driver\Src\stm32f4xx_hal.o
                                                  Drivers\STM32F4xx_HAL_Driver\Src\stm32f4xx_hal_usart.o
                                                  Drivers\STM32F4xx_HAL_Driver\Src\stm32f4xx_hal_uart.o
                                                  Drivers\STM32F4xx_HAL_Driver\Src\stm32f4xx_hal_spi.o
                                                  Drivers\STM32F4xx_HAL_Driver\Src\stm32f4xx_hal_rtc_ex.o
                                                  Drivers\STM32F4xx_HAL_Driver\Src\stm32f4xx_hal_rtc.o
                                                  Drivers\STM32F4xx_HAL_Driver\Src\stm32f4xx_hal_rcc_ex.o
                                                  Drivers\STM32F4xx_HAL_Driver\Src\stm32f4xx_hal_rcc.o
                                                  Drivers\STM32F4xx_HAL_Driver\Src\stm32f4xx_hal_pwr_ex.o
                                                  Drivers\STM32F4xx_HAL_Driver\Src\stm32f4xx_hal_i2c.o
                                                  Drivers\STM32F4xx_HAL_Driver\Src\stm32f4xx_hal_flash.o
                                                  Drivers\STM32F4xx_HAL_Driver\Src\stm32f4xx_hal_dma.o
HAL_GetUID                                        Drivers\STM32F4xx_HAL_Driver\Src\stm32f4xx_hal.o
HAL_HalfDuplex_EnableReceiver                     Drivers\STM32F4xx_HAL_Driver\Src\stm32f4xx_hal_uart.o
HAL_HalfDuplex_EnableTransmitter                  Drivers\STM32F4xx_HAL_Driver\Src\stm32f4xx_hal_uart.o
HAL_HalfDuplex_Init                               Drivers\STM32F4xx_HAL_Driver\Src\stm32f4xx_hal_uart.o
HAL_I2CEx_ConfigAnalogFilter                      Drivers\STM32F4xx_HAL_Driver\Src\stm32f4xx_hal_i2c_ex.o
HAL_I2CEx_ConfigDigitalFilter                     Drivers\STM32F4xx_HAL_Driver\Src\stm32f4xx_hal_i2c_ex.o
HAL_I2C_AbortCpltCallback                         Drivers\STM32F4xx_HAL_Driver\Src\stm32f4xx_hal_i2c.o
HAL_I2C_AddrCallback                              Drivers\STM32F4xx_HAL_Driver\Src\stm32f4xx_hal_i2c.o
HAL_I2C_DeInit                                    Drivers\STM32F4xx_HAL_Driver\Src\stm32f4xx_hal_i2c.o
HAL_I2C_DisableListen_IT                          Drivers\STM32F4xx_HAL_Driver\Src\stm32f4xx_hal_i2c.o
HAL_I2C_ER_IRQHandler                             Drivers\STM32F4xx_HAL_Driver\Src\stm32f4xx_hal_i2c.o
HAL_I2C_EV_IRQHandler                             Drivers\STM32F4xx_HAL_Driver\Src\stm32f4xx_hal_i2c.o
HAL_I2C_EnableListen_IT                           Drivers\STM32F4xx_HAL_Driver\Src\stm32f4xx_hal_i2c.o
HAL_I2C_ErrorCallback                             Drivers\STM32F4xx_HAL_Driver\Src\stm32f4xx_hal_i2c.o
HAL_I2C_GetError                                  Drivers\STM32F4xx_HAL_Driver\Src\stm32f4xx_hal_i2c.o
HAL_I2C_GetMode                                   Drivers\STM32F4xx_HAL_Driver\Src\stm32f4xx_hal_i2c.o
HAL_I2C_GetState                                  Drivers\STM32F4xx_HAL_Driver\Src\stm32f4xx_hal_i2c.o
HAL_I2C_Init                                      Drivers\STM32F4xx_HAL_Driver\Src\stm32f4xx_hal_i2c.o
                                                  src\init.o
HAL_I2C_IsDeviceReady                             Drivers\STM32F4xx_HAL_Driver\Src\stm32f4xx_hal_i2c.o
HAL_I2C_ListenCpltCallback                        Drivers\STM32F4xx_HAL_Driver\Src\stm32f4xx_hal_i2c.o
HAL_I2C_MasterRxCpltCallback                      Drivers\STM32F4xx_HAL_Driver\Src\stm32f4xx_hal_i2c.o
HAL_I2C_MasterTxCpltCallback                      Drivers\STM32F4xx_HAL_Driver\Src\stm32f4xx_hal_i2c.o
HAL_I2C_Master_Abort_IT                           Drivers\STM32F4xx_HAL_Driver\Src\stm32f4xx_hal_i2c.o
HAL_I2C_Master_Receive                            Drivers\STM32F4xx_HAL_Driver\Src\stm32f4xx_hal_i2c.o
HAL_I2C_Master_Receive_DMA                        Drivers\STM32F4xx_HAL_Driver\Src\stm32f4xx_hal_i2c.o
HAL_I2C_Master_Receive_IT                         Drivers\STM32F4xx_HAL_Driver\Src\stm32f4xx_hal_i2c.o
HAL_I2C_Master_Sequential_Receive_IT              Drivers\STM32F4xx_HAL_Driver\Src\stm32f4xx_hal_i2c.o
HAL_I2C_Master_Sequential_Transmit_IT             Drivers\STM32F4xx_HAL_Driver\Src\stm32f4xx_hal_i2c.o
HAL_I2C_Master_Transmit                           Drivers\STM32F4xx_HAL_Driver\Src\stm32f4xx_hal_i2c.o
HAL_I2C_Master_Transmit_DMA                       Drivers\STM32F4xx_HAL_Driver\Src\stm32f4xx_hal_i2c.o
HAL_I2C_Master_Transmit_IT                        Drivers\STM32F4xx_HAL_Driver\Src\stm32f4xx_hal_i2c.o
HAL_I2C_MemRxCpltCallback                         Drivers\STM32F4xx_HAL_Driver\Src\stm32f4xx_hal_i2c.o
HAL_I2C_MemTxCpltCallback                         Drivers\STM32F4xx_HAL_Driver\Src\stm32f4xx_hal_i2c.o
HAL_I2C_Mem_Read                                  Drivers\STM32F4xx_HAL_Driver\Src\stm32f4xx_hal_i2c.o
HAL_I2C_Mem_Read_DMA                              Drivers\STM32F4xx_HAL_Driver\Src\stm32f4xx_hal_i2c.o
HAL_I2C_Mem_Read_IT                               Drivers\STM32F4xx_HAL_Driver\Src\stm32f4xx_hal_i2c.o
HAL_I2C_Mem_Write                                 Drivers\STM32F4xx_HAL_Driver\Src\stm32f4xx_hal_i2c.o
HAL_I2C_Mem_Write_DMA                             Drivers\STM32F4xx_HAL_Driver\Src\stm32f4xx_hal_i2c.o
HAL_I2C_Mem_Write_IT                              Drivers\STM32F4xx_HAL_Driver\Src\stm32f4xx_hal_i2c.o
HAL_I2C_MspDeInit                                 src\stm32f4xx_hal_msp.o
                                                  Drivers\STM32F4xx_HAL_Driver\Src\stm32f4xx_hal_i2c.o
HAL_I2C_MspInit                                   src\stm32f4xx_hal_msp.o
                                                  Drivers\STM32F4xx_HAL_Driver\Src\stm32f4xx_hal_i2c.o
HAL_I2C_SlaveRxCpltCallback                       Drivers\STM32F4xx_HAL_Driver\Src\stm32f4xx_hal_i2c.o
HAL_I2C_SlaveTxCpltCallback                       Drivers\STM32F4xx_HAL_Driver\Src\stm32f4xx_hal_i2c.o
HAL_I2C_Slave_Receive                             Drivers\STM32F4xx_HAL_Driver\Src\stm32f4xx_hal_i2c.o
HAL_I2C_Slave_Receive_DMA                         Drivers\STM32F4xx_HAL_Driver\Src\stm32f4xx_hal_i2c.o
HAL_I2C_Slave_Receive_IT                          Drivers\STM32F4xx_HAL_Driver\Src\stm32f4xx_hal_i2c.o
HAL_I2C_Slave_Sequential_Receive_IT               Drivers\STM32F4xx_HAL_Driver\Src\stm32f4xx_hal_i2c.o
HAL_I2C_Slave_Sequential_Transmit_IT              Drivers\STM32F4xx_HAL_Driver\Src\stm32f4xx_hal_i2c.o
HAL_I2C_Slave_Transmit                            Drivers\STM32F4xx_HAL_Driver\Src\stm32f4xx_hal_i2c.o
HAL_I2C_Slave_Transmit_DMA                        Drivers\STM32F4xx_HAL_Driver\Src\stm32f4xx_hal_i2c.o
HAL_I2C_Slave_Transmit_IT                         Drivers\STM32F4xx_HAL_Driver\Src\stm32f4xx_hal_i2c.o
HAL_IncTick                                       Drivers\STM32F4xx_HAL_Driver\Src\stm32f4xx_hal.o
                                                  src\stm32f4xx_it.o
                                                  src\init.o
HAL_Init                                          Drivers\STM32F4xx_HAL_Driver\Src\stm32f4xx_hal.o
                                                  src\main.o
HAL_InitTick                                      Drivers\STM32F4xx_HAL_Driver\Src\stm32f4xx_hal.o
                                                  Drivers\STM32F4xx_HAL_Driver\Src\stm32f4xx_hal_rcc.o
HAL_LIN_Init                                      Drivers\STM32F4xx_HAL_Driver\Src\stm32f4xx_hal_uart.o
HAL_LIN_SendBreak                                 Drivers\STM32F4xx_HAL_Driver\Src\stm32f4xx_hal_uart.o
HAL_MPU_ConfigRegion                              Drivers\STM32F4xx_HAL_Driver\Src\stm32f4xx_hal_cortex.o
HAL_MPU_Disable                                   Drivers\STM32F4xx_HAL_Driver\Src\stm32f4xx_hal_cortex.o
HAL_MPU_Enable                                    Drivers\STM32F4xx_HAL_Driver\Src\stm32f4xx_hal_cortex.o
HAL_MspDeInit                                     Drivers\STM32F4xx_HAL_Driver\Src\stm32f4xx_hal.o
HAL_MspInit                                       src\stm32f4xx_hal_msp.o
                                                  Drivers\STM32F4xx_HAL_Driver\Src\stm32f4xx_hal.o
HAL_MultiProcessor_EnterMuteMode                  Drivers\STM32F4xx_HAL_Driver\Src\stm32f4xx_hal_uart.o
HAL_MultiProcessor_ExitMuteMode                   Drivers\STM32F4xx_HAL_Driver\Src\stm32f4xx_hal_uart.o
HAL_MultiProcessor_Init                           Drivers\STM32F4xx_HAL_Driver\Src\stm32f4xx_hal_uart.o
HAL_NVIC_ClearPendingIRQ                          Drivers\STM32F4xx_HAL_Driver\Src\stm32f4xx_hal_cortex.o
HAL_NVIC_DisableIRQ                               Drivers\STM32F4xx_HAL_Driver\Src\stm32f4xx_hal_cortex.o
                                                  src\stm32f4xx_hal_msp.o
                                                  Drivers\BSP\STM32F4xx-Nucleo\stm32f4xx_nucleo.o
HAL_NVIC_EnableIRQ                                Drivers\STM32F4xx_HAL_Driver\Src\stm32f4xx_hal_cortex.o
                                                  src\stm32f4xx_hal_msp.o
                                                  src\init.o
                                                  Drivers\BSP\STM32F4xx-Nucleo\stm32f4xx_nucleo.o
HAL_NVIC_GetActive                                Drivers\STM32F4xx_HAL_Driver\Src\stm32f4xx_hal_cortex.o
HAL_NVIC_GetPendingIRQ                            Drivers\STM32F4xx_HAL_Driver\Src\stm32f4xx_hal_cortex.o
HAL_NVIC_GetPriority                              Drivers\STM32F4xx_HAL_Driver\Src\stm32f4xx_hal_cortex.o
HAL_NVIC_GetPriorityGrouping                      Drivers\STM32F4xx_HAL_Driver\Src\stm32f4xx_hal_cortex.o
HAL_NVIC_SetPendingIRQ                            Drivers\STM32F4xx_HAL_Driver\Src\stm32f4xx_hal_cortex.o
HAL_NVIC_SetPriority                              Drivers\STM32F4xx_HAL_Driver\Src\stm32f4xx_hal_cortex.o
                                                  src\stm32f4xx_hal_msp.o
                                                  src\init.o
                                                  Drivers\STM32F4xx_HAL_Driver\Src\stm32f4xx_hal.o
                                                  Drivers\BSP\STM32F4xx-Nucleo\stm32f4xx_nucleo.o
HAL_NVIC_SetPriorityGrouping                      Drivers\STM32F4xx_HAL_Driver\Src\stm32f4xx_hal_cortex.o
                                                  src\stm32f4xx_hal_msp.o
                                                  Drivers\STM32F4xx_HAL_Driver\Src\stm32f4xx_hal.o
HAL_NVIC_SystemReset                              Drivers\STM32F4xx_HAL_Driver\Src\stm32f4xx_hal_cortex.o
HAL_PWREx_ControlVoltageScaling                   Drivers\STM32F4xx_HAL_Driver\Src\stm32f4xx_hal_pwr_ex.o
HAL_PWREx_DisableBkUpReg                          Drivers\STM32F4xx_HAL_Driver\Src\stm32f4xx_hal_pwr_ex.o
HAL_PWREx_DisableFlashPowerDown                   Drivers\STM32F4xx_HAL_Driver\Src\stm32f4xx_hal_pwr_ex.o
HAL_PWREx_DisableLowRegulatorLowVoltage           Drivers\STM32F4xx_HAL_Driver\Src\stm32f4xx_hal_pwr_ex.o
HAL_PWREx_DisableMainRegulatorLowVoltage          Drivers\STM32F4xx_HAL_Driver\Src\stm32f4xx_hal_pwr_ex.o
HAL_PWREx_EnableBkUpReg                           Drivers\STM32F4xx_HAL_Driver\Src\stm32f4xx_hal_pwr_ex.o
                                                  src\lp_modes.o
HAL_PWREx_EnableFlashPowerDown                    Drivers\STM32F4xx_HAL_Driver\Src\stm32f4xx_hal_pwr_ex.o
                                                  src\lp_modes.o
HAL_PWREx_EnableLowRegulatorLowVoltage            Drivers\STM32F4xx_HAL_Driver\Src\stm32f4xx_hal_pwr_ex.o
HAL_PWREx_EnableMainRegulatorLowVoltage           Drivers\STM32F4xx_HAL_Driver\Src\stm32f4xx_hal_pwr_ex.o
HAL_PWREx_GetVoltageRange                         Drivers\STM32F4xx_HAL_Driver\Src\stm32f4xx_hal_pwr_ex.o
HAL_PWR_ConfigPVD                                 Drivers\STM32F4xx_HAL_Driver\Src\stm32f4xx_hal_pwr.o
HAL_PWR_DeInit                                    Drivers\STM32F4xx_HAL_Driver\Src\stm32f4xx_hal_pwr.o
HAL_PWR_DisableBkUpAccess                         Drivers\STM32F4xx_HAL_Driver\Src\stm32f4xx_hal_pwr.o
HAL_PWR_DisablePVD                                Drivers\STM32F4xx_HAL_Driver\Src\stm32f4xx_hal_pwr.o
HAL_PWR_DisableSEVOnPend                          Drivers\STM32F4xx_HAL_Driver\Src\stm32f4xx_hal_pwr.o
HAL_PWR_DisableSleepOnExit                        Drivers\STM32F4xx_HAL_Driver\Src\stm32f4xx_hal_pwr.o
HAL_PWR_DisableWakeUpPin                          Drivers\STM32F4xx_HAL_Driver\Src\stm32f4xx_hal_pwr.o
                                                  src\lp_modes.o
HAL_PWR_EnableBkUpAccess                          Drivers\STM32F4xx_HAL_Driver\Src\stm32f4xx_hal_pwr.o
                                                  src\lp_modes.o
HAL_PWR_EnablePVD                                 Drivers\STM32F4xx_HAL_Driver\Src\stm32f4xx_hal_pwr.o
HAL_PWR_EnableSEVOnPend                           Drivers\STM32F4xx_HAL_Driver\Src\stm32f4xx_hal_pwr.o
HAL_PWR_EnableSleepOnExit                         Drivers\STM32F4xx_HAL_Driver\Src\stm32f4xx_hal_pwr.o
HAL_PWR_EnableWakeUpPin                           Drivers\STM32F4xx_HAL_Driver\Src\stm32f4xx_hal_pwr.o
                                                  src\lp_modes.o
HAL_PWR_EnterSLEEPMode                            Drivers\STM32F4xx_HAL_Driver\Src\stm32f4xx_hal_pwr.o
                                                  src\lp_modes.o
HAL_PWR_EnterSTANDBYMode                          Drivers\STM32F4xx_HAL_Driver\Src\stm32f4xx_hal_pwr.o
                                                  src\lp_modes.o
HAL_PWR_EnterSTOPMode                             Drivers\STM32F4xx_HAL_Driver\Src\stm32f4xx_hal_pwr.o
                                                  src\lp_modes.o
HAL_PWR_PVDCallback                               Drivers\STM32F4xx_HAL_Driver\Src\stm32f4xx_hal_pwr.o
HAL_PWR_PVD_IRQHandler                            Drivers\STM32F4xx_HAL_Driver\Src\stm32f4xx_hal_pwr.o
HAL_RCCEx_GetPeriphCLKConfig                      Drivers\STM32F4xx_HAL_Driver\Src\stm32f4xx_hal_rcc_ex.o
HAL_RCCEx_GetPeriphCLKFreq                        Drivers\STM32F4xx_HAL_Driver\Src\stm32f4xx_hal_rcc_ex.o
HAL_RCCEx_PeriphCLKConfig                         Drivers\STM32F4xx_HAL_Driver\Src\stm32f4xx_hal_rcc_ex.o
HAL_RCCEx_SelectLSEMode                           Drivers\STM32F4xx_HAL_Driver\Src\stm32f4xx_hal_rcc_ex.o
HAL_RCC_CSSCallback                               Drivers\STM32F4xx_HAL_Driver\Src\stm32f4xx_hal_rcc.o
HAL_RCC_ClockConfig                               Drivers\STM32F4xx_HAL_Driver\Src\stm32f4xx_hal_rcc.o
                                                  src\main.o
                                                  src\lp_modes.o
HAL_RCC_DeInit                                    Drivers\STM32F4xx_HAL_Driver\Src\stm32f4xx_hal_rcc_ex.o
                                                  Drivers\STM32F4xx_HAL_Driver\Src\stm32f4xx_hal_rcc.o
HAL_RCC_DisableCSS                                Drivers\STM32F4xx_HAL_Driver\Src\stm32f4xx_hal_rcc.o
HAL_RCC_EnableCSS                                 Drivers\STM32F4xx_HAL_Driver\Src\stm32f4xx_hal_rcc.o
HAL_RCC_GetClockConfig                            Drivers\STM32F4xx_HAL_Driver\Src\stm32f4xx_hal_rcc.o
                                                  src\lp_modes.o
HAL_RCC_GetHCLKFreq                               Drivers\STM32F4xx_HAL_Driver\Src\stm32f4xx_hal_rcc.o
HAL_RCC_GetOscConfig                              Drivers\STM32F4xx_HAL_Driver\Src\stm32f4xx_hal_rcc.o
                                                  src\lp_modes.o
HAL_RCC_GetPCLK1Freq                              Drivers\STM32F4xx_HAL_Driver\Src\stm32f4xx_hal_rcc.o
                                                  src\main.o
                                                  Drivers\STM32F4xx_HAL_Driver\Src\stm32f4xx_hal_usart.o
                                                  Drivers\STM32F4xx_HAL_Driver\Src\stm32f4xx_hal_uart.o
                                                  Drivers\STM32F4xx_HAL_Driver\Src\stm32f4xx_hal_i2c.o
HAL_RCC_GetPCLK2Freq                              Drivers\STM32F4xx_HAL_Driver\Src\stm32f4xx_hal_rcc.o
                                                  Drivers\STM32F4xx_HAL_Driver\Src\stm32f4xx_hal_usart.o
                                                  Drivers\STM32F4xx_HAL_Driver\Src\stm32f4xx_hal_uart.o
HAL_RCC_GetSysClockFreq                           Drivers\STM32F4xx_HAL_Driver\Src\stm32f4xx_hal_rcc.o
HAL_RCC_MCOConfig                                 Drivers\STM32F4xx_HAL_Driver\Src\stm32f4xx_hal_rcc.o
HAL_RCC_NMI_IRQHandler                            Drivers\STM32F4xx_HAL_Driver\Src\stm32f4xx_hal_rcc.o
HAL_RCC_OscConfig                                 Drivers\STM32F4xx_HAL_Driver\Src\stm32f4xx_hal_rcc.o
                                                  src\main.o
                                                  src\lp_modes.o
HAL_RTCEx_AlarmBEventCallback                     Drivers\STM32F4xx_HAL_Driver\Src\stm32f4xx_hal_rtc_ex.o
                                                  Drivers\STM32F4xx_HAL_Driver\Src\stm32f4xx_hal_rtc.o
HAL_RTCEx_BKUPRead                                Drivers\STM32F4xx_HAL_Driver\Src\stm32f4xx_hal_rtc_ex.o
HAL_RTCEx_BKUPWrite                               Drivers\STM32F4xx_HAL_Driver\Src\stm32f4xx_hal_rtc_ex.o
HAL_RTCEx_DeactivateCalibrationOutPut             Drivers\STM32F4xx_HAL_Driver\Src\stm32f4xx_hal_rtc_ex.o
HAL_RTCEx_DeactivateCoarseCalib                   Drivers\STM32F4xx_HAL_Driver\Src\stm32f4xx_hal_rtc_ex.o
HAL_RTCEx_DeactivateRefClock                      Drivers\STM32F4xx_HAL_Driver\Src\stm32f4xx_hal_rtc_ex.o
HAL_RTCEx_DeactivateTamper                        Drivers\STM32F4xx_HAL_Driver\Src\stm32f4xx_hal_rtc_ex.o
HAL_RTCEx_DeactivateTimeStamp                     Drivers\STM32F4xx_HAL_Driver\Src\stm32f4xx_hal_rtc_ex.o
HAL_RTCEx_DeactivateWakeUpTimer                   Drivers\STM32F4xx_HAL_Driver\Src\stm32f4xx_hal_rtc_ex.o
                                                  src\lp_modes.o
HAL_RTCEx_DisableBypassShadow                     Drivers\STM32F4xx_HAL_Driver\Src\stm32f4xx_hal_rtc_ex.o
HAL_RTCEx_EnableBypassShadow                      Drivers\STM32F4xx_HAL_Driver\Src\stm32f4xx_hal_rtc_ex.o
HAL_RTCEx_GetTimeStamp                            Drivers\STM32F4xx_HAL_Driver\Src\stm32f4xx_hal_rtc_ex.o
HAL_RTCEx_GetWakeUpTimer                          Drivers\STM32F4xx_HAL_Driver\Src\stm32f4xx_hal_rtc_ex.o
HAL_RTCEx_PollForAlarmBEvent                      Drivers\STM32F4xx_HAL_Driver\Src\stm32f4xx_hal_rtc_ex.o
HAL_RTCEx_PollForTamper1Event                     Drivers\STM32F4xx_HAL_Driver\Src\stm32f4xx_hal_rtc_ex.o
HAL_RTCEx_PollForTamper2Event                     Drivers\STM32F4xx_HAL_Driver\Src\stm32f4xx_hal_rtc_ex.o
HAL_RTCEx_PollForTimeStampEvent                   Drivers\STM32F4xx_HAL_Driver\Src\stm32f4xx_hal_rtc_ex.o
HAL_RTCEx_PollForWakeUpTimerEvent                 Drivers\STM32F4xx_HAL_Driver\Src\stm32f4xx_hal_rtc_ex.o
HAL_RTCEx_SetCalibrationOutPut                    Drivers\STM32F4xx_HAL_Driver\Src\stm32f4xx_hal_rtc_ex.o
HAL_RTCEx_SetCoarseCalib                          Drivers\STM32F4xx_HAL_Driver\Src\stm32f4xx_hal_rtc_ex.o
HAL_RTCEx_SetRefClock                             Drivers\STM32F4xx_HAL_Driver\Src\stm32f4xx_hal_rtc_ex.o
HAL_RTCEx_SetSmoothCalib                          Drivers\STM32F4xx_HAL_Driver\Src\stm32f4xx_hal_rtc_ex.o
HAL_RTCEx_SetSynchroShift                         Drivers\STM32F4xx_HAL_Driver\Src\stm32f4xx_hal_rtc_ex.o
HAL_RTCEx_SetTamper                               Drivers\STM32F4xx_HAL_Driver\Src\stm32f4xx_hal_rtc_ex.o
HAL_RTCEx_SetTamper_IT                            Drivers\STM32F4xx_HAL_Driver\Src\stm32f4xx_hal_rtc_ex.o
HAL_RTCEx_SetTimeStamp                            Drivers\STM32F4xx_HAL_Driver\Src\stm32f4xx_hal_rtc_ex.o
HAL_RTCEx_SetTimeStamp_IT                         Drivers\STM32F4xx_HAL_Driver\Src\stm32f4xx_hal_rtc_ex.o
HAL_RTCEx_SetWakeUpTimer                          Drivers\STM32F4xx_HAL_Driver\Src\stm32f4xx_hal_rtc_ex.o
HAL_RTCEx_SetWakeUpTimer_IT                       Drivers\STM32F4xx_HAL_Driver\Src\stm32f4xx_hal_rtc_ex.o
                                                  src\lp_modes.o
HAL_RTCEx_Tamper1EventCallback                    Drivers\STM32F4xx_HAL_Driver\Src\stm32f4xx_hal_rtc_ex.o
HAL_RTCEx_Tamper2EventCallback                    Drivers\STM32F4xx_HAL_Driver\Src\stm32f4xx_hal_rtc_ex.o
HAL_RTCEx_TamperTimeStampIRQHandler               Drivers\STM32F4xx_HAL_Driver\Src\stm32f4xx_hal_rtc_ex.o
HAL_RTCEx_TimeStampEventCallback                  Drivers\STM32F4xx_HAL_Driver\Src\stm32f4xx_hal_rtc_ex.o
HAL_RTCEx_WakeUpTimerEventCallback                src\init.o
                                                  Drivers\STM32F4xx_HAL_Driver\Src\stm32f4xx_hal_rtc_ex.o
HAL_RTCEx_WakeUpTimerIRQHandler                   Drivers\STM32F4xx_HAL_Driver\Src\stm32f4xx_hal_rtc_ex.o
                                                  src\stm32f4xx_it.o
HAL_RTC_AlarmAEventCallback                       Drivers\STM32F4xx_HAL_Driver\Src\stm32f4xx_hal_rtc.o
HAL_RTC_AlarmIRQHandler                           Drivers\STM32F4xx_HAL_Driver\Src\stm32f4xx_hal_rtc.o
HAL_RTC_DeInit                                    Drivers\STM32F4xx_HAL_Driver\Src\stm32f4xx_hal_rtc.o
HAL_RTC_DeactivateAlarm                           Drivers\STM32F4xx_HAL_Driver\Src\stm32f4xx_hal_rtc.o
HAL_RTC_GetAlarm                                  Drivers\STM32F4xx_HAL_Driver\Src\stm32f4xx_hal_rtc.o
HAL_RTC_GetDate                                   Drivers\STM32F4xx_HAL_Driver\Src\stm32f4xx_hal_rtc.o
HAL_RTC_GetState                                  Drivers\STM32F4xx_HAL_Driver\Src\stm32f4xx_hal_rtc.o
HAL_RTC_GetTime                                   Drivers\STM32F4xx_HAL_Driver\Src\stm32f4xx_hal_rtc.o
HAL_RTC_Init                                      Drivers\STM32F4xx_HAL_Driver\Src\stm32f4xx_hal_rtc.o
                                                  src\lp_modes.o
HAL_RTC_MspDeInit                                 Drivers\STM32F4xx_HAL_Driver\Src\stm32f4xx_hal_rtc.o
HAL_RTC_MspInit                                   Drivers\STM32F4xx_HAL_Driver\Src\stm32f4xx_hal_rtc.o
HAL_RTC_PollForAlarmAEvent                        Drivers\STM32F4xx_HAL_Driver\Src\stm32f4xx_hal_rtc.o
HAL_RTC_SetAlarm                                  Drivers\STM32F4xx_HAL_Driver\Src\stm32f4xx_hal_rtc.o
HAL_RTC_SetAlarm_IT                               Drivers\STM32F4xx_HAL_Driver\Src\stm32f4xx_hal_rtc.o
HAL_RTC_SetDate                                   Drivers\STM32F4xx_HAL_Driver\Src\stm32f4xx_hal_rtc.o
HAL_RTC_SetTime                                   Drivers\STM32F4xx_HAL_Driver\Src\stm32f4xx_hal_rtc.o
HAL_RTC_WaitForSynchro                            Drivers\STM32F4xx_HAL_Driver\Src\stm32f4xx_hal_rtc.o
                                                  Drivers\STM32F4xx_HAL_Driver\Src\stm32f4xx_hal_rtc_ex.o
HAL_ResumeTick                                    Drivers\STM32F4xx_HAL_Driver\Src\stm32f4xx_hal.o
                                                  src\lp_modes.o
HAL_SPI_Abort                                     Drivers\STM32F4xx_HAL_Driver\Src\stm32f4xx_hal_spi.o
HAL_SPI_AbortCpltCallback                         Drivers\STM32F4xx_HAL_Driver\Src\stm32f4xx_hal_spi.o
HAL_SPI_Abort_IT                                  Drivers\STM32F4xx_HAL_Driver\Src\stm32f4xx_hal_spi.o
HAL_SPI_DMAPause                                  Drivers\STM32F4xx_HAL_Driver\Src\stm32f4xx_hal_spi.o
HAL_SPI_DMAResume                                 Drivers\STM32F4xx_HAL_Driver\Src\stm32f4xx_hal_spi.o
HAL_SPI_DMAStop                                   Drivers\STM32F4xx_HAL_Driver\Src\stm32f4xx_hal_spi.o
HAL_SPI_DeInit                                    Drivers\STM32F4xx_HAL_Driver\Src\stm32f4xx_hal_spi.o
                                                  Drivers\BSP\STM32F4xx-Nucleo\stm32f4xx_nucleo.o
HAL_SPI_ErrorCallback                             Drivers\STM32F4xx_HAL_Driver\Src\stm32f4xx_hal_spi.o
HAL_SPI_GetError                                  Drivers\STM32F4xx_HAL_Driver\Src\stm32f4xx_hal_spi.o
HAL_SPI_GetState                                  Drivers\STM32F4xx_HAL_Driver\Src\stm32f4xx_hal_spi.o
                                                  Drivers\BSP\STM32F4xx-Nucleo\stm32f4xx_nucleo.o
HAL_SPI_IRQHandler                                Drivers\STM32F4xx_HAL_Driver\Src\stm32f4xx_hal_spi.o
                                                  src\stm32f4xx_it.o
HAL_SPI_Init                                      Drivers\STM32F4xx_HAL_Driver\Src\stm32f4xx_hal_spi.o
                                                  src\init.o
                                                  Drivers\BSP\STM32F4xx-Nucleo\stm32f4xx_nucleo.o
HAL_SPI_MspDeInit                                 src\stm32f4xx_hal_msp.o
                                                  Drivers\STM32F4xx_HAL_Driver\Src\stm32f4xx_hal_spi.o
HAL_SPI_MspInit                                   src\stm32f4xx_hal_msp.o
                                                  Drivers\STM32F4xx_HAL_Driver\Src\stm32f4xx_hal_spi.o
HAL_SPI_Receive                                   Drivers\STM32F4xx_HAL_Driver\Src\stm32f4xx_hal_spi.o
HAL_SPI_Receive_DMA                               Drivers\STM32F4xx_HAL_Driver\Src\stm32f4xx_hal_spi.o
HAL_SPI_Receive_IT                                Drivers\STM32F4xx_HAL_Driver\Src\stm32f4xx_hal_spi.o
HAL_SPI_RxCpltCallback                            Drivers\STM32F4xx_HAL_Driver\Src\stm32f4xx_hal_spi.o
HAL_SPI_RxHalfCpltCallback                        Drivers\STM32F4xx_HAL_Driver\Src\stm32f4xx_hal_spi.o
HAL_SPI_Transmit                                  Drivers\STM32F4xx_HAL_Driver\Src\stm32f4xx_hal_spi.o
HAL_SPI_TransmitReceive                           Drivers\STM32F4xx_HAL_Driver\Src\stm32f4xx_hal_spi.o
                                                  Drivers\BSP\STM32F4xx-Nucleo\stm32f4xx_nucleo.o
HAL_SPI_TransmitReceive_DMA                       Drivers\STM32F4xx_HAL_Driver\Src\stm32f4xx_hal_spi.o
HAL_SPI_TransmitReceive_IT                        Drivers\STM32F4xx_HAL_Driver\Src\stm32f4xx_hal_spi.o
HAL_SPI_Transmit_DMA                              Drivers\STM32F4xx_HAL_Driver\Src\stm32f4xx_hal_spi.o
HAL_SPI_Transmit_IT                               Drivers\STM32F4xx_HAL_Driver\Src\stm32f4xx_hal_spi.o
HAL_SPI_TxCpltCallback                            Drivers\STM32F4xx_HAL_Driver\Src\stm32f4xx_hal_spi.o
HAL_SPI_TxHalfCpltCallback                        Drivers\STM32F4xx_HAL_Driver\Src\stm32f4xx_hal_spi.o
HAL_SPI_TxRxCpltCallback                          Drivers\STM32F4xx_HAL_Driver\Src\stm32f4xx_hal_spi.o
HAL_SPI_TxRxHalfCpltCallback                      Drivers\STM32F4xx_HAL_Driver\Src\stm32f4xx_hal_spi.o
HAL_SYSTICK_CLKSourceConfig                       Drivers\STM32F4xx_HAL_Driver\Src\stm32f4xx_hal_cortex.o
HAL_SYSTICK_Callback                              src\init.o
                                                  Drivers\STM32F4xx_HAL_Driver\Src\stm32f4xx_hal_cortex.o
HAL_SYSTICK_Config                                Drivers\STM32F4xx_HAL_Driver\Src\stm32f4xx_hal_cortex.o
                                                  Drivers\STM32F4xx_HAL_Driver\Src\stm32f4xx_hal.o
HAL_SYSTICK_IRQHandler                            Drivers\STM32F4xx_HAL_Driver\Src\stm32f4xx_hal_cortex.o
                                                  src\stm32f4xx_it.o
HAL_SuspendTick                                   Drivers\STM32F4xx_HAL_Driver\Src\stm32f4xx_hal.o
                                                  src\lp_modes.o
HAL_UART_Abort                                    Drivers\STM32F4xx_HAL_Driver\Src\stm32f4xx_hal_uart.o
HAL_UART_AbortCpltCallback                        Drivers\STM32F4xx_HAL_Driver\Src\stm32f4xx_hal_uart.o
HAL_UART_AbortReceive                             Drivers\STM32F4xx_HAL_Driver\Src\stm32f4xx_hal_uart.o
HAL_UART_AbortReceiveCpltCallback                 Drivers\STM32F4xx_HAL_Driver\Src\stm32f4xx_hal_uart.o
HAL_UART_AbortReceive_IT                          Drivers\STM32F4xx_HAL_Driver\Src\stm32f4xx_hal_uart.o
HAL_UART_AbortTransmit                            Drivers\STM32F4xx_HAL_Driver\Src\stm32f4xx_hal_uart.o
HAL_UART_AbortTransmitCpltCallback                Drivers\STM32F4xx_HAL_Driver\Src\stm32f4xx_hal_uart.o
HAL_UART_AbortTransmit_IT                         Drivers\STM32F4xx_HAL_Driver\Src\stm32f4xx_hal_uart.o
HAL_UART_Abort_IT                                 Drivers\STM32F4xx_HAL_Driver\Src\stm32f4xx_hal_uart.o
HAL_UART_DMAPause                                 Drivers\STM32F4xx_HAL_Driver\Src\stm32f4xx_hal_uart.o
HAL_UART_DMAResume                                Drivers\STM32F4xx_HAL_Driver\Src\stm32f4xx_hal_uart.o
HAL_UART_DMAStop                                  Drivers\STM32F4xx_HAL_Driver\Src\stm32f4xx_hal_uart.o
HAL_UART_DeInit                                   Drivers\STM32F4xx_HAL_Driver\Src\stm32f4xx_hal_uart.o
HAL_UART_ErrorCallback                            Drivers\STM32F4xx_HAL_Driver\Src\stm32f4xx_hal_uart.o
HAL_UART_GetError                                 Drivers\STM32F4xx_HAL_Driver\Src\stm32f4xx_hal_uart.o
HAL_UART_GetState                                 Drivers\STM32F4xx_HAL_Driver\Src\stm32f4xx_hal_uart.o
HAL_UART_IRQHandler                               Drivers\STM32F4xx_HAL_Driver\Src\stm32f4xx_hal_uart.o
                                                  src\stm32f4xx_it.o
HAL_UART_Init                                     Drivers\STM32F4xx_HAL_Driver\Src\stm32f4xx_hal_uart.o
                                                  src\init.o
HAL_UART_MspDeInit                                src\stm32f4xx_hal_msp.o
                                                  Drivers\STM32F4xx_HAL_Driver\Src\stm32f4xx_hal_uart.o
HAL_UART_MspInit                                  src\stm32f4xx_hal_msp.o
                                                  Drivers\STM32F4xx_HAL_Driver\Src\stm32f4xx_hal_uart.o
HAL_UART_Receive                                  Drivers\STM32F4xx_HAL_Driver\Src\stm32f4xx_hal_uart.o
HAL_UART_Receive_DMA                              Drivers\STM32F4xx_HAL_Driver\Src\stm32f4xx_hal_uart.o
                                                  src\gps.o
                                                  src\gprs.o
HAL_UART_Receive_IT                               Drivers\STM32F4xx_HAL_Driver\Src\stm32f4xx_hal_uart.o
HAL_UART_RxCpltCallback                           src\gps.o
                                                  Drivers\STM32F4xx_HAL_Driver\Src\stm32f4xx_hal_uart.o
HAL_UART_RxHalfCpltCallback                       Drivers\STM32F4xx_HAL_Driver\Src\stm32f4xx_hal_uart.o
HAL_UART_Transmit                                 Drivers\STM32F4xx_HAL_Driver\Src\stm32f4xx_hal_uart.o
                                                  src\main.o
                                                  src\gprs.o
HAL_UART_Transmit_DMA                             Drivers\STM32F4xx_HAL_Driver\Src\stm32f4xx_hal_uart.o
                                                  src\gps.o
                                                  src\gprs.o
HAL_UART_Transmit_IT                              Drivers\STM32F4xx_HAL_Driver\Src\stm32f4xx_hal_uart.o
HAL_UART_TxCpltCallback                           src\gps.o
                                                  Drivers\STM32F4xx_HAL_Driver\Src\stm32f4xx_hal_uart.o
HAL_UART_TxHalfCpltCallback                       Drivers\STM32F4xx_HAL_Driver\Src\stm32f4xx_hal_uart.o
HAL_USART_Abort                                   Drivers\STM32F4xx_HAL_Driver\Src\stm32f4xx_hal_usart.o
HAL_USART_AbortCpltCallback                       Drivers\STM32F4xx_HAL_Driver\Src\stm32f4xx_hal_usart.o
HAL_USART_Abort_IT                                Drivers\STM32F4xx_HAL_Driver\Src\stm32f4xx_hal_usart.o
HAL_USART_DMAPause                                Drivers\STM32F4xx_HAL_Driver\Src\stm32f4xx_hal_usart.o
HAL_USART_DMAResume                               Drivers\STM32F4xx_HAL_Driver\Src\stm32f4xx_hal_usart.o
HAL_USART_DMAStop                                 Drivers\STM32F4xx_HAL_Driver\Src\stm32f4xx_hal_usart.o