Archive member included to satisfy reference by file (symbol)

c:/program files (x86)/atollic/truestudio for arm 8.1.0/armtools/bin/../lib/gcc/arm-atollic-eabi/6.3.1/../../../../arm-atollic-eabi/lib/armv7e-m/fpu\libc_nano.a(lib_a-atof.o)
                              src\gps.o (atof)
c:/program files (x86)/atollic/truestudio for arm 8.1.0/armtools/bin/../lib/gcc/arm-atollic-eabi/6.3.1/../../../../arm-atollic-eabi/lib/armv7e-m/fpu\libc_nano.a(lib_a-atoi.o)
                              src\gps.o (atoi)
c:/program files (x86)/atollic/truestudio for arm 8.1.0/armtools/bin/../lib/gcc/arm-atollic-eabi/6.3.1/../../../../arm-atollic-eabi/lib/armv7e-m/fpu\libc_nano.a(lib_a-init.o)
                              src\startup_stm32f411xe.o (__libc_init_array)
c:/program files (x86)/atollic/truestudio for arm 8.1.0/armtools/bin/../lib/gcc/arm-atollic-eabi/6.3.1/../../../../arm-atollic-eabi/lib/armv7e-m/fpu\libc_nano.a(lib_a-memset.o)
                              src\gps.o (memset)
c:/program files (x86)/atollic/truestudio for arm 8.1.0/armtools/bin/../lib/gcc/arm-atollic-eabi/6.3.1/../../../../arm-atollic-eabi/lib/armv7e-m/fpu\libc_nano.a(lib_a-strchr.o)
                              src\gps.o (strchr)
c:/program files (x86)/atollic/truestudio for arm 8.1.0/armtools/bin/../lib/gcc/arm-atollic-eabi/6.3.1/../../../../arm-atollic-eabi/lib/armv7e-m/fpu\libc_nano.a(lib_a-strcmp.o)
                              src\gps.o (strcmp)
c:/program files (x86)/atollic/truestudio for arm 8.1.0/armtools/bin/../lib/gcc/arm-atollic-eabi/6.3.1/../../../../arm-atollic-eabi/lib/armv7e-m/fpu\libc_nano.a(lib_a-strcpy.o)
                              src\gps.o (strcpy)
c:/program files (x86)/atollic/truestudio for arm 8.1.0/armtools/bin/../lib/gcc/arm-atollic-eabi/6.3.1/../../../../arm-atollic-eabi/lib/armv7e-m/fpu\libc_nano.a(lib_a-strlen.o)
                              src\gprs.o (strlen)
c:/program files (x86)/atollic/truestudio for arm 8.1.0/armtools/bin/../lib/gcc/arm-atollic-eabi/6.3.1/../../../../arm-atollic-eabi/lib/armv7e-m/fpu\libc_nano.a(lib_a-strstr.o)
                              src\gprs.o (strstr)
c:/program files (x86)/atollic/truestudio for arm 8.1.0/armtools/bin/../lib/gcc/arm-atollic-eabi/6.3.1/../../../../arm-atollic-eabi/lib/armv7e-m/fpu\libc_nano.a(lib_a-strtod.o)
                              c:/program files (x86)/atollic/truestudio for arm 8.1.0/armtools/bin/../lib/gcc/arm-atollic-eabi/6.3.1/../../../../arm-atollic-eabi/lib/armv7e-m/fpu\libc_nano.a(lib_a-atof.o) (strtod)
c:/program files (x86)/atollic/truestudio for arm 8.1.0/armtools/bin/../lib/gcc/arm-atollic-eabi/6.3.1/../../../../arm-atollic-eabi/lib/armv7e-m/fpu\libc_nano.a(lib_a-strtok.o)
                              src\gps.o (strtok)
c:/program files (x86)/atollic/truestudio for arm 8.1.0/armtools/bin/../lib/gcc/arm-atollic-eabi/6.3.1/../../../../arm-atollic-eabi/lib/armv7e-m/fpu\libc_nano.a(lib_a-strtok_r.o)
                              c:/program files (x86)/atollic/truestudio for arm 8.1.0/armtools/bin/../lib/gcc/arm-atollic-eabi/6.3.1/../../../../arm-atollic-eabi/lib/armv7e-m/fpu\libc_nano.a(lib_a-strtok.o) (__strtok_r)
c:/program files (x86)/atollic/truestudio for arm 8.1.0/armtools/bin/../lib/gcc/arm-atollic-eabi/6.3.1/../../../../arm-atollic-eabi/lib/armv7e-m/fpu\libc_nano.a(lib_a-strtol.o)
                              c:/program files (x86)/atollic/truestudio for arm 8.1.0/armtools/bin/../lib/gcc/arm-atollic-eabi/6.3.1/../../../../arm-atollic-eabi/lib/armv7e-m/fpu\libc_nano.a(lib_a-atoi.o) (_strtol_r)
c:/program files (x86)/atollic/truestudio for arm 8.1.0/armtools/bin/../lib/gcc/arm-atollic-eabi/6.3.1/../../../../arm-atollic-eabi/lib/armv7e-m/fpu\libc_nano.a(lib_a-gdtoa-gethex.o)
                              c:/program files (x86)/atollic/truestudio for arm 8.1.0/armtools/bin/../lib/gcc/arm-atollic-eabi/6.3.1/../../../../arm-atollic-eabi/lib/armv7e-m/fpu\libc_nano.a(lib_a-strtod.o) (__gethex)
c:/program files (x86)/atollic/truestudio for arm 8.1.0/armtools/bin/../lib/gcc/arm-atollic-eabi/6.3.1/../../../../arm-atollic-eabi/lib/armv7e-m/fpu\libc_nano.a(lib_a-gdtoa-hexnan.o)
                              c:/program files (x86)/atollic/truestudio for arm 8.1.0/armtools/bin/../lib/gcc/arm-atollic-eabi/6.3.1/../../../../arm-atollic-eabi/lib/armv7e-m/fpu\libc_nano.a(lib_a-strtod.o) (__match)
c:/program files (x86)/atollic/truestudio for arm 8.1.0/armtools/bin/../lib/gcc/arm-atollic-eabi/6.3.1/../../../../arm-atollic-eabi/lib/armv7e-m/fpu\libc_nano.a(lib_a-impure.o)
                              c:/program files (x86)/atollic/truestudio for arm 8.1.0/armtools/bin/../lib/gcc/arm-atollic-eabi/6.3.1/../../../../arm-atollic-eabi/lib/armv7e-m/fpu\libc_nano.a(lib_a-strtod.o) (_impure_ptr)
c:/program files (x86)/atollic/truestudio for arm 8.1.0/armtools/bin/../lib/gcc/arm-atollic-eabi/6.3.1/../../../../arm-atollic-eabi/lib/armv7e-m/fpu\libc_nano.a(lib_a-locale.o)
[...]
Memory Configuration

Name             Origin             Length             Attributes
FLASH            0x08000000         0x00040000         xr
RAM              0x20000000         0x00020000         xrw
MEMORY_B1        0x60000000         0x00000000         xr
DATA             0x08040000         0x00020000         xrw
*default*        0x00000000         0xffffffff

Linker script and memory map

LOAD c:/program files (x86)/atollic/truestudio for arm 8.1.0/armtools/bin/../lib/gcc/arm-atollic-eabi/6.3.1/armv7e-m/fpu/crti.o
LOAD c:/program files (x86)/atollic/truestudio for arm 8.1.0/armtools/bin/../lib/gcc/arm-atollic-eabi/6.3.1/armv7e-m/fpu/crtbegin.o
LOAD Drivers\BSP\STM32F4xx-Nucleo\stm32f4xx_nucleo.o
LOAD Drivers\STM32F4xx_HAL_Driver\Src\stm32f4xx_hal.o
LOAD Drivers\STM32F4xx_HAL_Driver\Src\stm32f4xx_hal_adc.o
LOAD Drivers\STM32F4xx_HAL_Driver\Src\stm32f4xx_hal_adc_ex.o
LOAD Drivers\STM32F4xx_HAL_Driver\Src\stm32f4xx_hal_cortex.o
LOAD Drivers\STM32F4xx_HAL_Driver\Src\stm32f4xx_hal_crc.o
LOAD Drivers\STM32F4xx_HAL_Driver\Src\stm32f4xx_hal_dma.o
LOAD Drivers\STM32F4xx_HAL_Driver\Src\stm32f4xx_hal_dma2d.o
LOAD Drivers\STM32F4xx_HAL_Driver\Src\stm32f4xx_hal_dma_ex.o
LOAD Drivers\STM32F4xx_HAL_Driver\Src\stm32f4xx_hal_flash.o
LOAD Drivers\STM32F4xx_HAL_Driver\Src\stm32f4xx_hal_flash_ex.o
LOAD Drivers\STM32F4xx_HAL_Driver\Src\stm32f4xx_hal_flash_ramfunc.o
LOAD Drivers\STM32F4xx_HAL_Driver\Src\stm32f4xx_hal_gpio.o
LOAD Drivers\STM32F4xx_HAL_Driver\Src\stm32f4xx_hal_i2c.o
LOAD Drivers\STM32F4xx_HAL_Driver\Src\stm32f4xx_hal_i2c_ex.o
LOAD Drivers\STM32F4xx_HAL_Driver\Src\stm32f4xx_hal_nand.o
LOAD Drivers\STM32F4xx_HAL_Driver\Src\stm32f4xx_hal_nor.o
LOAD Drivers\STM32F4xx_HAL_Driver\Src\stm32f4xx_hal_pccard.o
LOAD Drivers\STM32F4xx_HAL_Driver\Src\stm32f4xx_hal_pwr.o
LOAD Drivers\STM32F4xx_HAL_Driver\Src\stm32f4xx_hal_pwr_ex.o
LOAD Drivers\STM32F4xx_HAL_Driver\Src\stm32f4xx_hal_rcc.o
LOAD Drivers\STM32F4xx_HAL_Driver\Src\stm32f4xx_hal_rcc_ex.o
LOAD Drivers\STM32F4xx_HAL_Driver\Src\stm32f4xx_hal_rtc.o
LOAD Drivers\STM32F4xx_HAL_Driver\Src\stm32f4xx_hal_rtc_ex.o
LOAD Drivers\STM32F4xx_HAL_Driver\Src\stm32f4xx_hal_sd.o
LOAD Drivers\STM32F4xx_HAL_Driver\Src\stm32f4xx_hal_sdram.o
LOAD Drivers\STM32F4xx_HAL_Driver\Src\stm32f4xx_hal_smartcard.o
LOAD Drivers\STM32F4xx_HAL_Driver\Src\stm32f4xx_hal_spi.o
LOAD Drivers\STM32F4xx_HAL_Driver\Src\stm32f4xx_hal_sram.o
LOAD Drivers\STM32F4xx_HAL_Driver\Src\stm32f4xx_hal_tim.o
LOAD Drivers\STM32F4xx_HAL_Driver\Src\stm32f4xx_hal_tim_ex.o
LOAD Drivers\STM32F4xx_HAL_Driver\Src\stm32f4xx_hal_uart.o
LOAD Drivers\STM32F4xx_HAL_Driver\Src\stm32f4xx_hal_usart.o
LOAD Drivers\STM32F4xx_HAL_Driver\Src\stm32f4xx_hal_wwdg.o
LOAD src\gprs.o
LOAD src\gps.o
LOAD src\init.o
LOAD src\lora.o
LOAD src\lp_modes.o
LOAD src\main.o
LOAD src\startup_stm32f411xe.o
LOAD src\stm32f4xx_hal_msp.o
LOAD src\stm32f4xx_it.o
LOAD src\system_stm32f4xx.o
LOAD src\tiny_printf.o
                0x00000080                malloc_getpagesize_P = 0x80
START GROUP
LOAD c:/program files (x86)/atollic/truestudio for arm 8.1.0/armtools/bin/../lib/gcc/arm-atollic-eabi/6.3.1/../../../../arm-atollic-eabi/lib/armv7e-m/fpu\libc_nano.a
LOAD c:/program files (x86)/atollic/truestudio for arm 8.1.0/armtools/bin/../lib/gcc/arm-atollic-eabi/6.3.1/../../../../arm-atollic-eabi/lib/armv7e-m/fpu\libm.a
END GROUP
START GROUP
LOAD c:/program files (x86)/atollic/truestudio for arm 8.1.0/armtools/bin/../lib/gcc/arm-atollic-eabi/6.3.1/armv7e-m/fpu\libgcc.a
LOAD c:/program files (x86)/atollic/truestudio for arm 8.1.0/armtools/bin/../lib/gcc/arm-atollic-eabi/6.3.1/../../../../arm-atollic-eabi/lib/armv7e-m/fpu\libc_nano.a
END GROUP
START GROUP
LOAD c:/program files (x86)/atollic/truestudio for arm 8.1.0/armtools/bin/../lib/gcc/arm-atollic-eabi/6.3.1/armv7e-m/fpu\libgcc.a
LOAD c:/program files (x86)/atollic/truestudio for arm 8.1.0/armtools/bin/../lib/gcc/arm-atollic-eabi/6.3.1/../../../../arm-atollic-eabi/lib/armv7e-m/fpu\libc_nano.a
LOAD c:/program files (x86)/atollic/truestudio for arm 8.1.0/armtools/bin/../lib/gcc/arm-atollic-eabi/6.3.1/../../../../arm-atollic-eabi/lib/armv7e-m/fpu\libnosys.a
END GROUP
START GROUP
LOAD c:/program files (x86)/atollic/truestudio for arm 8.1.0/armtools/bin/../lib/gcc/arm-atollic-eabi/6.3.1/armv7e-m/fpu\libgcc.a
LOAD c:/program files (x86)/atollic/truestudio for arm 8.1.0/armtools/bin/../lib/gcc/arm-atollic-eabi/6.3.1/../../../../arm-atollic-eabi/lib/armv7e-m/fpu\libc_nano.a
LOAD c:/program files (x86)/atollic/truestudio for arm 8.1.0/armtools/bin/../lib/gcc/arm-atollic-eabi/6.3.1/../../../../arm-atollic-eabi/lib/armv7e-m/fpu\libnosys.a
END GROUP
LOAD c:/program files (x86)/atollic/truestudio for arm 8.1.0/armtools/bin/../lib/gcc/arm-atollic-eabi/6.3.1/armv7e-m/fpu/crtend.o
LOAD c:/program files (x86)/atollic/truestudio for arm 8.1.0/armtools/bin/../lib/gcc/arm-atollic-eabi/6.3.1/armv7e-m/fpu/crtn.o
                0x20020000                _estack = 0x20020000
                0x00000000                _Min_Heap_Size = 0x0
                0x00000400                _Min_Stack_Size = 0x400

.isr_vector     0x08000000      0x198
                0x08000000                . = ALIGN (0x4)
 *(.isr_vector)
 .isr_vector    0x08000000      0x198 src\startup_stm32f411xe.o
                0x08000000                g_pfnVectors
                0x08000198                . = ALIGN (0x4)

.text           0x08000198     0x67e4
                0x08000198                . = ALIGN (0x4)
 *(.text)
 .text          0x08000198       0x40 c:/program files (x86)/atollic/truestudio for arm 8.1.0/armtools/bin/../lib/gcc/arm-atollic-eabi/6.3.1/armv7e-m/fpu/crtbegin.o
 .text          0x080001d8       0x14 c:/program files (x86)/atollic/truestudio for arm 8.1.0/armtools/bin/../lib/gcc/arm-atollic-eabi/6.3.1/../../../../arm-atollic-eabi/lib/armv7e-m/fpu\libc_nano.a(lib_a-strcmp.o)
                0x080001d8                strcmp
 .text          0x080001ec       0x10 c:/program files (x86)/atollic/truestudio for arm 8.1.0/armtools/bin/../lib/gcc/arm-atollic-eabi/6.3.1/../../../../arm-atollic-eabi/lib/armv7e-m/fpu\libc_nano.a(lib_a-strlen.o)
                0x080001ec                strlen
 .text          0x080001fc      0x370 c:/program files (x86)/atollic/truestudio for arm 8.1.0/armtools/bin/../lib/gcc/arm-atollic-eabi/6.3.1/armv7e-m/fpu\libgcc.a(_arm_addsubdf3.o)
                0x080001fc                __aeabi_drsub
                0x08000204                __aeabi_dsub
                0x08000204                __subdf3
                0x08000208                __aeabi_dadd
                0x08000208                __adddf3
                0x08000480                __floatunsidf
                0x08000480                __aeabi_ui2d
                0x080004a0                __floatsidf
                0x080004a0                __aeabi_i2d
                0x080004c4                __aeabi_f2d
                0x080004c4                __extendsfdf2
                0x08000500                __floatundidf
                0x08000500                __aeabi_ul2d
                0x08000510                __floatdidf
                0x08000510                __aeabi_l2d
 .text          0x0800056c      0x424 c:/program files (x86)/atollic/truestudio for arm 8.1.0/armtools/bin/../lib/gcc/arm-atollic-eabi/6.3.1/armv7e-m/fpu\libgcc.a(_arm_muldivdf3.o)
                0x0800056c                __aeabi_dmul
                0x0800056c                __muldf3
                0x080007c0                __divdf3
                0x080007c0                __aeabi_ddiv
 .text          0x08000990      0x110 c:/program files (x86)/atollic/truestudio for arm 8.1.0/armtools/bin/../lib/gcc/arm-atollic-eabi/6.3.1/armv7e-m/fpu\libgcc.a(_arm_cmpdf2.o)
                0x08000990                __gtdf2
                0x08000990                __gedf2
                0x08000998                __ltdf2
                0x08000998                __ledf2
                0x080009a0                __nedf2
                0x080009a0                __eqdf2
                0x080009a0                __cmpdf2
                0x08000a1c                __aeabi_cdrcmple
                0x08000a2c                __aeabi_cdcmpeq
                0x08000a2c                __aeabi_cdcmple
                0x08000a3c                __aeabi_dcmpeq
                0x08000a50                __aeabi_dcmplt
                0x08000a64                __aeabi_dcmple
                0x08000a78                __aeabi_dcmpge
                0x08000a8c                __aeabi_dcmpgt
 .text          0x08000aa0       0x50 c:/program files (x86)/atollic/truestudio for arm 8.1.0/armtools/bin/../lib/gcc/arm-atollic-eabi/6.3.1/armv7e-m/fpu\libgcc.a(_arm_fixdfsi.o)
                0x08000aa0                __aeabi_d2iz
                0x08000aa0                __fixdfsi
 .text          0x08000af0       0x40 c:/program files (x86)/atollic/truestudio for arm 8.1.0/armtools/bin/../lib/gcc/arm-atollic-eabi/6.3.1/armv7e-m/fpu\libgcc.a(_arm_fixunsdfsi.o)
                0x08000af0                __aeabi_d2uiz
                0x08000af0                __fixunsdfsi
 *(.text*)
 .text.BSP_LED_Init
                0x08000b30       0x6c Drivers\BSP\STM32F4xx-Nucleo\stm32f4xx_nucleo.o
                0x08000b30                BSP_LED_Init
 .text.BSP_LED_On
                0x08000b9c       0x28 Drivers\BSP\STM32F4xx-Nucleo\stm32f4xx_nucleo.o
                0x08000b9c                BSP_LED_On
 .text.BSP_LED_Toggle
                0x08000bc4       0x28 Drivers\BSP\STM32F4xx-Nucleo\stm32f4xx_nucleo.o
                0x08000bc4                BSP_LED_Toggle
 .text.HAL_Init
                0x08000bec       0x44 Drivers\STM32F4xx_HAL_Driver\Src\stm32f4xx_hal.o
                0x08000bec                HAL_Init
 .text.HAL_InitTick
                0x08000c30       0x38 Drivers\STM32F4xx_HAL_Driver\Src\stm32f4xx_hal.o
                0x08000c30                HAL_InitTick
 .text.HAL_IncTick
                0x08000c68       0x1c Drivers\STM32F4xx_HAL_Driver\Src\stm32f4xx_hal.o
                0x08000c68                HAL_IncTick
 .text.HAL_GetTick
                0x08000c84       0x18 Drivers\STM32F4xx_HAL_Driver\Src\stm32f4xx_hal.o
                0x08000c84                HAL_GetTick
 .text.HAL_Delay
                0x08000c9c       0x3a Drivers\STM32F4xx_HAL_Driver\Src\stm32f4xx_hal.o
                0x08000c9c                HAL_Delay
 *fill*         0x08000cd6        0x2 
 .text.NVIC_SetPriorityGrouping
                0x08000cd8       0x48 Drivers\STM32F4xx_HAL_Driver\Src\stm32f4xx_hal_cortex.o
 .text.NVIC_GetPriorityGrouping
                0x08000d20       0x1c Drivers\STM32F4xx_HAL_Driver\Src\stm32f4xx_hal_cortex.o
 .text.NVIC_EnableIRQ
                0x08000d3c       0x34 Drivers\STM32F4xx_HAL_Driver\Src\stm32f4xx_hal_cortex.o
 .text.NVIC_SetPriority
                0x08000d70       0x54 Drivers\STM32F4xx_HAL_Driver\Src\stm32f4xx_hal_cortex.o
 .text.NVIC_EncodePriority
                0x08000dc4       0x62 Drivers\STM32F4xx_HAL_Driver\Src\stm32f4xx_hal_cortex.o
 *fill*         0x08000e26        0x2 
 .text.SysTick_Config
                0x08000e28       0x44 Drivers\STM32F4xx_HAL_Driver\Src\stm32f4xx_hal_cortex.o
 .text.HAL_NVIC_SetPriorityGrouping
                0x08000e6c       0x16 Drivers\STM32F4xx_HAL_Driver\Src\stm32f4xx_hal_cortex.o
                0x08000e6c                HAL_NVIC_SetPriorityGrouping
 .text.HAL_NVIC_SetPriority
                0x08000e82       0x38 Drivers\STM32F4xx_HAL_Driver\Src\stm32f4xx_hal_cortex.o
                0x08000e82                HAL_NVIC_SetPriority
 .text.HAL_NVIC_EnableIRQ
                0x08000eba       0x1c Drivers\STM32F4xx_HAL_Driver\Src\stm32f4xx_hal_cortex.o
                0x08000eba                HAL_NVIC_EnableIRQ
 .text.HAL_SYSTICK_Config
                0x08000ed6       0x18 Drivers\STM32F4xx_HAL_Driver\Src\stm32f4xx_hal_cortex.o
                0x08000ed6                HAL_SYSTICK_Config
 .text.HAL_SYSTICK_IRQHandler
                0x08000eee        0xc Drivers\STM32F4xx_HAL_Driver\Src\stm32f4xx_hal_cortex.o
                0x08000eee                HAL_SYSTICK_IRQHandler
 *fill*         0x08000efa        0x2 
 .text.HAL_DMA_Init
                0x08000efc      0x15c Drivers\STM32F4xx_HAL_Driver\Src\stm32f4xx_hal_dma.o
                0x08000efc                HAL_DMA_Init
 .text.HAL_DMA_Start_IT
                0x08001058       0xc0 Drivers\STM32F4xx_HAL_Driver\Src\stm32f4xx_hal_dma.o
                0x08001058                HAL_DMA_Start_IT
 .text.HAL_DMA_Abort_IT
                0x08001118       0x44 Drivers\STM32F4xx_HAL_Driver\Src\stm32f4xx_hal_dma.o
                0x08001118                HAL_DMA_Abort_IT
 .text.HAL_DMA_IRQHandler
                0x0800115c      0x320 Drivers\STM32F4xx_HAL_Driver\Src\stm32f4xx_hal_dma.o
                0x0800115c                HAL_DMA_IRQHandler
 .text.DMA_SetConfig
                0x0800147c       0x5c Drivers\STM32F4xx_HAL_Driver\Src\stm32f4xx_hal_dma.o
 .text.DMA_CalcBaseAndBitshift
                0x080014d8       0x6c Drivers\STM32F4xx_HAL_Driver\Src\stm32f4xx_hal_dma.o
 .text.DMA_CheckFifoParam
                0x08001544       0xf4 Drivers\STM32F4xx_HAL_Driver\Src\stm32f4xx_hal_dma.o
 .text.HAL_GPIO_Init
                0x08001638      0x304 Drivers\STM32F4xx_HAL_Driver\Src\stm32f4xx_hal_gpio.o
                0x08001638                HAL_GPIO_Init
 .text.HAL_GPIO_WritePin
                0x0800193c       0x32 Drivers\STM32F4xx_HAL_Driver\Src\stm32f4xx_hal_gpio.o
                0x0800193c                HAL_GPIO_WritePin
 .text.HAL_GPIO_TogglePin
                0x0800196e       0x24 Drivers\STM32F4xx_HAL_Driver\Src\stm32f4xx_hal_gpio.o
                0x0800196e                HAL_GPIO_TogglePin
 *fill*         0x08001992        0x2 
 .text.HAL_GPIO_EXTI_IRQHandler
                0x08001994       0x30 Drivers\STM32F4xx_HAL_Driver\Src\stm32f4xx_hal_gpio.o
                0x08001994                HAL_GPIO_EXTI_IRQHandler
 .text.HAL_RCC_OscConfig
                0x080019c4      0x4b4 Drivers\STM32F4xx_HAL_Driver\Src\stm32f4xx_hal_rcc.o
                0x080019c4                HAL_RCC_OscConfig
 .text.HAL_RCC_ClockConfig
                0x08001e78      0x224 Drivers\STM32F4xx_HAL_Driver\Src\stm32f4xx_hal_rcc.o
                0x08001e78                HAL_RCC_ClockConfig
 .text.HAL_RCC_GetSysClockFreq
                0x0800209c       0xfc Drivers\STM32F4xx_HAL_Driver\Src\stm32f4xx_hal_rcc.o
                0x0800209c                HAL_RCC_GetSysClockFreq
 .text.HAL_RCC_GetHCLKFreq
                0x08002198       0x18 Drivers\STM32F4xx_HAL_Driver\Src\stm32f4xx_hal_rcc.o
                0x08002198                HAL_RCC_GetHCLKFreq
 .text.HAL_RCC_GetPCLK1Freq
                0x080021b0       0x44 Drivers\STM32F4xx_HAL_Driver\Src\stm32f4xx_hal_rcc.o
                0x080021b0                HAL_RCC_GetPCLK1Freq
 .text.HAL_RCC_GetPCLK2Freq
                0x080021f4       0x44 Drivers\STM32F4xx_HAL_Driver\Src\stm32f4xx_hal_rcc.o
                0x080021f4                HAL_RCC_GetPCLK2Freq
 .text.HAL_RTCEx_WakeUpTimerIRQHandler
                0x08002238       0x58 Drivers\STM32F4xx_HAL_Driver\Src\stm32f4xx_hal_rtc_ex.o
                0x08002238                HAL_RTCEx_WakeUpTimerIRQHandler
 .text.HAL_SPI_IRQHandler
                0x08002290      0x1b0 Drivers\STM32F4xx_HAL_Driver\Src\stm32f4xx_hal_spi.o
                0x08002290                HAL_SPI_IRQHandler
 .text.HAL_SPI_ErrorCallback
                0x08002440       0x14 Drivers\STM32F4xx_HAL_Driver\Src\stm32f4xx_hal_spi.o
                0x08002440                HAL_SPI_ErrorCallback
 .text.SPI_DMAAbortOnError
                0x08002454       0x28 Drivers\STM32F4xx_HAL_Driver\Src\stm32f4xx_hal_spi.o
 .text.HAL_UART_Init
                0x0800247c       0x9a Drivers\STM32F4xx_HAL_Driver\Src\stm32f4xx_hal_uart.o
                0x0800247c                HAL_UART_Init
 .text.HAL_UART_Transmit
                0x08002516      0x130 Drivers\STM32F4xx_HAL_Driver\Src\stm32f4xx_hal_uart.o
                0x08002516                HAL_UART_Transmit
 *fill*         0x08002646        0x2 
 .text.HAL_UART_Transmit_DMA
                0x08002648       0xd8 Drivers\STM32F4xx_HAL_Driver\Src\stm32f4xx_hal_uart.o
                0x08002648                HAL_UART_Transmit_DMA
 .text.HAL_UART_Receive_DMA
                0x08002720      0x100 Drivers\STM32F4xx_HAL_Driver\Src\stm32f4xx_hal_uart.o
                0x08002720                HAL_UART_Receive_DMA
 .text.HAL_UART_IRQHandler
                0x08002820      0x1f8 Drivers\STM32F4xx_HAL_Driver\Src\stm32f4xx_hal_uart.o
                0x08002820                HAL_UART_IRQHandler
 .text.HAL_UART_TxHalfCpltCallback
                0x08002a18       0x14 Drivers\STM32F4xx_HAL_Driver\Src\stm32f4xx_hal_uart.o
                0x08002a18                HAL_UART_TxHalfCpltCallback
 .text.HAL_UART_RxHalfCpltCallback
                0x08002a2c       0x14 Drivers\STM32F4xx_HAL_Driver\Src\stm32f4xx_hal_uart.o
                0x08002a2c                HAL_UART_RxHalfCpltCallback
 .text.HAL_UART_ErrorCallback
                0x08002a40       0x14 Drivers\STM32F4xx_HAL_Driver\Src\stm32f4xx_hal_uart.o
                0x08002a40                HAL_UART_ErrorCallback
 .text.UART_DMATransmitCplt
                0x08002a54       0x52 Drivers\STM32F4xx_HAL_Driver\Src\stm32f4xx_hal_uart.o
 .text.UART_DMATxHalfCplt
                0x08002aa6       0x1c Drivers\STM32F4xx_HAL_Driver\Src\stm32f4xx_hal_uart.o
 .text.UART_DMAReceiveCplt
                0x08002ac2       0x68 Drivers\STM32F4xx_HAL_Driver\Src\stm32f4xx_hal_uart.o
 .text.UART_DMARxHalfCplt
                0x08002b2a       0x1c Drivers\STM32F4xx_HAL_Driver\Src\stm32f4xx_hal_uart.o
 .text.UART_DMAError
                0x08002b46       0x94 Drivers\STM32F4xx_HAL_Driver\Src\stm32f4xx_hal_uart.o
 .text.UART_WaitOnFlagUntilTimeout
                0x08002bda       0x94 Drivers\STM32F4xx_HAL_Driver\Src\stm32f4xx_hal_uart.o
 .text.UART_EndTxTransfer
                0x08002c6e       0x2c Drivers\STM32F4xx_HAL_Driver\Src\stm32f4xx_hal_uart.o
 .text.UART_EndRxTransfer
                0x08002c9a       0x3c Drivers\STM32F4xx_HAL_Driver\Src\stm32f4xx_hal_uart.o
 .text.UART_DMAAbortOnError
                0x08002cd6       0x28 Drivers\STM32F4xx_HAL_Driver\Src\stm32f4xx_hal_uart.o
 .text.UART_Transmit_IT
                0x08002cfe       0xaa Drivers\STM32F4xx_HAL_Driver\Src\stm32f4xx_hal_uart.o
 .text.UART_EndTransmit_IT
                0x08002da8       0x30 Drivers\STM32F4xx_HAL_Driver\Src\stm32f4xx_hal_uart.o
 .text.UART_Receive_IT
                0x08002dd8       0xf2 Drivers\STM32F4xx_HAL_Driver\Src\stm32f4xx_hal_uart.o
 *fill*         0x08002eca        0x2 
 .text.UART_SetConfig
                0x08002ecc      0x438 Drivers\STM32F4xx_HAL_Driver\Src\stm32f4xx_hal_uart.o
 .text.send_ATCommand
                0x08003304       0x2c src\gprs.o
                0x08003304                send_ATCommand
 .text.read_buffer
                0x08003330       0x2c src\gprs.o
                0x08003330                read_buffer
 .text.leerBuffer
                0x0800335c       0x14 src\gprs.o
                0x0800335c                leerBuffer
 .text.network_registration
                0x08003370       0xfc src\gprs.o
                0x08003370                network_registration
 .text.HTTP_post
                0x0800346c       0x70 src\gprs.o
                0x0800346c                HTTP_post
 .text.PDPActivated
                0x080034dc       0x4c src\gprs.o
                0x080034dc                PDPActivated
 .text.isOK     0x08003528       0x34 src\gprs.o
                0x08003528                isOK
 .text.init_post
                0x0800355c       0x34 src\gprs.o
                0x0800355c                init_post
 .text.inicializar_gps
                0x08003590       0xe4 src\gps.o
                0x08003590                inicializar_gps
 .text.guardar_coordenadas
                0x08003674       0x4c src\gps.o
                0x08003674                guardar_coordenadas
 .text.obtener_coordenadas
                0x080036c0      0x3ec src\gps.o
                0x080036c0                obtener_coordenadas
 .text.enviar_coordenadas_gprs
                0x08003aac       0xfc src\gps.o
                0x08003aac                enviar_coordenadas_gprs
 .text.formatoLat
                0x08003ba8      0x1ac src\gps.o
                0x08003ba8                formatoLat
 *fill*         0x08003d54        0x4 
 .text.formatoLong
                0x08003d58      0x1ac src\gps.o
                0x08003d58                formatoLong
 .text.formatoHora
                0x08003f04       0xf4 src\gps.o
                0x08003f04                formatoHora
 .text.formatoFecha
                0x08003ff8       0x60 src\gps.o
                0x08003ff8                formatoFecha
 .text.HAL_UART_TxCpltCallback
                0x08004058       0x70 src\gps.o
                0x08004058                HAL_UART_TxCpltCallback
 .text.HAL_UART_RxCpltCallback
                0x080040c8       0x64 src\gps.o
                0x080040c8                HAL_UART_RxCpltCallback
 .text.GPIO_Init
                0x0800412c       0xa4 src\init.o
                0x0800412c                GPIO_Init
 .text.UART1_Init
                0x080041d0       0x48 src\init.o
                0x080041d0                UART1_Init
 .text.UART2_Init
                0x08004218       0x48 src\init.o
                0x08004218                UART2_Init
 .text.UART6_Init
                0x08004260       0x48 src\init.o
                0x08004260                UART6_Init
 .text.DMA_Init
                0x080042a8       0x70 src\init.o
                0x080042a8                DMA_Init
 .text.HAL_SYSTICK_Callback
                0x08004318        0xc src\init.o
                0x08004318                HAL_SYSTICK_Callback
 .text.HAL_RTCEx_WakeUpTimerEventCallback
                0x08004324       0x24 src\init.o
                0x08004324                HAL_RTCEx_WakeUpTimerEventCallback
 .text.HAL_GPIO_EXTI_Callback
                0x08004348       0x34 src\init.o
                0x08004348                HAL_GPIO_EXTI_Callback
 .text.main     0x0800437c       0xa4 src\main.o
                0x0800437c                main
 .text.imprimir
                0x08004420       0x2c src\main.o
                0x08004420                imprimir
 .text.SystemClock_Config
                0x0800444c       0xb8 src\main.o
                0x0800444c                SystemClock_Config
 .text.Error_Handler
                0x08004504        0xc src\main.o
                0x08004504                Error_Handler
 .text.Reset_Handler
                0x08004510       0x50 src\startup_stm32f411xe.o
                0x08004510                Reset_Handler
 .text.Default_Handler
                0x08004560        0x2 src\startup_stm32f411xe.o
                0x08004560                RTC_Alarm_IRQHandler
                0x08004560                EXTI2_IRQHandler
                0x08004560                DebugMon_Handler
                0x08004560                SPI4_IRQHandler
                0x08004560                TIM1_CC_IRQHandler
                0x08004560                HardFault_Handler
                0x08004560                DMA1_Stream5_IRQHandler
                0x08004560                PVD_IRQHandler
                0x08004560                SDIO_IRQHandler
                0x08004560                TAMP_STAMP_IRQHandler
                0x08004560                PendSV_Handler
                0x08004560                NMI_Handler
                0x08004560                EXTI3_IRQHandler
                0x08004560                TIM1_UP_TIM10_IRQHandler
                0x08004560                I2C3_ER_IRQHandler
                0x08004560                EXTI0_IRQHandler
                0x08004560                I2C2_EV_IRQHandler
                0x08004560                DMA1_Stream2_IRQHandler
                0x08004560                FPU_IRQHandler
                0x08004560                UsageFault_Handler
                0x08004560                TIM1_BRK_TIM9_IRQHandler
                0x08004560                DMA2_Stream3_IRQHandler
                0x08004560                USART6_IRQHandler
                0x08004560                DMA2_Stream0_IRQHandler
                0x08004560                TIM4_IRQHandler
                0x08004560                I2C1_EV_IRQHandler
                0x08004560                DMA1_Stream6_IRQHandler
                0x08004560                DMA1_Stream1_IRQHandler
                0x08004560                TIM3_IRQHandler
                0x08004560                RCC_IRQHandler
                0x08004560                Default_Handler
                0x08004560                ADC_IRQHandler
                0x08004560                DMA1_Stream7_IRQHandler
                0x08004560                SPI5_IRQHandler
                0x08004560                TIM5_IRQHandler
                0x08004560                I2C3_EV_IRQHandler
                0x08004560                EXTI9_5_IRQHandler
                0x08004560                SPI2_IRQHandler
                0x08004560                MemManage_Handler
                0x08004560                DMA1_Stream0_IRQHandler
                0x08004560                SVC_Handler
                0x08004560                EXTI4_IRQHandler
                0x08004560                WWDG_IRQHandler
                0x08004560                TIM2_IRQHandler
                0x08004560                OTG_FS_WKUP_IRQHandler
                0x08004560                TIM1_TRG_COM_TIM11_IRQHandler
                0x08004560                EXTI1_IRQHandler
                0x08004560                I2C2_ER_IRQHandler
                0x08004560                DMA2_Stream1_IRQHandler
                0x08004560                FLASH_IRQHandler
                0x08004560                DMA2_Stream4_IRQHandler
                0x08004560                BusFault_Handler
                0x08004560                USART1_IRQHandler
                0x08004560                OTG_FS_IRQHandler
                0x08004560                SPI3_IRQHandler
                0x08004560                DMA1_Stream4_IRQHandler
                0x08004560                I2C1_ER_IRQHandler
                0x08004560                DMA1_Stream3_IRQHandler
 .text.HAL_MspInit
                0x08004562       0x1a src\stm32f4xx_hal_msp.o
                0x08004562                HAL_MspInit
 .text.HAL_UART_MspInit
                0x0800457c      0x24c src\stm32f4xx_hal_msp.o
                0x0800457c                HAL_UART_MspInit
 .text.SysTick_Handler
                0x080047c8       0x10 src\stm32f4xx_it.o
                0x080047c8                SysTick_Handler
 .text.RTC_WKUP_IRQHandler
                0x080047d8       0x14 src\stm32f4xx_it.o
                0x080047d8                RTC_WKUP_IRQHandler
 .text.EXTI15_10_IRQHandler
                0x080047ec       0x10 src\stm32f4xx_it.o
                0x080047ec                EXTI15_10_IRQHandler
 .text.USART2_IRQHandler
                0x080047fc       0x14 src\stm32f4xx_it.o
                0x080047fc                USART2_IRQHandler
 .text.DMA2_Stream2_IRQHandler
                0x08004810       0x14 src\stm32f4xx_it.o
                0x08004810                DMA2_Stream2_IRQHandler
 .text.DMA2_Stream6_IRQHandler
                0x08004824       0x14 src\stm32f4xx_it.o
                0x08004824                DMA2_Stream6_IRQHandler
 .text.SPI1_IRQHandler
                0x08004838       0x14 src\stm32f4xx_it.o
                0x08004838                SPI1_IRQHandler
 .text.DMA2_Stream5_IRQHandler
                0x0800484c       0x14 src\stm32f4xx_it.o
                0x0800484c                DMA2_Stream5_IRQHandler
 .text.DMA2_Stream7_IRQHandler
                0x08004860       0x14 src\stm32f4xx_it.o
                0x08004860                DMA2_Stream7_IRQHandler
 .text.SystemInit
                0x08004874       0x6c src\system_stm32f4xx.o
                0x08004874                SystemInit
 .text.ts_itoa  0x080048e0       0x92 src\tiny_printf.o
                0x080048e0                ts_itoa
 .text.ts_formatstring
                0x08004972      0x12e src\tiny_printf.o
                0x08004972                ts_formatstring
 .text.siprintf
                0x08004aa0       0x2c src\tiny_printf.o
                0x08004aa0                siprintf
                0x08004aa0                sprintf
 .text.atof     0x08004acc        0x6 c:/program files (x86)/atollic/truestudio for arm 8.1.0/armtools/bin/../lib/gcc/arm-atollic-eabi/6.3.1/../../../../arm-atollic-eabi/lib/armv7e-m/fpu\libc_nano.a(lib_a-atof.o)
                0x08004acc                atof
 .text.atoi     0x08004ad2        0x8 c:/program files (x86)/atollic/truestudio for arm 8.1.0/armtools/bin/../lib/gcc/arm-atollic-eabi/6.3.1/../../../../arm-atollic-eabi/lib/armv7e-m/fpu\libc_nano.a(lib_a-atoi.o)
                0x08004ad2                atoi
 *fill*         0x08004ada        0x2 
 .text.__libc_init_array
                0x08004adc       0x48 c:/program files (x86)/atollic/truestudio for arm 8.1.0/armtools/bin/../lib/gcc/arm-atollic-eabi/6.3.1/../../../../arm-atollic-eabi/lib/armv7e-m/fpu\libc_nano.a(lib_a-init.o)
                0x08004adc                __libc_init_array
 .text.memset   0x08004b24       0x10 c:/program files (x86)/atollic/truestudio for arm 8.1.0/armtools/bin/../lib/gcc/arm-atollic-eabi/6.3.1/../../../../arm-atollic-eabi/lib/armv7e-m/fpu\libc_nano.a(lib_a-memset.o)
                0x08004b24                memset
 .text.strchr   0x08004b34       0x1c c:/program files (x86)/atollic/truestudio for arm 8.1.0/armtools/bin/../lib/gcc/arm-atollic-eabi/6.3.1/../../../../arm-atollic-eabi/lib/armv7e-m/fpu\libc_nano.a(lib_a-strchr.o)
                0x08004b34                strchr
 .text.strcpy   0x08004b50       0x10 c:/program files (x86)/atollic/truestudio for arm 8.1.0/armtools/bin/../lib/gcc/arm-atollic-eabi/6.3.1/../../../../arm-atollic-eabi/lib/armv7e-m/fpu\libc_nano.a(lib_a-strcpy.o)
                0x08004b50                strcpy
 .text.strstr   0x08004b60       0x36 c:/program files (x86)/atollic/truestudio for arm 8.1.0/armtools/bin/../lib/gcc/arm-atollic-eabi/6.3.1/../../../../arm-atollic-eabi/lib/armv7e-m/fpu\libc_nano.a(lib_a-strstr.o)
                0x08004b60                strstr
 .text.unlikely.sulp
                0x08004b96       0x38 c:/program files (x86)/atollic/truestudio for arm 8.1.0/armtools/bin/../lib/gcc/arm-atollic-eabi/6.3.1/../../../../arm-atollic-eabi/lib/armv7e-m/fpu\libc_nano.a(lib_a-strtod.o)
 *fill*         0x08004bce        0x2 
 .text._strtod_l
                0x08004bd0      0xbd8 c:/program files (x86)/atollic/truestudio for arm 8.1.0/armtools/bin/../lib/gcc/arm-atollic-eabi/6.3.1/../../../../arm-atollic-eabi/lib/armv7e-m/fpu\libc_nano.a(lib_a-strtod.o)
                0x08004bd0                _strtod_l
 .text.strtod   0x080057a8       0x28 c:/program files (x86)/atollic/truestudio for arm 8.1.0/armtools/bin/../lib/gcc/arm-atollic-eabi/6.3.1/../../../../arm-atollic-eabi/lib/armv7e-m/fpu\libc_nano.a(lib_a-strtod.o)
                0x080057a8                strtod
 .text.strtok   0x080057d0       0x54 c:/program files (x86)/atollic/truestudio for arm 8.1.0/armtools/bin/../lib/gcc/arm-atollic-eabi/6.3.1/../../../../arm-atollic-eabi/lib/armv7e-m/fpu\libc_nano.a(lib_a-strtok.o)
                0x080057d0                strtok
 .text.__strtok_r
                0x08005824       0x52 c:/program files (x86)/atollic/truestudio for arm 8.1.0/armtools/bin/../lib/gcc/arm-atollic-eabi/6.3.1/../../../../arm-atollic-eabi/lib/armv7e-m/fpu\libc_nano.a(lib_a-strtok_r.o)
                0x08005824                __strtok_r
 .text._strtol_l.isra.0
                0x08005876      0x100 c:/program files (x86)/atollic/truestudio for arm 8.1.0/armtools/bin/../lib/gcc/arm-atollic-eabi/6.3.1/../../../../arm-atollic-eabi/lib/armv7e-m/fpu\libc_nano.a(lib_a-strtol.o)
 *fill*         0x08005976        0x2 
 .text.strtol   0x08005978       0x2c c:/program files (x86)/atollic/truestudio for arm 8.1.0/armtools/bin/../lib/gcc/arm-atollic-eabi/6.3.1/../../../../arm-atollic-eabi/lib/armv7e-m/fpu\libc_nano.a(lib_a-strtol.o)
                0x08005978                strtol
 .text.rshift   0x080059a4       0x6a c:/program files (x86)/atollic/truestudio for arm 8.1.0/armtools/bin/../lib/gcc/arm-atollic-eabi/6.3.1/../../../../arm-atollic-eabi/lib/armv7e-m/fpu\libc_nano.a(lib_a-gdtoa-gethex.o)
 .text.__hexdig_fun
                0x08005a0e       0x2a c:/program files (x86)/atollic/truestudio for arm 8.1.0/armtools/bin/../lib/gcc/arm-atollic-eabi/6.3.1/../../../../arm-atollic-eabi/lib/armv7e-m/fpu\libc_nano.a(lib_a-gdtoa-gethex.o)
                0x08005a0e                __hexdig_fun
 .text.__gethex
                0x08005a38      0x43c c:/program files (x86)/atollic/truestudio for arm 8.1.0/armtools/bin/../lib/gcc/arm-atollic-eabi/6.3.1/../../../../arm-atollic-eabi/lib/armv7e-m/fpu\libc_nano.a(lib_a-gdtoa-gethex.o)
                0x08005a38                __gethex
 .text.L_shift  0x08005e74       0x24 c:/program files (x86)/atollic/truestudio for arm 8.1.0/armtools/bin/../lib/gcc/arm-atollic-eabi/6.3.1/../../../../arm-atollic-eabi/lib/armv7e-m/fpu\libc_nano.a(lib_a-gdtoa-hexnan.o)
 .text.__match  0x08005e98       0x26 c:/program files (x86)/atollic/truestudio for arm 8.1.0/armtools/bin/../lib/gcc/arm-atollic-eabi/6.3.1/../../../../arm-atollic-eabi/lib/armv7e-m/fpu\libc_nano.a(lib_a-gdtoa-hexnan.o)
                0x08005e98                __match
 .text.__hexnan
                0x08005ebe      0x120 c:/program files (x86)/atollic/truestudio for arm 8.1.0/armtools/bin/../lib/gcc/arm-atollic-eabi/6.3.1/../../../../arm-atollic-eabi/lib/armv7e-m/fpu\libc_nano.a(lib_a-gdtoa-hexnan.o)
                0x08005ebe                __hexnan
 .text.__locale_ctype_ptr_l
                0x08005fde        0x6 c:/program files (x86)/atollic/truestudio for arm 8.1.0/armtools/bin/../lib/gcc/arm-atollic-eabi/6.3.1/../../../../arm-atollic-eabi/lib/armv7e-m/fpu\libc_nano.a(lib_a-locale.o)
                0x08005fde                __locale_ctype_ptr_l
 .text.__localeconv_l
                0x08005fe4        0x4 c:/program files (x86)/atollic/truestudio for arm 8.1.0/armtools/bin/../lib/gcc/arm-atollic-eabi/6.3.1/../../../../arm-atollic-eabi/lib/armv7e-m/fpu\libc_nano.a(lib_a-localeconv.o)
                0x08005fe4                __localeconv_l
 .text.malloc   0x08005fe8       0x10 c:/program files (x86)/atollic/truestudio for arm 8.1.0/armtools/bin/../lib/gcc/arm-atollic-eabi/6.3.1/../../../../arm-atollic-eabi/lib/armv7e-m/fpu\libc_nano.a(lib_a-malloc.o)
                0x08005fe8                malloc
 .text.__ascii_mbtowc
                0x08005ff8       0x24 c:/program files (x86)/atollic/truestudio for arm 8.1.0/armtools/bin/../lib/gcc/arm-atollic-eabi/6.3.1/../../../../arm-atollic-eabi/lib/armv7e-m/fpu\libc_nano.a(lib_a-mbtowc_r.o)
                0x08005ff8                __ascii_mbtowc
 .text.memcpy   0x0800601c       0x16 c:/program files (x86)/atollic/truestudio for arm 8.1.0/armtools/bin/../lib/gcc/arm-atollic-eabi/6.3.1/../../../../arm-atollic-eabi/lib/armv7e-m/fpu\libc_nano.a(lib_a-memcpy-stub.o)
                0x0800601c                memcpy
 .text._Balloc  0x08006032       0x68 c:/program files (x86)/atollic/truestudio for arm 8.1.0/armtools/bin/../lib/gcc/arm-atollic-eabi/6.3.1/../../../../arm-atollic-eabi/lib/armv7e-m/fpu\libc_nano.a(lib_a-mprec.o)
                0x08006032                _Balloc
 .text._Bfree   0x0800609a       0x2e c:/program files (x86)/atollic/truestudio for arm 8.1.0/armtools/bin/../lib/gcc/arm-atollic-eabi/6.3.1/../../../../arm-atollic-eabi/lib/armv7e-m/fpu\libc_nano.a(lib_a-mprec.o)
                0x0800609a                _Bfree
 .text.__multadd
                0x080060c8       0x76 c:/program files (x86)/atollic/truestudio for arm 8.1.0/armtools/bin/../lib/gcc/arm-atollic-eabi/6.3.1/../../../../arm-atollic-eabi/lib/armv7e-m/fpu\libc_nano.a(lib_a-mprec.o)
                0x080060c8                __multadd
 .text.__s2b    0x0800613e       0x7c c:/program files (x86)/atollic/truestudio for arm 8.1.0/armtools/bin/../lib/gcc/arm-atollic-eabi/6.3.1/../../../../arm-atollic-eabi/lib/armv7e-m/fpu\libc_nano.a(lib_a-mprec.o)
                0x0800613e                __s2b
 .text.__hi0bits
                0x080061ba       0x3e c:/program files (x86)/atollic/truestudio for arm 8.1.0/armtools/bin/../lib/gcc/arm-atollic-eabi/6.3.1/../../../../arm-atollic-eabi/lib/armv7e-m/fpu\libc_nano.a(lib_a-mprec.o)
                0x080061ba                __hi0bits
 .text.__lo0bits
                0x080061f8       0x5e c:/program files (x86)/atollic/truestudio for arm 8.1.0/armtools/bin/../lib/gcc/arm-atollic-eabi/6.3.1/../../../../arm-atollic-eabi/lib/armv7e-m/fpu\libc_nano.a(lib_a-mprec.o)
                0x080061f8                __lo0bits
 .text.__i2b    0x08006256       0x12 c:/program files (x86)/atollic/truestudio for arm 8.1.0/armtools/bin/../lib/gcc/arm-atollic-eabi/6.3.1/../../../../arm-atollic-eabi/lib/armv7e-m/fpu\libc_nano.a(lib_a-mprec.o)
                0x08006256                __i2b
 .text.__multiply
                0x08006268      0x11a c:/program files (x86)/atollic/truestudio for arm 8.1.0/armtools/bin/../lib/gcc/arm-atollic-eabi/6.3.1/../../../../arm-atollic-eabi/lib/armv7e-m/fpu\libc_nano.a(lib_a-mprec.o)
                0x08006268                __multiply
 *fill*         0x08006382        0x2 
 .text.__pow5mult
                0x08006384       0x9c c:/program files (x86)/atollic/truestudio for arm 8.1.0/armtools/bin/../lib/gcc/arm-atollic-eabi/6.3.1/../../../../arm-atollic-eabi/lib/armv7e-m/fpu\libc_nano.a(lib_a-mprec.o)
                0x08006384                __pow5mult
 .text.__lshift
                0x08006420       0xa2 c:/program files (x86)/atollic/truestudio for arm 8.1.0/armtools/bin/../lib/gcc/arm-atollic-eabi/6.3.1/../../../../arm-atollic-eabi/lib/armv7e-m/fpu\libc_nano.a(lib_a-mprec.o)
                0x08006420                __lshift
 .text.__mcmp   0x080064c2       0x34 c:/program files (x86)/atollic/truestudio for arm 8.1.0/armtools/bin/../lib/gcc/arm-atollic-eabi/6.3.1/../../../../arm-atollic-eabi/lib/armv7e-m/fpu\libc_nano.a(lib_a-mprec.o)
                0x080064c2                __mcmp
 .text.__mdiff  0x080064f6       0xbc c:/program files (x86)/atollic/truestudio for arm 8.1.0/armtools/bin/../lib/gcc/arm-atollic-eabi/6.3.1/../../../../arm-atollic-eabi/lib/armv7e-m/fpu\libc_nano.a(lib_a-mprec.o)
                0x080064f6                __mdiff
 *fill*         0x080065b2        0x2 
 .text.__ulp    0x080065b4       0x50 c:/program files (x86)/atollic/truestudio for arm 8.1.0/armtools/bin/../lib/gcc/arm-atollic-eabi/6.3.1/../../../../arm-atollic-eabi/lib/armv7e-m/fpu\libc_nano.a(lib_a-mprec.o)
                0x080065b4                __ulp
 .text.__b2d    0x08006604       0x9c c:/program files (x86)/atollic/truestudio for arm 8.1.0/armtools/bin/../lib/gcc/arm-atollic-eabi/6.3.1/../../../../arm-atollic-eabi/lib/armv7e-m/fpu\libc_nano.a(lib_a-mprec.o)
                0x08006604                __b2d
 .text.__d2b    0x080066a0       0x9e c:/program files (x86)/atollic/truestudio for arm 8.1.0/armtools/bin/../lib/gcc/arm-atollic-eabi/6.3.1/../../../../arm-atollic-eabi/lib/armv7e-m/fpu\libc_nano.a(lib_a-mprec.o)
                0x080066a0                __d2b
 .text.__ratio  0x0800673e       0x58 c:/program files (x86)/atollic/truestudio for arm 8.1.0/armtools/bin/../lib/gcc/arm-atollic-eabi/6.3.1/../../../../arm-atollic-eabi/lib/armv7e-m/fpu\libc_nano.a(lib_a-mprec.o)
                0x0800673e                __ratio
 .text.__copybits
                0x08006796       0x34 c:/program files (x86)/atollic/truestudio for arm 8.1.0/armtools/bin/../lib/gcc/arm-atollic-eabi/6.3.1/../../../../arm-atollic-eabi/lib/armv7e-m/fpu\libc_nano.a(lib_a-mprec.o)
                0x08006796                __copybits
 .text.__any_on
                0x080067ca       0x42 c:/program files (x86)/atollic/truestudio for arm 8.1.0/armtools/bin/../lib/gcc/arm-atollic-eabi/6.3.1/../../../../arm-atollic-eabi/lib/armv7e-m/fpu\libc_nano.a(lib_a-mprec.o)
                0x080067ca                __any_on
 .text._calloc_r
                0x0800680c       0x1c c:/program files (x86)/atollic/truestudio for arm 8.1.0/armtools/bin/../lib/gcc/arm-atollic-eabi/6.3.1/../../../../arm-atollic-eabi/lib/armv7e-m/fpu\libc_nano.a(lib_a-nano-callocr.o)
                0x0800680c                _calloc_r
 .text._malloc_r
                0x08006828       0xbc c:/program files (x86)/atollic/truestudio for arm 8.1.0/armtools/bin/../lib/gcc/arm-atollic-eabi/6.3.1/../../../../arm-atollic-eabi/lib/armv7e-m/fpu\libc_nano.a(lib_a-nano-mallocr.o)
                0x08006828                _malloc_r
 .text._sbrk_r  0x080068e4       0x20 c:/program files (x86)/atollic/truestudio for arm 8.1.0/armtools/bin/../lib/gcc/arm-atollic-eabi/6.3.1/../../../../arm-atollic-eabi/lib/armv7e-m/fpu\libc_nano.a(lib_a-sbrkr.o)
                0x080068e4                _sbrk_r
 .text.strncmp  0x08006904       0x24 c:/program files (x86)/atollic/truestudio for arm 8.1.0/armtools/bin/../lib/gcc/arm-atollic-eabi/6.3.1/../../../../arm-atollic-eabi/lib/armv7e-m/fpu\libc_nano.a(lib_a-strncmp.o)
                0x08006904                strncmp
 .text.__ascii_wctomb
                0x08006928       0x1a c:/program files (x86)/atollic/truestudio for arm 8.1.0/armtools/bin/../lib/gcc/arm-atollic-eabi/6.3.1/../../../../arm-atollic-eabi/lib/armv7e-m/fpu\libc_nano.a(lib_a-wctomb_r.o)
                0x08006928                __ascii_wctomb
 .text.__malloc_lock
                0x08006942        0x2 c:/program files (x86)/atollic/truestudio for arm 8.1.0/armtools/bin/../lib/gcc/arm-atollic-eabi/6.3.1/../../../../arm-atollic-eabi/lib/armv7e-m/fpu\libc_nano.a(lib_a-mlock.o)
                0x08006942                __malloc_lock
 .text.__malloc_unlock
                0x08006944        0x2 c:/program files (x86)/atollic/truestudio for arm 8.1.0/armtools/bin/../lib/gcc/arm-atollic-eabi/6.3.1/../../../../arm-atollic-eabi/lib/armv7e-m/fpu\libc_nano.a(lib_a-mlock.o)
                0x08006944                __malloc_unlock
 *fill*         0x08006946        0x2 
 .text._sbrk    0x08006948       0x1c c:/program files (x86)/atollic/truestudio for arm 8.1.0/armtools/bin/../lib/gcc/arm-atollic-eabi/6.3.1/../../../../arm-atollic-eabi/lib/armv7e-m/fpu\libnosys.a(sbrk.o)
                0x08006948                _sbrk
 *(.glue_7)
 .glue_7        0x08006964        0x0 linker stubs
 *(.glue_7t)
 .glue_7t       0x08006964        0x0 linker stubs
 *(.eh_frame)
 .eh_frame      0x08006964        0x0 c:/program files (x86)/atollic/truestudio for arm 8.1.0/armtools/bin/../lib/gcc/arm-atollic-eabi/6.3.1/armv7e-m/fpu/crtbegin.o
 *(.init)
 .init          0x08006964        0x4 c:/program files (x86)/atollic/truestudio for arm 8.1.0/armtools/bin/../lib/gcc/arm-atollic-eabi/6.3.1/armv7e-m/fpu/crti.o
                0x08006964                _init
 .init          0x08006968        0x8 c:/program files (x86)/atollic/truestudio for arm 8.1.0/armtools/bin/../lib/gcc/arm-atollic-eabi/6.3.1/armv7e-m/fpu/crtn.o
 *(.fini)
 .fini          0x08006970        0x4 c:/program files (x86)/atollic/truestudio for arm 8.1.0/armtools/bin/../lib/gcc/arm-atollic-eabi/6.3.1/armv7e-m/fpu/crti.o
                0x08006970                _fini
 .fini          0x08006974        0x8 c:/program files (x86)/atollic/truestudio for arm 8.1.0/armtools/bin/../lib/gcc/arm-atollic-eabi/6.3.1/armv7e-m/fpu/crtn.o
                0x0800697c                . = ALIGN (0x4)
                0x0800697c                _etext = .

.vfp11_veneer   0x0800697c        0x0
 .vfp11_veneer  0x0800697c        0x0 linker stubs

.v4_bx          0x0800697c        0x0
 .v4_bx         0x0800697c        0x0 linker stubs

.iplt           0x0800697c        0x0
 .iplt          0x0800697c        0x0 c:/program files (x86)/atollic/truestudio for arm 8.1.0/armtools/bin/../lib/gcc/arm-atollic-eabi/6.3.1/armv7e-m/fpu/crtbegin.o

.rodata         0x08006980      0x420
                0x08006980                . = ALIGN (0x4)
 *(.rodata)
 .rodata        0x08006980       0xec src\gprs.o
 .rodata        0x08006a6c       0x52 src\gps.o
 *fill*         0x08006abe        0x2 
 .rodata        0x08006ac0       0x2e src\init.o
 *fill*         0x08006aee        0x2 
 .rodata        0x08006af0       0x1d src\main.o
 *(.rodata*)
 *fill*         0x08006b0d        0x3 
 .rodata.flagBitshiftOffset.8876
                0x08006b10        0x8 Drivers\STM32F4xx_HAL_Driver\Src\stm32f4xx_hal_dma.o
 .rodata.AHBPrescTable
                0x08006b18       0x10 src\system_stm32f4xx.o
                0x08006b18                AHBPrescTable
 .rodata.APBPrescTable
                0x08006b28        0x8 src\system_stm32f4xx.o
                0x08006b28                APBPrescTable
 .rodata._strtod_l.str1.1
                0x08006b30        0xc c:/program files (x86)/atollic/truestudio for arm 8.1.0/armtools/bin/../lib/gcc/arm-atollic-eabi/6.3.1/../../../../arm-atollic-eabi/lib/armv7e-m/fpu\libc_nano.a(lib_a-strtod.o)
 .rodata.fpi.7257
                0x08006b3c       0x14 c:/program files (x86)/atollic/truestudio for arm 8.1.0/armtools/bin/../lib/gcc/arm-atollic-eabi/6.3.1/../../../../arm-atollic-eabi/lib/armv7e-m/fpu\libc_nano.a(lib_a-strtod.o)
 .rodata.fpinan.7293
                0x08006b50       0x14 c:/program files (x86)/atollic/truestudio for arm 8.1.0/armtools/bin/../lib/gcc/arm-atollic-eabi/6.3.1/../../../../arm-atollic-eabi/lib/armv7e-m/fpu\libc_nano.a(lib_a-strtod.o)
 *fill*         0x08006b64        0x4 
 .rodata.tinytens
                0x08006b68       0x28 c:/program files (x86)/atollic/truestudio for arm 8.1.0/armtools/bin/../lib/gcc/arm-atollic-eabi/6.3.1/../../../../arm-atollic-eabi/lib/armv7e-m/fpu\libc_nano.a(lib_a-strtod.o)
 .rodata._setlocale_r.str1.1
                0x08006b90        0x8 c:/program files (x86)/atollic/truestudio for arm 8.1.0/armtools/bin/../lib/gcc/arm-atollic-eabi/6.3.1/../../../../arm-atollic-eabi/lib/armv7e-m/fpu\libc_nano.a(lib_a-locale.o)
                                  0x9 (size before relaxing)
 .rodata.str1.1
                0x08006b98        0x2 c:/program files (x86)/atollic/truestudio for arm 8.1.0/armtools/bin/../lib/gcc/arm-atollic-eabi/6.3.1/../../../../arm-atollic-eabi/lib/armv7e-m/fpu\libc_nano.a(lib_a-locale.o)
 *fill*         0x08006b9a        0x6 
 .rodata.__mprec_bigtens
                0x08006ba0       0x28 c:/program files (x86)/atollic/truestudio for arm 8.1.0/armtools/bin/../lib/gcc/arm-atollic-eabi/6.3.1/../../../../arm-atollic-eabi/lib/armv7e-m/fpu\libc_nano.a(lib_a-mprec.o)
                0x08006ba0                __mprec_bigtens
 .rodata.__mprec_tens
                0x08006bc8       0xc8 c:/program files (x86)/atollic/truestudio for arm 8.1.0/armtools/bin/../lib/gcc/arm-atollic-eabi/6.3.1/../../../../arm-atollic-eabi/lib/armv7e-m/fpu\libc_nano.a(lib_a-mprec.o)
                0x08006bc8                __mprec_tens
 .rodata.p05.7175
                0x08006c90        0xc c:/program files (x86)/atollic/truestudio for arm 8.1.0/armtools/bin/../lib/gcc/arm-atollic-eabi/6.3.1/../../../../arm-atollic-eabi/lib/armv7e-m/fpu\libc_nano.a(lib_a-mprec.o)
 .rodata._ctype_
                0x08006c9c      0x101 c:/program files (x86)/atollic/truestudio for arm 8.1.0/armtools/bin/../lib/gcc/arm-atollic-eabi/6.3.1/../../../../arm-atollic-eabi/lib/armv7e-m/fpu\libc_nano.a(lib_a-ctype_.o)
                0x08006c9c                _ctype_
                0x08006da0                . = ALIGN (0x4)
 *fill*         0x08006d9d        0x3 

.rel.dyn        0x08006da0        0x0
 .rel.iplt      0x08006da0        0x0 c:/program files (x86)/atollic/truestudio for arm 8.1.0/armtools/bin/../lib/gcc/arm-atollic-eabi/6.3.1/armv7e-m/fpu/crtbegin.o

.ARM.extab
 *(.ARM.extab* .gnu.linkonce.armextab.*)

.ARM            0x08006da0        0x0
                0x08006da0                __exidx_start = .
 *(.ARM.exidx*)
                0x08006da0                __exidx_end = .

.user_data      0x08040000       0x40
                0x08040000                . = ALIGN (0x4)
 *(.user_data)
 .user_data     0x08040000       0x40 src\main.o
                0x08040000                userConfig
                0x08040040                . = ALIGN (0x4)

.preinit_array  0x08006da0        0x0
                0x08006da0                PROVIDE (__preinit_array_start, .)
 *(.preinit_array*)
                0x08006da0                PROVIDE (__preinit_array_end, .)

.init_array     0x08006da0        0x4
                0x08006da0                PROVIDE (__init_array_start, .)
 *(SORT(.init_array.*))
 *(.init_array*)
 .init_array    0x08006da0        0x4 c:/program files (x86)/atollic/truestudio for arm 8.1.0/armtools/bin/../lib/gcc/arm-atollic-eabi/6.3.1/armv7e-m/fpu/crtbegin.o
                0x08006da4                PROVIDE (__init_array_end, .)

.fini_array     0x08006da4        0x4
                [!provide]                PROVIDE (__fini_array_start, .)
 *(SORT(.fini_array.*))
 *(.fini_array*)
 .fini_array    0x08006da4        0x4 c:/program files (x86)/atollic/truestudio for arm 8.1.0/armtools/bin/../lib/gcc/arm-atollic-eabi/6.3.1/armv7e-m/fpu/crtbegin.o
                [!provide]                PROVIDE (__fini_array_end, .)
                0x08006da8                _sidata = LOADADDR (.data)

.data           0x20000000      0x278 load address 0x08006da8
                0x20000000                . = ALIGN (0x4)
                0x20000000                _sdata = .
 *(.data)
 *(.data*)
 .data.GPIO_PORT
                0x20000000        0x4 Drivers\BSP\STM32F4xx-Nucleo\stm32f4xx_nucleo.o
                0x20000000                GPIO_PORT
 .data.OK       0x20000004        0x2 src\gprs.o
                0x20000004                OK
 *fill*         0x20000006        0x2 
 .data.PDP      0x20000008        0x7 src\gprs.o
                0x20000008                PDP
 *fill*         0x2000000f        0x1 
 .data.Post     0x20000010        0x3 src\gprs.o
                0x20000010                Post
 *fill*         0x20000013        0x1 
 .data.ACT      0x20000014        0xf src\gprs.o
                0x20000014                ACT
 *fill*         0x20000023        0x1 
 .data.HTTPPring
                0x20000024       0x10 src\gprs.o
                0x20000024                HTTPPring
 .data.deinit_GGA
                0x20000034       0x1a src\gps.o
                0x20000034                deinit_GGA
 *fill*         0x2000004e        0x2 
 .data.deinit_GSA
                0x20000050       0x1a src\gps.o
                0x20000050                deinit_GSA
 *fill*         0x2000006a        0x2 
 .data.deinit_GSV
                0x2000006c       0x1a src\gps.o
                0x2000006c                deinit_GSV
 *fill*         0x20000086        0x2 
 .data.init_RMC
                0x20000088       0x1a src\gps.o
                0x20000088                init_RMC
 *fill*         0x200000a2        0x2 
 .data.SystemCoreClock
                0x200000a4        0x4 src\system_stm32f4xx.o
                0x200000a4                SystemCoreClock
 .data._impure_ptr
                0x200000a8        0x4 c:/program files (x86)/atollic/truestudio for arm 8.1.0/armtools/bin/../lib/gcc/arm-atollic-eabi/6.3.1/../../../../arm-atollic-eabi/lib/armv7e-m/fpu\libc_nano.a(lib_a-impure.o)
                0x200000a8                _impure_ptr
 .data.impure_data
                0x200000ac       0x60 c:/program files (x86)/atollic/truestudio for arm 8.1.0/armtools/bin/../lib/gcc/arm-atollic-eabi/6.3.1/../../../../arm-atollic-eabi/lib/armv7e-m/fpu\libc_nano.a(lib_a-impure.o)
 .data.__global_locale
                0x2000010c      0x16c c:/program files (x86)/atollic/truestudio for arm 8.1.0/armtools/bin/../lib/gcc/arm-atollic-eabi/6.3.1/../../../../arm-atollic-eabi/lib/armv7e-m/fpu\libc_nano.a(lib_a-locale.o)
                0x2000010c                __global_locale
                0x20000278                . = ALIGN (0x4)
                0x20000278                _edata = .

.igot.plt       0x20000278        0x0 load address 0x08007020
 .igot.plt      0x20000278        0x0 c:/program files (x86)/atollic/truestudio for arm 8.1.0/armtools/bin/../lib/gcc/arm-atollic-eabi/6.3.1/armv7e-m/fpu/crtbegin.o
                0x20000278                . = ALIGN (0x4)

.bss            0x20000278    0x137d0 load address 0x08007020
                0x20000278                _sbss = .
                0x20000278                __bss_start__ = _sbss
 *(.bss)
 .bss           0x20000278       0x1c c:/program files (x86)/atollic/truestudio for arm 8.1.0/armtools/bin/../lib/gcc/arm-atollic-eabi/6.3.1/armv7e-m/fpu/crtbegin.o
 *(.bss*)
 .bss.i         0x20000294        0x4 src\gps.o
                0x20000294                i
 .bss.numGPS    0x20000298        0x4 src\gps.o
                0x20000298                numGPS
 .bss.c         0x2000029c        0x4 src\gps.o
                0x2000029c                c
 .bss.mb        0x200002a0        0x4 src\gps.o
                0x200002a0                mb
 .bss.fechaOK   0x200002a4        0x4 src\gps.o
                0x200002a4                fechaOK
 .bss.UartReady
                0x200002a8        0x1 src\gps.o
                0x200002a8                UartReady
 .bss.Uart1Ready
                0x200002a9        0x1 src\gps.o
                0x200002a9                Uart1Ready
 *fill*         0x200002aa        0x2 
 .bss.time      0x200002ac        0xa src\gps.o
                0x200002ac                time
 *fill*         0x200002b6        0x2 
 .bss.hora_array
                0x200002b8        0x9 src\gps.o
                0x200002b8                hora_array
 *fill*         0x200002c1        0x3 
 .bss.data      0x200002c4        0x6 src\gps.o
                0x200002c4                data
 *fill*         0x200002ca        0x2 
 .bss.fecha_array
                0x200002cc        0x8 src\gps.o
                0x200002cc                fecha_array
 .bss.uwCounter
                0x200002d4        0x4 src\init.o
                0x200002d4                uwCounter
 .bss.__malloc_free_list
                0x200002d8        0x4 c:/program files (x86)/atollic/truestudio for arm 8.1.0/armtools/bin/../lib/gcc/arm-atollic-eabi/6.3.1/../../../../arm-atollic-eabi/lib/armv7e-m/fpu\libc_nano.a(lib_a-nano-mallocr.o)
                0x200002d8                __malloc_free_list
 .bss.__malloc_sbrk_start
                0x200002dc        0x4 c:/program files (x86)/atollic/truestudio for arm 8.1.0/armtools/bin/../lib/gcc/arm-atollic-eabi/6.3.1/../../../../arm-atollic-eabi/lib/armv7e-m/fpu\libc_nano.a(lib_a-nano-mallocr.o)
                0x200002dc                __malloc_sbrk_start
 .bss.heap_end.5239
                0x200002e0        0x4 c:/program files (x86)/atollic/truestudio for arm 8.1.0/armtools/bin/../lib/gcc/arm-atollic-eabi/6.3.1/../../../../arm-atollic-eabi/lib/armv7e-m/fpu\libnosys.a(sbrk.o)
 *(COMMON)
 COMMON         0x200002e4        0x4 Drivers\STM32F4xx_HAL_Driver\Src\stm32f4xx_hal.o
                0x200002e4                uwTick
 COMMON         0x200002e8       0x3c src\gprs.o
                0x200002e8                aRxBuffer
 COMMON         0x20000324    0x132a5 src\gps.o
                0x20000324                dia
                0x20000328                bufferReady
                0x20000330                latCoorL
                0x20000334                hora
                0x20000338                tipo
                0x2000033c                lati
                0x20000348                g
                0x2000034c                GPS
                0x200097bc                bufferGPS
                0x200097e4                mibuffer
                0x20013424                bufferReceive
                0x20013428                longitud
                0x2001342c                longi
                0x20013438                nmea
                0x20013474                buffer
                0x20013480                horaL
                0x2001348c                hora_real
                0x20013490                num
                0x20013494                latitud
                0x20013498                latitudL
                0x200134a4                longitudL
                0x200134b0                sd
                0x200134b4                forhora
                0x200134b8                s
                0x200134bc                fecha
                0x200134c0                longCoorL
                0x200134c4                parsing
                0x20013514                bufferParsing
                0x2001353c                longCoor
                0x20013540                bufferGPRS
                0x20013570                m
                0x20013574                latCoor
                0x20013578                len
                0x2001357c                reciboGPS
 *fill*         0x200135c9        0x3 
 COMMON         0x200135cc      0x1f8 src\init.o
                0x200135cc                hspi5
                0x20013624                hi2c1
                0x20013678                huart1
                0x200136b8                hwwdg
                0x200136cc                huart6
                0x2001370c                hspi1
                0x20013764                huart2
                0x200137a4                RtcHandle
 COMMON         0x200137c4       0x20 src\lp_modes.o
                0x200137c4                RTCHandle
 COMMON         0x200137e4       0xde src\main.o
                0x200137e4                intentoGPRS
                0x200137e8                preparaHTTP
                0x2001381c                intentoLora
                0x20013820                pars
                0x20013870                ReadyBuf
                0x20013878                envioHTTP
 *fill*         0x200138c2        0x2 
 COMMON         0x200138c4      0x180 src\stm32f4xx_hal_msp.o
                0x200138c4                hdma_usart6_rx
                0x20013924                hdma_usart1_tx
                0x20013984                hdma_usart6_tx
                0x200139e4                hdma_usart1_rx
 COMMON         0x20013a44        0x4 c:/program files (x86)/atollic/truestudio for arm 8.1.0/armtools/bin/../lib/gcc/arm-atollic-eabi/6.3.1/../../../../arm-atollic-eabi/lib/armv7e-m/fpu\libc_nano.a(lib_a-reent.o)
                0x20013a44                errno
                0x20013a48                . = ALIGN (0x4)
                0x20013a48                _ebss = .
                0x20013a48                __bss_end__ = _ebss

._user_heap_stack
                0x20013a48      0x400 load address 0x08007020
                0x20013a48                . = ALIGN (0x4)
                0x20013a48                PROVIDE (end, .)
                [!provide]                PROVIDE (_end, .)
                0x20013a48                . = (. + _Min_Heap_Size)
                0x20013e48                . = (. + _Min_Stack_Size)
 *fill*         0x20013a48      0x400 
                0x20013e48                . = ALIGN (0x4)

.memory_b1_text
 *(.mb1text)
 *(.mb1text*)
 *(.mb1rodata)
 *(.mb1rodata*)

/DISCARD/
 libc.a(*)
 libm.a(*)
 libgcc.a(*)

.ARM.attributes
                0x00000000       0x30
 *(.ARM.attributes)
 .ARM.attributes
                0x00000000       0x22 c:/program files (x86)/atollic/truestudio for arm 8.1.0/armtools/bin/../lib/gcc/arm-atollic-eabi/6.3.1/armv7e-m/fpu/crti.o
 .ARM.attributes
                0x00000022       0x34 c:/program files (x86)/atollic/truestudio for arm 8.1.0/armtools/bin/../lib/gcc/arm-atollic-eabi/6.3.1/armv7e-m/fpu/crtbegin.o
 .ARM.attributes
                0x00000056       0x39 Drivers\BSP\STM32F4xx-Nucleo\stm32f4xx_nucleo.o
 .ARM.attributes
                0x0000008f       0x39 Drivers\STM32F4xx_HAL_Driver\Src\stm32f4xx_hal.o
 .ARM.attributes
                0x000000c8       0x39 Drivers\STM32F4xx_HAL_Driver\Src\stm32f4xx_hal_cortex.o
 .ARM.attributes
                0x00000101       0x39 Drivers\STM32F4xx_HAL_Driver\Src\stm32f4xx_hal_dma.o
 .ARM.attributes
                0x0000013a       0x39 Drivers\STM32F4xx_HAL_Driver\Src\stm32f4xx_hal_gpio.o
 .ARM.attributes
                0x00000173       0x39 Drivers\STM32F4xx_HAL_Driver\Src\stm32f4xx_hal_rcc.o
 .ARM.attributes
                0x000001ac       0x39 Drivers\STM32F4xx_HAL_Driver\Src\stm32f4xx_hal_rtc_ex.o
 .ARM.attributes
                0x000001e5       0x39 Drivers\STM32F4xx_HAL_Driver\Src\stm32f4xx_hal_spi.o
 .ARM.attributes
                0x0000021e       0x39 Drivers\STM32F4xx_HAL_Driver\Src\stm32f4xx_hal_uart.o
 .ARM.attributes
                0x00000257       0x39 src\gprs.o
 .ARM.attributes
                0x00000290       0x39 src\gps.o
 .ARM.attributes
                0x000002c9       0x39 src\init.o
 .ARM.attributes
                0x00000302       0x39 src\lp_modes.o
 .ARM.attributes
                0x0000033b       0x39 src\main.o
 .ARM.attributes
                0x00000374       0x21 src\startup_stm32f411xe.o
 .ARM.attributes
                0x00000395       0x39 src\stm32f4xx_hal_msp.o
 .ARM.attributes
                0x000003ce       0x39 src\stm32f4xx_it.o
 .ARM.attributes
                0x00000407       0x39 src\system_stm32f4xx.o
 .ARM.attributes
                0x00000440       0x39 src\tiny_printf.o
 .ARM.attributes
                0x00000479       0x34 c:/program files (x86)/atollic/truestudio for arm 8.1.0/armtools/bin/../lib/gcc/arm-atollic-eabi/6.3.1/../../../../arm-atollic-eabi/lib/armv7e-m/fpu\libc_nano.a(lib_a-atof.o)
 .ARM.attributes
                0x000004ad       0x34 c:/program files (x86)/atollic/truestudio for arm 8.1.0/armtools/bin/../lib/gcc/arm-atollic-eabi/6.3.1/../../../../arm-atollic-eabi/lib/armv7e-m/fpu\libc_nano.a(lib_a-atoi.o)
 .ARM.attributes
                0x000004e1       0x34 c:/program files (x86)/atollic/truestudio for arm 8.1.0/armtools/bin/../lib/gcc/arm-atollic-eabi/6.3.1/../../../../arm-atollic-eabi/lib/armv7e-m/fpu\libc_nano.a(lib_a-init.o)
 .ARM.attributes
                0x00000515       0x34 c:/program files (x86)/atollic/truestudio for arm 8.1.0/armtools/bin/../lib/gcc/arm-atollic-eabi/6.3.1/../../../../arm-atollic-eabi/lib/armv7e-m/fpu\libc_nano.a(lib_a-memset.o)
 .ARM.attributes
                0x00000549       0x34 c:/program files (x86)/atollic/truestudio for arm 8.1.0/armtools/bin/../lib/gcc/arm-atollic-eabi/6.3.1/../../../../arm-atollic-eabi/lib/armv7e-m/fpu\libc_nano.a(lib_a-strchr.o)
 .ARM.attributes
                0x0000057d       0x20 c:/program files (x86)/atollic/truestudio for arm 8.1.0/armtools/bin/../lib/gcc/arm-atollic-eabi/6.3.1/../../../../arm-atollic-eabi/lib/armv7e-m/fpu\libc_nano.a(lib_a-strcmp.o)
 .ARM.attributes
                0x0000059d       0x34 c:/program files (x86)/atollic/truestudio for arm 8.1.0/armtools/bin/../lib/gcc/arm-atollic-eabi/6.3.1/../../../../arm-atollic-eabi/lib/armv7e-m/fpu\libc_nano.a(lib_a-strcpy.o)
 .ARM.attributes
                0x000005d1       0x1b c:/program files (x86)/atollic/truestudio for arm 8.1.0/armtools/bin/../lib/gcc/arm-atollic-eabi/6.3.1/../../../../arm-atollic-eabi/lib/armv7e-m/fpu\libc_nano.a(lib_a-strlen.o)
 .ARM.attributes
                0x000005ec       0x34 c:/program files (x86)/atollic/truestudio for arm 8.1.0/armtools/bin/../lib/gcc/arm-atollic-eabi/6.3.1/../../../../arm-atollic-eabi/lib/armv7e-m/fpu\libc_nano.a(lib_a-strstr.o)
 .ARM.attributes
                0x00000620       0x34 c:/program files (x86)/atollic/truestudio for arm 8.1.0/armtools/bin/../lib/gcc/arm-atollic-eabi/6.3.1/../../../../arm-atollic-eabi/lib/armv7e-m/fpu\libc_nano.a(lib_a-strtod.o)
 .ARM.attributes
                0x00000654       0x34 c:/program files (x86)/atollic/truestudio for arm 8.1.0/armtools/bin/../lib/gcc/arm-atollic-eabi/6.3.1/../../../../arm-atollic-eabi/lib/armv7e-m/fpu\libc_nano.a(lib_a-strtok.o)
 .ARM.attributes
                0x00000688       0x34 c:/program files (x86)/atollic/truestudio for arm 8.1.0/armtools/bin/../lib/gcc/arm-atollic-eabi/6.3.1/../../../../arm-atollic-eabi/lib/armv7e-m/fpu\libc_nano.a(lib_a-strtok_r.o)
 .ARM.attributes
                0x000006bc       0x34 c:/program files (x86)/atollic/truestudio for arm 8.1.0/armtools/bin/../lib/gcc/arm-atollic-eabi/6.3.1/../../../../arm-atollic-eabi/lib/armv7e-m/fpu\libc_nano.a(lib_a-strtol.o)
 .ARM.attributes
                0x000006f0       0x34 c:/program files (x86)/atollic/truestudio for arm 8.1.0/armtools/bin/../lib/gcc/arm-atollic-eabi/6.3.1/../../../../arm-atollic-eabi/lib/armv7e-m/fpu\libc_nano.a(lib_a-gdtoa-gethex.o)
 .ARM.attributes
                0x00000724       0x34 c:/program files (x86)/atollic/truestudio for arm 8.1.0/armtools/bin/../lib/gcc/arm-atollic-eabi/6.3.1/../../../../arm-atollic-eabi/lib/armv7e-m/fpu\libc_nano.a(lib_a-gdtoa-hexnan.o)
 .ARM.attributes
                0x00000758       0x34 c:/program files (x86)/atollic/truestudio for arm 8.1.0/armtools/bin/../lib/gcc/arm-atollic-eabi/6.3.1/../../../../arm-atollic-eabi/lib/armv7e-m/fpu\libc_nano.a(lib_a-impure.o)
 .ARM.attributes
                0x0000078c       0x34 c:/program files (x86)/atollic/truestudio for arm 8.1.0/armtools/bin/../lib/gcc/arm-atollic-eabi/6.3.1/../../../../arm-atollic-eabi/lib/armv7e-m/fpu\libc_nano.a(lib_a-locale.o)
 .ARM.attributes
                0x000007c0       0x34 c:/program files (x86)/atollic/truestudio for arm 8.1.0/armtools/bin/../lib/gcc/arm-atollic-eabi/6.3.1/../../../../arm-atollic-eabi/lib/armv7e-m/fpu\libc_nano.a(lib_a-localeconv.o)
 .ARM.attributes
                0x000007f4       0x34 c:/program files (x86)/atollic/truestudio for arm 8.1.0/armtools/bin/../lib/gcc/arm-atollic-eabi/6.3.1/../../../../arm-atollic-eabi/lib/armv7e-m/fpu\libc_nano.a(lib_a-malloc.o)
 .ARM.attributes
                0x00000828       0x34 c:/program files (x86)/atollic/truestudio for arm 8.1.0/armtools/bin/../lib/gcc/arm-atollic-eabi/6.3.1/../../../../arm-atollic-eabi/lib/armv7e-m/fpu\libc_nano.a(lib_a-mbtowc_r.o)
 .ARM.attributes
                0x0000085c       0x34 c:/program files (x86)/atollic/truestudio for arm 8.1.0/armtools/bin/../lib/gcc/arm-atollic-eabi/6.3.1/../../../../arm-atollic-eabi/lib/armv7e-m/fpu\libc_nano.a(lib_a-memcpy-stub.o)
 .ARM.attributes
                0x00000890       0x34 c:/program files (x86)/atollic/truestudio for arm 8.1.0/armtools/bin/../lib/gcc/arm-atollic-eabi/6.3.1/../../../../arm-atollic-eabi/lib/armv7e-m/fpu\libc_nano.a(lib_a-mprec.o)
 .ARM.attributes
                0x000008c4       0x34 c:/program files (x86)/atollic/truestudio for arm 8.1.0/armtools/bin/../lib/gcc/arm-atollic-eabi/6.3.1/../../../../arm-atollic-eabi/lib/armv7e-m/fpu\libc_nano.a(lib_a-nano-callocr.o)
 .ARM.attributes
                0x000008f8       0x34 c:/program files (x86)/atollic/truestudio for arm 8.1.0/armtools/bin/../lib/gcc/arm-atollic-eabi/6.3.1/../../../../arm-atollic-eabi/lib/armv7e-m/fpu\libc_nano.a(lib_a-nano-mallocr.o)
 .ARM.attributes
                0x0000092c       0x34 c:/program files (x86)/atollic/truestudio for arm 8.1.0/armtools/bin/../lib/gcc/arm-atollic-eabi/6.3.1/../../../../arm-atollic-eabi/lib/armv7e-m/fpu\libc_nano.a(lib_a-sbrkr.o)
 .ARM.attributes
                0x00000960       0x34 c:/program files (x86)/atollic/truestudio for arm 8.1.0/armtools/bin/../lib/gcc/arm-atollic-eabi/6.3.1/../../../../arm-atollic-eabi/lib/armv7e-m/fpu\libc_nano.a(lib_a-strncmp.o)
 .ARM.attributes
                0x00000994       0x34 c:/program files (x86)/atollic/truestudio for arm 8.1.0/armtools/bin/../lib/gcc/arm-atollic-eabi/6.3.1/../../../../arm-atollic-eabi/lib/armv7e-m/fpu\libc_nano.a(lib_a-wctomb_r.o)
 .ARM.attributes
                0x000009c8       0x34 c:/program files (x86)/atollic/truestudio for arm 8.1.0/armtools/bin/../lib/gcc/arm-atollic-eabi/6.3.1/../../../../arm-atollic-eabi/lib/armv7e-m/fpu\libc_nano.a(lib_a-ctype_.o)
 .ARM.attributes
                0x000009fc       0x34 c:/program files (x86)/atollic/truestudio for arm 8.1.0/armtools/bin/../lib/gcc/arm-atollic-eabi/6.3.1/../../../../arm-atollic-eabi/lib/armv7e-m/fpu\libc_nano.a(lib_a-mlock.o)
 .ARM.attributes
                0x00000a30       0x34 c:/program files (x86)/atollic/truestudio for arm 8.1.0/armtools/bin/../lib/gcc/arm-atollic-eabi/6.3.1/../../../../arm-atollic-eabi/lib/armv7e-m/fpu\libc_nano.a(lib_a-reent.o)
 .ARM.attributes
                0x00000a64       0x22 c:/program files (x86)/atollic/truestudio for arm 8.1.0/armtools/bin/../lib/gcc/arm-atollic-eabi/6.3.1/armv7e-m/fpu\libgcc.a(_arm_addsubdf3.o)
 .ARM.attributes
                0x00000a86       0x22 c:/program files (x86)/atollic/truestudio for arm 8.1.0/armtools/bin/../lib/gcc/arm-atollic-eabi/6.3.1/armv7e-m/fpu\libgcc.a(_arm_muldivdf3.o)
 .ARM.attributes
                0x00000aa8       0x22 c:/program files (x86)/atollic/truestudio for arm 8.1.0/armtools/bin/../lib/gcc/arm-atollic-eabi/6.3.1/armv7e-m/fpu\libgcc.a(_arm_cmpdf2.o)
 .ARM.attributes
                0x00000aca       0x22 c:/program files (x86)/atollic/truestudio for arm 8.1.0/armtools/bin/../lib/gcc/arm-atollic-eabi/6.3.1/armv7e-m/fpu\libgcc.a(_arm_fixdfsi.o)
 .ARM.attributes
                0x00000aec       0x22 c:/program files (x86)/atollic/truestudio for arm 8.1.0/armtools/bin/../lib/gcc/arm-atollic-eabi/6.3.1/armv7e-m/fpu\libgcc.a(_arm_fixunsdfsi.o)
 .ARM.attributes
                0x00000b0e       0x34 c:/program files (x86)/atollic/truestudio for arm 8.1.0/armtools/bin/../lib/gcc/arm-atollic-eabi/6.3.1/../../../../arm-atollic-eabi/lib/armv7e-m/fpu\libnosys.a(sbrk.o)
 .ARM.attributes
                0x00000b42       0x22 c:/program files (x86)/atollic/truestudio for arm 8.1.0/armtools/bin/../lib/gcc/arm-atollic-eabi/6.3.1/armv7e-m/fpu/crtn.o
OUTPUT(WhistBand.elf elf32-littlearm)

.debug_info     0x00000000    0x17245
 .debug_info    0x00000000     0x18ee Drivers\BSP\STM32F4xx-Nucleo\stm32f4xx_nucleo.o
 .debug_info    0x000018ee     0x1081 Drivers\STM32F4xx_HAL_Driver\Src\stm32f4xx_hal.o
 .debug_info    0x0000296f     0x1552 Drivers\STM32F4xx_HAL_Driver\Src\stm32f4xx_hal_cortex.o
 .debug_info    0x00003ec1     0x111b Drivers\STM32F4xx_HAL_Driver\Src\stm32f4xx_hal_dma.o
 .debug_info    0x00004fdc      0xf9f Drivers\STM32F4xx_HAL_Driver\Src\stm32f4xx_hal_gpio.o
 .debug_info    0x00005f7b     0x137f Drivers\STM32F4xx_HAL_Driver\Src\stm32f4xx_hal_rcc.o
 .debug_info    0x000072fa     0x16b2 Drivers\STM32F4xx_HAL_Driver\Src\stm32f4xx_hal_rtc_ex.o
 .debug_info    0x000089ac     0x1cf1 Drivers\STM32F4xx_HAL_Driver\Src\stm32f4xx_hal_spi.o
 .debug_info    0x0000a69d     0x19d5 Drivers\STM32F4xx_HAL_Driver\Src\stm32f4xx_hal_uart.o
 .debug_info    0x0000c072     0x132c src\gprs.o
 .debug_info    0x0000d39e     0x16bf src\gps.o
 .debug_info    0x0000ea5d     0x1ed1 src\init.o
 .debug_info    0x0001092e     0x12df src\lp_modes.o
 .debug_info    0x00011c0d     0x1689 src\main.o
 .debug_info    0x00013296       0x78 src\startup_stm32f411xe.o
 .debug_info    0x0001330e     0x19d7 src\stm32f4xx_hal_msp.o
 .debug_info    0x00014ce5     0x13c0 src\stm32f4xx_it.o
 .debug_info    0x000160a5      0x528 src\system_stm32f4xx.o
 .debug_info    0x000165cd      0xc78 src\tiny_printf.o

.debug_abbrev   0x00000000     0x2d2f
 .debug_abbrev  0x00000000      0x2ae Drivers\BSP\STM32F4xx-Nucleo\stm32f4xx_nucleo.o
 .debug_abbrev  0x000002ae      0x2d5 Drivers\STM32F4xx_HAL_Driver\Src\stm32f4xx_hal.o
 .debug_abbrev  0x00000583      0x371 Drivers\STM32F4xx_HAL_Driver\Src\stm32f4xx_hal_cortex.o
 .debug_abbrev  0x000008f4      0x279 Drivers\STM32F4xx_HAL_Driver\Src\stm32f4xx_hal_dma.o
 .debug_abbrev  0x00000b6d      0x24c Drivers\STM32F4xx_HAL_Driver\Src\stm32f4xx_hal_gpio.o
 .debug_abbrev  0x00000db9      0x325 Drivers\STM32F4xx_HAL_Driver\Src\stm32f4xx_hal_rcc.o
 .debug_abbrev  0x000010de      0x27b Drivers\STM32F4xx_HAL_Driver\Src\stm32f4xx_hal_rtc_ex.o
 .debug_abbrev  0x00001359      0x2ac Drivers\STM32F4xx_HAL_Driver\Src\stm32f4xx_hal_spi.o
 .debug_abbrev  0x00001605      0x2bd Drivers\STM32F4xx_HAL_Driver\Src\stm32f4xx_hal_uart.o
 .debug_abbrev  0x000018c2      0x2a5 src\gprs.o
 .debug_abbrev  0x00001b67      0x2fd src\gps.o
 .debug_abbrev  0x00001e64      0x28a src\init.o
 .debug_abbrev  0x000020ee      0x22a src\lp_modes.o
 .debug_abbrev  0x00002318      0x2a3 src\main.o
 .debug_abbrev  0x000025bb       0x12 src\startup_stm32f411xe.o
 .debug_abbrev  0x000025cd      0x255 src\stm32f4xx_hal_msp.o
 .debug_abbrev  0x00002822      0x19d src\stm32f4xx_it.o
 .debug_abbrev  0x000029bf      0x10e src\system_stm32f4xx.o
 .debug_abbrev  0x00002acd      0x262 src\tiny_printf.o

.debug_aranges  0x00000000      0xc68
 .debug_aranges
                0x00000000       0xd0 Drivers\BSP\STM32F4xx-Nucleo\stm32f4xx_nucleo.o
 .debug_aranges
                0x000000d0       0xc8 Drivers\STM32F4xx_HAL_Driver\Src\stm32f4xx_hal.o
 .debug_aranges
                0x00000198      0x118 Drivers\STM32F4xx_HAL_Driver\Src\stm32f4xx_hal_cortex.o
 .debug_aranges
                0x000002b0       0x90 Drivers\STM32F4xx_HAL_Driver\Src\stm32f4xx_hal_dma.o
 .debug_aranges
                0x00000340       0x58 Drivers\STM32F4xx_HAL_Driver\Src\stm32f4xx_hal_gpio.o
 .debug_aranges
                0x00000398       0x88 Drivers\STM32F4xx_HAL_Driver\Src\stm32f4xx_hal_rcc.o
 .debug_aranges
                0x00000420      0x130 Drivers\STM32F4xx_HAL_Driver\Src\stm32f4xx_hal_rtc_ex.o
 .debug_aranges
                0x00000550      0x1c8 Drivers\STM32F4xx_HAL_Driver\Src\stm32f4xx_hal_spi.o
 .debug_aranges
                0x00000718      0x1d0 Drivers\STM32F4xx_HAL_Driver\Src\stm32f4xx_hal_uart.o
 .debug_aranges
                0x000008e8       0x60 src\gprs.o
 .debug_aranges
                0x00000948       0x70 src\gps.o
 .debug_aranges
                0x000009b8       0xb0 src\init.o
 .debug_aranges
                0x00000a68       0x48 src\lp_modes.o
 .debug_aranges
                0x00000ab0       0x48 src\main.o
 .debug_aranges
                0x00000af8       0x28 src\startup_stm32f411xe.o
 .debug_aranges
                0x00000b20       0x60 src\stm32f4xx_hal_msp.o
 .debug_aranges
                0x00000b80       0x60 src\stm32f4xx_it.o
 .debug_aranges
                0x00000be0       0x28 src\system_stm32f4xx.o
 .debug_aranges
                0x00000c08       0x60 src\tiny_printf.o

.debug_ranges   0x00000000      0xb40
 .debug_ranges  0x00000000       0xc0 Drivers\BSP\STM32F4xx-Nucleo\stm32f4xx_nucleo.o
 .debug_ranges  0x000000c0       0xb8 Drivers\STM32F4xx_HAL_Driver\Src\stm32f4xx_hal.o
 .debug_ranges  0x00000178      0x108 Drivers\STM32F4xx_HAL_Driver\Src\stm32f4xx_hal_cortex.o
 .debug_ranges  0x00000280       0x80 Drivers\STM32F4xx_HAL_Driver\Src\stm32f4xx_hal_dma.o
 .debug_ranges  0x00000300       0x48 Drivers\STM32F4xx_HAL_Driver\Src\stm32f4xx_hal_gpio.o
 .debug_ranges  0x00000348       0x78 Drivers\STM32F4xx_HAL_Driver\Src\stm32f4xx_hal_rcc.o
 .debug_ranges  0x000003c0      0x120 Drivers\STM32F4xx_HAL_Driver\Src\stm32f4xx_hal_rtc_ex.o
 .debug_ranges  0x000004e0      0x1b8 Drivers\STM32F4xx_HAL_Driver\Src\stm32f4xx_hal_spi.o
 .debug_ranges  0x00000698      0x1c0 Drivers\STM32F4xx_HAL_Driver\Src\stm32f4xx_hal_uart.o
 .debug_ranges  0x00000858       0x50 src\gprs.o
 .debug_ranges  0x000008a8       0x60 src\gps.o
 .debug_ranges  0x00000908       0xa0 src\init.o
 .debug_ranges  0x000009a8       0x38 src\lp_modes.o
 .debug_ranges  0x000009e0       0x38 src\main.o
 .debug_ranges  0x00000a18       0x20 src\startup_stm32f411xe.o
 .debug_ranges  0x00000a38       0x50 src\stm32f4xx_hal_msp.o
 .debug_ranges  0x00000a88       0x50 src\stm32f4xx_it.o
 .debug_ranges  0x00000ad8       0x18 src\system_stm32f4xx.o
 .debug_ranges  0x00000af0       0x50 src\tiny_printf.o

.debug_line     0x00000000     0x62a4
 .debug_line    0x00000000      0x533 Drivers\BSP\STM32F4xx-Nucleo\stm32f4xx_nucleo.o
 .debug_line    0x00000533      0x460 Drivers\STM32F4xx_HAL_Driver\Src\stm32f4xx_hal.o
 .debug_line    0x00000993      0x5c3 Drivers\STM32F4xx_HAL_Driver\Src\stm32f4xx_hal_cortex.o
 .debug_line    0x00000f56      0x57d Drivers\STM32F4xx_HAL_Driver\Src\stm32f4xx_hal_dma.o
 .debug_line    0x000014d3      0x455 Drivers\STM32F4xx_HAL_Driver\Src\stm32f4xx_hal_gpio.o
 .debug_line    0x00001928      0x612 Drivers\STM32F4xx_HAL_Driver\Src\stm32f4xx_hal_rcc.o
 .debug_line    0x00001f3a      0x99c Drivers\STM32F4xx_HAL_Driver\Src\stm32f4xx_hal_rtc_ex.o
 .debug_line    0x000028d6      0xc30 Drivers\STM32F4xx_HAL_Driver\Src\stm32f4xx_hal_spi.o
 .debug_line    0x00003506      0xbab Drivers\STM32F4xx_HAL_Driver\Src\stm32f4xx_hal_uart.o
 .debug_line    0x000040b1      0x3a2 src\gprs.o
 .debug_line    0x00004453      0x4d6 src\gps.o
 .debug_line    0x00004929      0x52e src\init.o
 .debug_line    0x00004e57      0x3e1 src\lp_modes.o
 .debug_line    0x00005238      0x3de src\main.o
 .debug_line    0x00005616       0x7b src\startup_stm32f411xe.o
 .debug_line    0x00005691      0x425 src\stm32f4xx_hal_msp.o
 .debug_line    0x00005ab6      0x360 src\stm32f4xx_it.o
 .debug_line    0x00005e16      0x1d5 src\system_stm32f4xx.o
 .debug_line    0x00005feb      0x2b9 src\tiny_printf.o

.debug_str      0x00000000     0x3d17
 .debug_str     0x00000000     0x1179 Drivers\BSP\STM32F4xx-Nucleo\stm32f4xx_nucleo.o
                               0x1284 (size before relaxing)
 .debug_str     0x00001179      0x274 Drivers\STM32F4xx_HAL_Driver\Src\stm32f4xx_hal.o
                                0xd91 (size before relaxing)
 .debug_str     0x000013ed      0x405 Drivers\STM32F4xx_HAL_Driver\Src\stm32f4xx_hal_cortex.o
                                0xf3d (size before relaxing)
 .debug_str     0x000017f2      0x2f6 Drivers\STM32F4xx_HAL_Driver\Src\stm32f4xx_hal_dma.o
                                0xbe5 (size before relaxing)
 .debug_str     0x00001ae8      0x158 Drivers\STM32F4xx_HAL_Driver\Src\stm32f4xx_hal_gpio.o
                                0x97d (size before relaxing)
 .debug_str     0x00001c40      0x2b5 Drivers\STM32F4xx_HAL_Driver\Src\stm32f4xx_hal_rcc.o
                                0xb10 (size before relaxing)
 .debug_str     0x00001ef5      0x7c1 Drivers\STM32F4xx_HAL_Driver\Src\stm32f4xx_hal_rtc_ex.o
                                0xedc (size before relaxing)
 .debug_str     0x000026b6      0x4f6 Drivers\STM32F4xx_HAL_Driver\Src\stm32f4xx_hal_spi.o
                                0xfb9 (size before relaxing)
 .debug_str     0x00002bac      0x686 Drivers\STM32F4xx_HAL_Driver\Src\stm32f4xx_hal_uart.o
                               0x1007 (size before relaxing)
 .debug_str     0x00003232      0x350 src\gprs.o
                                0xdb3 (size before relaxing)
 .debug_str     0x00003582      0x29a src\gps.o
                                0xdbd (size before relaxing)
 .debug_str     0x0000381c      0x125 src\init.o
                               0x179a (size before relaxing)
 .debug_str     0x00003941       0x9a src\lp_modes.o
                                0xbed (size before relaxing)
 .debug_str     0x000039db       0xe4 src\main.o
                                0xf7c (size before relaxing)
 .debug_str     0x00003abf       0xa2 src\stm32f4xx_hal_msp.o
                               0x147a (size before relaxing)
 .debug_str     0x00003b61       0xd1 src\stm32f4xx_it.o
                                0xe90 (size before relaxing)
 .debug_str     0x00003c32       0x45 src\system_stm32f4xx.o
                                0x3b4 (size before relaxing)
 .debug_str     0x00003c77       0xa0 src\tiny_printf.o
                                0x689 (size before relaxing)

.comment        0x00000000       0x7c
 .comment       0x00000000       0x7c Drivers\BSP\STM32F4xx-Nucleo\stm32f4xx_nucleo.o
                                 0x7d (size before relaxing)
 .comment       0x0000007c       0x7d Drivers\STM32F4xx_HAL_Driver\Src\stm32f4xx_hal.o
 .comment       0x0000007c       0x7d Drivers\STM32F4xx_HAL_Driver\Src\stm32f4xx_hal_cortex.o
 .comment       0x0000007c       0x7d Drivers\STM32F4xx_HAL_Driver\Src\stm32f4xx_hal_dma.o
 .comment       0x0000007c       0x7d Drivers\STM32F4xx_HAL_Driver\Src\stm32f4xx_hal_gpio.o
 .comment       0x0000007c       0x7d Drivers\STM32F4xx_HAL_Driver\Src\stm32f4xx_hal_rcc.o
 .comment       0x0000007c       0x7d Drivers\STM32F4xx_HAL_Driver\Src\stm32f4xx_hal_rtc_ex.o
 .comment       0x0000007c       0x7d Drivers\STM32F4xx_HAL_Driver\Src\stm32f4xx_hal_spi.o
 .comment       0x0000007c       0x7d Drivers\STM32F4xx_HAL_Driver\Src\stm32f4xx_hal_uart.o
 .comment       0x0000007c       0x7d src\gprs.o
 .comment       0x0000007c       0x7d src\gps.o
 .comment       0x0000007c       0x7d src\init.o
 .comment       0x0000007c       0x7d src\lp_modes.o
 .comment       0x0000007c       0x7d src\main.o
 .comment       0x0000007c       0x7d src\stm32f4xx_hal_msp.o
 .comment       0x0000007c       0x7d src\stm32f4xx_it.o
 .comment       0x0000007c       0x7d src\system_stm32f4xx.o
 .comment       0x0000007c       0x7d src\tiny_printf.o

.debug_frame    0x00000000     0x3cb4
 .debug_frame   0x00000000      0x338 Drivers\BSP\STM32F4xx-Nucleo\stm32f4xx_nucleo.o
 .debug_frame   0x00000338      0x2e8 Drivers\STM32F4xx_HAL_Driver\Src\stm32f4xx_hal.o
 .debug_frame   0x00000620      0x498 Drivers\STM32F4xx_HAL_Driver\Src\stm32f4xx_hal_cortex.o
 .debug_frame   0x00000ab8      0x250 Drivers\STM32F4xx_HAL_Driver\Src\stm32f4xx_hal_dma.o
 .debug_frame   0x00000d08      0x14c Drivers\STM32F4xx_HAL_Driver\Src\stm32f4xx_hal_gpio.o
 .debug_frame   0x00000e54      0x200 Drivers\STM32F4xx_HAL_Driver\Src\stm32f4xx_hal_rcc.o
 .debug_frame   0x00001054      0x548 Drivers\STM32F4xx_HAL_Driver\Src\stm32f4xx_hal_rtc_ex.o
 .debug_frame   0x0000159c      0x7fc Drivers\STM32F4xx_HAL_Driver\Src\stm32f4xx_hal_spi.o
 .debug_frame   0x00001d98      0x83c Drivers\STM32F4xx_HAL_Driver\Src\stm32f4xx_hal_uart.o
 .debug_frame   0x000025d4      0x134 src\gprs.o
 .debug_frame   0x00002708      0x1a4 src\gps.o
 .debug_frame   0x000028ac      0x27c src\init.o
 .debug_frame   0x00002b28       0xd8 src\lp_modes.o
 .debug_frame   0x00002c00       0xdc src\main.o
 .debug_frame   0x00002cdc      0x158 src\stm32f4xx_hal_msp.o
 .debug_frame   0x00002e34      0x10c src\stm32f4xx_it.o
 .debug_frame   0x00002f40       0x58 src\system_stm32f4xx.o
 .debug_frame   0x00002f98      0x1bc src\tiny_printf.o
 .debug_frame   0x00003154       0x20 c:/program files (x86)/atollic/truestudio for arm 8.1.0/armtools/bin/../lib/gcc/arm-atollic-eabi/6.3.1/../../../../arm-atollic-eabi/lib/armv7e-m/fpu\libc_nano.a(lib_a-atof.o)
 .debug_frame   0x00003174       0x30 c:/program files (x86)/atollic/truestudio for arm 8.1.0/armtools/bin/../lib/gcc/arm-atollic-eabi/6.3.1/../../../../arm-atollic-eabi/lib/armv7e-m/fpu\libc_nano.a(lib_a-atoi.o)
 .debug_frame   0x000031a4       0x2c c:/program files (x86)/atollic/truestudio for arm 8.1.0/armtools/bin/../lib/gcc/arm-atollic-eabi/6.3.1/../../../../arm-atollic-eabi/lib/armv7e-m/fpu\libc_nano.a(lib_a-init.o)
 .debug_frame   0x000031d0       0x20 c:/program files (x86)/atollic/truestudio for arm 8.1.0/armtools/bin/../lib/gcc/arm-atollic-eabi/6.3.1/../../../../arm-atollic-eabi/lib/armv7e-m/fpu\libc_nano.a(lib_a-memset.o)
 .debug_frame   0x000031f0       0x20 c:/program files (x86)/atollic/truestudio for arm 8.1.0/armtools/bin/../lib/gcc/arm-atollic-eabi/6.3.1/../../../../arm-atollic-eabi/lib/armv7e-m/fpu\libc_nano.a(lib_a-strchr.o)
 .debug_frame   0x00003210       0x20 c:/program files (x86)/atollic/truestudio for arm 8.1.0/armtools/bin/../lib/gcc/arm-atollic-eabi/6.3.1/../../../../arm-atollic-eabi/lib/armv7e-m/fpu\libc_nano.a(lib_a-strcmp.o)
 .debug_frame   0x00003230       0x20 c:/program files (x86)/atollic/truestudio for arm 8.1.0/armtools/bin/../lib/gcc/arm-atollic-eabi/6.3.1/../../../../arm-atollic-eabi/lib/armv7e-m/fpu\libc_nano.a(lib_a-strcpy.o)
 .debug_frame   0x00003250       0x30 c:/program files (x86)/atollic/truestudio for arm 8.1.0/armtools/bin/../lib/gcc/arm-atollic-eabi/6.3.1/../../../../arm-atollic-eabi/lib/armv7e-m/fpu\libc_nano.a(lib_a-strstr.o)
 .debug_frame   0x00003280      0x12c c:/program files (x86)/atollic/truestudio for arm 8.1.0/armtools/bin/../lib/gcc/arm-atollic-eabi/6.3.1/../../../../arm-atollic-eabi/lib/armv7e-m/fpu\libc_nano.a(lib_a-strtod.o)
 .debug_frame   0x000033ac       0x38 c:/program files (x86)/atollic/truestudio for arm 8.1.0/armtools/bin/../lib/gcc/arm-atollic-eabi/6.3.1/../../../../arm-atollic-eabi/lib/armv7e-m/fpu\libc_nano.a(lib_a-strtok.o)
 .debug_frame   0x000033e4       0x40 c:/program files (x86)/atollic/truestudio for arm 8.1.0/armtools/bin/../lib/gcc/arm-atollic-eabi/6.3.1/../../../../arm-atollic-eabi/lib/armv7e-m/fpu\libc_nano.a(lib_a-strtok_r.o)
 .debug_frame   0x00003424       0x88 c:/program files (x86)/atollic/truestudio for arm 8.1.0/armtools/bin/../lib/gcc/arm-atollic-eabi/6.3.1/../../../../arm-atollic-eabi/lib/armv7e-m/fpu\libc_nano.a(lib_a-strtol.o)
 .debug_frame   0x000034ac       0x70 c:/program files (x86)/atollic/truestudio for arm 8.1.0/armtools/bin/../lib/gcc/arm-atollic-eabi/6.3.1/../../../../arm-atollic-eabi/lib/armv7e-m/fpu\libc_nano.a(lib_a-gdtoa-gethex.o)
 .debug_frame   0x0000351c       0x74 c:/program files (x86)/atollic/truestudio for arm 8.1.0/armtools/bin/../lib/gcc/arm-atollic-eabi/6.3.1/../../../../arm-atollic-eabi/lib/armv7e-m/fpu\libc_nano.a(lib_a-gdtoa-hexnan.o)
 .debug_frame   0x00003590       0x68 c:/program files (x86)/atollic/truestudio for arm 8.1.0/armtools/bin/../lib/gcc/arm-atollic-eabi/6.3.1/../../../../arm-atollic-eabi/lib/armv7e-m/fpu\libc_nano.a(lib_a-locale.o)
 .debug_frame   0x000035f8       0x40 c:/program files (x86)/atollic/truestudio for arm 8.1.0/armtools/bin/../lib/gcc/arm-atollic-eabi/6.3.1/../../../../arm-atollic-eabi/lib/armv7e-m/fpu\libc_nano.a(lib_a-localeconv.o)
 .debug_frame   0x00003638       0x30 c:/program files (x86)/atollic/truestudio for arm 8.1.0/armtools/bin/../lib/gcc/arm-atollic-eabi/6.3.1/../../../../arm-atollic-eabi/lib/armv7e-m/fpu\libc_nano.a(lib_a-malloc.o)
 .debug_frame   0x00003668       0x48 c:/program files (x86)/atollic/truestudio for arm 8.1.0/armtools/bin/../lib/gcc/arm-atollic-eabi/6.3.1/../../../../arm-atollic-eabi/lib/armv7e-m/fpu\libc_nano.a(lib_a-mbtowc_r.o)
 .debug_frame   0x000036b0       0x28 c:/program files (x86)/atollic/truestudio for arm 8.1.0/armtools/bin/../lib/gcc/arm-atollic-eabi/6.3.1/../../../../arm-atollic-eabi/lib/armv7e-m/fpu\libc_nano.a(lib_a-memcpy-stub.o)
 .debug_frame   0x000036d8      0x240 c:/program files (x86)/atollic/truestudio for arm 8.1.0/armtools/bin/../lib/gcc/arm-atollic-eabi/6.3.1/../../../../arm-atollic-eabi/lib/armv7e-m/fpu\libc_nano.a(lib_a-mprec.o)
 .debug_frame   0x00003918       0x2c c:/program files (x86)/atollic/truestudio for arm 8.1.0/armtools/bin/../lib/gcc/arm-atollic-eabi/6.3.1/../../../../arm-atollic-eabi/lib/armv7e-m/fpu\libc_nano.a(lib_a-nano-callocr.o)
 .debug_frame   0x00003944       0x2c c:/program files (x86)/atollic/truestudio for arm 8.1.0/armtools/bin/../lib/gcc/arm-atollic-eabi/6.3.1/../../../../arm-atollic-eabi/lib/armv7e-m/fpu\libc_nano.a(lib_a-nano-mallocr.o)
 .debug_frame   0x00003970       0x2c c:/program files (x86)/atollic/truestudio for arm 8.1.0/armtools/bin/../lib/gcc/arm-atollic-eabi/6.3.1/../../../../arm-atollic-eabi/lib/armv7e-m/fpu\libc_nano.a(lib_a-sbrkr.o)
 .debug_frame   0x0000399c       0x28 c:/program files (x86)/atollic/truestudio for arm 8.1.0/armtools/bin/../lib/gcc/arm-atollic-eabi/6.3.1/../../../../arm-atollic-eabi/lib/armv7e-m/fpu\libc_nano.a(lib_a-strncmp.o)
 .debug_frame   0x000039c4       0x3c c:/program files (x86)/atollic/truestudio for arm 8.1.0/armtools/bin/../lib/gcc/arm-atollic-eabi/6.3.1/../../../../arm-atollic-eabi/lib/armv7e-m/fpu\libc_nano.a(lib_a-wctomb_r.o)
 .debug_frame   0x00003a00       0x30 c:/program files (x86)/atollic/truestudio for arm 8.1.0/armtools/bin/../lib/gcc/arm-atollic-eabi/6.3.1/../../../../arm-atollic-eabi/lib/armv7e-m/fpu\libc_nano.a(lib_a-mlock.o)
 .debug_frame   0x00003a30       0x5c c:/program files (x86)/atollic/truestudio for arm 8.1.0/armtools/bin/../lib/gcc/arm-atollic-eabi/6.3.1/../../../../arm-atollic-eabi/lib/armv7e-m/fpu\libc_nano.a(lib_a-reent.o)
 .debug_frame   0x00003a8c       0xac c:/program files (x86)/atollic/truestudio for arm 8.1.0/armtools/bin/../lib/gcc/arm-atollic-eabi/6.3.1/armv7e-m/fpu\libgcc.a(_arm_addsubdf3.o)
 .debug_frame   0x00003b38       0x50 c:/program files (x86)/atollic/truestudio for arm 8.1.0/armtools/bin/../lib/gcc/arm-atollic-eabi/6.3.1/armv7e-m/fpu\libgcc.a(_arm_muldivdf3.o)
 .debug_frame   0x00003b88       0xc4 c:/program files (x86)/atollic/truestudio for arm 8.1.0/armtools/bin/../lib/gcc/arm-atollic-eabi/6.3.1/armv7e-m/fpu\libgcc.a(_arm_cmpdf2.o)
 .debug_frame   0x00003c4c       0x24 c:/program files (x86)/atollic/truestudio for arm 8.1.0/armtools/bin/../lib/gcc/arm-atollic-eabi/6.3.1/armv7e-m/fpu\libgcc.a(_arm_fixdfsi.o)
 .debug_frame   0x00003c70       0x24 c:/program files (x86)/atollic/truestudio for arm 8.1.0/armtools/bin/../lib/gcc/arm-atollic-eabi/6.3.1/armv7e-m/fpu\libgcc.a(_arm_fixunsdfsi.o)
 .debug_frame   0x00003c94       0x20 c:/program files (x86)/atollic/truestudio for arm 8.1.0/armtools/bin/../lib/gcc/arm-atollic-eabi/6.3.1/../../../../arm-atollic-eabi/lib/armv7e-m/fpu\libnosys.a(sbrk.o)

.stabstr        0x00000000       0x3f
 .stabstr       0x00000000       0x3f c:/program files (x86)/atollic/truestudio for arm 8.1.0/armtools/bin/../lib/gcc/arm-atollic-eabi/6.3.1/../../../../arm-atollic-eabi/lib/armv7e-m/fpu\libnosys.a(write.o)

Cross Reference Table

Symbol                                            File
ACT                                               src\gprs.o
ADC_IRQHandler                                    src\startup_stm32f411xe.o
AHBPrescTable                                     src\system_stm32f4xx.o
                                                  Drivers\STM32F4xx_HAL_Driver\Src\stm32f4xx_hal_rcc.o
APBPrescTable                                     src\system_stm32f4xx.o
                                                  Drivers\STM32F4xx_HAL_Driver\Src\stm32f4xx_hal_rcc.o
BSP_GetVersion                                    Drivers\BSP\STM32F4xx-Nucleo\stm32f4xx_nucleo.o
BSP_LED_DeInit                                    Drivers\BSP\STM32F4xx-Nucleo\stm32f4xx_nucleo.o
BSP_LED_Init                                      Drivers\BSP\STM32F4xx-Nucleo\stm32f4xx_nucleo.o
                                                  src\main.o
                                                  src\init.o
BSP_LED_Off                                       Drivers\BSP\STM32F4xx-Nucleo\stm32f4xx_nucleo.o
BSP_LED_On                                        Drivers\BSP\STM32F4xx-Nucleo\stm32f4xx_nucleo.o
                                                  src\main.o
BSP_LED_Toggle                                    Drivers\BSP\STM32F4xx-Nucleo\stm32f4xx_nucleo.o
                                                  src\main.o
                                                  src\init.o
BSP_PB_DeInit                                     Drivers\BSP\STM32F4xx-Nucleo\stm32f4xx_nucleo.o
BSP_PB_GetState                                   Drivers\BSP\STM32F4xx-Nucleo\stm32f4xx_nucleo.o
                                                  src\init.o
BSP_PB_Init                                       Drivers\BSP\STM32F4xx-Nucleo\stm32f4xx_nucleo.o
                                                  src\lp_modes.o
                                                  src\init.o
BUTTON_IRQn                                       Drivers\BSP\STM32F4xx-Nucleo\stm32f4xx_nucleo.o
BUTTON_PIN                                        Drivers\BSP\STM32F4xx-Nucleo\stm32f4xx_nucleo.o
BUTTON_PORT                                       Drivers\BSP\STM32F4xx-Nucleo\stm32f4xx_nucleo.o
BusFault_Handler                                  src\startup_stm32f411xe.o
DMA1_Stream0_IRQHandler                           src\startup_stm32f411xe.o
DMA1_Stream1_IRQHandler                           src\startup_stm32f411xe.o
DMA1_Stream2_IRQHandler                           src\startup_stm32f411xe.o
DMA1_Stream3_IRQHandler                           src\startup_stm32f411xe.o
DMA1_Stream4_IRQHandler                           src\startup_stm32f411xe.o
DMA1_Stream5_IRQHandler                           src\startup_stm32f411xe.o
DMA1_Stream6_IRQHandler                           src\startup_stm32f411xe.o
DMA1_Stream7_IRQHandler                           src\startup_stm32f411xe.o
DMA2_Stream0_IRQHandler                           src\startup_stm32f411xe.o
DMA2_Stream1_IRQHandler                           src\startup_stm32f411xe.o
DMA2_Stream2_IRQHandler                           src\stm32f4xx_it.o
                                                  src\startup_stm32f411xe.o
DMA2_Stream3_IRQHandler                           src\startup_stm32f411xe.o
DMA2_Stream4_IRQHandler                           src\startup_stm32f411xe.o
DMA2_Stream5_IRQHandler                           src\stm32f4xx_it.o
                                                  src\startup_stm32f411xe.o
DMA2_Stream6_IRQHandler                           src\stm32f4xx_it.o
                                                  src\startup_stm32f411xe.o
DMA2_Stream7_IRQHandler                           src\stm32f4xx_it.o
                                                  src\startup_stm32f411xe.o
DMA_Init                                          src\init.o
                                                  src\main.o
DebugMon_Handler                                  src\startup_stm32f411xe.o
Default_Handler                                   src\startup_stm32f411xe.o
EXTI0_IRQHandler                                  src\startup_stm32f411xe.o
EXTI15_10_IRQHandler                              src\stm32f4xx_it.o
                                                  src\startup_stm32f411xe.o
EXTI1_IRQHandler                                  src\startup_stm32f411xe.o
EXTI2_IRQHandler                                  src\startup_stm32f411xe.o
EXTI3_IRQHandler                                  src\startup_stm32f411xe.o
EXTI4_IRQHandler                                  src\startup_stm32f411xe.o
EXTI9_5_IRQHandler                                src\startup_stm32f411xe.o
Error_Handler                                     src\main.o
                                                  src\lp_modes.o
                                                  src\init.o
                                                  src\gps.o
FLASH_Erase_Sector                                Drivers\STM32F4xx_HAL_Driver\Src\stm32f4xx_hal_flash_ex.o
                                                  Drivers\STM32F4xx_HAL_Driver\Src\stm32f4xx_hal_flash.o