Archive member included to satisfy reference by file (symbol)

c:/program files (x86)/atollic/truestudio for arm 8.1.0/armtools/bin/../lib/gcc/arm-atollic-eabi/6.3.1/../../../../arm-atollic-eabi/lib/armv7e-m/fpu\libc_nano.a(lib_a-atof.o)
                              src\gps.o (atof)
c:/program files (x86)/atollic/truestudio for arm 8.1.0/armtools/bin/../lib/gcc/arm-atollic-eabi/6.3.1/../../../../arm-atollic-eabi/lib/armv7e-m/fpu\libc_nano.a(lib_a-atoi.o)
                              src\gps.o (atoi)
c:/program files (x86)/atollic/truestudio for arm 8.1.0/armtools/bin/../lib/gcc/arm-atollic-eabi/6.3.1/../../../../arm-atollic-eabi/lib/armv7e-m/fpu\libc_nano.a(lib_a-init.o)
                              src\startup_stm32f411xe.o (__libc_init_array)
c:/program files (x86)/atollic/truestudio for arm 8.1.0/armtools/bin/../lib/gcc/arm-atollic-eabi/6.3.1/../../../../arm-atollic-eabi/lib/armv7e-m/fpu\libc_nano.a(lib_a-memset.o)
                              src\gps.o (memset)
c:/program files (x86)/atollic/truestudio for arm 8.1.0/armtools/bin/../lib/gcc/arm-atollic-eabi/6.3.1/../../../../arm-atollic-eabi/lib/armv7e-m/fpu\libc_nano.a(lib_a-strchr.o)
                              src\gps.o (strchr)
c:/program files (x86)/atollic/truestudio for arm 8.1.0/armtools/bin/../lib/gcc/arm-atollic-eabi/6.3.1/../../../../arm-atollic-eabi/lib/armv7e-m/fpu\libc_nano.a(lib_a-strcmp.o)
                              src\gps.o (strcmp)
c:/program files (x86)/atollic/truestudio for arm 8.1.0/armtools/bin/../lib/gcc/arm-atollic-eabi/6.3.1/../../../../arm-atollic-eabi/lib/armv7e-m/fpu\libc_nano.a(lib_a-strcpy.o)
                              src\gps.o (strcpy)
c:/program files (x86)/atollic/truestudio for arm 8.1.0/armtools/bin/../lib/gcc/arm-atollic-eabi/6.3.1/../../../../arm-atollic-eabi/lib/armv7e-m/fpu\libc_nano.a(lib_a-strlen.o)
                              src\gprs.o (strlen)
c:/program files (x86)/atollic/truestudio for arm 8.1.0/armtools/bin/../lib/gcc/arm-atollic-eabi/6.3.1/../../../../arm-atollic-eabi/lib/armv7e-m/fpu\libc_nano.a(lib_a-strncmp.o)
                              src\gprs.o (strncmp)
c:/program files (x86)/atollic/truestudio for arm 8.1.0/armtools/bin/../lib/gcc/arm-atollic-eabi/6.3.1/../../../../arm-atollic-eabi/lib/armv7e-m/fpu\libc_nano.a(lib_a-strstr.o)
                              src\gps.o (strstr)
c:/program files (x86)/atollic/truestudio for arm 8.1.0/armtools/bin/../lib/gcc/arm-atollic-eabi/6.3.1/../../../../arm-atollic-eabi/lib/armv7e-m/fpu\libc_nano.a(lib_a-strtod.o)
                              c:/program files (x86)/atollic/truestudio for arm 8.1.0/armtools/bin/../lib/gcc/arm-atollic-eabi/6.3.1/../../../../arm-atollic-eabi/lib/armv7e-m/fpu\libc_nano.a(lib_a-atof.o) (strtod)
c:/program files (x86)/atollic/truestudio for arm 8.1.0/armtools/bin/../lib/gcc/arm-atollic-eabi/6.3.1/../../../../arm-atollic-eabi/lib/armv7e-m/fpu\libc_nano.a(lib_a-strtok.o)
                              src\gps.o (strtok)
c:/program files (x86)/atollic/truestudio for arm 8.1.0/armtools/bin/../lib/gcc/arm-atollic-eabi/6.3.1/../../../../arm-atollic-eabi/lib/armv7e-m/fpu\libc_nano.a(lib_a-strtok_r.o)
                              c:/program files (x86)/atollic/truestudio for arm 8.1.0/armtools/bin/../lib/gcc/arm-atollic-eabi/6.3.1/../../../../arm-atollic-eabi/lib/armv7e-m/fpu\libc_nano.a(lib_a-strtok.o) (__strtok_r)
c:/program files (x86)/atollic/truestudio for arm 8.1.0/armtools/bin/../lib/gcc/arm-atollic-eabi/6.3.1/../../../../arm-atollic-eabi/lib/armv7e-m/fpu\libc_nano.a(lib_a-strtol.o)
                              c:/program files (x86)/atollic/truestudio for arm 8.1.0/armtools/bin/../lib/gcc/arm-atollic-eabi/6.3.1/../../../../arm-atollic-eabi/lib/armv7e-m/fpu\libc_nano.a(lib_a-atoi.o) (_strtol_r)
c:/program files (x86)/atollic/truestudio for arm 8.1.0/armtools/bin/../lib/gcc/arm-atollic-eabi/6.3.1/../../../../arm-atollic-eabi/lib/armv7e-m/fpu\libc_nano.a(lib_a-gdtoa-gethex.o)
                              c:/program files (x86)/atollic/truestudio for arm 8.1.0/armtools/bin/../lib/gcc/arm-atollic-eabi/6.3.1/../../../../arm-atollic-eabi/lib/armv7e-m/fpu\libc_nano.a(lib_a-strtod.o) (__gethex)
c:/program files (x86)/atollic/truestudio for arm 8.1.0/armtools/bin/../lib/gcc/arm-atollic-eabi/6.3.1/../../../../arm-atollic-eabi/lib/armv7e-m/fpu\libc_nano.a(lib_a-gdtoa-hexnan.o)
                              c:/program files (x86)/atollic/truestudio for arm 8.1.0/armtools/bin/../lib/gcc/arm-atollic-eabi/6.3.1/../../../../arm-atollic-eabi/lib/armv7e-m/fpu\libc_nano.a(lib_a-strtod.o) (__match)
c:/program files (x86)/atollic/truestudio for arm 8.1.0/armtools/bin/../lib/gcc/arm-atollic-eabi/6.3.1/../../../../arm-atollic-eabi/lib/armv7e-m/fpu\libc_nano.a(lib_a-impure.o)
                              c:/program files (x86)/atollic/truestudio for arm 8.1.0/armtools/bin/../lib/gcc/arm-atollic-eabi/6.3.1/../../../../arm-atollic-eabi/lib/armv7e-m/fpu\libc_nano.a(lib_a-strtod.o) (_impure_ptr)
[...]
Memory Configuration

Name             Origin             Length             Attributes
FLASH            0x08000000         0x00040000         xr
RAM              0x20000000         0x00020000         xrw
MEMORY_B1        0x60000000         0x00000000         xr
DATA             0x08040000         0x00020000         xrw
*default*        0x00000000         0xffffffff

Linker script and memory map

LOAD c:/program files (x86)/atollic/truestudio for arm 8.1.0/armtools/bin/../lib/gcc/arm-atollic-eabi/6.3.1/armv7e-m/fpu/crti.o
LOAD c:/program files (x86)/atollic/truestudio for arm 8.1.0/armtools/bin/../lib/gcc/arm-atollic-eabi/6.3.1/armv7e-m/fpu/crtbegin.o
LOAD Drivers\BSP\STM32F4xx-Nucleo\stm32f4xx_nucleo.o
LOAD Drivers\STM32F4xx_HAL_Driver\Src\stm32f4xx_hal.o
LOAD Drivers\STM32F4xx_HAL_Driver\Src\stm32f4xx_hal_adc.o
LOAD Drivers\STM32F4xx_HAL_Driver\Src\stm32f4xx_hal_adc_ex.o
LOAD Drivers\STM32F4xx_HAL_Driver\Src\stm32f4xx_hal_cortex.o
LOAD Drivers\STM32F4xx_HAL_Driver\Src\stm32f4xx_hal_crc.o
LOAD Drivers\STM32F4xx_HAL_Driver\Src\stm32f4xx_hal_dma.o
LOAD Drivers\STM32F4xx_HAL_Driver\Src\stm32f4xx_hal_dma2d.o
LOAD Drivers\STM32F4xx_HAL_Driver\Src\stm32f4xx_hal_dma_ex.o
LOAD Drivers\STM32F4xx_HAL_Driver\Src\stm32f4xx_hal_flash.o
LOAD Drivers\STM32F4xx_HAL_Driver\Src\stm32f4xx_hal_flash_ex.o
LOAD Drivers\STM32F4xx_HAL_Driver\Src\stm32f4xx_hal_flash_ramfunc.o
LOAD Drivers\STM32F4xx_HAL_Driver\Src\stm32f4xx_hal_gpio.o
LOAD Drivers\STM32F4xx_HAL_Driver\Src\stm32f4xx_hal_i2c.o
LOAD Drivers\STM32F4xx_HAL_Driver\Src\stm32f4xx_hal_i2c_ex.o
LOAD Drivers\STM32F4xx_HAL_Driver\Src\stm32f4xx_hal_nand.o
LOAD Drivers\STM32F4xx_HAL_Driver\Src\stm32f4xx_hal_nor.o
LOAD Drivers\STM32F4xx_HAL_Driver\Src\stm32f4xx_hal_pccard.o
LOAD Drivers\STM32F4xx_HAL_Driver\Src\stm32f4xx_hal_pwr.o
LOAD Drivers\STM32F4xx_HAL_Driver\Src\stm32f4xx_hal_pwr_ex.o
LOAD Drivers\STM32F4xx_HAL_Driver\Src\stm32f4xx_hal_rcc.o
LOAD Drivers\STM32F4xx_HAL_Driver\Src\stm32f4xx_hal_rcc_ex.o
LOAD Drivers\STM32F4xx_HAL_Driver\Src\stm32f4xx_hal_rtc.o
LOAD Drivers\STM32F4xx_HAL_Driver\Src\stm32f4xx_hal_rtc_ex.o
LOAD Drivers\STM32F4xx_HAL_Driver\Src\stm32f4xx_hal_sd.o
LOAD Drivers\STM32F4xx_HAL_Driver\Src\stm32f4xx_hal_sdram.o
LOAD Drivers\STM32F4xx_HAL_Driver\Src\stm32f4xx_hal_smartcard.o
LOAD Drivers\STM32F4xx_HAL_Driver\Src\stm32f4xx_hal_spi.o
LOAD Drivers\STM32F4xx_HAL_Driver\Src\stm32f4xx_hal_sram.o
LOAD Drivers\STM32F4xx_HAL_Driver\Src\stm32f4xx_hal_tim.o
LOAD Drivers\STM32F4xx_HAL_Driver\Src\stm32f4xx_hal_tim_ex.o
LOAD Drivers\STM32F4xx_HAL_Driver\Src\stm32f4xx_hal_uart.o
LOAD Drivers\STM32F4xx_HAL_Driver\Src\stm32f4xx_hal_usart.o
LOAD Drivers\STM32F4xx_HAL_Driver\Src\stm32f4xx_hal_wwdg.o
LOAD src\gprs.o
LOAD src\gps.o
LOAD src\init.o
LOAD src\lora.o
LOAD src\lp_modes.o
LOAD src\main.o
LOAD src\startup_stm32f411xe.o
LOAD src\stm32f4xx_hal_msp.o
LOAD src\stm32f4xx_it.o
LOAD src\system_stm32f4xx.o
LOAD src\tiny_printf.o
                0x00000080                malloc_getpagesize_P = 0x80
START GROUP
LOAD c:/program files (x86)/atollic/truestudio for arm 8.1.0/armtools/bin/../lib/gcc/arm-atollic-eabi/6.3.1/../../../../arm-atollic-eabi/lib/armv7e-m/fpu\libc_nano.a
LOAD c:/program files (x86)/atollic/truestudio for arm 8.1.0/armtools/bin/../lib/gcc/arm-atollic-eabi/6.3.1/../../../../arm-atollic-eabi/lib/armv7e-m/fpu\libm.a
END GROUP
START GROUP
LOAD c:/program files (x86)/atollic/truestudio for arm 8.1.0/armtools/bin/../lib/gcc/arm-atollic-eabi/6.3.1/armv7e-m/fpu\libgcc.a
LOAD c:/program files (x86)/atollic/truestudio for arm 8.1.0/armtools/bin/../lib/gcc/arm-atollic-eabi/6.3.1/../../../../arm-atollic-eabi/lib/armv7e-m/fpu\libc_nano.a
END GROUP
START GROUP
LOAD c:/program files (x86)/atollic/truestudio for arm 8.1.0/armtools/bin/../lib/gcc/arm-atollic-eabi/6.3.1/armv7e-m/fpu\libgcc.a
LOAD c:/program files (x86)/atollic/truestudio for arm 8.1.0/armtools/bin/../lib/gcc/arm-atollic-eabi/6.3.1/../../../../arm-atollic-eabi/lib/armv7e-m/fpu\libc_nano.a
LOAD c:/program files (x86)/atollic/truestudio for arm 8.1.0/armtools/bin/../lib/gcc/arm-atollic-eabi/6.3.1/../../../../arm-atollic-eabi/lib/armv7e-m/fpu\libnosys.a
END GROUP
START GROUP
LOAD c:/program files (x86)/atollic/truestudio for arm 8.1.0/armtools/bin/../lib/gcc/arm-atollic-eabi/6.3.1/armv7e-m/fpu\libgcc.a
LOAD c:/program files (x86)/atollic/truestudio for arm 8.1.0/armtools/bin/../lib/gcc/arm-atollic-eabi/6.3.1/../../../../arm-atollic-eabi/lib/armv7e-m/fpu\libc_nano.a
LOAD c:/program files (x86)/atollic/truestudio for arm 8.1.0/armtools/bin/../lib/gcc/arm-atollic-eabi/6.3.1/../../../../arm-atollic-eabi/lib/armv7e-m/fpu\libnosys.a
END GROUP
LOAD c:/program files (x86)/atollic/truestudio for arm 8.1.0/armtools/bin/../lib/gcc/arm-atollic-eabi/6.3.1/armv7e-m/fpu/crtend.o
LOAD c:/program files (x86)/atollic/truestudio for arm 8.1.0/armtools/bin/../lib/gcc/arm-atollic-eabi/6.3.1/armv7e-m/fpu/crtn.o
                0x20020000                _estack = 0x20020000
                0x00000000                _Min_Heap_Size = 0x0
                0x00000400                _Min_Stack_Size = 0x400

.isr_vector     0x08000000      0x198
                0x08000000                . = ALIGN (0x4)
 *(.isr_vector)
 .isr_vector    0x08000000      0x198 src\startup_stm32f411xe.o
                0x08000000                g_pfnVectors
                0x08000198                . = ALIGN (0x4)

.text           0x08000198     0x6570
                0x08000198                . = ALIGN (0x4)
 *(.text)
 .text          0x08000198       0x40 c:/program files (x86)/atollic/truestudio for arm 8.1.0/armtools/bin/../lib/gcc/arm-atollic-eabi/6.3.1/armv7e-m/fpu/crtbegin.o
 .text          0x080001d8       0x14 c:/program files (x86)/atollic/truestudio for arm 8.1.0/armtools/bin/../lib/gcc/arm-atollic-eabi/6.3.1/../../../../arm-atollic-eabi/lib/armv7e-m/fpu\libc_nano.a(lib_a-strcmp.o)
                0x080001d8                strcmp
 .text          0x080001ec       0x10 c:/program files (x86)/atollic/truestudio for arm 8.1.0/armtools/bin/../lib/gcc/arm-atollic-eabi/6.3.1/../../../../arm-atollic-eabi/lib/armv7e-m/fpu\libc_nano.a(lib_a-strlen.o)
                0x080001ec                strlen
 .text          0x080001fc      0x370 c:/program files (x86)/atollic/truestudio for arm 8.1.0/armtools/bin/../lib/gcc/arm-atollic-eabi/6.3.1/armv7e-m/fpu\libgcc.a(_arm_addsubdf3.o)
                0x080001fc                __aeabi_drsub
                0x08000204                __aeabi_dsub
                0x08000204                __subdf3
                0x08000208                __aeabi_dadd
                0x08000208                __adddf3
                0x08000480                __floatunsidf
                0x08000480                __aeabi_ui2d
                0x080004a0                __floatsidf
                0x080004a0                __aeabi_i2d
                0x080004c4                __aeabi_f2d
                0x080004c4                __extendsfdf2
                0x08000500                __floatundidf
                0x08000500                __aeabi_ul2d
                0x08000510                __floatdidf
                0x08000510                __aeabi_l2d
 .text          0x0800056c      0x424 c:/program files (x86)/atollic/truestudio for arm 8.1.0/armtools/bin/../lib/gcc/arm-atollic-eabi/6.3.1/armv7e-m/fpu\libgcc.a(_arm_muldivdf3.o)
                0x0800056c                __aeabi_dmul
                0x0800056c                __muldf3
                0x080007c0                __divdf3
                0x080007c0                __aeabi_ddiv
 .text          0x08000990      0x110 c:/program files (x86)/atollic/truestudio for arm 8.1.0/armtools/bin/../lib/gcc/arm-atollic-eabi/6.3.1/armv7e-m/fpu\libgcc.a(_arm_cmpdf2.o)
                0x08000990                __gtdf2
                0x08000990                __gedf2
                0x08000998                __ltdf2
                0x08000998                __ledf2
                0x080009a0                __nedf2
                0x080009a0                __eqdf2
                0x080009a0                __cmpdf2
                0x08000a1c                __aeabi_cdrcmple
                0x08000a2c                __aeabi_cdcmpeq
                0x08000a2c                __aeabi_cdcmple
                0x08000a3c                __aeabi_dcmpeq
                0x08000a50                __aeabi_dcmplt
                0x08000a64                __aeabi_dcmple
                0x08000a78                __aeabi_dcmpge
                0x08000a8c                __aeabi_dcmpgt
 .text          0x08000aa0       0x50 c:/program files (x86)/atollic/truestudio for arm 8.1.0/armtools/bin/../lib/gcc/arm-atollic-eabi/6.3.1/armv7e-m/fpu\libgcc.a(_arm_fixdfsi.o)
                0x08000aa0                __aeabi_d2iz
                0x08000aa0                __fixdfsi
 .text          0x08000af0       0x40 c:/program files (x86)/atollic/truestudio for arm 8.1.0/armtools/bin/../lib/gcc/arm-atollic-eabi/6.3.1/armv7e-m/fpu\libgcc.a(_arm_fixunsdfsi.o)
                0x08000af0                __aeabi_d2uiz
                0x08000af0                __fixunsdfsi
 *(.text*)
 .text.BSP_LED_Init
                0x08000b30       0x6c Drivers\BSP\STM32F4xx-Nucleo\stm32f4xx_nucleo.o
                0x08000b30                BSP_LED_Init
 .text.BSP_LED_On
                0x08000b9c       0x28 Drivers\BSP\STM32F4xx-Nucleo\stm32f4xx_nucleo.o
                0x08000b9c                BSP_LED_On
 .text.BSP_LED_Toggle
                0x08000bc4       0x28 Drivers\BSP\STM32F4xx-Nucleo\stm32f4xx_nucleo.o
                0x08000bc4                BSP_LED_Toggle
 .text.HAL_Init
                0x08000bec       0x44 Drivers\STM32F4xx_HAL_Driver\Src\stm32f4xx_hal.o
                0x08000bec                HAL_Init
 .text.HAL_InitTick
                0x08000c30       0x38 Drivers\STM32F4xx_HAL_Driver\Src\stm32f4xx_hal.o
                0x08000c30                HAL_InitTick
 .text.HAL_IncTick
                0x08000c68       0x1c Drivers\STM32F4xx_HAL_Driver\Src\stm32f4xx_hal.o
                0x08000c68                HAL_IncTick
 .text.HAL_GetTick
                0x08000c84       0x18 Drivers\STM32F4xx_HAL_Driver\Src\stm32f4xx_hal.o
                0x08000c84                HAL_GetTick
 .text.HAL_Delay
                0x08000c9c       0x3a Drivers\STM32F4xx_HAL_Driver\Src\stm32f4xx_hal.o
                0x08000c9c                HAL_Delay
 *fill*         0x08000cd6        0x2 
 .text.NVIC_SetPriorityGrouping
                0x08000cd8       0x48 Drivers\STM32F4xx_HAL_Driver\Src\stm32f4xx_hal_cortex.o
 .text.NVIC_GetPriorityGrouping
                0x08000d20       0x1c Drivers\STM32F4xx_HAL_Driver\Src\stm32f4xx_hal_cortex.o
 .text.NVIC_EnableIRQ
                0x08000d3c       0x34 Drivers\STM32F4xx_HAL_Driver\Src\stm32f4xx_hal_cortex.o
 .text.NVIC_SetPriority
                0x08000d70       0x54 Drivers\STM32F4xx_HAL_Driver\Src\stm32f4xx_hal_cortex.o
 .text.NVIC_EncodePriority
                0x08000dc4       0x62 Drivers\STM32F4xx_HAL_Driver\Src\stm32f4xx_hal_cortex.o
 *fill*         0x08000e26        0x2 
 .text.SysTick_Config
                0x08000e28       0x44 Drivers\STM32F4xx_HAL_Driver\Src\stm32f4xx_hal_cortex.o
 .text.HAL_NVIC_SetPriorityGrouping
                0x08000e6c       0x16 Drivers\STM32F4xx_HAL_Driver\Src\stm32f4xx_hal_cortex.o
                0x08000e6c                HAL_NVIC_SetPriorityGrouping
 .text.HAL_NVIC_SetPriority
                0x08000e82       0x38 Drivers\STM32F4xx_HAL_Driver\Src\stm32f4xx_hal_cortex.o
                0x08000e82                HAL_NVIC_SetPriority
 .text.HAL_NVIC_EnableIRQ
                0x08000eba       0x1c Drivers\STM32F4xx_HAL_Driver\Src\stm32f4xx_hal_cortex.o
                0x08000eba                HAL_NVIC_EnableIRQ
 .text.HAL_SYSTICK_Config
                0x08000ed6       0x18 Drivers\STM32F4xx_HAL_Driver\Src\stm32f4xx_hal_cortex.o
                0x08000ed6                HAL_SYSTICK_Config
 .text.HAL_SYSTICK_IRQHandler
                0x08000eee        0xc Drivers\STM32F4xx_HAL_Driver\Src\stm32f4xx_hal_cortex.o
                0x08000eee                HAL_SYSTICK_IRQHandler
 *fill*         0x08000efa        0x2 
 .text.HAL_DMA_Init
                0x08000efc      0x15c Drivers\STM32F4xx_HAL_Driver\Src\stm32f4xx_hal_dma.o
                0x08000efc                HAL_DMA_Init
 .text.HAL_DMA_Start_IT
                0x08001058       0xc0 Drivers\STM32F4xx_HAL_Driver\Src\stm32f4xx_hal_dma.o
                0x08001058                HAL_DMA_Start_IT
 .text.HAL_DMA_Abort_IT
                0x08001118       0x44 Drivers\STM32F4xx_HAL_Driver\Src\stm32f4xx_hal_dma.o
                0x08001118                HAL_DMA_Abort_IT
 .text.HAL_DMA_IRQHandler
                0x0800115c      0x320 Drivers\STM32F4xx_HAL_Driver\Src\stm32f4xx_hal_dma.o
                0x0800115c                HAL_DMA_IRQHandler
 .text.DMA_SetConfig
                0x0800147c       0x5c Drivers\STM32F4xx_HAL_Driver\Src\stm32f4xx_hal_dma.o
 .text.DMA_CalcBaseAndBitshift
                0x080014d8       0x6c Drivers\STM32F4xx_HAL_Driver\Src\stm32f4xx_hal_dma.o
 .text.DMA_CheckFifoParam
                0x08001544       0xf4 Drivers\STM32F4xx_HAL_Driver\Src\stm32f4xx_hal_dma.o
 .text.HAL_GPIO_Init
                0x08001638      0x304 Drivers\STM32F4xx_HAL_Driver\Src\stm32f4xx_hal_gpio.o
                0x08001638                HAL_GPIO_Init
 .text.HAL_GPIO_WritePin
                0x0800193c       0x32 Drivers\STM32F4xx_HAL_Driver\Src\stm32f4xx_hal_gpio.o
                0x0800193c                HAL_GPIO_WritePin
 .text.HAL_GPIO_TogglePin
                0x0800196e       0x24 Drivers\STM32F4xx_HAL_Driver\Src\stm32f4xx_hal_gpio.o
                0x0800196e                HAL_GPIO_TogglePin
 *fill*         0x08001992        0x2 
 .text.HAL_GPIO_EXTI_IRQHandler
                0x08001994       0x30 Drivers\STM32F4xx_HAL_Driver\Src\stm32f4xx_hal_gpio.o
                0x08001994                HAL_GPIO_EXTI_IRQHandler
 .text.HAL_RCC_OscConfig
                0x080019c4      0x4b4 Drivers\STM32F4xx_HAL_Driver\Src\stm32f4xx_hal_rcc.o
                0x080019c4                HAL_RCC_OscConfig
 .text.HAL_RCC_ClockConfig
                0x08001e78      0x224 Drivers\STM32F4xx_HAL_Driver\Src\stm32f4xx_hal_rcc.o
                0x08001e78                HAL_RCC_ClockConfig
 .text.HAL_RCC_GetSysClockFreq
                0x0800209c       0xfc Drivers\STM32F4xx_HAL_Driver\Src\stm32f4xx_hal_rcc.o
                0x0800209c                HAL_RCC_GetSysClockFreq
 .text.HAL_RCC_GetHCLKFreq
                0x08002198       0x18 Drivers\STM32F4xx_HAL_Driver\Src\stm32f4xx_hal_rcc.o
                0x08002198                HAL_RCC_GetHCLKFreq
 .text.HAL_RCC_GetPCLK1Freq
                0x080021b0       0x44 Drivers\STM32F4xx_HAL_Driver\Src\stm32f4xx_hal_rcc.o
                0x080021b0                HAL_RCC_GetPCLK1Freq
 .text.HAL_RCC_GetPCLK2Freq
                0x080021f4       0x44 Drivers\STM32F4xx_HAL_Driver\Src\stm32f4xx_hal_rcc.o
                0x080021f4                HAL_RCC_GetPCLK2Freq
 .text.HAL_RTCEx_WakeUpTimerIRQHandler
                0x08002238       0x58 Drivers\STM32F4xx_HAL_Driver\Src\stm32f4xx_hal_rtc_ex.o
                0x08002238                HAL_RTCEx_WakeUpTimerIRQHandler
 .text.HAL_SPI_IRQHandler
                0x08002290      0x1b0 Drivers\STM32F4xx_HAL_Driver\Src\stm32f4xx_hal_spi.o
                0x08002290                HAL_SPI_IRQHandler
 .text.HAL_SPI_ErrorCallback
                0x08002440       0x14 Drivers\STM32F4xx_HAL_Driver\Src\stm32f4xx_hal_spi.o
                0x08002440                HAL_SPI_ErrorCallback
 .text.SPI_DMAAbortOnError
                0x08002454       0x28 Drivers\STM32F4xx_HAL_Driver\Src\stm32f4xx_hal_spi.o
 .text.HAL_UART_Init
                0x0800247c       0x9a Drivers\STM32F4xx_HAL_Driver\Src\stm32f4xx_hal_uart.o
                0x0800247c                HAL_UART_Init
 .text.HAL_UART_Transmit
                0x08002516      0x130 Drivers\STM32F4xx_HAL_Driver\Src\stm32f4xx_hal_uart.o
                0x08002516                HAL_UART_Transmit
 *fill*         0x08002646        0x2 
 .text.HAL_UART_Transmit_DMA
                0x08002648       0xd8 Drivers\STM32F4xx_HAL_Driver\Src\stm32f4xx_hal_uart.o
                0x08002648                HAL_UART_Transmit_DMA
 .text.HAL_UART_Receive_DMA
                0x08002720      0x100 Drivers\STM32F4xx_HAL_Driver\Src\stm32f4xx_hal_uart.o
                0x08002720                HAL_UART_Receive_DMA
 .text.HAL_UART_IRQHandler
                0x08002820      0x1f8 Drivers\STM32F4xx_HAL_Driver\Src\stm32f4xx_hal_uart.o
                0x08002820                HAL_UART_IRQHandler
 .text.HAL_UART_TxHalfCpltCallback
                0x08002a18       0x14 Drivers\STM32F4xx_HAL_Driver\Src\stm32f4xx_hal_uart.o
                0x08002a18                HAL_UART_TxHalfCpltCallback
 .text.HAL_UART_RxHalfCpltCallback
                0x08002a2c       0x14 Drivers\STM32F4xx_HAL_Driver\Src\stm32f4xx_hal_uart.o
                0x08002a2c                HAL_UART_RxHalfCpltCallback
 .text.HAL_UART_ErrorCallback
                0x08002a40       0x14 Drivers\STM32F4xx_HAL_Driver\Src\stm32f4xx_hal_uart.o
                0x08002a40                HAL_UART_ErrorCallback
 .text.UART_DMATransmitCplt
                0x08002a54       0x52 Drivers\STM32F4xx_HAL_Driver\Src\stm32f4xx_hal_uart.o
 .text.UART_DMATxHalfCplt
                0x08002aa6       0x1c Drivers\STM32F4xx_HAL_Driver\Src\stm32f4xx_hal_uart.o
 .text.UART_DMAReceiveCplt
                0x08002ac2       0x68 Drivers\STM32F4xx_HAL_Driver\Src\stm32f4xx_hal_uart.o
 .text.UART_DMARxHalfCplt
                0x08002b2a       0x1c Drivers\STM32F4xx_HAL_Driver\Src\stm32f4xx_hal_uart.o
 .text.UART_DMAError
                0x08002b46       0x94 Drivers\STM32F4xx_HAL_Driver\Src\stm32f4xx_hal_uart.o
 .text.UART_WaitOnFlagUntilTimeout
                0x08002bda       0x94 Drivers\STM32F4xx_HAL_Driver\Src\stm32f4xx_hal_uart.o
 .text.UART_EndTxTransfer
                0x08002c6e       0x2c Drivers\STM32F4xx_HAL_Driver\Src\stm32f4xx_hal_uart.o
 .text.UART_EndRxTransfer
                0x08002c9a       0x3c Drivers\STM32F4xx_HAL_Driver\Src\stm32f4xx_hal_uart.o
 .text.UART_DMAAbortOnError
                0x08002cd6       0x28 Drivers\STM32F4xx_HAL_Driver\Src\stm32f4xx_hal_uart.o
 .text.UART_Transmit_IT
                0x08002cfe       0xaa Drivers\STM32F4xx_HAL_Driver\Src\stm32f4xx_hal_uart.o
 .text.UART_EndTransmit_IT
                0x08002da8       0x30 Drivers\STM32F4xx_HAL_Driver\Src\stm32f4xx_hal_uart.o
 .text.UART_Receive_IT
                0x08002dd8       0xf2 Drivers\STM32F4xx_HAL_Driver\Src\stm32f4xx_hal_uart.o
 *fill*         0x08002eca        0x2 
 .text.UART_SetConfig
                0x08002ecc      0x438 Drivers\STM32F4xx_HAL_Driver\Src\stm32f4xx_hal_uart.o
 .text.send_ATCommand
                0x08003304       0x2c src\gprs.o
                0x08003304                send_ATCommand
 .text.inicializar_gps
                0x08003330       0xe4 src\gps.o
                0x08003330                inicializar_gps
 .text.guardar_coordenadas
                0x08003414       0x4c src\gps.o
                0x08003414                guardar_coordenadas
 .text.obtener_coordenadas
                0x08003460      0x3ec src\gps.o
                0x08003460                obtener_coordenadas
 .text.enviar_coordenadas_gprs
                0x0800384c       0xfc src\gps.o
                0x0800384c                enviar_coordenadas_gprs
 .text.formatoLat
                0x08003948      0x1ac src\gps.o
                0x08003948                formatoLat
 *fill*         0x08003af4        0x4 
 .text.formatoLong
                0x08003af8      0x1ac src\gps.o
                0x08003af8                formatoLong
 .text.formatoHora
                0x08003ca4       0xf4 src\gps.o
                0x08003ca4                formatoHora
 .text.formatoFecha
                0x08003d98       0x60 src\gps.o
                0x08003d98                formatoFecha
 .text.HAL_UART_TxCpltCallback
                0x08003df8       0x70 src\gps.o
                0x08003df8                HAL_UART_TxCpltCallback
 .text.HAL_UART_RxCpltCallback
                0x08003e68       0x64 src\gps.o
                0x08003e68                HAL_UART_RxCpltCallback
 .text.GPIO_Init
                0x08003ecc       0xa4 src\init.o
                0x08003ecc                GPIO_Init
 .text.UART1_Init
                0x08003f70       0x48 src\init.o
                0x08003f70                UART1_Init
 .text.UART2_Init
                0x08003fb8       0x48 src\init.o
                0x08003fb8                UART2_Init
 .text.UART6_Init
                0x08004000       0x48 src\init.o
                0x08004000                UART6_Init
 .text.DMA_Init
                0x08004048       0x70 src\init.o
                0x08004048                DMA_Init
 .text.HAL_SYSTICK_Callback
                0x080040b8        0xc src\init.o
                0x080040b8                HAL_SYSTICK_Callback
 .text.HAL_RTCEx_WakeUpTimerEventCallback
                0x080040c4       0x24 src\init.o
                0x080040c4                HAL_RTCEx_WakeUpTimerEventCallback
 .text.HAL_GPIO_EXTI_Callback
                0x080040e8       0x34 src\init.o
                0x080040e8                HAL_GPIO_EXTI_Callback
 .text.main     0x0800411c       0xe8 src\main.o
                0x0800411c                main
 .text.imprimir
                0x08004204       0x2c src\main.o
                0x08004204                imprimir
 .text.SystemClock_Config
                0x08004230       0xb8 src\main.o
                0x08004230                SystemClock_Config
 .text.Error_Handler
                0x080042e8        0xc src\main.o
                0x080042e8                Error_Handler
 .text.Reset_Handler
                0x080042f4       0x50 src\startup_stm32f411xe.o
                0x080042f4                Reset_Handler
 .text.Default_Handler
                0x08004344        0x2 src\startup_stm32f411xe.o
                0x08004344                RTC_Alarm_IRQHandler
                0x08004344                EXTI2_IRQHandler
                0x08004344                DebugMon_Handler
                0x08004344                SPI4_IRQHandler
                0x08004344                TIM1_CC_IRQHandler
                0x08004344                HardFault_Handler
                0x08004344                DMA1_Stream5_IRQHandler
                0x08004344                PVD_IRQHandler
                0x08004344                SDIO_IRQHandler
                0x08004344                TAMP_STAMP_IRQHandler
                0x08004344                PendSV_Handler
                0x08004344                NMI_Handler
                0x08004344                EXTI3_IRQHandler
                0x08004344                TIM1_UP_TIM10_IRQHandler
                0x08004344                I2C3_ER_IRQHandler
                0x08004344                EXTI0_IRQHandler
                0x08004344                I2C2_EV_IRQHandler
                0x08004344                DMA1_Stream2_IRQHandler
                0x08004344                FPU_IRQHandler
                0x08004344                UsageFault_Handler
                0x08004344                TIM1_BRK_TIM9_IRQHandler
                0x08004344                DMA2_Stream3_IRQHandler
                0x08004344                USART6_IRQHandler
                0x08004344                DMA2_Stream0_IRQHandler
                0x08004344                TIM4_IRQHandler
                0x08004344                I2C1_EV_IRQHandler
                0x08004344                DMA1_Stream6_IRQHandler
                0x08004344                DMA1_Stream1_IRQHandler
                0x08004344                TIM3_IRQHandler
                0x08004344                RCC_IRQHandler
                0x08004344                Default_Handler
                0x08004344                ADC_IRQHandler
                0x08004344                DMA1_Stream7_IRQHandler
                0x08004344                SPI5_IRQHandler
                0x08004344                TIM5_IRQHandler
                0x08004344                I2C3_EV_IRQHandler
                0x08004344                EXTI9_5_IRQHandler
                0x08004344                SPI2_IRQHandler
                0x08004344                MemManage_Handler
                0x08004344                DMA1_Stream0_IRQHandler
                0x08004344                SVC_Handler
                0x08004344                EXTI4_IRQHandler
                0x08004344                WWDG_IRQHandler
                0x08004344                TIM2_IRQHandler
                0x08004344                OTG_FS_WKUP_IRQHandler
                0x08004344                TIM1_TRG_COM_TIM11_IRQHandler
                0x08004344                EXTI1_IRQHandler
                0x08004344                I2C2_ER_IRQHandler
                0x08004344                DMA2_Stream1_IRQHandler
                0x08004344                FLASH_IRQHandler
                0x08004344                DMA2_Stream4_IRQHandler
                0x08004344                BusFault_Handler
                0x08004344                USART1_IRQHandler
                0x08004344                OTG_FS_IRQHandler
                0x08004344                SPI3_IRQHandler
                0x08004344                DMA1_Stream4_IRQHandler
                0x08004344                I2C1_ER_IRQHandler
                0x08004344                DMA1_Stream3_IRQHandler
 .text.HAL_MspInit
                0x08004346       0x1a src\stm32f4xx_hal_msp.o
                0x08004346                HAL_MspInit
 .text.HAL_UART_MspInit
                0x08004360      0x1f0 src\stm32f4xx_hal_msp.o
                0x08004360                HAL_UART_MspInit
 .text.SysTick_Handler
                0x08004550       0x10 src\stm32f4xx_it.o
                0x08004550                SysTick_Handler
 .text.RTC_WKUP_IRQHandler
                0x08004560       0x14 src\stm32f4xx_it.o
                0x08004560                RTC_WKUP_IRQHandler
 .text.EXTI15_10_IRQHandler
                0x08004574       0x10 src\stm32f4xx_it.o
                0x08004574                EXTI15_10_IRQHandler
 .text.USART2_IRQHandler
                0x08004584       0x14 src\stm32f4xx_it.o
                0x08004584                USART2_IRQHandler
 .text.DMA2_Stream2_IRQHandler
                0x08004598       0x14 src\stm32f4xx_it.o
                0x08004598                DMA2_Stream2_IRQHandler
 .text.DMA2_Stream6_IRQHandler
                0x080045ac       0x14 src\stm32f4xx_it.o
                0x080045ac                DMA2_Stream6_IRQHandler
 .text.SPI1_IRQHandler
                0x080045c0       0x14 src\stm32f4xx_it.o
                0x080045c0                SPI1_IRQHandler
 .text.DMA2_Stream5_IRQHandler
                0x080045d4       0x14 src\stm32f4xx_it.o
                0x080045d4                DMA2_Stream5_IRQHandler
 .text.DMA2_Stream7_IRQHandler
                0x080045e8       0x14 src\stm32f4xx_it.o
                0x080045e8                DMA2_Stream7_IRQHandler
 .text.SystemInit
                0x080045fc       0x6c src\system_stm32f4xx.o
                0x080045fc                SystemInit
 .text.ts_itoa  0x08004668       0x92 src\tiny_printf.o
                0x08004668                ts_itoa
 .text.ts_formatstring
                0x080046fa      0x12e src\tiny_printf.o
                0x080046fa                ts_formatstring
 .text.siprintf
                0x08004828       0x2c src\tiny_printf.o
                0x08004828                siprintf
                0x08004828                sprintf
 .text.atof     0x08004854        0x6 c:/program files (x86)/atollic/truestudio for arm 8.1.0/armtools/bin/../lib/gcc/arm-atollic-eabi/6.3.1/../../../../arm-atollic-eabi/lib/armv7e-m/fpu\libc_nano.a(lib_a-atof.o)
                0x08004854                atof
 .text.atoi     0x0800485a        0x8 c:/program files (x86)/atollic/truestudio for arm 8.1.0/armtools/bin/../lib/gcc/arm-atollic-eabi/6.3.1/../../../../arm-atollic-eabi/lib/armv7e-m/fpu\libc_nano.a(lib_a-atoi.o)
                0x0800485a                atoi
 *fill*         0x08004862        0x2 
 .text.__libc_init_array
                0x08004864       0x48 c:/program files (x86)/atollic/truestudio for arm 8.1.0/armtools/bin/../lib/gcc/arm-atollic-eabi/6.3.1/../../../../arm-atollic-eabi/lib/armv7e-m/fpu\libc_nano.a(lib_a-init.o)
                0x08004864                __libc_init_array
 .text.memset   0x080048ac       0x10 c:/program files (x86)/atollic/truestudio for arm 8.1.0/armtools/bin/../lib/gcc/arm-atollic-eabi/6.3.1/../../../../arm-atollic-eabi/lib/armv7e-m/fpu\libc_nano.a(lib_a-memset.o)
                0x080048ac                memset
 .text.strchr   0x080048bc       0x1c c:/program files (x86)/atollic/truestudio for arm 8.1.0/armtools/bin/../lib/gcc/arm-atollic-eabi/6.3.1/../../../../arm-atollic-eabi/lib/armv7e-m/fpu\libc_nano.a(lib_a-strchr.o)
                0x080048bc                strchr
 .text.strcpy   0x080048d8       0x10 c:/program files (x86)/atollic/truestudio for arm 8.1.0/armtools/bin/../lib/gcc/arm-atollic-eabi/6.3.1/../../../../arm-atollic-eabi/lib/armv7e-m/fpu\libc_nano.a(lib_a-strcpy.o)
                0x080048d8                strcpy
 .text.strncmp  0x080048e8       0x24 c:/program files (x86)/atollic/truestudio for arm 8.1.0/armtools/bin/../lib/gcc/arm-atollic-eabi/6.3.1/../../../../arm-atollic-eabi/lib/armv7e-m/fpu\libc_nano.a(lib_a-strncmp.o)
                0x080048e8                strncmp
 .text.strstr   0x0800490c       0x36 c:/program files (x86)/atollic/truestudio for arm 8.1.0/armtools/bin/../lib/gcc/arm-atollic-eabi/6.3.1/../../../../arm-atollic-eabi/lib/armv7e-m/fpu\libc_nano.a(lib_a-strstr.o)
                0x0800490c                strstr
 .text.unlikely.sulp
                0x08004942       0x38 c:/program files (x86)/atollic/truestudio for arm 8.1.0/armtools/bin/../lib/gcc/arm-atollic-eabi/6.3.1/../../../../arm-atollic-eabi/lib/armv7e-m/fpu\libc_nano.a(lib_a-strtod.o)
 *fill*         0x0800497a        0x6 
 .text._strtod_l
                0x08004980      0xbd8 c:/program files (x86)/atollic/truestudio for arm 8.1.0/armtools/bin/../lib/gcc/arm-atollic-eabi/6.3.1/../../../../arm-atollic-eabi/lib/armv7e-m/fpu\libc_nano.a(lib_a-strtod.o)
                0x08004980                _strtod_l
 .text.strtod   0x08005558       0x28 c:/program files (x86)/atollic/truestudio for arm 8.1.0/armtools/bin/../lib/gcc/arm-atollic-eabi/6.3.1/../../../../arm-atollic-eabi/lib/armv7e-m/fpu\libc_nano.a(lib_a-strtod.o)
                0x08005558                strtod
 .text.strtok   0x08005580       0x54 c:/program files (x86)/atollic/truestudio for arm 8.1.0/armtools/bin/../lib/gcc/arm-atollic-eabi/6.3.1/../../../../arm-atollic-eabi/lib/armv7e-m/fpu\libc_nano.a(lib_a-strtok.o)
                0x08005580                strtok
 .text.__strtok_r
                0x080055d4       0x52 c:/program files (x86)/atollic/truestudio for arm 8.1.0/armtools/bin/../lib/gcc/arm-atollic-eabi/6.3.1/../../../../arm-atollic-eabi/lib/armv7e-m/fpu\libc_nano.a(lib_a-strtok_r.o)
                0x080055d4                __strtok_r
 .text._strtol_l.isra.0
                0x08005626      0x100 c:/program files (x86)/atollic/truestudio for arm 8.1.0/armtools/bin/../lib/gcc/arm-atollic-eabi/6.3.1/../../../../arm-atollic-eabi/lib/armv7e-m/fpu\libc_nano.a(lib_a-strtol.o)
 *fill*         0x08005726        0x2 
 .text.strtol   0x08005728       0x2c c:/program files (x86)/atollic/truestudio for arm 8.1.0/armtools/bin/../lib/gcc/arm-atollic-eabi/6.3.1/../../../../arm-atollic-eabi/lib/armv7e-m/fpu\libc_nano.a(lib_a-strtol.o)
                0x08005728                strtol
 .text.rshift   0x08005754       0x6a c:/program files (x86)/atollic/truestudio for arm 8.1.0/armtools/bin/../lib/gcc/arm-atollic-eabi/6.3.1/../../../../arm-atollic-eabi/lib/armv7e-m/fpu\libc_nano.a(lib_a-gdtoa-gethex.o)
 .text.__hexdig_fun
                0x080057be       0x2a c:/program files (x86)/atollic/truestudio for arm 8.1.0/armtools/bin/../lib/gcc/arm-atollic-eabi/6.3.1/../../../../arm-atollic-eabi/lib/armv7e-m/fpu\libc_nano.a(lib_a-gdtoa-gethex.o)
                0x080057be                __hexdig_fun
 .text.__gethex
                0x080057e8      0x43c c:/program files (x86)/atollic/truestudio for arm 8.1.0/armtools/bin/../lib/gcc/arm-atollic-eabi/6.3.1/../../../../arm-atollic-eabi/lib/armv7e-m/fpu\libc_nano.a(lib_a-gdtoa-gethex.o)
                0x080057e8                __gethex
 .text.L_shift  0x08005c24       0x24 c:/program files (x86)/atollic/truestudio for arm 8.1.0/armtools/bin/../lib/gcc/arm-atollic-eabi/6.3.1/../../../../arm-atollic-eabi/lib/armv7e-m/fpu\libc_nano.a(lib_a-gdtoa-hexnan.o)
 .text.__match  0x08005c48       0x26 c:/program files (x86)/atollic/truestudio for arm 8.1.0/armtools/bin/../lib/gcc/arm-atollic-eabi/6.3.1/../../../../arm-atollic-eabi/lib/armv7e-m/fpu\libc_nano.a(lib_a-gdtoa-hexnan.o)
                0x08005c48                __match
 .text.__hexnan
                0x08005c6e      0x120 c:/program files (x86)/atollic/truestudio for arm 8.1.0/armtools/bin/../lib/gcc/arm-atollic-eabi/6.3.1/../../../../arm-atollic-eabi/lib/armv7e-m/fpu\libc_nano.a(lib_a-gdtoa-hexnan.o)
                0x08005c6e                __hexnan
 .text.__locale_ctype_ptr_l
                0x08005d8e        0x6 c:/program files (x86)/atollic/truestudio for arm 8.1.0/armtools/bin/../lib/gcc/arm-atollic-eabi/6.3.1/../../../../arm-atollic-eabi/lib/armv7e-m/fpu\libc_nano.a(lib_a-locale.o)
                0x08005d8e                __locale_ctype_ptr_l
 .text.__localeconv_l
                0x08005d94        0x4 c:/program files (x86)/atollic/truestudio for arm 8.1.0/armtools/bin/../lib/gcc/arm-atollic-eabi/6.3.1/../../../../arm-atollic-eabi/lib/armv7e-m/fpu\libc_nano.a(lib_a-localeconv.o)
                0x08005d94                __localeconv_l
 .text.malloc   0x08005d98       0x10 c:/program files (x86)/atollic/truestudio for arm 8.1.0/armtools/bin/../lib/gcc/arm-atollic-eabi/6.3.1/../../../../arm-atollic-eabi/lib/armv7e-m/fpu\libc_nano.a(lib_a-malloc.o)
                0x08005d98                malloc
 .text.__ascii_mbtowc
                0x08005da8       0x24 c:/program files (x86)/atollic/truestudio for arm 8.1.0/armtools/bin/../lib/gcc/arm-atollic-eabi/6.3.1/../../../../arm-atollic-eabi/lib/armv7e-m/fpu\libc_nano.a(lib_a-mbtowc_r.o)
                0x08005da8                __ascii_mbtowc
 .text.memcpy   0x08005dcc       0x16 c:/program files (x86)/atollic/truestudio for arm 8.1.0/armtools/bin/../lib/gcc/arm-atollic-eabi/6.3.1/../../../../arm-atollic-eabi/lib/armv7e-m/fpu\libc_nano.a(lib_a-memcpy-stub.o)
                0x08005dcc                memcpy
 .text._Balloc  0x08005de2       0x68 c:/program files (x86)/atollic/truestudio for arm 8.1.0/armtools/bin/../lib/gcc/arm-atollic-eabi/6.3.1/../../../../arm-atollic-eabi/lib/armv7e-m/fpu\libc_nano.a(lib_a-mprec.o)
                0x08005de2                _Balloc
 .text._Bfree   0x08005e4a       0x2e c:/program files (x86)/atollic/truestudio for arm 8.1.0/armtools/bin/../lib/gcc/arm-atollic-eabi/6.3.1/../../../../arm-atollic-eabi/lib/armv7e-m/fpu\libc_nano.a(lib_a-mprec.o)
                0x08005e4a                _Bfree
 .text.__multadd
                0x08005e78       0x76 c:/program files (x86)/atollic/truestudio for arm 8.1.0/armtools/bin/../lib/gcc/arm-atollic-eabi/6.3.1/../../../../arm-atollic-eabi/lib/armv7e-m/fpu\libc_nano.a(lib_a-mprec.o)
                0x08005e78                __multadd
 .text.__s2b    0x08005eee       0x7c c:/program files (x86)/atollic/truestudio for arm 8.1.0/armtools/bin/../lib/gcc/arm-atollic-eabi/6.3.1/../../../../arm-atollic-eabi/lib/armv7e-m/fpu\libc_nano.a(lib_a-mprec.o)
                0x08005eee                __s2b
 .text.__hi0bits
                0x08005f6a       0x3e c:/program files (x86)/atollic/truestudio for arm 8.1.0/armtools/bin/../lib/gcc/arm-atollic-eabi/6.3.1/../../../../arm-atollic-eabi/lib/armv7e-m/fpu\libc_nano.a(lib_a-mprec.o)
                0x08005f6a                __hi0bits
 .text.__lo0bits
                0x08005fa8       0x5e c:/program files (x86)/atollic/truestudio for arm 8.1.0/armtools/bin/../lib/gcc/arm-atollic-eabi/6.3.1/../../../../arm-atollic-eabi/lib/armv7e-m/fpu\libc_nano.a(lib_a-mprec.o)
                0x08005fa8                __lo0bits
 .text.__i2b    0x08006006       0x12 c:/program files (x86)/atollic/truestudio for arm 8.1.0/armtools/bin/../lib/gcc/arm-atollic-eabi/6.3.1/../../../../arm-atollic-eabi/lib/armv7e-m/fpu\libc_nano.a(lib_a-mprec.o)
                0x08006006                __i2b
 .text.__multiply
                0x08006018      0x11a c:/program files (x86)/atollic/truestudio for arm 8.1.0/armtools/bin/../lib/gcc/arm-atollic-eabi/6.3.1/../../../../arm-atollic-eabi/lib/armv7e-m/fpu\libc_nano.a(lib_a-mprec.o)
                0x08006018                __multiply
 *fill*         0x08006132        0x2 
 .text.__pow5mult
                0x08006134       0x9c c:/program files (x86)/atollic/truestudio for arm 8.1.0/armtools/bin/../lib/gcc/arm-atollic-eabi/6.3.1/../../../../arm-atollic-eabi/lib/armv7e-m/fpu\libc_nano.a(lib_a-mprec.o)
                0x08006134                __pow5mult
 .text.__lshift
                0x080061d0       0xa2 c:/program files (x86)/atollic/truestudio for arm 8.1.0/armtools/bin/../lib/gcc/arm-atollic-eabi/6.3.1/../../../../arm-atollic-eabi/lib/armv7e-m/fpu\libc_nano.a(lib_a-mprec.o)
                0x080061d0                __lshift
 .text.__mcmp   0x08006272       0x34 c:/program files (x86)/atollic/truestudio for arm 8.1.0/armtools/bin/../lib/gcc/arm-atollic-eabi/6.3.1/../../../../arm-atollic-eabi/lib/armv7e-m/fpu\libc_nano.a(lib_a-mprec.o)
                0x08006272                __mcmp
 .text.__mdiff  0x080062a6       0xbc c:/program files (x86)/atollic/truestudio for arm 8.1.0/armtools/bin/../lib/gcc/arm-atollic-eabi/6.3.1/../../../../arm-atollic-eabi/lib/armv7e-m/fpu\libc_nano.a(lib_a-mprec.o)
                0x080062a6                __mdiff
 *fill*         0x08006362        0x2 
 .text.__ulp    0x08006364       0x50 c:/program files (x86)/atollic/truestudio for arm 8.1.0/armtools/bin/../lib/gcc/arm-atollic-eabi/6.3.1/../../../../arm-atollic-eabi/lib/armv7e-m/fpu\libc_nano.a(lib_a-mprec.o)
                0x08006364                __ulp
 .text.__b2d    0x080063b4       0x9c c:/program files (x86)/atollic/truestudio for arm 8.1.0/armtools/bin/../lib/gcc/arm-atollic-eabi/6.3.1/../../../../arm-atollic-eabi/lib/armv7e-m/fpu\libc_nano.a(lib_a-mprec.o)
                0x080063b4                __b2d
 .text.__d2b    0x08006450       0x9e c:/program files (x86)/atollic/truestudio for arm 8.1.0/armtools/bin/../lib/gcc/arm-atollic-eabi/6.3.1/../../../../arm-atollic-eabi/lib/armv7e-m/fpu\libc_nano.a(lib_a-mprec.o)
                0x08006450                __d2b
 .text.__ratio  0x080064ee       0x58 c:/program files (x86)/atollic/truestudio for arm 8.1.0/armtools/bin/../lib/gcc/arm-atollic-eabi/6.3.1/../../../../arm-atollic-eabi/lib/armv7e-m/fpu\libc_nano.a(lib_a-mprec.o)
                0x080064ee                __ratio
 .text.__copybits
                0x08006546       0x34 c:/program files (x86)/atollic/truestudio for arm 8.1.0/armtools/bin/../lib/gcc/arm-atollic-eabi/6.3.1/../../../../arm-atollic-eabi/lib/armv7e-m/fpu\libc_nano.a(lib_a-mprec.o)
                0x08006546                __copybits
 .text.__any_on
                0x0800657a       0x42 c:/program files (x86)/atollic/truestudio for arm 8.1.0/armtools/bin/../lib/gcc/arm-atollic-eabi/6.3.1/../../../../arm-atollic-eabi/lib/armv7e-m/fpu\libc_nano.a(lib_a-mprec.o)
                0x0800657a                __any_on
 .text._calloc_r
                0x080065bc       0x1c c:/program files (x86)/atollic/truestudio for arm 8.1.0/armtools/bin/../lib/gcc/arm-atollic-eabi/6.3.1/../../../../arm-atollic-eabi/lib/armv7e-m/fpu\libc_nano.a(lib_a-nano-callocr.o)
                0x080065bc                _calloc_r
 .text._malloc_r
                0x080065d8       0xbc c:/program files (x86)/atollic/truestudio for arm 8.1.0/armtools/bin/../lib/gcc/arm-atollic-eabi/6.3.1/../../../../arm-atollic-eabi/lib/armv7e-m/fpu\libc_nano.a(lib_a-nano-mallocr.o)
                0x080065d8                _malloc_r
 .text._sbrk_r  0x08006694       0x20 c:/program files (x86)/atollic/truestudio for arm 8.1.0/armtools/bin/../lib/gcc/arm-atollic-eabi/6.3.1/../../../../arm-atollic-eabi/lib/armv7e-m/fpu\libc_nano.a(lib_a-sbrkr.o)
                0x08006694                _sbrk_r
 .text.__ascii_wctomb
                0x080066b4       0x1a c:/program files (x86)/atollic/truestudio for arm 8.1.0/armtools/bin/../lib/gcc/arm-atollic-eabi/6.3.1/../../../../arm-atollic-eabi/lib/armv7e-m/fpu\libc_nano.a(lib_a-wctomb_r.o)
                0x080066b4                __ascii_wctomb
 .text.__malloc_lock
                0x080066ce        0x2 c:/program files (x86)/atollic/truestudio for arm 8.1.0/armtools/bin/../lib/gcc/arm-atollic-eabi/6.3.1/../../../../arm-atollic-eabi/lib/armv7e-m/fpu\libc_nano.a(lib_a-mlock.o)
                0x080066ce                __malloc_lock
 .text.__malloc_unlock
                0x080066d0        0x2 c:/program files (x86)/atollic/truestudio for arm 8.1.0/armtools/bin/../lib/gcc/arm-atollic-eabi/6.3.1/../../../../arm-atollic-eabi/lib/armv7e-m/fpu\libc_nano.a(lib_a-mlock.o)
                0x080066d0                __malloc_unlock
 *fill*         0x080066d2        0x2 
 .text._sbrk    0x080066d4       0x1c c:/program files (x86)/atollic/truestudio for arm 8.1.0/armtools/bin/../lib/gcc/arm-atollic-eabi/6.3.1/../../../../arm-atollic-eabi/lib/armv7e-m/fpu\libnosys.a(sbrk.o)
                0x080066d4                _sbrk
 *(.glue_7)
 .glue_7        0x080066f0        0x0 linker stubs
 *(.glue_7t)
 .glue_7t       0x080066f0        0x0 linker stubs
 *(.eh_frame)
 .eh_frame      0x080066f0        0x0 c:/program files (x86)/atollic/truestudio for arm 8.1.0/armtools/bin/../lib/gcc/arm-atollic-eabi/6.3.1/armv7e-m/fpu/crtbegin.o
 *(.init)
 .init          0x080066f0        0x4 c:/program files (x86)/atollic/truestudio for arm 8.1.0/armtools/bin/../lib/gcc/arm-atollic-eabi/6.3.1/armv7e-m/fpu/crti.o
                0x080066f0                _init
 .init          0x080066f4        0x8 c:/program files (x86)/atollic/truestudio for arm 8.1.0/armtools/bin/../lib/gcc/arm-atollic-eabi/6.3.1/armv7e-m/fpu/crtn.o
 *(.fini)
 .fini          0x080066fc        0x4 c:/program files (x86)/atollic/truestudio for arm 8.1.0/armtools/bin/../lib/gcc/arm-atollic-eabi/6.3.1/armv7e-m/fpu/crti.o
                0x080066fc                _fini
 .fini          0x08006700        0x8 c:/program files (x86)/atollic/truestudio for arm 8.1.0/armtools/bin/../lib/gcc/arm-atollic-eabi/6.3.1/armv7e-m/fpu/crtn.o
                0x08006708                . = ALIGN (0x4)
                0x08006708                _etext = .

.vfp11_veneer   0x08006708        0x0
 .vfp11_veneer  0x08006708        0x0 linker stubs

.v4_bx          0x08006708        0x0
 .v4_bx         0x08006708        0x0 linker stubs

.iplt           0x08006708        0x0
 .iplt          0x08006708        0x0 c:/program files (x86)/atollic/truestudio for arm 8.1.0/armtools/bin/../lib/gcc/arm-atollic-eabi/6.3.1/armv7e-m/fpu/crtbegin.o

.rodata         0x08006708      0x408
                0x08006708                . = ALIGN (0x4)
 *(.rodata)
 .rodata        0x08006708       0x52 src\gps.o
 *fill*         0x0800675a        0x2 
 .rodata        0x0800675c       0x2e src\init.o
 *fill*         0x0800678a        0x2 
 .rodata        0x0800678c       0xf8 src\main.o
 *(.rodata*)
 .rodata.flagBitshiftOffset.8876
                0x08006884        0x8 Drivers\STM32F4xx_HAL_Driver\Src\stm32f4xx_hal_dma.o
 .rodata.AHBPrescTable
                0x0800688c       0x10 src\system_stm32f4xx.o
                0x0800688c                AHBPrescTable
 .rodata.APBPrescTable
                0x0800689c        0x8 src\system_stm32f4xx.o
                0x0800689c                APBPrescTable
 .rodata._strtod_l.str1.1
                0x080068a4        0xc c:/program files (x86)/atollic/truestudio for arm 8.1.0/armtools/bin/../lib/gcc/arm-atollic-eabi/6.3.1/../../../../arm-atollic-eabi/lib/armv7e-m/fpu\libc_nano.a(lib_a-strtod.o)
 .rodata.fpi.7257
                0x080068b0       0x14 c:/program files (x86)/atollic/truestudio for arm 8.1.0/armtools/bin/../lib/gcc/arm-atollic-eabi/6.3.1/../../../../arm-atollic-eabi/lib/armv7e-m/fpu\libc_nano.a(lib_a-strtod.o)
 .rodata.fpinan.7293
                0x080068c4       0x14 c:/program files (x86)/atollic/truestudio for arm 8.1.0/armtools/bin/../lib/gcc/arm-atollic-eabi/6.3.1/../../../../arm-atollic-eabi/lib/armv7e-m/fpu\libc_nano.a(lib_a-strtod.o)
 .rodata.tinytens
                0x080068d8       0x28 c:/program files (x86)/atollic/truestudio for arm 8.1.0/armtools/bin/../lib/gcc/arm-atollic-eabi/6.3.1/../../../../arm-atollic-eabi/lib/armv7e-m/fpu\libc_nano.a(lib_a-strtod.o)
 .rodata._setlocale_r.str1.1
                0x08006900        0x8 c:/program files (x86)/atollic/truestudio for arm 8.1.0/armtools/bin/../lib/gcc/arm-atollic-eabi/6.3.1/../../../../arm-atollic-eabi/lib/armv7e-m/fpu\libc_nano.a(lib_a-locale.o)
                                  0x9 (size before relaxing)
 .rodata.str1.1
                0x08006908        0x2 c:/program files (x86)/atollic/truestudio for arm 8.1.0/armtools/bin/../lib/gcc/arm-atollic-eabi/6.3.1/../../../../arm-atollic-eabi/lib/armv7e-m/fpu\libc_nano.a(lib_a-locale.o)
 *fill*         0x0800690a        0x6 
 .rodata.__mprec_bigtens
                0x08006910       0x28 c:/program files (x86)/atollic/truestudio for arm 8.1.0/armtools/bin/../lib/gcc/arm-atollic-eabi/6.3.1/../../../../arm-atollic-eabi/lib/armv7e-m/fpu\libc_nano.a(lib_a-mprec.o)
                0x08006910                __mprec_bigtens
 .rodata.__mprec_tens
                0x08006938       0xc8 c:/program files (x86)/atollic/truestudio for arm 8.1.0/armtools/bin/../lib/gcc/arm-atollic-eabi/6.3.1/../../../../arm-atollic-eabi/lib/armv7e-m/fpu\libc_nano.a(lib_a-mprec.o)
                0x08006938                __mprec_tens
 .rodata.p05.7175
                0x08006a00        0xc c:/program files (x86)/atollic/truestudio for arm 8.1.0/armtools/bin/../lib/gcc/arm-atollic-eabi/6.3.1/../../../../arm-atollic-eabi/lib/armv7e-m/fpu\libc_nano.a(lib_a-mprec.o)
 .rodata._ctype_
                0x08006a0c      0x101 c:/program files (x86)/atollic/truestudio for arm 8.1.0/armtools/bin/../lib/gcc/arm-atollic-eabi/6.3.1/../../../../arm-atollic-eabi/lib/armv7e-m/fpu\libc_nano.a(lib_a-ctype_.o)
                0x08006a0c                _ctype_
                0x08006b10                . = ALIGN (0x4)
 *fill*         0x08006b0d        0x3 

.rel.dyn        0x08006b10        0x0
 .rel.iplt      0x08006b10        0x0 c:/program files (x86)/atollic/truestudio for arm 8.1.0/armtools/bin/../lib/gcc/arm-atollic-eabi/6.3.1/armv7e-m/fpu/crtbegin.o

.ARM.extab
 *(.ARM.extab* .gnu.linkonce.armextab.*)

.ARM            0x08006b10        0x0
                0x08006b10                __exidx_start = .
 *(.ARM.exidx*)
                0x08006b10                __exidx_end = .

.user_data      0x08040000       0x40
                0x08040000                . = ALIGN (0x4)
 *(.user_data)
 .user_data     0x08040000       0x40 src\main.o
                0x08040000                userConfig
                0x08040040                . = ALIGN (0x4)

.preinit_array  0x08006b10        0x0
                0x08006b10                PROVIDE (__preinit_array_start, .)
 *(.preinit_array*)
                0x08006b10                PROVIDE (__preinit_array_end, .)

.init_array     0x08006b10        0x4
                0x08006b10                PROVIDE (__init_array_start, .)
 *(SORT(.init_array.*))
 *(.init_array*)
 .init_array    0x08006b10        0x4 c:/program files (x86)/atollic/truestudio for arm 8.1.0/armtools/bin/../lib/gcc/arm-atollic-eabi/6.3.1/armv7e-m/fpu/crtbegin.o
                0x08006b14                PROVIDE (__init_array_end, .)

.fini_array     0x08006b14        0x4
                [!provide]                PROVIDE (__fini_array_start, .)
 *(SORT(.fini_array.*))
 *(.fini_array*)
 .fini_array    0x08006b14        0x4 c:/program files (x86)/atollic/truestudio for arm 8.1.0/armtools/bin/../lib/gcc/arm-atollic-eabi/6.3.1/armv7e-m/fpu/crtbegin.o
                [!provide]                PROVIDE (__fini_array_end, .)
                0x08006b18                _sidata = LOADADDR (.data)

.data           0x20000000      0x248 load address 0x08006b18
                0x20000000                . = ALIGN (0x4)
                0x20000000                _sdata = .
 *(.data)
 *(.data*)
 .data.GPIO_PORT
                0x20000000        0x4 Drivers\BSP\STM32F4xx-Nucleo\stm32f4xx_nucleo.o
                0x20000000                GPIO_PORT
 .data.deinit_GGA
                0x20000004       0x1a src\gps.o
                0x20000004                deinit_GGA
 *fill*         0x2000001e        0x2 
 .data.deinit_GSA
                0x20000020       0x1a src\gps.o
                0x20000020                deinit_GSA
 *fill*         0x2000003a        0x2 
 .data.deinit_GSV
                0x2000003c       0x1a src\gps.o
                0x2000003c                deinit_GSV
 *fill*         0x20000056        0x2 
 .data.init_RMC
                0x20000058       0x1a src\gps.o
                0x20000058                init_RMC
 *fill*         0x20000072        0x2 
 .data.SystemCoreClock
                0x20000074        0x4 src\system_stm32f4xx.o
                0x20000074                SystemCoreClock
 .data._impure_ptr
                0x20000078        0x4 c:/program files (x86)/atollic/truestudio for arm 8.1.0/armtools/bin/../lib/gcc/arm-atollic-eabi/6.3.1/../../../../arm-atollic-eabi/lib/armv7e-m/fpu\libc_nano.a(lib_a-impure.o)
                0x20000078                _impure_ptr
 .data.impure_data
                0x2000007c       0x60 c:/program files (x86)/atollic/truestudio for arm 8.1.0/armtools/bin/../lib/gcc/arm-atollic-eabi/6.3.1/../../../../arm-atollic-eabi/lib/armv7e-m/fpu\libc_nano.a(lib_a-impure.o)
 .data.__global_locale
                0x200000dc      0x16c c:/program files (x86)/atollic/truestudio for arm 8.1.0/armtools/bin/../lib/gcc/arm-atollic-eabi/6.3.1/../../../../arm-atollic-eabi/lib/armv7e-m/fpu\libc_nano.a(lib_a-locale.o)
                0x200000dc                __global_locale
                0x20000248                . = ALIGN (0x4)
                0x20000248                _edata = .

.igot.plt       0x20000248        0x0 load address 0x08006d60
 .igot.plt      0x20000248        0x0 c:/program files (x86)/atollic/truestudio for arm 8.1.0/armtools/bin/../lib/gcc/arm-atollic-eabi/6.3.1/armv7e-m/fpu/crtbegin.o
                0x20000248                . = ALIGN (0x4)

.bss            0x20000248    0x13794 load address 0x08006d60
                0x20000248                _sbss = .
                0x20000248                __bss_start__ = _sbss
 *(.bss)
 .bss           0x20000248       0x1c c:/program files (x86)/atollic/truestudio for arm 8.1.0/armtools/bin/../lib/gcc/arm-atollic-eabi/6.3.1/armv7e-m/fpu/crtbegin.o
 *(.bss*)
 .bss.i         0x20000264        0x4 src\gps.o
                0x20000264                i
 .bss.numGPS    0x20000268        0x4 src\gps.o
                0x20000268                numGPS
 .bss.c         0x2000026c        0x4 src\gps.o
                0x2000026c                c
 .bss.mb        0x20000270        0x4 src\gps.o
                0x20000270                mb
 .bss.fechaOK   0x20000274        0x4 src\gps.o
                0x20000274                fechaOK
 .bss.UartReady
                0x20000278        0x1 src\gps.o
                0x20000278                UartReady
 .bss.Uart1Ready
                0x20000279        0x1 src\gps.o
                0x20000279                Uart1Ready
 *fill*         0x2000027a        0x2 
 .bss.time      0x2000027c        0xa src\gps.o
                0x2000027c                time
 *fill*         0x20000286        0x2 
 .bss.hora_array
                0x20000288        0x9 src\gps.o
                0x20000288                hora_array
 *fill*         0x20000291        0x3 
 .bss.data      0x20000294        0x6 src\gps.o
                0x20000294                data
 *fill*         0x2000029a        0x2 
 .bss.fecha_array
                0x2000029c        0x8 src\gps.o
                0x2000029c                fecha_array
 .bss.uwCounter
                0x200002a4        0x4 src\init.o
                0x200002a4                uwCounter
 .bss.__malloc_free_list
                0x200002a8        0x4 c:/program files (x86)/atollic/truestudio for arm 8.1.0/armtools/bin/../lib/gcc/arm-atollic-eabi/6.3.1/../../../../arm-atollic-eabi/lib/armv7e-m/fpu\libc_nano.a(lib_a-nano-mallocr.o)
                0x200002a8                __malloc_free_list
 .bss.__malloc_sbrk_start
                0x200002ac        0x4 c:/program files (x86)/atollic/truestudio for arm 8.1.0/armtools/bin/../lib/gcc/arm-atollic-eabi/6.3.1/../../../../arm-atollic-eabi/lib/armv7e-m/fpu\libc_nano.a(lib_a-nano-mallocr.o)
                0x200002ac                __malloc_sbrk_start
 .bss.heap_end.5239
                0x200002b0        0x4 c:/program files (x86)/atollic/truestudio for arm 8.1.0/armtools/bin/../lib/gcc/arm-atollic-eabi/6.3.1/../../../../arm-atollic-eabi/lib/armv7e-m/fpu\libnosys.a(sbrk.o)
 *(COMMON)
 COMMON         0x200002b4        0x4 Drivers\STM32F4xx_HAL_Driver\Src\stm32f4xx_hal.o
                0x200002b4                uwTick
 COMMON         0x200002b8    0x132a5 src\gps.o
                0x200002b8                dia
                0x200002bc                bufferReady
                0x200002c4                latCoorL
                0x200002c8                hora
                0x200002cc                tipo
                0x200002d0                lati
                0x200002dc                g
                0x200002e0                GPS
                0x20009750                bufferGPS
                0x20009778                mibuffer
                0x200133b8                bufferReceive
                0x200133bc                longitud
                0x200133c0                longi
                0x200133cc                nmea
                0x20013408                buffer
                0x20013414                horaL
                0x20013420                hora_real
                0x20013424                num
                0x20013428                latitud
                0x2001342c                latitudL
                0x20013438                longitudL
                0x20013444                sd
                0x20013448                forhora
                0x2001344c                s
                0x20013450                fecha
                0x20013454                longCoorL
                0x20013458                parsing
                0x200134a8                bufferParsing
                0x200134d0                longCoor
                0x200134d4                bufferGPRS
                0x20013504                m
                0x20013508                latCoor
                0x2001350c                len
                0x20013510                reciboGPS
 *fill*         0x2001355d        0x3 
 COMMON         0x20013560      0x1f8 src\init.o
                0x20013560                hspi5
                0x200135b8                hi2c1
                0x2001360c                huart1
                0x2001364c                hwwdg
                0x20013660                huart6
                0x200136a0                hspi1
                0x200136f8                huart2
                0x20013738                RtcHandle
 COMMON         0x20013758       0x20 src\lp_modes.o
                0x20013758                RTCHandle
 COMMON         0x20013778       0xde src\main.o
                0x20013778                intentoGPRS
                0x2001377c                preparaHTTP
                0x200137b0                intentoLora
                0x200137b4                pars
                0x20013804                ReadyBuf
                0x2001380c                envioHTTP
 *fill*         0x20013856        0x2 
 COMMON         0x20013858      0x180 src\stm32f4xx_hal_msp.o
                0x20013858                hdma_usart6_rx
                0x200138b8                hdma_usart1_tx
                0x20013918                hdma_usart6_tx
                0x20013978                hdma_usart1_rx
 COMMON         0x200139d8        0x4 c:/program files (x86)/atollic/truestudio for arm 8.1.0/armtools/bin/../lib/gcc/arm-atollic-eabi/6.3.1/../../../../arm-atollic-eabi/lib/armv7e-m/fpu\libc_nano.a(lib_a-reent.o)
                0x200139d8                errno
                0x200139dc                . = ALIGN (0x4)
                0x200139dc                _ebss = .
                0x200139dc                __bss_end__ = _ebss

._user_heap_stack
                0x200139dc      0x400 load address 0x08006d60
                0x200139dc                . = ALIGN (0x4)
                0x200139dc                PROVIDE (end, .)
                [!provide]                PROVIDE (_end, .)
                0x200139dc                . = (. + _Min_Heap_Size)
                0x20013ddc                . = (. + _Min_Stack_Size)
 *fill*         0x200139dc      0x400 
                0x20013ddc                . = ALIGN (0x4)

.memory_b1_text
 *(.mb1text)
 *(.mb1text*)
 *(.mb1rodata)
 *(.mb1rodata*)

/DISCARD/
 libc.a(*)
 libm.a(*)
 libgcc.a(*)

.ARM.attributes
                0x00000000       0x30
 *(.ARM.attributes)
 .ARM.attributes
                0x00000000       0x22 c:/program files (x86)/atollic/truestudio for arm 8.1.0/armtools/bin/../lib/gcc/arm-atollic-eabi/6.3.1/armv7e-m/fpu/crti.o
 .ARM.attributes
                0x00000022       0x34 c:/program files (x86)/atollic/truestudio for arm 8.1.0/armtools/bin/../lib/gcc/arm-atollic-eabi/6.3.1/armv7e-m/fpu/crtbegin.o
 .ARM.attributes
                0x00000056       0x39 Drivers\BSP\STM32F4xx-Nucleo\stm32f4xx_nucleo.o
 .ARM.attributes
                0x0000008f       0x39 Drivers\STM32F4xx_HAL_Driver\Src\stm32f4xx_hal.o
 .ARM.attributes
                0x000000c8       0x39 Drivers\STM32F4xx_HAL_Driver\Src\stm32f4xx_hal_cortex.o
 .ARM.attributes
                0x00000101       0x39 Drivers\STM32F4xx_HAL_Driver\Src\stm32f4xx_hal_dma.o
 .ARM.attributes
                0x0000013a       0x39 Drivers\STM32F4xx_HAL_Driver\Src\stm32f4xx_hal_gpio.o
 .ARM.attributes
                0x00000173       0x39 Drivers\STM32F4xx_HAL_Driver\Src\stm32f4xx_hal_rcc.o
 .ARM.attributes
                0x000001ac       0x39 Drivers\STM32F4xx_HAL_Driver\Src\stm32f4xx_hal_rtc_ex.o
 .ARM.attributes
                0x000001e5       0x39 Drivers\STM32F4xx_HAL_Driver\Src\stm32f4xx_hal_spi.o
 .ARM.attributes
                0x0000021e       0x39 Drivers\STM32F4xx_HAL_Driver\Src\stm32f4xx_hal_uart.o
 .ARM.attributes
                0x00000257       0x39 src\gprs.o
 .ARM.attributes
                0x00000290       0x39 src\gps.o
 .ARM.attributes
                0x000002c9       0x39 src\init.o
 .ARM.attributes
                0x00000302       0x39 src\lp_modes.o
 .ARM.attributes
                0x0000033b       0x39 src\main.o
 .ARM.attributes
                0x00000374       0x21 src\startup_stm32f411xe.o
 .ARM.attributes
                0x00000395       0x39 src\stm32f4xx_hal_msp.o
 .ARM.attributes
                0x000003ce       0x39 src\stm32f4xx_it.o
 .ARM.attributes
                0x00000407       0x39 src\system_stm32f4xx.o
 .ARM.attributes
                0x00000440       0x39 src\tiny_printf.o
 .ARM.attributes
                0x00000479       0x34 c:/program files (x86)/atollic/truestudio for arm 8.1.0/armtools/bin/../lib/gcc/arm-atollic-eabi/6.3.1/../../../../arm-atollic-eabi/lib/armv7e-m/fpu\libc_nano.a(lib_a-atof.o)
 .ARM.attributes
                0x000004ad       0x34 c:/program files (x86)/atollic/truestudio for arm 8.1.0/armtools/bin/../lib/gcc/arm-atollic-eabi/6.3.1/../../../../arm-atollic-eabi/lib/armv7e-m/fpu\libc_nano.a(lib_a-atoi.o)
 .ARM.attributes
                0x000004e1       0x34 c:/program files (x86)/atollic/truestudio for arm 8.1.0/armtools/bin/../lib/gcc/arm-atollic-eabi/6.3.1/../../../../arm-atollic-eabi/lib/armv7e-m/fpu\libc_nano.a(lib_a-init.o)
 .ARM.attributes
                0x00000515       0x34 c:/program files (x86)/atollic/truestudio for arm 8.1.0/armtools/bin/../lib/gcc/arm-atollic-eabi/6.3.1/../../../../arm-atollic-eabi/lib/armv7e-m/fpu\libc_nano.a(lib_a-memset.o)
 .ARM.attributes
                0x00000549       0x34 c:/program files (x86)/atollic/truestudio for arm 8.1.0/armtools/bin/../lib/gcc/arm-atollic-eabi/6.3.1/../../../../arm-atollic-eabi/lib/armv7e-m/fpu\libc_nano.a(lib_a-strchr.o)
 .ARM.attributes
                0x0000057d       0x20 c:/program files (x86)/atollic/truestudio for arm 8.1.0/armtools/bin/../lib/gcc/arm-atollic-eabi/6.3.1/../../../../arm-atollic-eabi/lib/armv7e-m/fpu\libc_nano.a(lib_a-strcmp.o)
 .ARM.attributes
                0x0000059d       0x34 c:/program files (x86)/atollic/truestudio for arm 8.1.0/armtools/bin/../lib/gcc/arm-atollic-eabi/6.3.1/../../../../arm-atollic-eabi/lib/armv7e-m/fpu\libc_nano.a(lib_a-strcpy.o)
 .ARM.attributes
                0x000005d1       0x1b c:/program files (x86)/atollic/truestudio for arm 8.1.0/armtools/bin/../lib/gcc/arm-atollic-eabi/6.3.1/../../../../arm-atollic-eabi/lib/armv7e-m/fpu\libc_nano.a(lib_a-strlen.o)
 .ARM.attributes
                0x000005ec       0x34 c:/program files (x86)/atollic/truestudio for arm 8.1.0/armtools/bin/../lib/gcc/arm-atollic-eabi/6.3.1/../../../../arm-atollic-eabi/lib/armv7e-m/fpu\libc_nano.a(lib_a-strncmp.o)
 .ARM.attributes
                0x00000620       0x34 c:/program files (x86)/atollic/truestudio for arm 8.1.0/armtools/bin/../lib/gcc/arm-atollic-eabi/6.3.1/../../../../arm-atollic-eabi/lib/armv7e-m/fpu\libc_nano.a(lib_a-strstr.o)
 .ARM.attributes
                0x00000654       0x34 c:/program files (x86)/atollic/truestudio for arm 8.1.0/armtools/bin/../lib/gcc/arm-atollic-eabi/6.3.1/../../../../arm-atollic-eabi/lib/armv7e-m/fpu\libc_nano.a(lib_a-strtod.o)
 .ARM.attributes
                0x00000688       0x34 c:/program files (x86)/atollic/truestudio for arm 8.1.0/armtools/bin/../lib/gcc/arm-atollic-eabi/6.3.1/../../../../arm-atollic-eabi/lib/armv7e-m/fpu\libc_nano.a(lib_a-strtok.o)
 .ARM.attributes
                0x000006bc       0x34 c:/program files (x86)/atollic/truestudio for arm 8.1.0/armtools/bin/../lib/gcc/arm-atollic-eabi/6.3.1/../../../../arm-atollic-eabi/lib/armv7e-m/fpu\libc_nano.a(lib_a-strtok_r.o)
 .ARM.attributes
                0x000006f0       0x34 c:/program files (x86)/atollic/truestudio for arm 8.1.0/armtools/bin/../lib/gcc/arm-atollic-eabi/6.3.1/../../../../arm-atollic-eabi/lib/armv7e-m/fpu\libc_nano.a(lib_a-strtol.o)
 .ARM.attributes
                0x00000724       0x34 c:/program files (x86)/atollic/truestudio for arm 8.1.0/armtools/bin/../lib/gcc/arm-atollic-eabi/6.3.1/../../../../arm-atollic-eabi/lib/armv7e-m/fpu\libc_nano.a(lib_a-gdtoa-gethex.o)
 .ARM.attributes
                0x00000758       0x34 c:/program files (x86)/atollic/truestudio for arm 8.1.0/armtools/bin/../lib/gcc/arm-atollic-eabi/6.3.1/../../../../arm-atollic-eabi/lib/armv7e-m/fpu\libc_nano.a(lib_a-gdtoa-hexnan.o)
 .ARM.attributes
                0x0000078c       0x34 c:/program files (x86)/atollic/truestudio for arm 8.1.0/armtools/bin/../lib/gcc/arm-atollic-eabi/6.3.1/../../../../arm-atollic-eabi/lib/armv7e-m/fpu\libc_nano.a(lib_a-impure.o)
 .ARM.attributes
                0x000007c0       0x34 c:/program files (x86)/atollic/truestudio for arm 8.1.0/armtools/bin/../lib/gcc/arm-atollic-eabi/6.3.1/../../../../arm-atollic-eabi/lib/armv7e-m/fpu\libc_nano.a(lib_a-locale.o)
 .ARM.attributes
                0x000007f4       0x34 c:/program files (x86)/atollic/truestudio for arm 8.1.0/armtools/bin/../lib/gcc/arm-atollic-eabi/6.3.1/../../../../arm-atollic-eabi/lib/armv7e-m/fpu\libc_nano.a(lib_a-localeconv.o)
 .ARM.attributes
                0x00000828       0x34 c:/program files (x86)/atollic/truestudio for arm 8.1.0/armtools/bin/../lib/gcc/arm-atollic-eabi/6.3.1/../../../../arm-atollic-eabi/lib/armv7e-m/fpu\libc_nano.a(lib_a-malloc.o)
 .ARM.attributes
                0x0000085c       0x34 c:/program files (x86)/atollic/truestudio for arm 8.1.0/armtools/bin/../lib/gcc/arm-atollic-eabi/6.3.1/../../../../arm-atollic-eabi/lib/armv7e-m/fpu\libc_nano.a(lib_a-mbtowc_r.o)
 .ARM.attributes
                0x00000890       0x34 c:/program files (x86)/atollic/truestudio for arm 8.1.0/armtools/bin/../lib/gcc/arm-atollic-eabi/6.3.1/../../../../arm-atollic-eabi/lib/armv7e-m/fpu\libc_nano.a(lib_a-memcpy-stub.o)
 .ARM.attributes
                0x000008c4       0x34 c:/program files (x86)/atollic/truestudio for arm 8.1.0/armtools/bin/../lib/gcc/arm-atollic-eabi/6.3.1/../../../../arm-atollic-eabi/lib/armv7e-m/fpu\libc_nano.a(lib_a-mprec.o)
 .ARM.attributes
                0x000008f8       0x34 c:/program files (x86)/atollic/truestudio for arm 8.1.0/armtools/bin/../lib/gcc/arm-atollic-eabi/6.3.1/../../../../arm-atollic-eabi/lib/armv7e-m/fpu\libc_nano.a(lib_a-nano-callocr.o)
 .ARM.attributes
                0x0000092c       0x34 c:/program files (x86)/atollic/truestudio for arm 8.1.0/armtools/bin/../lib/gcc/arm-atollic-eabi/6.3.1/../../../../arm-atollic-eabi/lib/armv7e-m/fpu\libc_nano.a(lib_a-nano-mallocr.o)
 .ARM.attributes
                0x00000960       0x34 c:/program files (x86)/atollic/truestudio for arm 8.1.0/armtools/bin/../lib/gcc/arm-atollic-eabi/6.3.1/../../../../arm-atollic-eabi/lib/armv7e-m/fpu\libc_nano.a(lib_a-sbrkr.o)
 .ARM.attributes
                0x00000994       0x34 c:/program files (x86)/atollic/truestudio for arm 8.1.0/armtools/bin/../lib/gcc/arm-atollic-eabi/6.3.1/../../../../arm-atollic-eabi/lib/armv7e-m/fpu\libc_nano.a(lib_a-wctomb_r.o)
 .ARM.attributes
                0x000009c8       0x34 c:/program files (x86)/atollic/truestudio for arm 8.1.0/armtools/bin/../lib/gcc/arm-atollic-eabi/6.3.1/../../../../arm-atollic-eabi/lib/armv7e-m/fpu\libc_nano.a(lib_a-ctype_.o)
 .ARM.attributes
                0x000009fc       0x34 c:/program files (x86)/atollic/truestudio for arm 8.1.0/armtools/bin/../lib/gcc/arm-atollic-eabi/6.3.1/../../../../arm-atollic-eabi/lib/armv7e-m/fpu\libc_nano.a(lib_a-mlock.o)
 .ARM.attributes
                0x00000a30       0x34 c:/program files (x86)/atollic/truestudio for arm 8.1.0/armtools/bin/../lib/gcc/arm-atollic-eabi/6.3.1/../../../../arm-atollic-eabi/lib/armv7e-m/fpu\libc_nano.a(lib_a-reent.o)
 .ARM.attributes
                0x00000a64       0x22 c:/program files (x86)/atollic/truestudio for arm 8.1.0/armtools/bin/../lib/gcc/arm-atollic-eabi/6.3.1/armv7e-m/fpu\libgcc.a(_arm_addsubdf3.o)
 .ARM.attributes
                0x00000a86       0x22 c:/program files (x86)/atollic/truestudio for arm 8.1.0/armtools/bin/../lib/gcc/arm-atollic-eabi/6.3.1/armv7e-m/fpu\libgcc.a(_arm_muldivdf3.o)
 .ARM.attributes
                0x00000aa8       0x22 c:/program files (x86)/atollic/truestudio for arm 8.1.0/armtools/bin/../lib/gcc/arm-atollic-eabi/6.3.1/armv7e-m/fpu\libgcc.a(_arm_cmpdf2.o)
 .ARM.attributes
                0x00000aca       0x22 c:/program files (x86)/atollic/truestudio for arm 8.1.0/armtools/bin/../lib/gcc/arm-atollic-eabi/6.3.1/armv7e-m/fpu\libgcc.a(_arm_fixdfsi.o)
 .ARM.attributes
                0x00000aec       0x22 c:/program files (x86)/atollic/truestudio for arm 8.1.0/armtools/bin/../lib/gcc/arm-atollic-eabi/6.3.1/armv7e-m/fpu\libgcc.a(_arm_fixunsdfsi.o)
 .ARM.attributes
                0x00000b0e       0x34 c:/program files (x86)/atollic/truestudio for arm 8.1.0/armtools/bin/../lib/gcc/arm-atollic-eabi/6.3.1/../../../../arm-atollic-eabi/lib/armv7e-m/fpu\libnosys.a(sbrk.o)
 .ARM.attributes
                0x00000b42       0x22 c:/program files (x86)/atollic/truestudio for arm 8.1.0/armtools/bin/../lib/gcc/arm-atollic-eabi/6.3.1/armv7e-m/fpu/crtn.o
OUTPUT(WhistBand.elf elf32-littlearm)

.debug_info     0x00000000    0x1706e
 .debug_info    0x00000000     0x18ee Drivers\BSP\STM32F4xx-Nucleo\stm32f4xx_nucleo.o
 .debug_info    0x000018ee     0x1081 Drivers\STM32F4xx_HAL_Driver\Src\stm32f4xx_hal.o
 .debug_info    0x0000296f     0x1552 Drivers\STM32F4xx_HAL_Driver\Src\stm32f4xx_hal_cortex.o
 .debug_info    0x00003ec1     0x111b Drivers\STM32F4xx_HAL_Driver\Src\stm32f4xx_hal_dma.o
 .debug_info    0x00004fdc      0xf9f Drivers\STM32F4xx_HAL_Driver\Src\stm32f4xx_hal_gpio.o
 .debug_info    0x00005f7b     0x137f Drivers\STM32F4xx_HAL_Driver\Src\stm32f4xx_hal_rcc.o
 .debug_info    0x000072fa     0x16b2 Drivers\STM32F4xx_HAL_Driver\Src\stm32f4xx_hal_rtc_ex.o
 .debug_info    0x000089ac     0x1cf1 Drivers\STM32F4xx_HAL_Driver\Src\stm32f4xx_hal_spi.o
 .debug_info    0x0000a69d     0x19d5 Drivers\STM32F4xx_HAL_Driver\Src\stm32f4xx_hal_uart.o
 .debug_info    0x0000c072     0x117d src\gprs.o
 .debug_info    0x0000d1ef     0x16bf src\gps.o
 .debug_info    0x0000e8ae     0x1ed1 src\init.o
 .debug_info    0x0001077f     0x12df src\lp_modes.o
 .debug_info    0x00011a5e     0x1661 src\main.o
 .debug_info    0x000130bf       0x78 src\startup_stm32f411xe.o
 .debug_info    0x00013137     0x19d7 src\stm32f4xx_hal_msp.o
 .debug_info    0x00014b0e     0x13c0 src\stm32f4xx_it.o
 .debug_info    0x00015ece      0x528 src\system_stm32f4xx.o
 .debug_info    0x000163f6      0xc78 src\tiny_printf.o

.debug_abbrev   0x00000000     0x2ca7
 .debug_abbrev  0x00000000      0x2ae Drivers\BSP\STM32F4xx-Nucleo\stm32f4xx_nucleo.o
 .debug_abbrev  0x000002ae      0x2d5 Drivers\STM32F4xx_HAL_Driver\Src\stm32f4xx_hal.o
 .debug_abbrev  0x00000583      0x371 Drivers\STM32F4xx_HAL_Driver\Src\stm32f4xx_hal_cortex.o
 .debug_abbrev  0x000008f4      0x279 Drivers\STM32F4xx_HAL_Driver\Src\stm32f4xx_hal_dma.o
 .debug_abbrev  0x00000b6d      0x24c Drivers\STM32F4xx_HAL_Driver\Src\stm32f4xx_hal_gpio.o
 .debug_abbrev  0x00000db9      0x325 Drivers\STM32F4xx_HAL_Driver\Src\stm32f4xx_hal_rcc.o
 .debug_abbrev  0x000010de      0x27b Drivers\STM32F4xx_HAL_Driver\Src\stm32f4xx_hal_rtc_ex.o
 .debug_abbrev  0x00001359      0x2ac Drivers\STM32F4xx_HAL_Driver\Src\stm32f4xx_hal_spi.o
 .debug_abbrev  0x00001605      0x2bd Drivers\STM32F4xx_HAL_Driver\Src\stm32f4xx_hal_uart.o
 .debug_abbrev  0x000018c2      0x216 src\gprs.o
 .debug_abbrev  0x00001ad8      0x2fd src\gps.o
 .debug_abbrev  0x00001dd5      0x28a src\init.o
 .debug_abbrev  0x0000205f      0x22a src\lp_modes.o
 .debug_abbrev  0x00002289      0x2aa src\main.o
 .debug_abbrev  0x00002533       0x12 src\startup_stm32f411xe.o
 .debug_abbrev  0x00002545      0x255 src\stm32f4xx_hal_msp.o
 .debug_abbrev  0x0000279a      0x19d src\stm32f4xx_it.o
 .debug_abbrev  0x00002937      0x10e src\system_stm32f4xx.o
 .debug_abbrev  0x00002a45      0x262 src\tiny_printf.o

.debug_aranges  0x00000000      0xc48
 .debug_aranges
                0x00000000       0xd0 Drivers\BSP\STM32F4xx-Nucleo\stm32f4xx_nucleo.o
 .debug_aranges
                0x000000d0       0xc8 Drivers\STM32F4xx_HAL_Driver\Src\stm32f4xx_hal.o
 .debug_aranges
                0x00000198      0x118 Drivers\STM32F4xx_HAL_Driver\Src\stm32f4xx_hal_cortex.o
 .debug_aranges
                0x000002b0       0x90 Drivers\STM32F4xx_HAL_Driver\Src\stm32f4xx_hal_dma.o
 .debug_aranges
                0x00000340       0x58 Drivers\STM32F4xx_HAL_Driver\Src\stm32f4xx_hal_gpio.o
 .debug_aranges
                0x00000398       0x88 Drivers\STM32F4xx_HAL_Driver\Src\stm32f4xx_hal_rcc.o
 .debug_aranges
                0x00000420      0x130 Drivers\STM32F4xx_HAL_Driver\Src\stm32f4xx_hal_rtc_ex.o
 .debug_aranges
                0x00000550      0x1c8 Drivers\STM32F4xx_HAL_Driver\Src\stm32f4xx_hal_spi.o
 .debug_aranges
                0x00000718      0x1d0 Drivers\STM32F4xx_HAL_Driver\Src\stm32f4xx_hal_uart.o
 .debug_aranges
                0x000008e8       0x40 src\gprs.o
 .debug_aranges
                0x00000928       0x70 src\gps.o
 .debug_aranges
                0x00000998       0xb0 src\init.o
 .debug_aranges
                0x00000a48       0x48 src\lp_modes.o
 .debug_aranges
                0x00000a90       0x48 src\main.o
 .debug_aranges
                0x00000ad8       0x28 src\startup_stm32f411xe.o
 .debug_aranges
                0x00000b00       0x60 src\stm32f4xx_hal_msp.o
 .debug_aranges
                0x00000b60       0x60 src\stm32f4xx_it.o
 .debug_aranges
                0x00000bc0       0x28 src\system_stm32f4xx.o
 .debug_aranges
                0x00000be8       0x60 src\tiny_printf.o

.debug_ranges   0x00000000      0xb20
 .debug_ranges  0x00000000       0xc0 Drivers\BSP\STM32F4xx-Nucleo\stm32f4xx_nucleo.o
 .debug_ranges  0x000000c0       0xb8 Drivers\STM32F4xx_HAL_Driver\Src\stm32f4xx_hal.o
 .debug_ranges  0x00000178      0x108 Drivers\STM32F4xx_HAL_Driver\Src\stm32f4xx_hal_cortex.o
 .debug_ranges  0x00000280       0x80 Drivers\STM32F4xx_HAL_Driver\Src\stm32f4xx_hal_dma.o
 .debug_ranges  0x00000300       0x48 Drivers\STM32F4xx_HAL_Driver\Src\stm32f4xx_hal_gpio.o
 .debug_ranges  0x00000348       0x78 Drivers\STM32F4xx_HAL_Driver\Src\stm32f4xx_hal_rcc.o
 .debug_ranges  0x000003c0      0x120 Drivers\STM32F4xx_HAL_Driver\Src\stm32f4xx_hal_rtc_ex.o
 .debug_ranges  0x000004e0      0x1b8 Drivers\STM32F4xx_HAL_Driver\Src\stm32f4xx_hal_spi.o
 .debug_ranges  0x00000698      0x1c0 Drivers\STM32F4xx_HAL_Driver\Src\stm32f4xx_hal_uart.o
 .debug_ranges  0x00000858       0x30 src\gprs.o
 .debug_ranges  0x00000888       0x60 src\gps.o
 .debug_ranges  0x000008e8       0xa0 src\init.o
 .debug_ranges  0x00000988       0x38 src\lp_modes.o
 .debug_ranges  0x000009c0       0x38 src\main.o
 .debug_ranges  0x000009f8       0x20 src\startup_stm32f411xe.o
 .debug_ranges  0x00000a18       0x50 src\stm32f4xx_hal_msp.o
 .debug_ranges  0x00000a68       0x50 src\stm32f4xx_it.o
 .debug_ranges  0x00000ab8       0x18 src\system_stm32f4xx.o
 .debug_ranges  0x00000ad0       0x50 src\tiny_printf.o

.debug_line     0x00000000     0x6212
 .debug_line    0x00000000      0x533 Drivers\BSP\STM32F4xx-Nucleo\stm32f4xx_nucleo.o
 .debug_line    0x00000533      0x460 Drivers\STM32F4xx_HAL_Driver\Src\stm32f4xx_hal.o
 .debug_line    0x00000993      0x5c3 Drivers\STM32F4xx_HAL_Driver\Src\stm32f4xx_hal_cortex.o
 .debug_line    0x00000f56      0x57d Drivers\STM32F4xx_HAL_Driver\Src\stm32f4xx_hal_dma.o
 .debug_line    0x000014d3      0x455 Drivers\STM32F4xx_HAL_Driver\Src\stm32f4xx_hal_gpio.o
 .debug_line    0x00001928      0x612 Drivers\STM32F4xx_HAL_Driver\Src\stm32f4xx_hal_rcc.o
 .debug_line    0x00001f3a      0x99c Drivers\STM32F4xx_HAL_Driver\Src\stm32f4xx_hal_rtc_ex.o
 .debug_line    0x000028d6      0xc30 Drivers\STM32F4xx_HAL_Driver\Src\stm32f4xx_hal_spi.o
 .debug_line    0x00003506      0xbab Drivers\STM32F4xx_HAL_Driver\Src\stm32f4xx_hal_uart.o
 .debug_line    0x000040b1      0x31e src\gprs.o
 .debug_line    0x000043cf      0x4d6 src\gps.o
 .debug_line    0x000048a5      0x52e src\init.o
 .debug_line    0x00004dd3      0x3e1 src\lp_modes.o
 .debug_line    0x000051b4      0x3dc src\main.o
 .debug_line    0x00005590       0x7b src\startup_stm32f411xe.o
 .debug_line    0x0000560b      0x419 src\stm32f4xx_hal_msp.o
 .debug_line    0x00005a24      0x360 src\stm32f4xx_it.o
 .debug_line    0x00005d84      0x1d5 src\system_stm32f4xx.o
 .debug_line    0x00005f59      0x2b9 src\tiny_printf.o

.debug_str      0x00000000     0x3cda
 .debug_str     0x00000000     0x1179 Drivers\BSP\STM32F4xx-Nucleo\stm32f4xx_nucleo.o
                               0x1284 (size before relaxing)
 .debug_str     0x00001179      0x274 Drivers\STM32F4xx_HAL_Driver\Src\stm32f4xx_hal.o
                                0xd91 (size before relaxing)
 .debug_str     0x000013ed      0x405 Drivers\STM32F4xx_HAL_Driver\Src\stm32f4xx_hal_cortex.o
                                0xf3d (size before relaxing)
 .debug_str     0x000017f2      0x2f6 Drivers\STM32F4xx_HAL_Driver\Src\stm32f4xx_hal_dma.o
                                0xbe5 (size before relaxing)
 .debug_str     0x00001ae8      0x158 Drivers\STM32F4xx_HAL_Driver\Src\stm32f4xx_hal_gpio.o
                                0x97d (size before relaxing)
 .debug_str     0x00001c40      0x2b5 Drivers\STM32F4xx_HAL_Driver\Src\stm32f4xx_hal_rcc.o
                                0xb10 (size before relaxing)
 .debug_str     0x00001ef5      0x7c1 Drivers\STM32F4xx_HAL_Driver\Src\stm32f4xx_hal_rtc_ex.o
                                0xedc (size before relaxing)
 .debug_str     0x000026b6      0x4f6 Drivers\STM32F4xx_HAL_Driver\Src\stm32f4xx_hal_spi.o
                                0xfb9 (size before relaxing)
 .debug_str     0x00002bac      0x686 Drivers\STM32F4xx_HAL_Driver\Src\stm32f4xx_hal_uart.o
                               0x1007 (size before relaxing)
 .debug_str     0x00003232      0x301 src\gprs.o
                                0xd64 (size before relaxing)
 .debug_str     0x00003533      0x2ac src\gps.o
                                0xdbd (size before relaxing)
 .debug_str     0x000037df      0x125 src\init.o
                               0x179a (size before relaxing)
 .debug_str     0x00003904       0x9a src\lp_modes.o
                                0xbed (size before relaxing)
 .debug_str     0x0000399e       0xe4 src\main.o
                                0xf70 (size before relaxing)
 .debug_str     0x00003a82       0xa2 src\stm32f4xx_hal_msp.o
                               0x147a (size before relaxing)
 .debug_str     0x00003b24       0xd1 src\stm32f4xx_it.o
                                0xe90 (size before relaxing)
 .debug_str     0x00003bf5       0x45 src\system_stm32f4xx.o
                                0x3b4 (size before relaxing)
 .debug_str     0x00003c3a       0xa0 src\tiny_printf.o
                                0x689 (size before relaxing)

.comment        0x00000000       0x7c
 .comment       0x00000000       0x7c Drivers\BSP\STM32F4xx-Nucleo\stm32f4xx_nucleo.o
                                 0x7d (size before relaxing)
 .comment       0x0000007c       0x7d Drivers\STM32F4xx_HAL_Driver\Src\stm32f4xx_hal.o
 .comment       0x0000007c       0x7d Drivers\STM32F4xx_HAL_Driver\Src\stm32f4xx_hal_cortex.o
 .comment       0x0000007c       0x7d Drivers\STM32F4xx_HAL_Driver\Src\stm32f4xx_hal_dma.o
 .comment       0x0000007c       0x7d Drivers\STM32F4xx_HAL_Driver\Src\stm32f4xx_hal_gpio.o
 .comment       0x0000007c       0x7d Drivers\STM32F4xx_HAL_Driver\Src\stm32f4xx_hal_rcc.o
 .comment       0x0000007c       0x7d Drivers\STM32F4xx_HAL_Driver\Src\stm32f4xx_hal_rtc_ex.o
 .comment       0x0000007c       0x7d Drivers\STM32F4xx_HAL_Driver\Src\stm32f4xx_hal_spi.o
 .comment       0x0000007c       0x7d Drivers\STM32F4xx_HAL_Driver\Src\stm32f4xx_hal_uart.o
 .comment       0x0000007c       0x7d src\gprs.o
 .comment       0x0000007c       0x7d src\gps.o
 .comment       0x0000007c       0x7d src\init.o
 .comment       0x0000007c       0x7d src\lp_modes.o
 .comment       0x0000007c       0x7d src\main.o
 .comment       0x0000007c       0x7d src\stm32f4xx_hal_msp.o
 .comment       0x0000007c       0x7d src\stm32f4xx_it.o
 .comment       0x0000007c       0x7d src\system_stm32f4xx.o
 .comment       0x0000007c       0x7d src\tiny_printf.o

.debug_frame    0x00000000     0x3c30
 .debug_frame   0x00000000      0x338 Drivers\BSP\STM32F4xx-Nucleo\stm32f4xx_nucleo.o
 .debug_frame   0x00000338      0x2e8 Drivers\STM32F4xx_HAL_Driver\Src\stm32f4xx_hal.o
 .debug_frame   0x00000620      0x498 Drivers\STM32F4xx_HAL_Driver\Src\stm32f4xx_hal_cortex.o
 .debug_frame   0x00000ab8      0x250 Drivers\STM32F4xx_HAL_Driver\Src\stm32f4xx_hal_dma.o
 .debug_frame   0x00000d08      0x14c Drivers\STM32F4xx_HAL_Driver\Src\stm32f4xx_hal_gpio.o
 .debug_frame   0x00000e54      0x200 Drivers\STM32F4xx_HAL_Driver\Src\stm32f4xx_hal_rcc.o
 .debug_frame   0x00001054      0x548 Drivers\STM32F4xx_HAL_Driver\Src\stm32f4xx_hal_rtc_ex.o
 .debug_frame   0x0000159c      0x7fc Drivers\STM32F4xx_HAL_Driver\Src\stm32f4xx_hal_spi.o
 .debug_frame   0x00001d98      0x83c Drivers\STM32F4xx_HAL_Driver\Src\stm32f4xx_hal_uart.o
 .debug_frame   0x000025d4       0xb4 src\gprs.o
 .debug_frame   0x00002688      0x1a4 src\gps.o
 .debug_frame   0x0000282c      0x27c src\init.o
 .debug_frame   0x00002aa8       0xd8 src\lp_modes.o
 .debug_frame   0x00002b80       0xdc src\main.o
 .debug_frame   0x00002c5c      0x154 src\stm32f4xx_hal_msp.o
 .debug_frame   0x00002db0      0x10c src\stm32f4xx_it.o
 .debug_frame   0x00002ebc       0x58 src\system_stm32f4xx.o
 .debug_frame   0x00002f14      0x1bc src\tiny_printf.o
 .debug_frame   0x000030d0       0x20 c:/program files (x86)/atollic/truestudio for arm 8.1.0/armtools/bin/../lib/gcc/arm-atollic-eabi/6.3.1/../../../../arm-atollic-eabi/lib/armv7e-m/fpu\libc_nano.a(lib_a-atof.o)
 .debug_frame   0x000030f0       0x30 c:/program files (x86)/atollic/truestudio for arm 8.1.0/armtools/bin/../lib/gcc/arm-atollic-eabi/6.3.1/../../../../arm-atollic-eabi/lib/armv7e-m/fpu\libc_nano.a(lib_a-atoi.o)
 .debug_frame   0x00003120       0x2c c:/program files (x86)/atollic/truestudio for arm 8.1.0/armtools/bin/../lib/gcc/arm-atollic-eabi/6.3.1/../../../../arm-atollic-eabi/lib/armv7e-m/fpu\libc_nano.a(lib_a-init.o)
 .debug_frame   0x0000314c       0x20 c:/program files (x86)/atollic/truestudio for arm 8.1.0/armtools/bin/../lib/gcc/arm-atollic-eabi/6.3.1/../../../../arm-atollic-eabi/lib/armv7e-m/fpu\libc_nano.a(lib_a-memset.o)
 .debug_frame   0x0000316c       0x20 c:/program files (x86)/atollic/truestudio for arm 8.1.0/armtools/bin/../lib/gcc/arm-atollic-eabi/6.3.1/../../../../arm-atollic-eabi/lib/armv7e-m/fpu\libc_nano.a(lib_a-strchr.o)
 .debug_frame   0x0000318c       0x20 c:/program files (x86)/atollic/truestudio for arm 8.1.0/armtools/bin/../lib/gcc/arm-atollic-eabi/6.3.1/../../../../arm-atollic-eabi/lib/armv7e-m/fpu\libc_nano.a(lib_a-strcmp.o)
 .debug_frame   0x000031ac       0x20 c:/program files (x86)/atollic/truestudio for arm 8.1.0/armtools/bin/../lib/gcc/arm-atollic-eabi/6.3.1/../../../../arm-atollic-eabi/lib/armv7e-m/fpu\libc_nano.a(lib_a-strcpy.o)
 .debug_frame   0x000031cc       0x28 c:/program files (x86)/atollic/truestudio for arm 8.1.0/armtools/bin/../lib/gcc/arm-atollic-eabi/6.3.1/../../../../arm-atollic-eabi/lib/armv7e-m/fpu\libc_nano.a(lib_a-strncmp.o)
 .debug_frame   0x000031f4       0x30 c:/program files (x86)/atollic/truestudio for arm 8.1.0/armtools/bin/../lib/gcc/arm-atollic-eabi/6.3.1/../../../../arm-atollic-eabi/lib/armv7e-m/fpu\libc_nano.a(lib_a-strstr.o)
 .debug_frame   0x00003224      0x12c c:/program files (x86)/atollic/truestudio for arm 8.1.0/armtools/bin/../lib/gcc/arm-atollic-eabi/6.3.1/../../../../arm-atollic-eabi/lib/armv7e-m/fpu\libc_nano.a(lib_a-strtod.o)
 .debug_frame   0x00003350       0x38 c:/program files (x86)/atollic/truestudio for arm 8.1.0/armtools/bin/../lib/gcc/arm-atollic-eabi/6.3.1/../../../../arm-atollic-eabi/lib/armv7e-m/fpu\libc_nano.a(lib_a-strtok.o)
 .debug_frame   0x00003388       0x40 c:/program files (x86)/atollic/truestudio for arm 8.1.0/armtools/bin/../lib/gcc/arm-atollic-eabi/6.3.1/../../../../arm-atollic-eabi/lib/armv7e-m/fpu\libc_nano.a(lib_a-strtok_r.o)
 .debug_frame   0x000033c8       0x88 c:/program files (x86)/atollic/truestudio for arm 8.1.0/armtools/bin/../lib/gcc/arm-atollic-eabi/6.3.1/../../../../arm-atollic-eabi/lib/armv7e-m/fpu\libc_nano.a(lib_a-strtol.o)
 .debug_frame   0x00003450       0x70 c:/program files (x86)/atollic/truestudio for arm 8.1.0/armtools/bin/../lib/gcc/arm-atollic-eabi/6.3.1/../../../../arm-atollic-eabi/lib/armv7e-m/fpu\libc_nano.a(lib_a-gdtoa-gethex.o)
 .debug_frame   0x000034c0       0x74 c:/program files (x86)/atollic/truestudio for arm 8.1.0/armtools/bin/../lib/gcc/arm-atollic-eabi/6.3.1/../../../../arm-atollic-eabi/lib/armv7e-m/fpu\libc_nano.a(lib_a-gdtoa-hexnan.o)
 .debug_frame   0x00003534       0x68 c:/program files (x86)/atollic/truestudio for arm 8.1.0/armtools/bin/../lib/gcc/arm-atollic-eabi/6.3.1/../../../../arm-atollic-eabi/lib/armv7e-m/fpu\libc_nano.a(lib_a-locale.o)
 .debug_frame   0x0000359c       0x40 c:/program files (x86)/atollic/truestudio for arm 8.1.0/armtools/bin/../lib/gcc/arm-atollic-eabi/6.3.1/../../../../arm-atollic-eabi/lib/armv7e-m/fpu\libc_nano.a(lib_a-localeconv.o)
 .debug_frame   0x000035dc       0x30 c:/program files (x86)/atollic/truestudio for arm 8.1.0/armtools/bin/../lib/gcc/arm-atollic-eabi/6.3.1/../../../../arm-atollic-eabi/lib/armv7e-m/fpu\libc_nano.a(lib_a-malloc.o)
 .debug_frame   0x0000360c       0x48 c:/program files (x86)/atollic/truestudio for arm 8.1.0/armtools/bin/../lib/gcc/arm-atollic-eabi/6.3.1/../../../../arm-atollic-eabi/lib/armv7e-m/fpu\libc_nano.a(lib_a-mbtowc_r.o)
 .debug_frame   0x00003654       0x28 c:/program files (x86)/atollic/truestudio for arm 8.1.0/armtools/bin/../lib/gcc/arm-atollic-eabi/6.3.1/../../../../arm-atollic-eabi/lib/armv7e-m/fpu\libc_nano.a(lib_a-memcpy-stub.o)
 .debug_frame   0x0000367c      0x240 c:/program files (x86)/atollic/truestudio for arm 8.1.0/armtools/bin/../lib/gcc/arm-atollic-eabi/6.3.1/../../../../arm-atollic-eabi/lib/armv7e-m/fpu\libc_nano.a(lib_a-mprec.o)
 .debug_frame   0x000038bc       0x2c c:/program files (x86)/atollic/truestudio for arm 8.1.0/armtools/bin/../lib/gcc/arm-atollic-eabi/6.3.1/../../../../arm-atollic-eabi/lib/armv7e-m/fpu\libc_nano.a(lib_a-nano-callocr.o)
 .debug_frame   0x000038e8       0x2c c:/program files (x86)/atollic/truestudio for arm 8.1.0/armtools/bin/../lib/gcc/arm-atollic-eabi/6.3.1/../../../../arm-atollic-eabi/lib/armv7e-m/fpu\libc_nano.a(lib_a-nano-mallocr.o)
 .debug_frame   0x00003914       0x2c c:/program files (x86)/atollic/truestudio for arm 8.1.0/armtools/bin/../lib/gcc/arm-atollic-eabi/6.3.1/../../../../arm-atollic-eabi/lib/armv7e-m/fpu\libc_nano.a(lib_a-sbrkr.o)
 .debug_frame   0x00003940       0x3c c:/program files (x86)/atollic/truestudio for arm 8.1.0/armtools/bin/../lib/gcc/arm-atollic-eabi/6.3.1/../../../../arm-atollic-eabi/lib/armv7e-m/fpu\libc_nano.a(lib_a-wctomb_r.o)
 .debug_frame   0x0000397c       0x30 c:/program files (x86)/atollic/truestudio for arm 8.1.0/armtools/bin/../lib/gcc/arm-atollic-eabi/6.3.1/../../../../arm-atollic-eabi/lib/armv7e-m/fpu\libc_nano.a(lib_a-mlock.o)
 .debug_frame   0x000039ac       0x5c c:/program files (x86)/atollic/truestudio for arm 8.1.0/armtools/bin/../lib/gcc/arm-atollic-eabi/6.3.1/../../../../arm-atollic-eabi/lib/armv7e-m/fpu\libc_nano.a(lib_a-reent.o)
 .debug_frame   0x00003a08       0xac c:/program files (x86)/atollic/truestudio for arm 8.1.0/armtools/bin/../lib/gcc/arm-atollic-eabi/6.3.1/armv7e-m/fpu\libgcc.a(_arm_addsubdf3.o)
 .debug_frame   0x00003ab4       0x50 c:/program files (x86)/atollic/truestudio for arm 8.1.0/armtools/bin/../lib/gcc/arm-atollic-eabi/6.3.1/armv7e-m/fpu\libgcc.a(_arm_muldivdf3.o)
 .debug_frame   0x00003b04       0xc4 c:/program files (x86)/atollic/truestudio for arm 8.1.0/armtools/bin/../lib/gcc/arm-atollic-eabi/6.3.1/armv7e-m/fpu\libgcc.a(_arm_cmpdf2.o)
 .debug_frame   0x00003bc8       0x24 c:/program files (x86)/atollic/truestudio for arm 8.1.0/armtools/bin/../lib/gcc/arm-atollic-eabi/6.3.1/armv7e-m/fpu\libgcc.a(_arm_fixdfsi.o)
 .debug_frame   0x00003bec       0x24 c:/program files (x86)/atollic/truestudio for arm 8.1.0/armtools/bin/../lib/gcc/arm-atollic-eabi/6.3.1/armv7e-m/fpu\libgcc.a(_arm_fixunsdfsi.o)
 .debug_frame   0x00003c10       0x20 c:/program files (x86)/atollic/truestudio for arm 8.1.0/armtools/bin/../lib/gcc/arm-atollic-eabi/6.3.1/../../../../arm-atollic-eabi/lib/armv7e-m/fpu\libnosys.a(sbrk.o)

.stabstr        0x00000000       0x3f
 .stabstr       0x00000000       0x3f c:/program files (x86)/atollic/truestudio for arm 8.1.0/armtools/bin/../lib/gcc/arm-atollic-eabi/6.3.1/../../../../arm-atollic-eabi/lib/armv7e-m/fpu\libnosys.a(write.o)

Cross Reference Table

Symbol                                            File
ADC_IRQHandler                                    src\startup_stm32f411xe.o
AHBPrescTable                                     src\system_stm32f4xx.o
                                                  Drivers\STM32F4xx_HAL_Driver\Src\stm32f4xx_hal_rcc.o
APBPrescTable                                     src\system_stm32f4xx.o
                                                  Drivers\STM32F4xx_HAL_Driver\Src\stm32f4xx_hal_rcc.o
BSP_GetVersion                                    Drivers\BSP\STM32F4xx-Nucleo\stm32f4xx_nucleo.o
BSP_LED_DeInit                                    Drivers\BSP\STM32F4xx-Nucleo\stm32f4xx_nucleo.o
BSP_LED_Init                                      Drivers\BSP\STM32F4xx-Nucleo\stm32f4xx_nucleo.o
                                                  src\main.o
                                                  src\init.o
BSP_LED_Off                                       Drivers\BSP\STM32F4xx-Nucleo\stm32f4xx_nucleo.o
BSP_LED_On                                        Drivers\BSP\STM32F4xx-Nucleo\stm32f4xx_nucleo.o
                                                  src\main.o
BSP_LED_Toggle                                    Drivers\BSP\STM32F4xx-Nucleo\stm32f4xx_nucleo.o
                                                  src\main.o
                                                  src\init.o
BSP_PB_DeInit                                     Drivers\BSP\STM32F4xx-Nucleo\stm32f4xx_nucleo.o
BSP_PB_GetState                                   Drivers\BSP\STM32F4xx-Nucleo\stm32f4xx_nucleo.o
                                                  src\init.o
BSP_PB_Init                                       Drivers\BSP\STM32F4xx-Nucleo\stm32f4xx_nucleo.o
                                                  src\lp_modes.o
                                                  src\init.o
BUTTON_IRQn                                       Drivers\BSP\STM32F4xx-Nucleo\stm32f4xx_nucleo.o
BUTTON_PIN                                        Drivers\BSP\STM32F4xx-Nucleo\stm32f4xx_nucleo.o
BUTTON_PORT                                       Drivers\BSP\STM32F4xx-Nucleo\stm32f4xx_nucleo.o
BusFault_Handler                                  src\startup_stm32f411xe.o
DMA1_Stream0_IRQHandler                           src\startup_stm32f411xe.o
DMA1_Stream1_IRQHandler                           src\startup_stm32f411xe.o
DMA1_Stream2_IRQHandler                           src\startup_stm32f411xe.o
DMA1_Stream3_IRQHandler                           src\startup_stm32f411xe.o
DMA1_Stream4_IRQHandler                           src\startup_stm32f411xe.o
DMA1_Stream5_IRQHandler                           src\startup_stm32f411xe.o
DMA1_Stream6_IRQHandler                           src\startup_stm32f411xe.o
DMA1_Stream7_IRQHandler                           src\startup_stm32f411xe.o
DMA2_Stream0_IRQHandler                           src\startup_stm32f411xe.o
DMA2_Stream1_IRQHandler                           src\startup_stm32f411xe.o
DMA2_Stream2_IRQHandler                           src\stm32f4xx_it.o
                                                  src\startup_stm32f411xe.o
DMA2_Stream3_IRQHandler                           src\startup_stm32f411xe.o
DMA2_Stream4_IRQHandler                           src\startup_stm32f411xe.o
DMA2_Stream5_IRQHandler                           src\stm32f4xx_it.o
                                                  src\startup_stm32f411xe.o
DMA2_Stream6_IRQHandler                           src\stm32f4xx_it.o
                                                  src\startup_stm32f411xe.o
DMA2_Stream7_IRQHandler                           src\stm32f4xx_it.o
                                                  src\startup_stm32f411xe.o
DMA_Init                                          src\init.o
                                                  src\main.o
DebugMon_Handler                                  src\startup_stm32f411xe.o
Default_Handler                                   src\startup_stm32f411xe.o
EXTI0_IRQHandler                                  src\startup_stm32f411xe.o
EXTI15_10_IRQHandler                              src\stm32f4xx_it.o
                                                  src\startup_stm32f411xe.o
EXTI1_IRQHandler                                  src\startup_stm32f411xe.o
EXTI2_IRQHandler                                  src\startup_stm32f411xe.o
EXTI3_IRQHandler                                  src\startup_stm32f411xe.o
EXTI4_IRQHandler                                  src\startup_stm32f411xe.o
EXTI9_5_IRQHandler                                src\startup_stm32f411xe.o
Error_Handler                                     src\main.o
                                                  src\lp_modes.o
                                                  src\init.o
                                                  src\gps.o
FLASH_Erase_Sector                                Drivers\STM32F4xx_HAL_Driver\Src\stm32f4xx_hal_flash_ex.o
                                                  Drivers\STM32F4xx_HAL_Driver\Src\stm32f4xx_hal_flash.o
FLASH_FlushCaches                                 Drivers\STM32F4xx_HAL_Driver\Src\stm32f4xx_hal_flash_ex.o
                                                  Drivers\STM32F4xx_HAL_Driver\Src\stm32f4xx_hal_flash.o
FLASH_IRQHandler                                  src\startup_stm32f411xe.o
FLASH_WaitForLastOperation                        Drivers\STM32F4xx_HAL_Driver\Src\stm32f4xx_hal_flash.o
                                                  Drivers\STM32F4xx_HAL_Driver\Src\stm32f4xx_hal_flash_ex.o
FPU_IRQHandler                                    src\startup_stm32f411xe.o
FlashAddress                                      src\main.o
GPIO_Init                                         src\init.o
                                                  src\main.o
GPIO_PIN                                          Drivers\BSP\STM32F4xx-Nucleo\stm32f4xx_nucleo.o
GPIO_PORT                                         Drivers\BSP\STM32F4xx-Nucleo\stm32f4xx_nucleo.o
GPS                                               src\gps.o
HAL_DBGMCU_DisableDBGSleepMode                    Drivers\STM32F4xx_HAL_Driver\Src\stm32f4xx_hal.o
HAL_DBGMCU_DisableDBGStandbyMode                  Drivers\STM32F4xx_HAL_Driver\Src\stm32f4xx_hal.o
HAL_DBGMCU_DisableDBGStopMode                     Drivers\STM32F4xx_HAL_Driver\Src\stm32f4xx_hal.o
HAL_DBGMCU_EnableDBGSleepMode                     Drivers\STM32F4xx_HAL_Driver\Src\stm32f4xx_hal.o
HAL_DBGMCU_EnableDBGStandbyMode                   Drivers\STM32F4xx_HAL_Driver\Src\stm32f4xx_hal.o
HAL_DBGMCU_EnableDBGStopMode                      Drivers\STM32F4xx_HAL_Driver\Src\stm32f4xx_hal.o
HAL_DMAEx_ChangeMemory                            Drivers\STM32F4xx_HAL_Driver\Src\stm32f4xx_hal_dma_ex.o
HAL_DMAEx_MultiBufferStart                        Drivers\STM32F4xx_HAL_Driver\Src\stm32f4xx_hal_dma_ex.o