Archive member included to satisfy reference by file (symbol)

c:/program files (x86)/atollic/truestudio for arm 8.1.0/armtools/bin/../lib/gcc/arm-atollic-eabi/6.3.1/../../../../arm-atollic-eabi/lib/armv7e-m/fpu\libc_nano.a(lib_a-atof.o)
                              src\gps.o (atof)
c:/program files (x86)/atollic/truestudio for arm 8.1.0/armtools/bin/../lib/gcc/arm-atollic-eabi/6.3.1/../../../../arm-atollic-eabi/lib/armv7e-m/fpu\libc_nano.a(lib_a-atoi.o)
                              src\gps.o (atoi)
c:/program files (x86)/atollic/truestudio for arm 8.1.0/armtools/bin/../lib/gcc/arm-atollic-eabi/6.3.1/../../../../arm-atollic-eabi/lib/armv7e-m/fpu\libc_nano.a(lib_a-init.o)
                              src\startup_stm32f411xe.o (__libc_init_array)
c:/program files (x86)/atollic/truestudio for arm 8.1.0/armtools/bin/../lib/gcc/arm-atollic-eabi/6.3.1/../../../../arm-atollic-eabi/lib/armv7e-m/fpu\libc_nano.a(lib_a-memset.o)
                              src\gps.o (memset)
c:/program files (x86)/atollic/truestudio for arm 8.1.0/armtools/bin/../lib/gcc/arm-atollic-eabi/6.3.1/../../../../arm-atollic-eabi/lib/armv7e-m/fpu\libc_nano.a(lib_a-strchr.o)
                              src\gps.o (strchr)
c:/program files (x86)/atollic/truestudio for arm 8.1.0/armtools/bin/../lib/gcc/arm-atollic-eabi/6.3.1/../../../../arm-atollic-eabi/lib/armv7e-m/fpu\libc_nano.a(lib_a-strcmp.o)
                              src\gps.o (strcmp)
c:/program files (x86)/atollic/truestudio for arm 8.1.0/armtools/bin/../lib/gcc/arm-atollic-eabi/6.3.1/../../../../arm-atollic-eabi/lib/armv7e-m/fpu\libc_nano.a(lib_a-strcpy.o)
                              src\gps.o (strcpy)
c:/program files (x86)/atollic/truestudio for arm 8.1.0/armtools/bin/../lib/gcc/arm-atollic-eabi/6.3.1/../../../../arm-atollic-eabi/lib/armv7e-m/fpu\libc_nano.a(lib_a-strlen.o)
                              src\gprs.o (strlen)
c:/program files (x86)/atollic/truestudio for arm 8.1.0/armtools/bin/../lib/gcc/arm-atollic-eabi/6.3.1/../../../../arm-atollic-eabi/lib/armv7e-m/fpu\libc_nano.a(lib_a-strstr.o)
                              src\gprs.o (strstr)
c:/program files (x86)/atollic/truestudio for arm 8.1.0/armtools/bin/../lib/gcc/arm-atollic-eabi/6.3.1/../../../../arm-atollic-eabi/lib/armv7e-m/fpu\libc_nano.a(lib_a-strtod.o)
                              c:/program files (x86)/atollic/truestudio for arm 8.1.0/armtools/bin/../lib/gcc/arm-atollic-eabi/6.3.1/../../../../arm-atollic-eabi/lib/armv7e-m/fpu\libc_nano.a(lib_a-atof.o) (strtod)
c:/program files (x86)/atollic/truestudio for arm 8.1.0/armtools/bin/../lib/gcc/arm-atollic-eabi/6.3.1/../../../../arm-atollic-eabi/lib/armv7e-m/fpu\libc_nano.a(lib_a-strtok.o)
                              src\gps.o (strtok)
c:/program files (x86)/atollic/truestudio for arm 8.1.0/armtools/bin/../lib/gcc/arm-atollic-eabi/6.3.1/../../../../arm-atollic-eabi/lib/armv7e-m/fpu\libc_nano.a(lib_a-strtok_r.o)
                              c:/program files (x86)/atollic/truestudio for arm 8.1.0/armtools/bin/../lib/gcc/arm-atollic-eabi/6.3.1/../../../../arm-atollic-eabi/lib/armv7e-m/fpu\libc_nano.a(lib_a-strtok.o) (__strtok_r)
c:/program files (x86)/atollic/truestudio for arm 8.1.0/armtools/bin/../lib/gcc/arm-atollic-eabi/6.3.1/../../../../arm-atollic-eabi/lib/armv7e-m/fpu\libc_nano.a(lib_a-strtol.o)
                              c:/program files (x86)/atollic/truestudio for arm 8.1.0/armtools/bin/../lib/gcc/arm-atollic-eabi/6.3.1/../../../../arm-atollic-eabi/lib/armv7e-m/fpu\libc_nano.a(lib_a-atoi.o) (_strtol_r)
c:/program files (x86)/atollic/truestudio for arm 8.1.0/armtools/bin/../lib/gcc/arm-atollic-eabi/6.3.1/../../../../arm-atollic-eabi/lib/armv7e-m/fpu\libc_nano.a(lib_a-gdtoa-gethex.o)
                              c:/program files (x86)/atollic/truestudio for arm 8.1.0/armtools/bin/../lib/gcc/arm-atollic-eabi/6.3.1/../../../../arm-atollic-eabi/lib/armv7e-m/fpu\libc_nano.a(lib_a-strtod.o) (__gethex)
c:/program files (x86)/atollic/truestudio for arm 8.1.0/armtools/bin/../lib/gcc/arm-atollic-eabi/6.3.1/../../../../arm-atollic-eabi/lib/armv7e-m/fpu\libc_nano.a(lib_a-gdtoa-hexnan.o)
                              c:/program files (x86)/atollic/truestudio for arm 8.1.0/armtools/bin/../lib/gcc/arm-atollic-eabi/6.3.1/../../../../arm-atollic-eabi/lib/armv7e-m/fpu\libc_nano.a(lib_a-strtod.o) (__match)
c:/program files (x86)/atollic/truestudio for arm 8.1.0/armtools/bin/../lib/gcc/arm-atollic-eabi/6.3.1/../../../../arm-atollic-eabi/lib/armv7e-m/fpu\libc_nano.a(lib_a-impure.o)
                              c:/program files (x86)/atollic/truestudio for arm 8.1.0/armtools/bin/../lib/gcc/arm-atollic-eabi/6.3.1/../../../../arm-atollic-eabi/lib/armv7e-m/fpu\libc_nano.a(lib_a-strtod.o) (_impure_ptr)
c:/program files (x86)/atollic/truestudio for arm 8.1.0/armtools/bin/../lib/gcc/arm-atollic-eabi/6.3.1/../../../../arm-atollic-eabi/lib/armv7e-m/fpu\libc_nano.a(lib_a-locale.o)
[...]
Memory Configuration

Name             Origin             Length             Attributes
FLASH            0x08000000         0x00040000         xr
RAM              0x20000000         0x00020000         xrw
MEMORY_B1        0x60000000         0x00000000         xr
DATA             0x08040000         0x00020000         xrw
*default*        0x00000000         0xffffffff

Linker script and memory map

LOAD c:/program files (x86)/atollic/truestudio for arm 8.1.0/armtools/bin/../lib/gcc/arm-atollic-eabi/6.3.1/armv7e-m/fpu/crti.o
LOAD c:/program files (x86)/atollic/truestudio for arm 8.1.0/armtools/bin/../lib/gcc/arm-atollic-eabi/6.3.1/armv7e-m/fpu/crtbegin.o
LOAD Drivers\BSP\STM32F4xx-Nucleo\stm32f4xx_nucleo.o
LOAD Drivers\STM32F4xx_HAL_Driver\Src\stm32f4xx_hal.o
LOAD Drivers\STM32F4xx_HAL_Driver\Src\stm32f4xx_hal_adc.o
LOAD Drivers\STM32F4xx_HAL_Driver\Src\stm32f4xx_hal_adc_ex.o
LOAD Drivers\STM32F4xx_HAL_Driver\Src\stm32f4xx_hal_cortex.o
LOAD Drivers\STM32F4xx_HAL_Driver\Src\stm32f4xx_hal_crc.o
LOAD Drivers\STM32F4xx_HAL_Driver\Src\stm32f4xx_hal_dma.o
LOAD Drivers\STM32F4xx_HAL_Driver\Src\stm32f4xx_hal_dma2d.o
LOAD Drivers\STM32F4xx_HAL_Driver\Src\stm32f4xx_hal_dma_ex.o
LOAD Drivers\STM32F4xx_HAL_Driver\Src\stm32f4xx_hal_flash.o
LOAD Drivers\STM32F4xx_HAL_Driver\Src\stm32f4xx_hal_flash_ex.o
LOAD Drivers\STM32F4xx_HAL_Driver\Src\stm32f4xx_hal_flash_ramfunc.o
LOAD Drivers\STM32F4xx_HAL_Driver\Src\stm32f4xx_hal_gpio.o
LOAD Drivers\STM32F4xx_HAL_Driver\Src\stm32f4xx_hal_i2c.o
LOAD Drivers\STM32F4xx_HAL_Driver\Src\stm32f4xx_hal_i2c_ex.o
LOAD Drivers\STM32F4xx_HAL_Driver\Src\stm32f4xx_hal_nand.o
LOAD Drivers\STM32F4xx_HAL_Driver\Src\stm32f4xx_hal_nor.o
LOAD Drivers\STM32F4xx_HAL_Driver\Src\stm32f4xx_hal_pccard.o
LOAD Drivers\STM32F4xx_HAL_Driver\Src\stm32f4xx_hal_pwr.o
LOAD Drivers\STM32F4xx_HAL_Driver\Src\stm32f4xx_hal_pwr_ex.o
LOAD Drivers\STM32F4xx_HAL_Driver\Src\stm32f4xx_hal_rcc.o
LOAD Drivers\STM32F4xx_HAL_Driver\Src\stm32f4xx_hal_rcc_ex.o
LOAD Drivers\STM32F4xx_HAL_Driver\Src\stm32f4xx_hal_rtc.o
LOAD Drivers\STM32F4xx_HAL_Driver\Src\stm32f4xx_hal_rtc_ex.o
LOAD Drivers\STM32F4xx_HAL_Driver\Src\stm32f4xx_hal_sd.o
LOAD Drivers\STM32F4xx_HAL_Driver\Src\stm32f4xx_hal_sdram.o
LOAD Drivers\STM32F4xx_HAL_Driver\Src\stm32f4xx_hal_smartcard.o
LOAD Drivers\STM32F4xx_HAL_Driver\Src\stm32f4xx_hal_spi.o
LOAD Drivers\STM32F4xx_HAL_Driver\Src\stm32f4xx_hal_sram.o
LOAD Drivers\STM32F4xx_HAL_Driver\Src\stm32f4xx_hal_tim.o
LOAD Drivers\STM32F4xx_HAL_Driver\Src\stm32f4xx_hal_tim_ex.o
LOAD Drivers\STM32F4xx_HAL_Driver\Src\stm32f4xx_hal_uart.o
LOAD Drivers\STM32F4xx_HAL_Driver\Src\stm32f4xx_hal_usart.o
LOAD Drivers\STM32F4xx_HAL_Driver\Src\stm32f4xx_hal_wwdg.o
LOAD src\gprs.o
LOAD src\gps.o
LOAD src\init.o
LOAD src\lora.o
LOAD src\lp_modes.o
LOAD src\main.o
LOAD src\startup_stm32f411xe.o
LOAD src\stm32f4xx_hal_msp.o
LOAD src\stm32f4xx_it.o
LOAD src\system_stm32f4xx.o
LOAD src\tiny_printf.o
                0x00000080                malloc_getpagesize_P = 0x80
START GROUP
LOAD c:/program files (x86)/atollic/truestudio for arm 8.1.0/armtools/bin/../lib/gcc/arm-atollic-eabi/6.3.1/../../../../arm-atollic-eabi/lib/armv7e-m/fpu\libc_nano.a
LOAD c:/program files (x86)/atollic/truestudio for arm 8.1.0/armtools/bin/../lib/gcc/arm-atollic-eabi/6.3.1/../../../../arm-atollic-eabi/lib/armv7e-m/fpu\libm.a
END GROUP
START GROUP
LOAD c:/program files (x86)/atollic/truestudio for arm 8.1.0/armtools/bin/../lib/gcc/arm-atollic-eabi/6.3.1/armv7e-m/fpu\libgcc.a
LOAD c:/program files (x86)/atollic/truestudio for arm 8.1.0/armtools/bin/../lib/gcc/arm-atollic-eabi/6.3.1/../../../../arm-atollic-eabi/lib/armv7e-m/fpu\libc_nano.a
END GROUP
START GROUP
LOAD c:/program files (x86)/atollic/truestudio for arm 8.1.0/armtools/bin/../lib/gcc/arm-atollic-eabi/6.3.1/armv7e-m/fpu\libgcc.a
LOAD c:/program files (x86)/atollic/truestudio for arm 8.1.0/armtools/bin/../lib/gcc/arm-atollic-eabi/6.3.1/../../../../arm-atollic-eabi/lib/armv7e-m/fpu\libc_nano.a
LOAD c:/program files (x86)/atollic/truestudio for arm 8.1.0/armtools/bin/../lib/gcc/arm-atollic-eabi/6.3.1/../../../../arm-atollic-eabi/lib/armv7e-m/fpu\libnosys.a
END GROUP
START GROUP
LOAD c:/program files (x86)/atollic/truestudio for arm 8.1.0/armtools/bin/../lib/gcc/arm-atollic-eabi/6.3.1/armv7e-m/fpu\libgcc.a
LOAD c:/program files (x86)/atollic/truestudio for arm 8.1.0/armtools/bin/../lib/gcc/arm-atollic-eabi/6.3.1/../../../../arm-atollic-eabi/lib/armv7e-m/fpu\libc_nano.a
LOAD c:/program files (x86)/atollic/truestudio for arm 8.1.0/armtools/bin/../lib/gcc/arm-atollic-eabi/6.3.1/../../../../arm-atollic-eabi/lib/armv7e-m/fpu\libnosys.a
END GROUP
LOAD c:/program files (x86)/atollic/truestudio for arm 8.1.0/armtools/bin/../lib/gcc/arm-atollic-eabi/6.3.1/armv7e-m/fpu/crtend.o
LOAD c:/program files (x86)/atollic/truestudio for arm 8.1.0/armtools/bin/../lib/gcc/arm-atollic-eabi/6.3.1/armv7e-m/fpu/crtn.o
                0x20020000                _estack = 0x20020000
                0x00000000                _Min_Heap_Size = 0x0
                0x00000400                _Min_Stack_Size = 0x400

.isr_vector     0x08000000      0x198
                0x08000000                . = ALIGN (0x4)
 *(.isr_vector)
 .isr_vector    0x08000000      0x198 src\startup_stm32f411xe.o
                0x08000000                g_pfnVectors
                0x08000198                . = ALIGN (0x4)

.text           0x08000198     0x6844
                0x08000198                . = ALIGN (0x4)
 *(.text)
 .text          0x08000198       0x40 c:/program files (x86)/atollic/truestudio for arm 8.1.0/armtools/bin/../lib/gcc/arm-atollic-eabi/6.3.1/armv7e-m/fpu/crtbegin.o
 .text          0x080001d8       0x14 c:/program files (x86)/atollic/truestudio for arm 8.1.0/armtools/bin/../lib/gcc/arm-atollic-eabi/6.3.1/../../../../arm-atollic-eabi/lib/armv7e-m/fpu\libc_nano.a(lib_a-strcmp.o)
                0x080001d8                strcmp
 .text          0x080001ec       0x10 c:/program files (x86)/atollic/truestudio for arm 8.1.0/armtools/bin/../lib/gcc/arm-atollic-eabi/6.3.1/../../../../arm-atollic-eabi/lib/armv7e-m/fpu\libc_nano.a(lib_a-strlen.o)
                0x080001ec                strlen
 .text          0x080001fc      0x370 c:/program files (x86)/atollic/truestudio for arm 8.1.0/armtools/bin/../lib/gcc/arm-atollic-eabi/6.3.1/armv7e-m/fpu\libgcc.a(_arm_addsubdf3.o)
                0x080001fc                __aeabi_drsub
                0x08000204                __aeabi_dsub
                0x08000204                __subdf3
                0x08000208                __aeabi_dadd
                0x08000208                __adddf3
                0x08000480                __floatunsidf
                0x08000480                __aeabi_ui2d
                0x080004a0                __floatsidf
                0x080004a0                __aeabi_i2d
                0x080004c4                __aeabi_f2d
                0x080004c4                __extendsfdf2
                0x08000500                __floatundidf
                0x08000500                __aeabi_ul2d
                0x08000510                __floatdidf
                0x08000510                __aeabi_l2d
 .text          0x0800056c      0x424 c:/program files (x86)/atollic/truestudio for arm 8.1.0/armtools/bin/../lib/gcc/arm-atollic-eabi/6.3.1/armv7e-m/fpu\libgcc.a(_arm_muldivdf3.o)
                0x0800056c                __aeabi_dmul
                0x0800056c                __muldf3
                0x080007c0                __divdf3
                0x080007c0                __aeabi_ddiv
 .text          0x08000990      0x110 c:/program files (x86)/atollic/truestudio for arm 8.1.0/armtools/bin/../lib/gcc/arm-atollic-eabi/6.3.1/armv7e-m/fpu\libgcc.a(_arm_cmpdf2.o)
                0x08000990                __gtdf2
                0x08000990                __gedf2
                0x08000998                __ltdf2
                0x08000998                __ledf2
                0x080009a0                __nedf2
                0x080009a0                __eqdf2
                0x080009a0                __cmpdf2
                0x08000a1c                __aeabi_cdrcmple
                0x08000a2c                __aeabi_cdcmpeq
                0x08000a2c                __aeabi_cdcmple
                0x08000a3c                __aeabi_dcmpeq
                0x08000a50                __aeabi_dcmplt
                0x08000a64                __aeabi_dcmple
                0x08000a78                __aeabi_dcmpge
                0x08000a8c                __aeabi_dcmpgt
 .text          0x08000aa0       0x50 c:/program files (x86)/atollic/truestudio for arm 8.1.0/armtools/bin/../lib/gcc/arm-atollic-eabi/6.3.1/armv7e-m/fpu\libgcc.a(_arm_fixdfsi.o)
                0x08000aa0                __aeabi_d2iz
                0x08000aa0                __fixdfsi
 .text          0x08000af0       0x40 c:/program files (x86)/atollic/truestudio for arm 8.1.0/armtools/bin/../lib/gcc/arm-atollic-eabi/6.3.1/armv7e-m/fpu\libgcc.a(_arm_fixunsdfsi.o)
                0x08000af0                __aeabi_d2uiz
                0x08000af0                __fixunsdfsi
 *(.text*)
 .text.BSP_LED_Init
                0x08000b30       0x6c Drivers\BSP\STM32F4xx-Nucleo\stm32f4xx_nucleo.o
                0x08000b30                BSP_LED_Init
 .text.BSP_LED_On
                0x08000b9c       0x28 Drivers\BSP\STM32F4xx-Nucleo\stm32f4xx_nucleo.o
                0x08000b9c                BSP_LED_On
 .text.BSP_LED_Toggle
                0x08000bc4       0x28 Drivers\BSP\STM32F4xx-Nucleo\stm32f4xx_nucleo.o
                0x08000bc4                BSP_LED_Toggle
 .text.HAL_Init
                0x08000bec       0x44 Drivers\STM32F4xx_HAL_Driver\Src\stm32f4xx_hal.o
                0x08000bec                HAL_Init
 .text.HAL_InitTick
                0x08000c30       0x38 Drivers\STM32F4xx_HAL_Driver\Src\stm32f4xx_hal.o
                0x08000c30                HAL_InitTick
 .text.HAL_IncTick
                0x08000c68       0x1c Drivers\STM32F4xx_HAL_Driver\Src\stm32f4xx_hal.o
                0x08000c68                HAL_IncTick
 .text.HAL_GetTick
                0x08000c84       0x18 Drivers\STM32F4xx_HAL_Driver\Src\stm32f4xx_hal.o
                0x08000c84                HAL_GetTick
 .text.HAL_Delay
                0x08000c9c       0x3a Drivers\STM32F4xx_HAL_Driver\Src\stm32f4xx_hal.o
                0x08000c9c                HAL_Delay
 *fill*         0x08000cd6        0x2 
 .text.NVIC_SetPriorityGrouping
                0x08000cd8       0x48 Drivers\STM32F4xx_HAL_Driver\Src\stm32f4xx_hal_cortex.o
 .text.NVIC_GetPriorityGrouping
                0x08000d20       0x1c Drivers\STM32F4xx_HAL_Driver\Src\stm32f4xx_hal_cortex.o
 .text.NVIC_EnableIRQ
                0x08000d3c       0x34 Drivers\STM32F4xx_HAL_Driver\Src\stm32f4xx_hal_cortex.o
 .text.NVIC_SetPriority
                0x08000d70       0x54 Drivers\STM32F4xx_HAL_Driver\Src\stm32f4xx_hal_cortex.o
 .text.NVIC_EncodePriority
                0x08000dc4       0x62 Drivers\STM32F4xx_HAL_Driver\Src\stm32f4xx_hal_cortex.o
 *fill*         0x08000e26        0x2 
 .text.SysTick_Config
                0x08000e28       0x44 Drivers\STM32F4xx_HAL_Driver\Src\stm32f4xx_hal_cortex.o
 .text.HAL_NVIC_SetPriorityGrouping
                0x08000e6c       0x16 Drivers\STM32F4xx_HAL_Driver\Src\stm32f4xx_hal_cortex.o
                0x08000e6c                HAL_NVIC_SetPriorityGrouping
 .text.HAL_NVIC_SetPriority
                0x08000e82       0x38 Drivers\STM32F4xx_HAL_Driver\Src\stm32f4xx_hal_cortex.o
                0x08000e82                HAL_NVIC_SetPriority
 .text.HAL_NVIC_EnableIRQ
                0x08000eba       0x1c Drivers\STM32F4xx_HAL_Driver\Src\stm32f4xx_hal_cortex.o
                0x08000eba                HAL_NVIC_EnableIRQ
 .text.HAL_SYSTICK_Config
                0x08000ed6       0x18 Drivers\STM32F4xx_HAL_Driver\Src\stm32f4xx_hal_cortex.o
                0x08000ed6                HAL_SYSTICK_Config
 .text.HAL_SYSTICK_IRQHandler
                0x08000eee        0xc Drivers\STM32F4xx_HAL_Driver\Src\stm32f4xx_hal_cortex.o
                0x08000eee                HAL_SYSTICK_IRQHandler
 *fill*         0x08000efa        0x2 
 .text.HAL_DMA_Init
                0x08000efc      0x15c Drivers\STM32F4xx_HAL_Driver\Src\stm32f4xx_hal_dma.o
                0x08000efc                HAL_DMA_Init
 .text.HAL_DMA_Start_IT
                0x08001058       0xc0 Drivers\STM32F4xx_HAL_Driver\Src\stm32f4xx_hal_dma.o
                0x08001058                HAL_DMA_Start_IT
 .text.HAL_DMA_Abort_IT
                0x08001118       0x44 Drivers\STM32F4xx_HAL_Driver\Src\stm32f4xx_hal_dma.o
                0x08001118                HAL_DMA_Abort_IT
 .text.HAL_DMA_IRQHandler
                0x0800115c      0x320 Drivers\STM32F4xx_HAL_Driver\Src\stm32f4xx_hal_dma.o
                0x0800115c                HAL_DMA_IRQHandler
 .text.DMA_SetConfig
                0x0800147c       0x5c Drivers\STM32F4xx_HAL_Driver\Src\stm32f4xx_hal_dma.o
 .text.DMA_CalcBaseAndBitshift
                0x080014d8       0x6c Drivers\STM32F4xx_HAL_Driver\Src\stm32f4xx_hal_dma.o
 .text.DMA_CheckFifoParam
                0x08001544       0xf4 Drivers\STM32F4xx_HAL_Driver\Src\stm32f4xx_hal_dma.o
 .text.HAL_GPIO_Init
                0x08001638      0x304 Drivers\STM32F4xx_HAL_Driver\Src\stm32f4xx_hal_gpio.o
                0x08001638                HAL_GPIO_Init
 .text.HAL_GPIO_WritePin
                0x0800193c       0x32 Drivers\STM32F4xx_HAL_Driver\Src\stm32f4xx_hal_gpio.o
                0x0800193c                HAL_GPIO_WritePin
 .text.HAL_GPIO_TogglePin
                0x0800196e       0x24 Drivers\STM32F4xx_HAL_Driver\Src\stm32f4xx_hal_gpio.o
                0x0800196e                HAL_GPIO_TogglePin
 *fill*         0x08001992        0x2 
 .text.HAL_GPIO_EXTI_IRQHandler
                0x08001994       0x30 Drivers\STM32F4xx_HAL_Driver\Src\stm32f4xx_hal_gpio.o
                0x08001994                HAL_GPIO_EXTI_IRQHandler
 .text.HAL_RCC_OscConfig
                0x080019c4      0x4b4 Drivers\STM32F4xx_HAL_Driver\Src\stm32f4xx_hal_rcc.o
                0x080019c4                HAL_RCC_OscConfig
 .text.HAL_RCC_ClockConfig
                0x08001e78      0x224 Drivers\STM32F4xx_HAL_Driver\Src\stm32f4xx_hal_rcc.o
                0x08001e78                HAL_RCC_ClockConfig
 .text.HAL_RCC_GetSysClockFreq
                0x0800209c       0xfc Drivers\STM32F4xx_HAL_Driver\Src\stm32f4xx_hal_rcc.o
                0x0800209c                HAL_RCC_GetSysClockFreq
 .text.HAL_RCC_GetHCLKFreq
                0x08002198       0x18 Drivers\STM32F4xx_HAL_Driver\Src\stm32f4xx_hal_rcc.o
                0x08002198                HAL_RCC_GetHCLKFreq
 .text.HAL_RCC_GetPCLK1Freq
                0x080021b0       0x44 Drivers\STM32F4xx_HAL_Driver\Src\stm32f4xx_hal_rcc.o
                0x080021b0                HAL_RCC_GetPCLK1Freq
 .text.HAL_RCC_GetPCLK2Freq
                0x080021f4       0x44 Drivers\STM32F4xx_HAL_Driver\Src\stm32f4xx_hal_rcc.o
                0x080021f4                HAL_RCC_GetPCLK2Freq
 .text.HAL_RTCEx_WakeUpTimerIRQHandler
                0x08002238       0x58 Drivers\STM32F4xx_HAL_Driver\Src\stm32f4xx_hal_rtc_ex.o
                0x08002238                HAL_RTCEx_WakeUpTimerIRQHandler
 .text.HAL_SPI_IRQHandler
                0x08002290      0x1b0 Drivers\STM32F4xx_HAL_Driver\Src\stm32f4xx_hal_spi.o
                0x08002290                HAL_SPI_IRQHandler
 .text.HAL_SPI_ErrorCallback
                0x08002440       0x14 Drivers\STM32F4xx_HAL_Driver\Src\stm32f4xx_hal_spi.o
                0x08002440                HAL_SPI_ErrorCallback
 .text.SPI_DMAAbortOnError
                0x08002454       0x28 Drivers\STM32F4xx_HAL_Driver\Src\stm32f4xx_hal_spi.o
 .text.HAL_UART_Init
                0x0800247c       0x9a Drivers\STM32F4xx_HAL_Driver\Src\stm32f4xx_hal_uart.o
                0x0800247c                HAL_UART_Init
 .text.HAL_UART_Transmit
                0x08002516      0x130 Drivers\STM32F4xx_HAL_Driver\Src\stm32f4xx_hal_uart.o
                0x08002516                HAL_UART_Transmit
 *fill*         0x08002646        0x2 
 .text.HAL_UART_Transmit_DMA
                0x08002648       0xd8 Drivers\STM32F4xx_HAL_Driver\Src\stm32f4xx_hal_uart.o
                0x08002648                HAL_UART_Transmit_DMA
 .text.HAL_UART_Receive_DMA
                0x08002720      0x100 Drivers\STM32F4xx_HAL_Driver\Src\stm32f4xx_hal_uart.o
                0x08002720                HAL_UART_Receive_DMA
 .text.HAL_UART_IRQHandler
                0x08002820      0x1f8 Drivers\STM32F4xx_HAL_Driver\Src\stm32f4xx_hal_uart.o
                0x08002820                HAL_UART_IRQHandler
 .text.HAL_UART_TxHalfCpltCallback
                0x08002a18       0x14 Drivers\STM32F4xx_HAL_Driver\Src\stm32f4xx_hal_uart.o
                0x08002a18                HAL_UART_TxHalfCpltCallback
 .text.HAL_UART_RxHalfCpltCallback
                0x08002a2c       0x14 Drivers\STM32F4xx_HAL_Driver\Src\stm32f4xx_hal_uart.o
                0x08002a2c                HAL_UART_RxHalfCpltCallback
 .text.HAL_UART_ErrorCallback
                0x08002a40       0x14 Drivers\STM32F4xx_HAL_Driver\Src\stm32f4xx_hal_uart.o
                0x08002a40                HAL_UART_ErrorCallback
 .text.UART_DMATransmitCplt
                0x08002a54       0x52 Drivers\STM32F4xx_HAL_Driver\Src\stm32f4xx_hal_uart.o
 .text.UART_DMATxHalfCplt
                0x08002aa6       0x1c Drivers\STM32F4xx_HAL_Driver\Src\stm32f4xx_hal_uart.o
 .text.UART_DMAReceiveCplt
                0x08002ac2       0x68 Drivers\STM32F4xx_HAL_Driver\Src\stm32f4xx_hal_uart.o
 .text.UART_DMARxHalfCplt
                0x08002b2a       0x1c Drivers\STM32F4xx_HAL_Driver\Src\stm32f4xx_hal_uart.o
 .text.UART_DMAError
                0x08002b46       0x94 Drivers\STM32F4xx_HAL_Driver\Src\stm32f4xx_hal_uart.o
 .text.UART_WaitOnFlagUntilTimeout
                0x08002bda       0x94 Drivers\STM32F4xx_HAL_Driver\Src\stm32f4xx_hal_uart.o
 .text.UART_EndTxTransfer
                0x08002c6e       0x2c Drivers\STM32F4xx_HAL_Driver\Src\stm32f4xx_hal_uart.o
 .text.UART_EndRxTransfer
                0x08002c9a       0x3c Drivers\STM32F4xx_HAL_Driver\Src\stm32f4xx_hal_uart.o
 .text.UART_DMAAbortOnError
                0x08002cd6       0x28 Drivers\STM32F4xx_HAL_Driver\Src\stm32f4xx_hal_uart.o
 .text.UART_Transmit_IT
                0x08002cfe       0xaa Drivers\STM32F4xx_HAL_Driver\Src\stm32f4xx_hal_uart.o
 .text.UART_EndTransmit_IT
                0x08002da8       0x30 Drivers\STM32F4xx_HAL_Driver\Src\stm32f4xx_hal_uart.o
 .text.UART_Receive_IT
                0x08002dd8       0xf2 Drivers\STM32F4xx_HAL_Driver\Src\stm32f4xx_hal_uart.o
 *fill*         0x08002eca        0x2 
 .text.UART_SetConfig
                0x08002ecc      0x438 Drivers\STM32F4xx_HAL_Driver\Src\stm32f4xx_hal_uart.o
 .text.send_ATCommand
                0x08003304       0x2c src\gprs.o
                0x08003304                send_ATCommand
 .text.read_buffer
                0x08003330       0x2c src\gprs.o
                0x08003330                read_buffer
 .text.leerBuffer
                0x0800335c       0x14 src\gprs.o
                0x0800335c                leerBuffer
 .text.network_registration
                0x08003370       0xe8 src\gprs.o
                0x08003370                network_registration
 .text.HTTP_post
                0x08003458       0x38 src\gprs.o
                0x08003458                HTTP_post
 .text.PDPActivated
                0x08003490       0x4c src\gprs.o
                0x08003490                PDPActivated
 .text.isOK     0x080034dc       0x34 src\gprs.o
                0x080034dc                isOK
 .text.response_OK
                0x08003510       0xdc src\gprs.o
                0x08003510                response_OK
 .text.inicializar_gps
                0x080035ec       0xe4 src\gps.o
                0x080035ec                inicializar_gps
 .text.guardar_coordenadas
                0x080036d0       0x4c src\gps.o
                0x080036d0                guardar_coordenadas
 .text.obtener_coordenadas
                0x0800371c      0x3ec src\gps.o
                0x0800371c                obtener_coordenadas
 .text.enviar_coordenadas_gprs
                0x08003b08      0x100 src\gps.o
                0x08003b08                enviar_coordenadas_gprs
 .text.formatoLat
                0x08003c08      0x1ac src\gps.o
                0x08003c08                formatoLat
 *fill*         0x08003db4        0x4 
 .text.formatoLong
                0x08003db8      0x1ac src\gps.o
                0x08003db8                formatoLong
 .text.formatoHora
                0x08003f64       0xf4 src\gps.o
                0x08003f64                formatoHora
 .text.formatoFecha
                0x08004058       0x60 src\gps.o
                0x08004058                formatoFecha
 .text.HAL_UART_TxCpltCallback
                0x080040b8       0x70 src\gps.o
                0x080040b8                HAL_UART_TxCpltCallback
 .text.HAL_UART_RxCpltCallback
                0x08004128       0x64 src\gps.o
                0x08004128                HAL_UART_RxCpltCallback
 .text.GPIO_Init
                0x0800418c       0xa4 src\init.o
                0x0800418c                GPIO_Init
 .text.UART1_Init
                0x08004230       0x48 src\init.o
                0x08004230                UART1_Init
 .text.UART2_Init
                0x08004278       0x48 src\init.o
                0x08004278                UART2_Init
 .text.UART6_Init
                0x080042c0       0x48 src\init.o
                0x080042c0                UART6_Init
 .text.DMA_Init
                0x08004308       0x70 src\init.o
                0x08004308                DMA_Init
 .text.HAL_SYSTICK_Callback
                0x08004378        0xc src\init.o
                0x08004378                HAL_SYSTICK_Callback
 .text.HAL_RTCEx_WakeUpTimerEventCallback
                0x08004384       0x24 src\init.o
                0x08004384                HAL_RTCEx_WakeUpTimerEventCallback
 .text.HAL_GPIO_EXTI_Callback
                0x080043a8       0x34 src\init.o
                0x080043a8                HAL_GPIO_EXTI_Callback
 .text.main     0x080043dc       0xa4 src\main.o
                0x080043dc                main
 .text.imprimir
                0x08004480       0x2c src\main.o
                0x08004480                imprimir
 .text.SystemClock_Config
                0x080044ac       0xb8 src\main.o
                0x080044ac                SystemClock_Config
 .text.Error_Handler
                0x08004564        0xc src\main.o
                0x08004564                Error_Handler
 .text.Reset_Handler
                0x08004570       0x50 src\startup_stm32f411xe.o
                0x08004570                Reset_Handler
 .text.Default_Handler
                0x080045c0        0x2 src\startup_stm32f411xe.o
                0x080045c0                RTC_Alarm_IRQHandler
                0x080045c0                EXTI2_IRQHandler
                0x080045c0                DebugMon_Handler
                0x080045c0                SPI4_IRQHandler
                0x080045c0                TIM1_CC_IRQHandler
                0x080045c0                HardFault_Handler
                0x080045c0                DMA1_Stream5_IRQHandler
                0x080045c0                PVD_IRQHandler
                0x080045c0                SDIO_IRQHandler
                0x080045c0                TAMP_STAMP_IRQHandler
                0x080045c0                PendSV_Handler
                0x080045c0                NMI_Handler
                0x080045c0                EXTI3_IRQHandler
                0x080045c0                TIM1_UP_TIM10_IRQHandler
                0x080045c0                I2C3_ER_IRQHandler
                0x080045c0                EXTI0_IRQHandler
                0x080045c0                I2C2_EV_IRQHandler
                0x080045c0                DMA1_Stream2_IRQHandler
                0x080045c0                FPU_IRQHandler
                0x080045c0                UsageFault_Handler
                0x080045c0                TIM1_BRK_TIM9_IRQHandler
                0x080045c0                DMA2_Stream3_IRQHandler
                0x080045c0                USART6_IRQHandler
                0x080045c0                DMA2_Stream0_IRQHandler
                0x080045c0                TIM4_IRQHandler
                0x080045c0                I2C1_EV_IRQHandler
                0x080045c0                DMA1_Stream6_IRQHandler
                0x080045c0                DMA1_Stream1_IRQHandler
                0x080045c0                TIM3_IRQHandler
                0x080045c0                RCC_IRQHandler
                0x080045c0                Default_Handler
                0x080045c0                ADC_IRQHandler
                0x080045c0                DMA1_Stream7_IRQHandler
                0x080045c0                SPI5_IRQHandler
                0x080045c0                TIM5_IRQHandler
                0x080045c0                I2C3_EV_IRQHandler
                0x080045c0                EXTI9_5_IRQHandler
                0x080045c0                SPI2_IRQHandler
                0x080045c0                MemManage_Handler
                0x080045c0                DMA1_Stream0_IRQHandler
                0x080045c0                SVC_Handler
                0x080045c0                EXTI4_IRQHandler
                0x080045c0                WWDG_IRQHandler
                0x080045c0                TIM2_IRQHandler
                0x080045c0                OTG_FS_WKUP_IRQHandler
                0x080045c0                TIM1_TRG_COM_TIM11_IRQHandler
                0x080045c0                EXTI1_IRQHandler
                0x080045c0                I2C2_ER_IRQHandler
                0x080045c0                DMA2_Stream1_IRQHandler
                0x080045c0                FLASH_IRQHandler
                0x080045c0                DMA2_Stream4_IRQHandler
                0x080045c0                BusFault_Handler
                0x080045c0                USART1_IRQHandler
                0x080045c0                OTG_FS_IRQHandler
                0x080045c0                SPI3_IRQHandler
                0x080045c0                DMA1_Stream4_IRQHandler
                0x080045c0                I2C1_ER_IRQHandler
                0x080045c0                DMA1_Stream3_IRQHandler
 .text.HAL_MspInit
                0x080045c2       0x1a src\stm32f4xx_hal_msp.o
                0x080045c2                HAL_MspInit
 .text.HAL_UART_MspInit
                0x080045dc      0x24c src\stm32f4xx_hal_msp.o
                0x080045dc                HAL_UART_MspInit
 .text.SysTick_Handler
                0x08004828       0x10 src\stm32f4xx_it.o
                0x08004828                SysTick_Handler
 .text.RTC_WKUP_IRQHandler
                0x08004838       0x14 src\stm32f4xx_it.o
                0x08004838                RTC_WKUP_IRQHandler
 .text.EXTI15_10_IRQHandler
                0x0800484c       0x10 src\stm32f4xx_it.o
                0x0800484c                EXTI15_10_IRQHandler
 .text.USART2_IRQHandler
                0x0800485c       0x14 src\stm32f4xx_it.o
                0x0800485c                USART2_IRQHandler
 .text.DMA2_Stream2_IRQHandler
                0x08004870       0x14 src\stm32f4xx_it.o
                0x08004870                DMA2_Stream2_IRQHandler
 .text.DMA2_Stream6_IRQHandler
                0x08004884       0x14 src\stm32f4xx_it.o
                0x08004884                DMA2_Stream6_IRQHandler
 .text.SPI1_IRQHandler
                0x08004898       0x14 src\stm32f4xx_it.o
                0x08004898                SPI1_IRQHandler
 .text.DMA2_Stream5_IRQHandler
                0x080048ac       0x14 src\stm32f4xx_it.o
                0x080048ac                DMA2_Stream5_IRQHandler
 .text.DMA2_Stream7_IRQHandler
                0x080048c0       0x14 src\stm32f4xx_it.o
                0x080048c0                DMA2_Stream7_IRQHandler
 .text.SystemInit
                0x080048d4       0x6c src\system_stm32f4xx.o
                0x080048d4                SystemInit
 .text.ts_itoa  0x08004940       0x92 src\tiny_printf.o
                0x08004940                ts_itoa
 .text.ts_formatstring
                0x080049d2      0x12e src\tiny_printf.o
                0x080049d2                ts_formatstring
 .text.siprintf
                0x08004b00       0x2c src\tiny_printf.o
                0x08004b00                siprintf
                0x08004b00                sprintf
 .text.atof     0x08004b2c        0x6 c:/program files (x86)/atollic/truestudio for arm 8.1.0/armtools/bin/../lib/gcc/arm-atollic-eabi/6.3.1/../../../../arm-atollic-eabi/lib/armv7e-m/fpu\libc_nano.a(lib_a-atof.o)
                0x08004b2c                atof
 .text.atoi     0x08004b32        0x8 c:/program files (x86)/atollic/truestudio for arm 8.1.0/armtools/bin/../lib/gcc/arm-atollic-eabi/6.3.1/../../../../arm-atollic-eabi/lib/armv7e-m/fpu\libc_nano.a(lib_a-atoi.o)
                0x08004b32                atoi
 *fill*         0x08004b3a        0x2 
 .text.__libc_init_array
                0x08004b3c       0x48 c:/program files (x86)/atollic/truestudio for arm 8.1.0/armtools/bin/../lib/gcc/arm-atollic-eabi/6.3.1/../../../../arm-atollic-eabi/lib/armv7e-m/fpu\libc_nano.a(lib_a-init.o)
                0x08004b3c                __libc_init_array
 .text.memset   0x08004b84       0x10 c:/program files (x86)/atollic/truestudio for arm 8.1.0/armtools/bin/../lib/gcc/arm-atollic-eabi/6.3.1/../../../../arm-atollic-eabi/lib/armv7e-m/fpu\libc_nano.a(lib_a-memset.o)
                0x08004b84                memset
 .text.strchr   0x08004b94       0x1c c:/program files (x86)/atollic/truestudio for arm 8.1.0/armtools/bin/../lib/gcc/arm-atollic-eabi/6.3.1/../../../../arm-atollic-eabi/lib/armv7e-m/fpu\libc_nano.a(lib_a-strchr.o)
                0x08004b94                strchr
 .text.strcpy   0x08004bb0       0x10 c:/program files (x86)/atollic/truestudio for arm 8.1.0/armtools/bin/../lib/gcc/arm-atollic-eabi/6.3.1/../../../../arm-atollic-eabi/lib/armv7e-m/fpu\libc_nano.a(lib_a-strcpy.o)
                0x08004bb0                strcpy
 .text.strstr   0x08004bc0       0x36 c:/program files (x86)/atollic/truestudio for arm 8.1.0/armtools/bin/../lib/gcc/arm-atollic-eabi/6.3.1/../../../../arm-atollic-eabi/lib/armv7e-m/fpu\libc_nano.a(lib_a-strstr.o)
                0x08004bc0                strstr
 .text.unlikely.sulp
                0x08004bf6       0x38 c:/program files (x86)/atollic/truestudio for arm 8.1.0/armtools/bin/../lib/gcc/arm-atollic-eabi/6.3.1/../../../../arm-atollic-eabi/lib/armv7e-m/fpu\libc_nano.a(lib_a-strtod.o)
 *fill*         0x08004c2e        0x2 
 .text._strtod_l
                0x08004c30      0xbd8 c:/program files (x86)/atollic/truestudio for arm 8.1.0/armtools/bin/../lib/gcc/arm-atollic-eabi/6.3.1/../../../../arm-atollic-eabi/lib/armv7e-m/fpu\libc_nano.a(lib_a-strtod.o)
                0x08004c30                _strtod_l
 .text.strtod   0x08005808       0x28 c:/program files (x86)/atollic/truestudio for arm 8.1.0/armtools/bin/../lib/gcc/arm-atollic-eabi/6.3.1/../../../../arm-atollic-eabi/lib/armv7e-m/fpu\libc_nano.a(lib_a-strtod.o)
                0x08005808                strtod
 .text.strtok   0x08005830       0x54 c:/program files (x86)/atollic/truestudio for arm 8.1.0/armtools/bin/../lib/gcc/arm-atollic-eabi/6.3.1/../../../../arm-atollic-eabi/lib/armv7e-m/fpu\libc_nano.a(lib_a-strtok.o)
                0x08005830                strtok
 .text.__strtok_r
                0x08005884       0x52 c:/program files (x86)/atollic/truestudio for arm 8.1.0/armtools/bin/../lib/gcc/arm-atollic-eabi/6.3.1/../../../../arm-atollic-eabi/lib/armv7e-m/fpu\libc_nano.a(lib_a-strtok_r.o)
                0x08005884                __strtok_r
 .text._strtol_l.isra.0
                0x080058d6      0x100 c:/program files (x86)/atollic/truestudio for arm 8.1.0/armtools/bin/../lib/gcc/arm-atollic-eabi/6.3.1/../../../../arm-atollic-eabi/lib/armv7e-m/fpu\libc_nano.a(lib_a-strtol.o)
 *fill*         0x080059d6        0x2 
 .text.strtol   0x080059d8       0x2c c:/program files (x86)/atollic/truestudio for arm 8.1.0/armtools/bin/../lib/gcc/arm-atollic-eabi/6.3.1/../../../../arm-atollic-eabi/lib/armv7e-m/fpu\libc_nano.a(lib_a-strtol.o)
                0x080059d8                strtol
 .text.rshift   0x08005a04       0x6a c:/program files (x86)/atollic/truestudio for arm 8.1.0/armtools/bin/../lib/gcc/arm-atollic-eabi/6.3.1/../../../../arm-atollic-eabi/lib/armv7e-m/fpu\libc_nano.a(lib_a-gdtoa-gethex.o)
 .text.__hexdig_fun
                0x08005a6e       0x2a c:/program files (x86)/atollic/truestudio for arm 8.1.0/armtools/bin/../lib/gcc/arm-atollic-eabi/6.3.1/../../../../arm-atollic-eabi/lib/armv7e-m/fpu\libc_nano.a(lib_a-gdtoa-gethex.o)
                0x08005a6e                __hexdig_fun
 .text.__gethex
                0x08005a98      0x43c c:/program files (x86)/atollic/truestudio for arm 8.1.0/armtools/bin/../lib/gcc/arm-atollic-eabi/6.3.1/../../../../arm-atollic-eabi/lib/armv7e-m/fpu\libc_nano.a(lib_a-gdtoa-gethex.o)
                0x08005a98                __gethex
 .text.L_shift  0x08005ed4       0x24 c:/program files (x86)/atollic/truestudio for arm 8.1.0/armtools/bin/../lib/gcc/arm-atollic-eabi/6.3.1/../../../../arm-atollic-eabi/lib/armv7e-m/fpu\libc_nano.a(lib_a-gdtoa-hexnan.o)
 .text.__match  0x08005ef8       0x26 c:/program files (x86)/atollic/truestudio for arm 8.1.0/armtools/bin/../lib/gcc/arm-atollic-eabi/6.3.1/../../../../arm-atollic-eabi/lib/armv7e-m/fpu\libc_nano.a(lib_a-gdtoa-hexnan.o)
                0x08005ef8                __match
 .text.__hexnan
                0x08005f1e      0x120 c:/program files (x86)/atollic/truestudio for arm 8.1.0/armtools/bin/../lib/gcc/arm-atollic-eabi/6.3.1/../../../../arm-atollic-eabi/lib/armv7e-m/fpu\libc_nano.a(lib_a-gdtoa-hexnan.o)
                0x08005f1e                __hexnan
 .text.__locale_ctype_ptr_l
                0x0800603e        0x6 c:/program files (x86)/atollic/truestudio for arm 8.1.0/armtools/bin/../lib/gcc/arm-atollic-eabi/6.3.1/../../../../arm-atollic-eabi/lib/armv7e-m/fpu\libc_nano.a(lib_a-locale.o)
                0x0800603e                __locale_ctype_ptr_l
 .text.__localeconv_l
                0x08006044        0x4 c:/program files (x86)/atollic/truestudio for arm 8.1.0/armtools/bin/../lib/gcc/arm-atollic-eabi/6.3.1/../../../../arm-atollic-eabi/lib/armv7e-m/fpu\libc_nano.a(lib_a-localeconv.o)
                0x08006044                __localeconv_l
 .text.malloc   0x08006048       0x10 c:/program files (x86)/atollic/truestudio for arm 8.1.0/armtools/bin/../lib/gcc/arm-atollic-eabi/6.3.1/../../../../arm-atollic-eabi/lib/armv7e-m/fpu\libc_nano.a(lib_a-malloc.o)
                0x08006048                malloc
 .text.__ascii_mbtowc
                0x08006058       0x24 c:/program files (x86)/atollic/truestudio for arm 8.1.0/armtools/bin/../lib/gcc/arm-atollic-eabi/6.3.1/../../../../arm-atollic-eabi/lib/armv7e-m/fpu\libc_nano.a(lib_a-mbtowc_r.o)
                0x08006058                __ascii_mbtowc
 .text.memcpy   0x0800607c       0x16 c:/program files (x86)/atollic/truestudio for arm 8.1.0/armtools/bin/../lib/gcc/arm-atollic-eabi/6.3.1/../../../../arm-atollic-eabi/lib/armv7e-m/fpu\libc_nano.a(lib_a-memcpy-stub.o)
                0x0800607c                memcpy
 .text._Balloc  0x08006092       0x68 c:/program files (x86)/atollic/truestudio for arm 8.1.0/armtools/bin/../lib/gcc/arm-atollic-eabi/6.3.1/../../../../arm-atollic-eabi/lib/armv7e-m/fpu\libc_nano.a(lib_a-mprec.o)
                0x08006092                _Balloc
 .text._Bfree   0x080060fa       0x2e c:/program files (x86)/atollic/truestudio for arm 8.1.0/armtools/bin/../lib/gcc/arm-atollic-eabi/6.3.1/../../../../arm-atollic-eabi/lib/armv7e-m/fpu\libc_nano.a(lib_a-mprec.o)
                0x080060fa                _Bfree
 .text.__multadd
                0x08006128       0x76 c:/program files (x86)/atollic/truestudio for arm 8.1.0/armtools/bin/../lib/gcc/arm-atollic-eabi/6.3.1/../../../../arm-atollic-eabi/lib/armv7e-m/fpu\libc_nano.a(lib_a-mprec.o)
                0x08006128                __multadd
 .text.__s2b    0x0800619e       0x7c c:/program files (x86)/atollic/truestudio for arm 8.1.0/armtools/bin/../lib/gcc/arm-atollic-eabi/6.3.1/../../../../arm-atollic-eabi/lib/armv7e-m/fpu\libc_nano.a(lib_a-mprec.o)
                0x0800619e                __s2b
 .text.__hi0bits
                0x0800621a       0x3e c:/program files (x86)/atollic/truestudio for arm 8.1.0/armtools/bin/../lib/gcc/arm-atollic-eabi/6.3.1/../../../../arm-atollic-eabi/lib/armv7e-m/fpu\libc_nano.a(lib_a-mprec.o)
                0x0800621a                __hi0bits
 .text.__lo0bits
                0x08006258       0x5e c:/program files (x86)/atollic/truestudio for arm 8.1.0/armtools/bin/../lib/gcc/arm-atollic-eabi/6.3.1/../../../../arm-atollic-eabi/lib/armv7e-m/fpu\libc_nano.a(lib_a-mprec.o)
                0x08006258                __lo0bits
 .text.__i2b    0x080062b6       0x12 c:/program files (x86)/atollic/truestudio for arm 8.1.0/armtools/bin/../lib/gcc/arm-atollic-eabi/6.3.1/../../../../arm-atollic-eabi/lib/armv7e-m/fpu\libc_nano.a(lib_a-mprec.o)
                0x080062b6                __i2b
 .text.__multiply
                0x080062c8      0x11a c:/program files (x86)/atollic/truestudio for arm 8.1.0/armtools/bin/../lib/gcc/arm-atollic-eabi/6.3.1/../../../../arm-atollic-eabi/lib/armv7e-m/fpu\libc_nano.a(lib_a-mprec.o)
                0x080062c8                __multiply
 *fill*         0x080063e2        0x2 
 .text.__pow5mult
                0x080063e4       0x9c c:/program files (x86)/atollic/truestudio for arm 8.1.0/armtools/bin/../lib/gcc/arm-atollic-eabi/6.3.1/../../../../arm-atollic-eabi/lib/armv7e-m/fpu\libc_nano.a(lib_a-mprec.o)
                0x080063e4                __pow5mult
 .text.__lshift
                0x08006480       0xa2 c:/program files (x86)/atollic/truestudio for arm 8.1.0/armtools/bin/../lib/gcc/arm-atollic-eabi/6.3.1/../../../../arm-atollic-eabi/lib/armv7e-m/fpu\libc_nano.a(lib_a-mprec.o)
                0x08006480                __lshift
 .text.__mcmp   0x08006522       0x34 c:/program files (x86)/atollic/truestudio for arm 8.1.0/armtools/bin/../lib/gcc/arm-atollic-eabi/6.3.1/../../../../arm-atollic-eabi/lib/armv7e-m/fpu\libc_nano.a(lib_a-mprec.o)
                0x08006522                __mcmp
 .text.__mdiff  0x08006556       0xbc c:/program files (x86)/atollic/truestudio for arm 8.1.0/armtools/bin/../lib/gcc/arm-atollic-eabi/6.3.1/../../../../arm-atollic-eabi/lib/armv7e-m/fpu\libc_nano.a(lib_a-mprec.o)
                0x08006556                __mdiff
 *fill*         0x08006612        0x2 
 .text.__ulp    0x08006614       0x50 c:/program files (x86)/atollic/truestudio for arm 8.1.0/armtools/bin/../lib/gcc/arm-atollic-eabi/6.3.1/../../../../arm-atollic-eabi/lib/armv7e-m/fpu\libc_nano.a(lib_a-mprec.o)
                0x08006614                __ulp
 .text.__b2d    0x08006664       0x9c c:/program files (x86)/atollic/truestudio for arm 8.1.0/armtools/bin/../lib/gcc/arm-atollic-eabi/6.3.1/../../../../arm-atollic-eabi/lib/armv7e-m/fpu\libc_nano.a(lib_a-mprec.o)
                0x08006664                __b2d
 .text.__d2b    0x08006700       0x9e c:/program files (x86)/atollic/truestudio for arm 8.1.0/armtools/bin/../lib/gcc/arm-atollic-eabi/6.3.1/../../../../arm-atollic-eabi/lib/armv7e-m/fpu\libc_nano.a(lib_a-mprec.o)
                0x08006700                __d2b
 .text.__ratio  0x0800679e       0x58 c:/program files (x86)/atollic/truestudio for arm 8.1.0/armtools/bin/../lib/gcc/arm-atollic-eabi/6.3.1/../../../../arm-atollic-eabi/lib/armv7e-m/fpu\libc_nano.a(lib_a-mprec.o)
                0x0800679e                __ratio
 .text.__copybits
                0x080067f6       0x34 c:/program files (x86)/atollic/truestudio for arm 8.1.0/armtools/bin/../lib/gcc/arm-atollic-eabi/6.3.1/../../../../arm-atollic-eabi/lib/armv7e-m/fpu\libc_nano.a(lib_a-mprec.o)
                0x080067f6                __copybits
 .text.__any_on
                0x0800682a       0x42 c:/program files (x86)/atollic/truestudio for arm 8.1.0/armtools/bin/../lib/gcc/arm-atollic-eabi/6.3.1/../../../../arm-atollic-eabi/lib/armv7e-m/fpu\libc_nano.a(lib_a-mprec.o)
                0x0800682a                __any_on
 .text._calloc_r
                0x0800686c       0x1c c:/program files (x86)/atollic/truestudio for arm 8.1.0/armtools/bin/../lib/gcc/arm-atollic-eabi/6.3.1/../../../../arm-atollic-eabi/lib/armv7e-m/fpu\libc_nano.a(lib_a-nano-callocr.o)
                0x0800686c                _calloc_r
 .text._malloc_r
                0x08006888       0xbc c:/program files (x86)/atollic/truestudio for arm 8.1.0/armtools/bin/../lib/gcc/arm-atollic-eabi/6.3.1/../../../../arm-atollic-eabi/lib/armv7e-m/fpu\libc_nano.a(lib_a-nano-mallocr.o)
                0x08006888                _malloc_r
 .text._sbrk_r  0x08006944       0x20 c:/program files (x86)/atollic/truestudio for arm 8.1.0/armtools/bin/../lib/gcc/arm-atollic-eabi/6.3.1/../../../../arm-atollic-eabi/lib/armv7e-m/fpu\libc_nano.a(lib_a-sbrkr.o)
                0x08006944                _sbrk_r
 .text.strncmp  0x08006964       0x24 c:/program files (x86)/atollic/truestudio for arm 8.1.0/armtools/bin/../lib/gcc/arm-atollic-eabi/6.3.1/../../../../arm-atollic-eabi/lib/armv7e-m/fpu\libc_nano.a(lib_a-strncmp.o)
                0x08006964                strncmp
 .text.__ascii_wctomb
                0x08006988       0x1a c:/program files (x86)/atollic/truestudio for arm 8.1.0/armtools/bin/../lib/gcc/arm-atollic-eabi/6.3.1/../../../../arm-atollic-eabi/lib/armv7e-m/fpu\libc_nano.a(lib_a-wctomb_r.o)
                0x08006988                __ascii_wctomb
 .text.__malloc_lock
                0x080069a2        0x2 c:/program files (x86)/atollic/truestudio for arm 8.1.0/armtools/bin/../lib/gcc/arm-atollic-eabi/6.3.1/../../../../arm-atollic-eabi/lib/armv7e-m/fpu\libc_nano.a(lib_a-mlock.o)
                0x080069a2                __malloc_lock
 .text.__malloc_unlock
                0x080069a4        0x2 c:/program files (x86)/atollic/truestudio for arm 8.1.0/armtools/bin/../lib/gcc/arm-atollic-eabi/6.3.1/../../../../arm-atollic-eabi/lib/armv7e-m/fpu\libc_nano.a(lib_a-mlock.o)
                0x080069a4                __malloc_unlock
 *fill*         0x080069a6        0x2 
 .text._sbrk    0x080069a8       0x1c c:/program files (x86)/atollic/truestudio for arm 8.1.0/armtools/bin/../lib/gcc/arm-atollic-eabi/6.3.1/../../../../arm-atollic-eabi/lib/armv7e-m/fpu\libnosys.a(sbrk.o)
                0x080069a8                _sbrk
 *(.glue_7)
 .glue_7        0x080069c4        0x0 linker stubs
 *(.glue_7t)
 .glue_7t       0x080069c4        0x0 linker stubs
 *(.eh_frame)
 .eh_frame      0x080069c4        0x0 c:/program files (x86)/atollic/truestudio for arm 8.1.0/armtools/bin/../lib/gcc/arm-atollic-eabi/6.3.1/armv7e-m/fpu/crtbegin.o
 *(.init)
 .init          0x080069c4        0x4 c:/program files (x86)/atollic/truestudio for arm 8.1.0/armtools/bin/../lib/gcc/arm-atollic-eabi/6.3.1/armv7e-m/fpu/crti.o
                0x080069c4                _init
 .init          0x080069c8        0x8 c:/program files (x86)/atollic/truestudio for arm 8.1.0/armtools/bin/../lib/gcc/arm-atollic-eabi/6.3.1/armv7e-m/fpu/crtn.o
 *(.fini)
 .fini          0x080069d0        0x4 c:/program files (x86)/atollic/truestudio for arm 8.1.0/armtools/bin/../lib/gcc/arm-atollic-eabi/6.3.1/armv7e-m/fpu/crti.o
                0x080069d0                _fini
 .fini          0x080069d4        0x8 c:/program files (x86)/atollic/truestudio for arm 8.1.0/armtools/bin/../lib/gcc/arm-atollic-eabi/6.3.1/armv7e-m/fpu/crtn.o
                0x080069dc                . = ALIGN (0x4)
                0x080069dc                _etext = .

.vfp11_veneer   0x080069dc        0x0
 .vfp11_veneer  0x080069dc        0x0 linker stubs

.v4_bx          0x080069dc        0x0
 .v4_bx         0x080069dc        0x0 linker stubs

.iplt           0x080069dc        0x0
 .iplt          0x080069dc        0x0 c:/program files (x86)/atollic/truestudio for arm 8.1.0/armtools/bin/../lib/gcc/arm-atollic-eabi/6.3.1/armv7e-m/fpu/crtbegin.o

.rodata         0x080069e0      0x448
                0x080069e0                . = ALIGN (0x4)
 *(.rodata)
 .rodata        0x080069e0      0x112 src\gprs.o
 *fill*         0x08006af2        0x2 
 .rodata        0x08006af4       0x52 src\gps.o
 *fill*         0x08006b46        0x2 
 .rodata        0x08006b48       0x2e src\init.o
 *fill*         0x08006b76        0x2 
 .rodata        0x08006b78       0x1d src\main.o
 *(.rodata*)
 *fill*         0x08006b95        0x3 
 .rodata.flagBitshiftOffset.8876
                0x08006b98        0x8 Drivers\STM32F4xx_HAL_Driver\Src\stm32f4xx_hal_dma.o
 .rodata.AHBPrescTable
                0x08006ba0       0x10 src\system_stm32f4xx.o
                0x08006ba0                AHBPrescTable
 .rodata.APBPrescTable
                0x08006bb0        0x8 src\system_stm32f4xx.o
                0x08006bb0                APBPrescTable
 .rodata._strtod_l.str1.1
                0x08006bb8        0xc c:/program files (x86)/atollic/truestudio for arm 8.1.0/armtools/bin/../lib/gcc/arm-atollic-eabi/6.3.1/../../../../arm-atollic-eabi/lib/armv7e-m/fpu\libc_nano.a(lib_a-strtod.o)
 .rodata.fpi.7257
                0x08006bc4       0x14 c:/program files (x86)/atollic/truestudio for arm 8.1.0/armtools/bin/../lib/gcc/arm-atollic-eabi/6.3.1/../../../../arm-atollic-eabi/lib/armv7e-m/fpu\libc_nano.a(lib_a-strtod.o)
 .rodata.fpinan.7293
                0x08006bd8       0x14 c:/program files (x86)/atollic/truestudio for arm 8.1.0/armtools/bin/../lib/gcc/arm-atollic-eabi/6.3.1/../../../../arm-atollic-eabi/lib/armv7e-m/fpu\libc_nano.a(lib_a-strtod.o)
 *fill*         0x08006bec        0x4 
 .rodata.tinytens
                0x08006bf0       0x28 c:/program files (x86)/atollic/truestudio for arm 8.1.0/armtools/bin/../lib/gcc/arm-atollic-eabi/6.3.1/../../../../arm-atollic-eabi/lib/armv7e-m/fpu\libc_nano.a(lib_a-strtod.o)
 .rodata._setlocale_r.str1.1
                0x08006c18        0x8 c:/program files (x86)/atollic/truestudio for arm 8.1.0/armtools/bin/../lib/gcc/arm-atollic-eabi/6.3.1/../../../../arm-atollic-eabi/lib/armv7e-m/fpu\libc_nano.a(lib_a-locale.o)
                                  0x9 (size before relaxing)
 .rodata.str1.1
                0x08006c20        0x2 c:/program files (x86)/atollic/truestudio for arm 8.1.0/armtools/bin/../lib/gcc/arm-atollic-eabi/6.3.1/../../../../arm-atollic-eabi/lib/armv7e-m/fpu\libc_nano.a(lib_a-locale.o)
 *fill*         0x08006c22        0x6 
 .rodata.__mprec_bigtens
                0x08006c28       0x28 c:/program files (x86)/atollic/truestudio for arm 8.1.0/armtools/bin/../lib/gcc/arm-atollic-eabi/6.3.1/../../../../arm-atollic-eabi/lib/armv7e-m/fpu\libc_nano.a(lib_a-mprec.o)
                0x08006c28                __mprec_bigtens
 .rodata.__mprec_tens
                0x08006c50       0xc8 c:/program files (x86)/atollic/truestudio for arm 8.1.0/armtools/bin/../lib/gcc/arm-atollic-eabi/6.3.1/../../../../arm-atollic-eabi/lib/armv7e-m/fpu\libc_nano.a(lib_a-mprec.o)
                0x08006c50                __mprec_tens
 .rodata.p05.7175
                0x08006d18        0xc c:/program files (x86)/atollic/truestudio for arm 8.1.0/armtools/bin/../lib/gcc/arm-atollic-eabi/6.3.1/../../../../arm-atollic-eabi/lib/armv7e-m/fpu\libc_nano.a(lib_a-mprec.o)
 .rodata._ctype_
                0x08006d24      0x101 c:/program files (x86)/atollic/truestudio for arm 8.1.0/armtools/bin/../lib/gcc/arm-atollic-eabi/6.3.1/../../../../arm-atollic-eabi/lib/armv7e-m/fpu\libc_nano.a(lib_a-ctype_.o)
                0x08006d24                _ctype_
                0x08006e28                . = ALIGN (0x4)
 *fill*         0x08006e25        0x3 

.rel.dyn        0x08006e28        0x0
 .rel.iplt      0x08006e28        0x0 c:/program files (x86)/atollic/truestudio for arm 8.1.0/armtools/bin/../lib/gcc/arm-atollic-eabi/6.3.1/armv7e-m/fpu/crtbegin.o

.ARM.extab
 *(.ARM.extab* .gnu.linkonce.armextab.*)

.ARM            0x08006e28        0x0
                0x08006e28                __exidx_start = .
 *(.ARM.exidx*)
                0x08006e28                __exidx_end = .

.user_data      0x08040000       0x40
                0x08040000                . = ALIGN (0x4)
 *(.user_data)
 .user_data     0x08040000       0x40 src\main.o
                0x08040000                userConfig
                0x08040040                . = ALIGN (0x4)

.preinit_array  0x08006e28        0x0
                0x08006e28                PROVIDE (__preinit_array_start, .)
 *(.preinit_array*)
                0x08006e28                PROVIDE (__preinit_array_end, .)

.init_array     0x08006e28        0x4
                0x08006e28                PROVIDE (__init_array_start, .)
 *(SORT(.init_array.*))
 *(.init_array*)
 .init_array    0x08006e28        0x4 c:/program files (x86)/atollic/truestudio for arm 8.1.0/armtools/bin/../lib/gcc/arm-atollic-eabi/6.3.1/armv7e-m/fpu/crtbegin.o
                0x08006e2c                PROVIDE (__init_array_end, .)

.fini_array     0x08006e2c        0x4
                [!provide]                PROVIDE (__fini_array_start, .)
 *(SORT(.fini_array.*))
 *(.fini_array*)
 .fini_array    0x08006e2c        0x4 c:/program files (x86)/atollic/truestudio for arm 8.1.0/armtools/bin/../lib/gcc/arm-atollic-eabi/6.3.1/armv7e-m/fpu/crtbegin.o
                [!provide]                PROVIDE (__fini_array_end, .)
                0x08006e30                _sidata = LOADADDR (.data)

.data           0x20000000      0x294 load address 0x08006e30
                0x20000000                . = ALIGN (0x4)
                0x20000000                _sdata = .
 *(.data)
 *(.data*)
 .data.GPIO_PORT
                0x20000000        0x4 Drivers\BSP\STM32F4xx-Nucleo\stm32f4xx_nucleo.o
                0x20000000                GPIO_PORT
 .data.OK       0x20000004        0x2 src\gprs.o
                0x20000004                OK
 *fill*         0x20000006        0x2 
 .data.PDP      0x20000008        0x7 src\gprs.o
                0x20000008                PDP
 *fill*         0x2000000f        0x1 
 .data.ACT      0x20000010        0xf src\gprs.o
                0x20000010                ACT
 *fill*         0x2000001f        0x1 
 .data.HTTPPring200
                0x20000020       0x10 src\gprs.o
                0x20000020                HTTPPring200
 .data.HTTPPring400
                0x20000030       0x10 src\gprs.o
                0x20000030                HTTPPring400
 .data.HTTPPring0
                0x20000040        0xe src\gprs.o
                0x20000040                HTTPPring0
 *fill*         0x2000004e        0x2 
 .data.deinit_GGA
                0x20000050       0x1a src\gps.o
                0x20000050                deinit_GGA
 *fill*         0x2000006a        0x2 
 .data.deinit_GSA
                0x2000006c       0x1a src\gps.o
                0x2000006c                deinit_GSA
 *fill*         0x20000086        0x2 
 .data.deinit_GSV
                0x20000088       0x1a src\gps.o
                0x20000088                deinit_GSV
 *fill*         0x200000a2        0x2 
 .data.init_RMC
                0x200000a4       0x1a src\gps.o
                0x200000a4                init_RMC
 *fill*         0x200000be        0x2 
 .data.SystemCoreClock
                0x200000c0        0x4 src\system_stm32f4xx.o
                0x200000c0                SystemCoreClock
 .data._impure_ptr
                0x200000c4        0x4 c:/program files (x86)/atollic/truestudio for arm 8.1.0/armtools/bin/../lib/gcc/arm-atollic-eabi/6.3.1/../../../../arm-atollic-eabi/lib/armv7e-m/fpu\libc_nano.a(lib_a-impure.o)
                0x200000c4                _impure_ptr
 .data.impure_data
                0x200000c8       0x60 c:/program files (x86)/atollic/truestudio for arm 8.1.0/armtools/bin/../lib/gcc/arm-atollic-eabi/6.3.1/../../../../arm-atollic-eabi/lib/armv7e-m/fpu\libc_nano.a(lib_a-impure.o)
 .data.__global_locale
                0x20000128      0x16c c:/program files (x86)/atollic/truestudio for arm 8.1.0/armtools/bin/../lib/gcc/arm-atollic-eabi/6.3.1/../../../../arm-atollic-eabi/lib/armv7e-m/fpu\libc_nano.a(lib_a-locale.o)
                0x20000128                __global_locale
                0x20000294                . = ALIGN (0x4)
                0x20000294                _edata = .

.igot.plt       0x20000294        0x0 load address 0x080070c4
 .igot.plt      0x20000294        0x0 c:/program files (x86)/atollic/truestudio for arm 8.1.0/armtools/bin/../lib/gcc/arm-atollic-eabi/6.3.1/armv7e-m/fpu/crtbegin.o
                0x20000294                . = ALIGN (0x4)

.bss            0x20000294    0x137d0 load address 0x080070c4
                0x20000294                _sbss = .
                0x20000294                __bss_start__ = _sbss
 *(.bss)
 .bss           0x20000294       0x1c c:/program files (x86)/atollic/truestudio for arm 8.1.0/armtools/bin/../lib/gcc/arm-atollic-eabi/6.3.1/armv7e-m/fpu/crtbegin.o
 *(.bss*)
 .bss.i         0x200002b0        0x4 src\gps.o
                0x200002b0                i
 .bss.numGPS    0x200002b4        0x4 src\gps.o
                0x200002b4                numGPS
 .bss.c         0x200002b8        0x4 src\gps.o
                0x200002b8                c
 .bss.mb        0x200002bc        0x4 src\gps.o
                0x200002bc                mb
 .bss.fechaOK   0x200002c0        0x4 src\gps.o
                0x200002c0                fechaOK
 .bss.UartReady
                0x200002c4        0x1 src\gps.o
                0x200002c4                UartReady
 .bss.Uart1Ready
                0x200002c5        0x1 src\gps.o
                0x200002c5                Uart1Ready
 *fill*         0x200002c6        0x2 
 .bss.time      0x200002c8        0xa src\gps.o
                0x200002c8                time
 *fill*         0x200002d2        0x2 
 .bss.hora_array
                0x200002d4        0x9 src\gps.o
                0x200002d4                hora_array
 *fill*         0x200002dd        0x3 
 .bss.data      0x200002e0        0x6 src\gps.o
                0x200002e0                data
 *fill*         0x200002e6        0x2 
 .bss.fecha_array
                0x200002e8        0x8 src\gps.o
                0x200002e8                fecha_array
 .bss.uwCounter
                0x200002f0        0x4 src\init.o
                0x200002f0                uwCounter
 .bss.__malloc_free_list
                0x200002f4        0x4 c:/program files (x86)/atollic/truestudio for arm 8.1.0/armtools/bin/../lib/gcc/arm-atollic-eabi/6.3.1/../../../../arm-atollic-eabi/lib/armv7e-m/fpu\libc_nano.a(lib_a-nano-mallocr.o)
                0x200002f4                __malloc_free_list
 .bss.__malloc_sbrk_start
                0x200002f8        0x4 c:/program files (x86)/atollic/truestudio for arm 8.1.0/armtools/bin/../lib/gcc/arm-atollic-eabi/6.3.1/../../../../arm-atollic-eabi/lib/armv7e-m/fpu\libc_nano.a(lib_a-nano-mallocr.o)
                0x200002f8                __malloc_sbrk_start
 .bss.heap_end.5239
                0x200002fc        0x4 c:/program files (x86)/atollic/truestudio for arm 8.1.0/armtools/bin/../lib/gcc/arm-atollic-eabi/6.3.1/../../../../arm-atollic-eabi/lib/armv7e-m/fpu\libnosys.a(sbrk.o)
 *(COMMON)
 COMMON         0x20000300        0x4 Drivers\STM32F4xx_HAL_Driver\Src\stm32f4xx_hal.o
                0x20000300                uwTick
 COMMON         0x20000304       0x3c src\gprs.o
                0x20000304                aRxBuffer
 COMMON         0x20000340    0x132a5 src\gps.o
                0x20000340                dia
                0x20000344                bufferReady
                0x2000034c                latCoorL
                0x20000350                hora
                0x20000354                tipo
                0x20000358                lati
                0x20000364                g
                0x20000368                GPS
                0x200097d8                bufferGPS
                0x20009800                mibuffer
                0x20013440                bufferReceive
                0x20013444                longitud
                0x20013448                longi
                0x20013454                nmea
                0x20013490                buffer
                0x2001349c                horaL
                0x200134a8                hora_real
                0x200134ac                num
                0x200134b0                latitud
                0x200134b4                latitudL
                0x200134c0                longitudL
                0x200134cc                sd
                0x200134d0                forhora
                0x200134d4                s
                0x200134d8                fecha
                0x200134dc                longCoorL
                0x200134e0                parsing
                0x20013530                bufferParsing
                0x20013558                longCoor
                0x2001355c                bufferGPRS
                0x2001358c                m
                0x20013590                latCoor
                0x20013594                len
                0x20013598                reciboGPS
 *fill*         0x200135e5        0x3 
 COMMON         0x200135e8      0x1f8 src\init.o
                0x200135e8                hspi5
                0x20013640                hi2c1
                0x20013694                huart1
                0x200136d4                hwwdg
                0x200136e8                huart6
                0x20013728                hspi1
                0x20013780                huart2
                0x200137c0                RtcHandle
 COMMON         0x200137e0       0x20 src\lp_modes.o
                0x200137e0                RTCHandle
 COMMON         0x20013800       0xde src\main.o
                0x20013800                intentoGPRS
                0x20013804                preparaHTTP
                0x20013838                intentoLora
                0x2001383c                pars
                0x2001388c                ReadyBuf
                0x20013894                envioHTTP
 *fill*         0x200138de        0x2 
 COMMON         0x200138e0      0x180 src\stm32f4xx_hal_msp.o
                0x200138e0                hdma_usart6_rx
                0x20013940                hdma_usart1_tx
                0x200139a0                hdma_usart6_tx
                0x20013a00                hdma_usart1_rx
 COMMON         0x20013a60        0x4 c:/program files (x86)/atollic/truestudio for arm 8.1.0/armtools/bin/../lib/gcc/arm-atollic-eabi/6.3.1/../../../../arm-atollic-eabi/lib/armv7e-m/fpu\libc_nano.a(lib_a-reent.o)
                0x20013a60                errno
                0x20013a64                . = ALIGN (0x4)
                0x20013a64                _ebss = .
                0x20013a64                __bss_end__ = _ebss

._user_heap_stack
                0x20013a64      0x400 load address 0x080070c4
                0x20013a64                . = ALIGN (0x4)
                0x20013a64                PROVIDE (end, .)
                [!provide]                PROVIDE (_end, .)
                0x20013a64                . = (. + _Min_Heap_Size)
                0x20013e64                . = (. + _Min_Stack_Size)
 *fill*         0x20013a64      0x400 
                0x20013e64                . = ALIGN (0x4)

.memory_b1_text
 *(.mb1text)
 *(.mb1text*)
 *(.mb1rodata)
 *(.mb1rodata*)

/DISCARD/
 libc.a(*)
 libm.a(*)
 libgcc.a(*)

.ARM.attributes
                0x00000000       0x30
 *(.ARM.attributes)
 .ARM.attributes
                0x00000000       0x22 c:/program files (x86)/atollic/truestudio for arm 8.1.0/armtools/bin/../lib/gcc/arm-atollic-eabi/6.3.1/armv7e-m/fpu/crti.o
 .ARM.attributes
                0x00000022       0x34 c:/program files (x86)/atollic/truestudio for arm 8.1.0/armtools/bin/../lib/gcc/arm-atollic-eabi/6.3.1/armv7e-m/fpu/crtbegin.o
 .ARM.attributes
                0x00000056       0x39 Drivers\BSP\STM32F4xx-Nucleo\stm32f4xx_nucleo.o
 .ARM.attributes
                0x0000008f       0x39 Drivers\STM32F4xx_HAL_Driver\Src\stm32f4xx_hal.o
 .ARM.attributes
                0x000000c8       0x39 Drivers\STM32F4xx_HAL_Driver\Src\stm32f4xx_hal_cortex.o
 .ARM.attributes
                0x00000101       0x39 Drivers\STM32F4xx_HAL_Driver\Src\stm32f4xx_hal_dma.o
 .ARM.attributes
                0x0000013a       0x39 Drivers\STM32F4xx_HAL_Driver\Src\stm32f4xx_hal_gpio.o
 .ARM.attributes
                0x00000173       0x39 Drivers\STM32F4xx_HAL_Driver\Src\stm32f4xx_hal_rcc.o
 .ARM.attributes
                0x000001ac       0x39 Drivers\STM32F4xx_HAL_Driver\Src\stm32f4xx_hal_rtc_ex.o
 .ARM.attributes
                0x000001e5       0x39 Drivers\STM32F4xx_HAL_Driver\Src\stm32f4xx_hal_spi.o
 .ARM.attributes
                0x0000021e       0x39 Drivers\STM32F4xx_HAL_Driver\Src\stm32f4xx_hal_uart.o
 .ARM.attributes
                0x00000257       0x39 src\gprs.o
 .ARM.attributes
                0x00000290       0x39 src\gps.o
 .ARM.attributes
                0x000002c9       0x39 src\init.o
 .ARM.attributes
                0x00000302       0x39 src\lp_modes.o
 .ARM.attributes
                0x0000033b       0x39 src\main.o
 .ARM.attributes
                0x00000374       0x21 src\startup_stm32f411xe.o
 .ARM.attributes
                0x00000395       0x39 src\stm32f4xx_hal_msp.o
 .ARM.attributes
                0x000003ce       0x39 src\stm32f4xx_it.o
 .ARM.attributes
                0x00000407       0x39 src\system_stm32f4xx.o
 .ARM.attributes
                0x00000440       0x39 src\tiny_printf.o
 .ARM.attributes
                0x00000479       0x34 c:/program files (x86)/atollic/truestudio for arm 8.1.0/armtools/bin/../lib/gcc/arm-atollic-eabi/6.3.1/../../../../arm-atollic-eabi/lib/armv7e-m/fpu\libc_nano.a(lib_a-atof.o)
 .ARM.attributes
                0x000004ad       0x34 c:/program files (x86)/atollic/truestudio for arm 8.1.0/armtools/bin/../lib/gcc/arm-atollic-eabi/6.3.1/../../../../arm-atollic-eabi/lib/armv7e-m/fpu\libc_nano.a(lib_a-atoi.o)
 .ARM.attributes
                0x000004e1       0x34 c:/program files (x86)/atollic/truestudio for arm 8.1.0/armtools/bin/../lib/gcc/arm-atollic-eabi/6.3.1/../../../../arm-atollic-eabi/lib/armv7e-m/fpu\libc_nano.a(lib_a-init.o)
 .ARM.attributes
                0x00000515       0x34 c:/program files (x86)/atollic/truestudio for arm 8.1.0/armtools/bin/../lib/gcc/arm-atollic-eabi/6.3.1/../../../../arm-atollic-eabi/lib/armv7e-m/fpu\libc_nano.a(lib_a-memset.o)
 .ARM.attributes
                0x00000549       0x34 c:/program files (x86)/atollic/truestudio for arm 8.1.0/armtools/bin/../lib/gcc/arm-atollic-eabi/6.3.1/../../../../arm-atollic-eabi/lib/armv7e-m/fpu\libc_nano.a(lib_a-strchr.o)
 .ARM.attributes
                0x0000057d       0x20 c:/program files (x86)/atollic/truestudio for arm 8.1.0/armtools/bin/../lib/gcc/arm-atollic-eabi/6.3.1/../../../../arm-atollic-eabi/lib/armv7e-m/fpu\libc_nano.a(lib_a-strcmp.o)
 .ARM.attributes
                0x0000059d       0x34 c:/program files (x86)/atollic/truestudio for arm 8.1.0/armtools/bin/../lib/gcc/arm-atollic-eabi/6.3.1/../../../../arm-atollic-eabi/lib/armv7e-m/fpu\libc_nano.a(lib_a-strcpy.o)
 .ARM.attributes
                0x000005d1       0x1b c:/program files (x86)/atollic/truestudio for arm 8.1.0/armtools/bin/../lib/gcc/arm-atollic-eabi/6.3.1/../../../../arm-atollic-eabi/lib/armv7e-m/fpu\libc_nano.a(lib_a-strlen.o)
 .ARM.attributes
                0x000005ec       0x34 c:/program files (x86)/atollic/truestudio for arm 8.1.0/armtools/bin/../lib/gcc/arm-atollic-eabi/6.3.1/../../../../arm-atollic-eabi/lib/armv7e-m/fpu\libc_nano.a(lib_a-strstr.o)
 .ARM.attributes
                0x00000620       0x34 c:/program files (x86)/atollic/truestudio for arm 8.1.0/armtools/bin/../lib/gcc/arm-atollic-eabi/6.3.1/../../../../arm-atollic-eabi/lib/armv7e-m/fpu\libc_nano.a(lib_a-strtod.o)
 .ARM.attributes
                0x00000654       0x34 c:/program files (x86)/atollic/truestudio for arm 8.1.0/armtools/bin/../lib/gcc/arm-atollic-eabi/6.3.1/../../../../arm-atollic-eabi/lib/armv7e-m/fpu\libc_nano.a(lib_a-strtok.o)
 .ARM.attributes
                0x00000688       0x34 c:/program files (x86)/atollic/truestudio for arm 8.1.0/armtools/bin/../lib/gcc/arm-atollic-eabi/6.3.1/../../../../arm-atollic-eabi/lib/armv7e-m/fpu\libc_nano.a(lib_a-strtok_r.o)
 .ARM.attributes
                0x000006bc       0x34 c:/program files (x86)/atollic/truestudio for arm 8.1.0/armtools/bin/../lib/gcc/arm-atollic-eabi/6.3.1/../../../../arm-atollic-eabi/lib/armv7e-m/fpu\libc_nano.a(lib_a-strtol.o)
 .ARM.attributes
                0x000006f0       0x34 c:/program files (x86)/atollic/truestudio for arm 8.1.0/armtools/bin/../lib/gcc/arm-atollic-eabi/6.3.1/../../../../arm-atollic-eabi/lib/armv7e-m/fpu\libc_nano.a(lib_a-gdtoa-gethex.o)
 .ARM.attributes
                0x00000724       0x34 c:/program files (x86)/atollic/truestudio for arm 8.1.0/armtools/bin/../lib/gcc/arm-atollic-eabi/6.3.1/../../../../arm-atollic-eabi/lib/armv7e-m/fpu\libc_nano.a(lib_a-gdtoa-hexnan.o)
 .ARM.attributes
                0x00000758       0x34 c:/program files (x86)/atollic/truestudio for arm 8.1.0/armtools/bin/../lib/gcc/arm-atollic-eabi/6.3.1/../../../../arm-atollic-eabi/lib/armv7e-m/fpu\libc_nano.a(lib_a-impure.o)
 .ARM.attributes
                0x0000078c       0x34 c:/program files (x86)/atollic/truestudio for arm 8.1.0/armtools/bin/../lib/gcc/arm-atollic-eabi/6.3.1/../../../../arm-atollic-eabi/lib/armv7e-m/fpu\libc_nano.a(lib_a-locale.o)
 .ARM.attributes
                0x000007c0       0x34 c:/program files (x86)/atollic/truestudio for arm 8.1.0/armtools/bin/../lib/gcc/arm-atollic-eabi/6.3.1/../../../../arm-atollic-eabi/lib/armv7e-m/fpu\libc_nano.a(lib_a-localeconv.o)
 .ARM.attributes
                0x000007f4       0x34 c:/program files (x86)/atollic/truestudio for arm 8.1.0/armtools/bin/../lib/gcc/arm-atollic-eabi/6.3.1/../../../../arm-atollic-eabi/lib/armv7e-m/fpu\libc_nano.a(lib_a-malloc.o)
 .ARM.attributes
                0x00000828       0x34 c:/program files (x86)/atollic/truestudio for arm 8.1.0/armtools/bin/../lib/gcc/arm-atollic-eabi/6.3.1/../../../../arm-atollic-eabi/lib/armv7e-m/fpu\libc_nano.a(lib_a-mbtowc_r.o)
 .ARM.attributes
                0x0000085c       0x34 c:/program files (x86)/atollic/truestudio for arm 8.1.0/armtools/bin/../lib/gcc/arm-atollic-eabi/6.3.1/../../../../arm-atollic-eabi/lib/armv7e-m/fpu\libc_nano.a(lib_a-memcpy-stub.o)
 .ARM.attributes
                0x00000890       0x34 c:/program files (x86)/atollic/truestudio for arm 8.1.0/armtools/bin/../lib/gcc/arm-atollic-eabi/6.3.1/../../../../arm-atollic-eabi/lib/armv7e-m/fpu\libc_nano.a(lib_a-mprec.o)
 .ARM.attributes
                0x000008c4       0x34 c:/program files (x86)/atollic/truestudio for arm 8.1.0/armtools/bin/../lib/gcc/arm-atollic-eabi/6.3.1/../../../../arm-atollic-eabi/lib/armv7e-m/fpu\libc_nano.a(lib_a-nano-callocr.o)
 .ARM.attributes
                0x000008f8       0x34 c:/program files (x86)/atollic/truestudio for arm 8.1.0/armtools/bin/../lib/gcc/arm-atollic-eabi/6.3.1/../../../../arm-atollic-eabi/lib/armv7e-m/fpu\libc_nano.a(lib_a-nano-mallocr.o)
 .ARM.attributes
                0x0000092c       0x34 c:/program files (x86)/atollic/truestudio for arm 8.1.0/armtools/bin/../lib/gcc/arm-atollic-eabi/6.3.1/../../../../arm-atollic-eabi/lib/armv7e-m/fpu\libc_nano.a(lib_a-sbrkr.o)
 .ARM.attributes
                0x00000960       0x34 c:/program files (x86)/atollic/truestudio for arm 8.1.0/armtools/bin/../lib/gcc/arm-atollic-eabi/6.3.1/../../../../arm-atollic-eabi/lib/armv7e-m/fpu\libc_nano.a(lib_a-strncmp.o)
 .ARM.attributes
                0x00000994       0x34 c:/program files (x86)/atollic/truestudio for arm 8.1.0/armtools/bin/../lib/gcc/arm-atollic-eabi/6.3.1/../../../../arm-atollic-eabi/lib/armv7e-m/fpu\libc_nano.a(lib_a-wctomb_r.o)
 .ARM.attributes
                0x000009c8       0x34 c:/program files (x86)/atollic/truestudio for arm 8.1.0/armtools/bin/../lib/gcc/arm-atollic-eabi/6.3.1/../../../../arm-atollic-eabi/lib/armv7e-m/fpu\libc_nano.a(lib_a-ctype_.o)
 .ARM.attributes
                0x000009fc       0x34 c:/program files (x86)/atollic/truestudio for arm 8.1.0/armtools/bin/../lib/gcc/arm-atollic-eabi/6.3.1/../../../../arm-atollic-eabi/lib/armv7e-m/fpu\libc_nano.a(lib_a-mlock.o)
 .ARM.attributes
                0x00000a30       0x34 c:/program files (x86)/atollic/truestudio for arm 8.1.0/armtools/bin/../lib/gcc/arm-atollic-eabi/6.3.1/../../../../arm-atollic-eabi/lib/armv7e-m/fpu\libc_nano.a(lib_a-reent.o)
 .ARM.attributes
                0x00000a64       0x22 c:/program files (x86)/atollic/truestudio for arm 8.1.0/armtools/bin/../lib/gcc/arm-atollic-eabi/6.3.1/armv7e-m/fpu\libgcc.a(_arm_addsubdf3.o)
 .ARM.attributes
                0x00000a86       0x22 c:/program files (x86)/atollic/truestudio for arm 8.1.0/armtools/bin/../lib/gcc/arm-atollic-eabi/6.3.1/armv7e-m/fpu\libgcc.a(_arm_muldivdf3.o)
 .ARM.attributes
                0x00000aa8       0x22 c:/program files (x86)/atollic/truestudio for arm 8.1.0/armtools/bin/../lib/gcc/arm-atollic-eabi/6.3.1/armv7e-m/fpu\libgcc.a(_arm_cmpdf2.o)
 .ARM.attributes
                0x00000aca       0x22 c:/program files (x86)/atollic/truestudio for arm 8.1.0/armtools/bin/../lib/gcc/arm-atollic-eabi/6.3.1/armv7e-m/fpu\libgcc.a(_arm_fixdfsi.o)
 .ARM.attributes
                0x00000aec       0x22 c:/program files (x86)/atollic/truestudio for arm 8.1.0/armtools/bin/../lib/gcc/arm-atollic-eabi/6.3.1/armv7e-m/fpu\libgcc.a(_arm_fixunsdfsi.o)
 .ARM.attributes
                0x00000b0e       0x34 c:/program files (x86)/atollic/truestudio for arm 8.1.0/armtools/bin/../lib/gcc/arm-atollic-eabi/6.3.1/../../../../arm-atollic-eabi/lib/armv7e-m/fpu\libnosys.a(sbrk.o)
 .ARM.attributes
                0x00000b42       0x22 c:/program files (x86)/atollic/truestudio for arm 8.1.0/armtools/bin/../lib/gcc/arm-atollic-eabi/6.3.1/armv7e-m/fpu/crtn.o
OUTPUT(WhistBand.elf elf32-littlearm)

.debug_info     0x00000000    0x172e2
 .debug_info    0x00000000     0x18ee Drivers\BSP\STM32F4xx-Nucleo\stm32f4xx_nucleo.o
 .debug_info    0x000018ee     0x1081 Drivers\STM32F4xx_HAL_Driver\Src\stm32f4xx_hal.o
 .debug_info    0x0000296f     0x1552 Drivers\STM32F4xx_HAL_Driver\Src\stm32f4xx_hal_cortex.o
 .debug_info    0x00003ec1     0x111b Drivers\STM32F4xx_HAL_Driver\Src\stm32f4xx_hal_dma.o
 .debug_info    0x00004fdc      0xf9f Drivers\STM32F4xx_HAL_Driver\Src\stm32f4xx_hal_gpio.o
 .debug_info    0x00005f7b     0x137f Drivers\STM32F4xx_HAL_Driver\Src\stm32f4xx_hal_rcc.o
 .debug_info    0x000072fa     0x16b2 Drivers\STM32F4xx_HAL_Driver\Src\stm32f4xx_hal_rtc_ex.o
 .debug_info    0x000089ac     0x1cf1 Drivers\STM32F4xx_HAL_Driver\Src\stm32f4xx_hal_spi.o
 .debug_info    0x0000a69d     0x19d5 Drivers\STM32F4xx_HAL_Driver\Src\stm32f4xx_hal_uart.o
 .debug_info    0x0000c072     0x13b9 src\gprs.o
 .debug_info    0x0000d42b     0x16ce src\gps.o
 .debug_info    0x0000eaf9     0x1ed1 src\init.o
 .debug_info    0x000109ca     0x12df src\lp_modes.o
 .debug_info    0x00011ca9     0x168a src\main.o
 .debug_info    0x00013333       0x78 src\startup_stm32f411xe.o
 .debug_info    0x000133ab     0x19d7 src\stm32f4xx_hal_msp.o
 .debug_info    0x00014d82     0x13c0 src\stm32f4xx_it.o
 .debug_info    0x00016142      0x528 src\system_stm32f4xx.o
 .debug_info    0x0001666a      0xc78 src\tiny_printf.o

.debug_abbrev   0x00000000     0x2d2f
 .debug_abbrev  0x00000000      0x2ae Drivers\BSP\STM32F4xx-Nucleo\stm32f4xx_nucleo.o
 .debug_abbrev  0x000002ae      0x2d5 Drivers\STM32F4xx_HAL_Driver\Src\stm32f4xx_hal.o
 .debug_abbrev  0x00000583      0x371 Drivers\STM32F4xx_HAL_Driver\Src\stm32f4xx_hal_cortex.o
 .debug_abbrev  0x000008f4      0x279 Drivers\STM32F4xx_HAL_Driver\Src\stm32f4xx_hal_dma.o
 .debug_abbrev  0x00000b6d      0x24c Drivers\STM32F4xx_HAL_Driver\Src\stm32f4xx_hal_gpio.o
 .debug_abbrev  0x00000db9      0x325 Drivers\STM32F4xx_HAL_Driver\Src\stm32f4xx_hal_rcc.o
 .debug_abbrev  0x000010de      0x27b Drivers\STM32F4xx_HAL_Driver\Src\stm32f4xx_hal_rtc_ex.o
 .debug_abbrev  0x00001359      0x2ac Drivers\STM32F4xx_HAL_Driver\Src\stm32f4xx_hal_spi.o
 .debug_abbrev  0x00001605      0x2bd Drivers\STM32F4xx_HAL_Driver\Src\stm32f4xx_hal_uart.o
 .debug_abbrev  0x000018c2      0x2a5 src\gprs.o
 .debug_abbrev  0x00001b67      0x2fd src\gps.o
 .debug_abbrev  0x00001e64      0x28a src\init.o
 .debug_abbrev  0x000020ee      0x22a src\lp_modes.o
 .debug_abbrev  0x00002318      0x2a3 src\main.o
 .debug_abbrev  0x000025bb       0x12 src\startup_stm32f411xe.o
 .debug_abbrev  0x000025cd      0x255 src\stm32f4xx_hal_msp.o
 .debug_abbrev  0x00002822      0x19d src\stm32f4xx_it.o
 .debug_abbrev  0x000029bf      0x10e src\system_stm32f4xx.o
 .debug_abbrev  0x00002acd      0x262 src\tiny_printf.o

.debug_aranges  0x00000000      0xc70
 .debug_aranges
                0x00000000       0xd0 Drivers\BSP\STM32F4xx-Nucleo\stm32f4xx_nucleo.o
 .debug_aranges
                0x000000d0       0xc8 Drivers\STM32F4xx_HAL_Driver\Src\stm32f4xx_hal.o
 .debug_aranges
                0x00000198      0x118 Drivers\STM32F4xx_HAL_Driver\Src\stm32f4xx_hal_cortex.o
 .debug_aranges
                0x000002b0       0x90 Drivers\STM32F4xx_HAL_Driver\Src\stm32f4xx_hal_dma.o
 .debug_aranges
                0x00000340       0x58 Drivers\STM32F4xx_HAL_Driver\Src\stm32f4xx_hal_gpio.o
 .debug_aranges
                0x00000398       0x88 Drivers\STM32F4xx_HAL_Driver\Src\stm32f4xx_hal_rcc.o
 .debug_aranges
                0x00000420      0x130 Drivers\STM32F4xx_HAL_Driver\Src\stm32f4xx_hal_rtc_ex.o
 .debug_aranges
                0x00000550      0x1c8 Drivers\STM32F4xx_HAL_Driver\Src\stm32f4xx_hal_spi.o
 .debug_aranges
                0x00000718      0x1d0 Drivers\STM32F4xx_HAL_Driver\Src\stm32f4xx_hal_uart.o
 .debug_aranges
                0x000008e8       0x68 src\gprs.o
 .debug_aranges
                0x00000950       0x70 src\gps.o
 .debug_aranges
                0x000009c0       0xb0 src\init.o
 .debug_aranges
                0x00000a70       0x48 src\lp_modes.o
 .debug_aranges
                0x00000ab8       0x48 src\main.o
 .debug_aranges
                0x00000b00       0x28 src\startup_stm32f411xe.o
 .debug_aranges
                0x00000b28       0x60 src\stm32f4xx_hal_msp.o
 .debug_aranges
                0x00000b88       0x60 src\stm32f4xx_it.o
 .debug_aranges
                0x00000be8       0x28 src\system_stm32f4xx.o
 .debug_aranges
                0x00000c10       0x60 src\tiny_printf.o

.debug_ranges   0x00000000      0xb48
 .debug_ranges  0x00000000       0xc0 Drivers\BSP\STM32F4xx-Nucleo\stm32f4xx_nucleo.o
 .debug_ranges  0x000000c0       0xb8 Drivers\STM32F4xx_HAL_Driver\Src\stm32f4xx_hal.o
 .debug_ranges  0x00000178      0x108 Drivers\STM32F4xx_HAL_Driver\Src\stm32f4xx_hal_cortex.o
 .debug_ranges  0x00000280       0x80 Drivers\STM32F4xx_HAL_Driver\Src\stm32f4xx_hal_dma.o
 .debug_ranges  0x00000300       0x48 Drivers\STM32F4xx_HAL_Driver\Src\stm32f4xx_hal_gpio.o
 .debug_ranges  0x00000348       0x78 Drivers\STM32F4xx_HAL_Driver\Src\stm32f4xx_hal_rcc.o
 .debug_ranges  0x000003c0      0x120 Drivers\STM32F4xx_HAL_Driver\Src\stm32f4xx_hal_rtc_ex.o
 .debug_ranges  0x000004e0      0x1b8 Drivers\STM32F4xx_HAL_Driver\Src\stm32f4xx_hal_spi.o
 .debug_ranges  0x00000698      0x1c0 Drivers\STM32F4xx_HAL_Driver\Src\stm32f4xx_hal_uart.o
 .debug_ranges  0x00000858       0x58 src\gprs.o
 .debug_ranges  0x000008b0       0x60 src\gps.o
 .debug_ranges  0x00000910       0xa0 src\init.o
 .debug_ranges  0x000009b0       0x38 src\lp_modes.o
 .debug_ranges  0x000009e8       0x38 src\main.o
 .debug_ranges  0x00000a20       0x20 src\startup_stm32f411xe.o
 .debug_ranges  0x00000a40       0x50 src\stm32f4xx_hal_msp.o
 .debug_ranges  0x00000a90       0x50 src\stm32f4xx_it.o
 .debug_ranges  0x00000ae0       0x18 src\system_stm32f4xx.o
 .debug_ranges  0x00000af8       0x50 src\tiny_printf.o

.debug_line     0x00000000     0x62da
 .debug_line    0x00000000      0x533 Drivers\BSP\STM32F4xx-Nucleo\stm32f4xx_nucleo.o
 .debug_line    0x00000533      0x460 Drivers\STM32F4xx_HAL_Driver\Src\stm32f4xx_hal.o
 .debug_line    0x00000993      0x5c3 Drivers\STM32F4xx_HAL_Driver\Src\stm32f4xx_hal_cortex.o
 .debug_line    0x00000f56      0x57d Drivers\STM32F4xx_HAL_Driver\Src\stm32f4xx_hal_dma.o
 .debug_line    0x000014d3      0x455 Drivers\STM32F4xx_HAL_Driver\Src\stm32f4xx_hal_gpio.o
 .debug_line    0x00001928      0x612 Drivers\STM32F4xx_HAL_Driver\Src\stm32f4xx_hal_rcc.o
 .debug_line    0x00001f3a      0x99c Drivers\STM32F4xx_HAL_Driver\Src\stm32f4xx_hal_rtc_ex.o
 .debug_line    0x000028d6      0xc30 Drivers\STM32F4xx_HAL_Driver\Src\stm32f4xx_hal_spi.o
 .debug_line    0x00003506      0xbab Drivers\STM32F4xx_HAL_Driver\Src\stm32f4xx_hal_uart.o
 .debug_line    0x000040b1      0x3d8 src\gprs.o
 .debug_line    0x00004489      0x4d6 src\gps.o
 .debug_line    0x0000495f      0x52e src\init.o
 .debug_line    0x00004e8d      0x3e1 src\lp_modes.o
 .debug_line    0x0000526e      0x3de src\main.o
 .debug_line    0x0000564c       0x7b src\startup_stm32f411xe.o
 .debug_line    0x000056c7      0x425 src\stm32f4xx_hal_msp.o
 .debug_line    0x00005aec      0x360 src\stm32f4xx_it.o
 .debug_line    0x00005e4c      0x1d5 src\system_stm32f4xx.o
 .debug_line    0x00006021      0x2b9 src\tiny_printf.o

.debug_str      0x00000000     0x3d43
 .debug_str     0x00000000     0x1179 Drivers\BSP\STM32F4xx-Nucleo\stm32f4xx_nucleo.o
                               0x1284 (size before relaxing)
 .debug_str     0x00001179      0x274 Drivers\STM32F4xx_HAL_Driver\Src\stm32f4xx_hal.o
                                0xd91 (size before relaxing)
 .debug_str     0x000013ed      0x405 Drivers\STM32F4xx_HAL_Driver\Src\stm32f4xx_hal_cortex.o
                                0xf3d (size before relaxing)
 .debug_str     0x000017f2      0x2f6 Drivers\STM32F4xx_HAL_Driver\Src\stm32f4xx_hal_dma.o
                                0xbe5 (size before relaxing)
 .debug_str     0x00001ae8      0x158 Drivers\STM32F4xx_HAL_Driver\Src\stm32f4xx_hal_gpio.o
                                0x97d (size before relaxing)
 .debug_str     0x00001c40      0x2b5 Drivers\STM32F4xx_HAL_Driver\Src\stm32f4xx_hal_rcc.o
                                0xb10 (size before relaxing)
 .debug_str     0x00001ef5      0x7c1 Drivers\STM32F4xx_HAL_Driver\Src\stm32f4xx_hal_rtc_ex.o
                                0xedc (size before relaxing)
 .debug_str     0x000026b6      0x4f6 Drivers\STM32F4xx_HAL_Driver\Src\stm32f4xx_hal_spi.o
                                0xfb9 (size before relaxing)
 .debug_str     0x00002bac      0x686 Drivers\STM32F4xx_HAL_Driver\Src\stm32f4xx_hal_uart.o
                               0x1007 (size before relaxing)
 .debug_str     0x00003232      0x37c src\gprs.o
                                0xddf (size before relaxing)
 .debug_str     0x000035ae      0x29a src\gps.o
                                0xdbd (size before relaxing)
 .debug_str     0x00003848      0x125 src\init.o
                               0x179a (size before relaxing)
 .debug_str     0x0000396d       0x9a src\lp_modes.o
                                0xbed (size before relaxing)
 .debug_str     0x00003a07       0xe4 src\main.o
                                0xf7c (size before relaxing)
 .debug_str     0x00003aeb       0xa2 src\stm32f4xx_hal_msp.o
                               0x147a (size before relaxing)
 .debug_str     0x00003b8d       0xd1 src\stm32f4xx_it.o
                                0xe90 (size before relaxing)
 .debug_str     0x00003c5e       0x45 src\system_stm32f4xx.o
                                0x3b4 (size before relaxing)
 .debug_str     0x00003ca3       0xa0 src\tiny_printf.o
                                0x689 (size before relaxing)

.comment        0x00000000       0x7c
 .comment       0x00000000       0x7c Drivers\BSP\STM32F4xx-Nucleo\stm32f4xx_nucleo.o
                                 0x7d (size before relaxing)
 .comment       0x0000007c       0x7d Drivers\STM32F4xx_HAL_Driver\Src\stm32f4xx_hal.o
 .comment       0x0000007c       0x7d Drivers\STM32F4xx_HAL_Driver\Src\stm32f4xx_hal_cortex.o
 .comment       0x0000007c       0x7d Drivers\STM32F4xx_HAL_Driver\Src\stm32f4xx_hal_dma.o
 .comment       0x0000007c       0x7d Drivers\STM32F4xx_HAL_Driver\Src\stm32f4xx_hal_gpio.o
 .comment       0x0000007c       0x7d Drivers\STM32F4xx_HAL_Driver\Src\stm32f4xx_hal_rcc.o
 .comment       0x0000007c       0x7d Drivers\STM32F4xx_HAL_Driver\Src\stm32f4xx_hal_rtc_ex.o
 .comment       0x0000007c       0x7d Drivers\STM32F4xx_HAL_Driver\Src\stm32f4xx_hal_spi.o
 .comment       0x0000007c       0x7d Drivers\STM32F4xx_HAL_Driver\Src\stm32f4xx_hal_uart.o
 .comment       0x0000007c       0x7d src\gprs.o
 .comment       0x0000007c       0x7d src\gps.o
 .comment       0x0000007c       0x7d src\init.o
 .comment       0x0000007c       0x7d src\lp_modes.o
 .comment       0x0000007c       0x7d src\main.o
 .comment       0x0000007c       0x7d src\stm32f4xx_hal_msp.o
 .comment       0x0000007c       0x7d src\stm32f4xx_it.o
 .comment       0x0000007c       0x7d src\system_stm32f4xx.o
 .comment       0x0000007c       0x7d src\tiny_printf.o

.debug_frame    0x00000000     0x3cd8
 .debug_frame   0x00000000      0x338 Drivers\BSP\STM32F4xx-Nucleo\stm32f4xx_nucleo.o
 .debug_frame   0x00000338      0x2e8 Drivers\STM32F4xx_HAL_Driver\Src\stm32f4xx_hal.o
 .debug_frame   0x00000620      0x498 Drivers\STM32F4xx_HAL_Driver\Src\stm32f4xx_hal_cortex.o
 .debug_frame   0x00000ab8      0x250 Drivers\STM32F4xx_HAL_Driver\Src\stm32f4xx_hal_dma.o
 .debug_frame   0x00000d08      0x14c Drivers\STM32F4xx_HAL_Driver\Src\stm32f4xx_hal_gpio.o
 .debug_frame   0x00000e54      0x200 Drivers\STM32F4xx_HAL_Driver\Src\stm32f4xx_hal_rcc.o
 .debug_frame   0x00001054      0x548 Drivers\STM32F4xx_HAL_Driver\Src\stm32f4xx_hal_rtc_ex.o
 .debug_frame   0x0000159c      0x7fc Drivers\STM32F4xx_HAL_Driver\Src\stm32f4xx_hal_spi.o
 .debug_frame   0x00001d98      0x83c Drivers\STM32F4xx_HAL_Driver\Src\stm32f4xx_hal_uart.o
 .debug_frame   0x000025d4      0x158 src\gprs.o
 .debug_frame   0x0000272c      0x1a4 src\gps.o
 .debug_frame   0x000028d0      0x27c src\init.o
 .debug_frame   0x00002b4c       0xd8 src\lp_modes.o
 .debug_frame   0x00002c24       0xdc src\main.o
 .debug_frame   0x00002d00      0x158 src\stm32f4xx_hal_msp.o
 .debug_frame   0x00002e58      0x10c src\stm32f4xx_it.o
 .debug_frame   0x00002f64       0x58 src\system_stm32f4xx.o
 .debug_frame   0x00002fbc      0x1bc src\tiny_printf.o
 .debug_frame   0x00003178       0x20 c:/program files (x86)/atollic/truestudio for arm 8.1.0/armtools/bin/../lib/gcc/arm-atollic-eabi/6.3.1/../../../../arm-atollic-eabi/lib/armv7e-m/fpu\libc_nano.a(lib_a-atof.o)
 .debug_frame   0x00003198       0x30 c:/program files (x86)/atollic/truestudio for arm 8.1.0/armtools/bin/../lib/gcc/arm-atollic-eabi/6.3.1/../../../../arm-atollic-eabi/lib/armv7e-m/fpu\libc_nano.a(lib_a-atoi.o)
 .debug_frame   0x000031c8       0x2c c:/program files (x86)/atollic/truestudio for arm 8.1.0/armtools/bin/../lib/gcc/arm-atollic-eabi/6.3.1/../../../../arm-atollic-eabi/lib/armv7e-m/fpu\libc_nano.a(lib_a-init.o)
 .debug_frame   0x000031f4       0x20 c:/program files (x86)/atollic/truestudio for arm 8.1.0/armtools/bin/../lib/gcc/arm-atollic-eabi/6.3.1/../../../../arm-atollic-eabi/lib/armv7e-m/fpu\libc_nano.a(lib_a-memset.o)
 .debug_frame   0x00003214       0x20 c:/program files (x86)/atollic/truestudio for arm 8.1.0/armtools/bin/../lib/gcc/arm-atollic-eabi/6.3.1/../../../../arm-atollic-eabi/lib/armv7e-m/fpu\libc_nano.a(lib_a-strchr.o)
 .debug_frame   0x00003234       0x20 c:/program files (x86)/atollic/truestudio for arm 8.1.0/armtools/bin/../lib/gcc/arm-atollic-eabi/6.3.1/../../../../arm-atollic-eabi/lib/armv7e-m/fpu\libc_nano.a(lib_a-strcmp.o)
 .debug_frame   0x00003254       0x20 c:/program files (x86)/atollic/truestudio for arm 8.1.0/armtools/bin/../lib/gcc/arm-atollic-eabi/6.3.1/../../../../arm-atollic-eabi/lib/armv7e-m/fpu\libc_nano.a(lib_a-strcpy.o)
 .debug_frame   0x00003274       0x30 c:/program files (x86)/atollic/truestudio for arm 8.1.0/armtools/bin/../lib/gcc/arm-atollic-eabi/6.3.1/../../../../arm-atollic-eabi/lib/armv7e-m/fpu\libc_nano.a(lib_a-strstr.o)
 .debug_frame   0x000032a4      0x12c c:/program files (x86)/atollic/truestudio for arm 8.1.0/armtools/bin/../lib/gcc/arm-atollic-eabi/6.3.1/../../../../arm-atollic-eabi/lib/armv7e-m/fpu\libc_nano.a(lib_a-strtod.o)
 .debug_frame   0x000033d0       0x38 c:/program files (x86)/atollic/truestudio for arm 8.1.0/armtools/bin/../lib/gcc/arm-atollic-eabi/6.3.1/../../../../arm-atollic-eabi/lib/armv7e-m/fpu\libc_nano.a(lib_a-strtok.o)
 .debug_frame   0x00003408       0x40 c:/program files (x86)/atollic/truestudio for arm 8.1.0/armtools/bin/../lib/gcc/arm-atollic-eabi/6.3.1/../../../../arm-atollic-eabi/lib/armv7e-m/fpu\libc_nano.a(lib_a-strtok_r.o)
 .debug_frame   0x00003448       0x88 c:/program files (x86)/atollic/truestudio for arm 8.1.0/armtools/bin/../lib/gcc/arm-atollic-eabi/6.3.1/../../../../arm-atollic-eabi/lib/armv7e-m/fpu\libc_nano.a(lib_a-strtol.o)
 .debug_frame   0x000034d0       0x70 c:/program files (x86)/atollic/truestudio for arm 8.1.0/armtools/bin/../lib/gcc/arm-atollic-eabi/6.3.1/../../../../arm-atollic-eabi/lib/armv7e-m/fpu\libc_nano.a(lib_a-gdtoa-gethex.o)
 .debug_frame   0x00003540       0x74 c:/program files (x86)/atollic/truestudio for arm 8.1.0/armtools/bin/../lib/gcc/arm-atollic-eabi/6.3.1/../../../../arm-atollic-eabi/lib/armv7e-m/fpu\libc_nano.a(lib_a-gdtoa-hexnan.o)
 .debug_frame   0x000035b4       0x68 c:/program files (x86)/atollic/truestudio for arm 8.1.0/armtools/bin/../lib/gcc/arm-atollic-eabi/6.3.1/../../../../arm-atollic-eabi/lib/armv7e-m/fpu\libc_nano.a(lib_a-locale.o)
 .debug_frame   0x0000361c       0x40 c:/program files (x86)/atollic/truestudio for arm 8.1.0/armtools/bin/../lib/gcc/arm-atollic-eabi/6.3.1/../../../../arm-atollic-eabi/lib/armv7e-m/fpu\libc_nano.a(lib_a-localeconv.o)
 .debug_frame   0x0000365c       0x30 c:/program files (x86)/atollic/truestudio for arm 8.1.0/armtools/bin/../lib/gcc/arm-atollic-eabi/6.3.1/../../../../arm-atollic-eabi/lib/armv7e-m/fpu\libc_nano.a(lib_a-malloc.o)
 .debug_frame   0x0000368c       0x48 c:/program files (x86)/atollic/truestudio for arm 8.1.0/armtools/bin/../lib/gcc/arm-atollic-eabi/6.3.1/../../../../arm-atollic-eabi/lib/armv7e-m/fpu\libc_nano.a(lib_a-mbtowc_r.o)
 .debug_frame   0x000036d4       0x28 c:/program files (x86)/atollic/truestudio for arm 8.1.0/armtools/bin/../lib/gcc/arm-atollic-eabi/6.3.1/../../../../arm-atollic-eabi/lib/armv7e-m/fpu\libc_nano.a(lib_a-memcpy-stub.o)
 .debug_frame   0x000036fc      0x240 c:/program files (x86)/atollic/truestudio for arm 8.1.0/armtools/bin/../lib/gcc/arm-atollic-eabi/6.3.1/../../../../arm-atollic-eabi/lib/armv7e-m/fpu\libc_nano.a(lib_a-mprec.o)
 .debug_frame   0x0000393c       0x2c c:/program files (x86)/atollic/truestudio for arm 8.1.0/armtools/bin/../lib/gcc/arm-atollic-eabi/6.3.1/../../../../arm-atollic-eabi/lib/armv7e-m/fpu\libc_nano.a(lib_a-nano-callocr.o)
 .debug_frame   0x00003968       0x2c c:/program files (x86)/atollic/truestudio for arm 8.1.0/armtools/bin/../lib/gcc/arm-atollic-eabi/6.3.1/../../../../arm-atollic-eabi/lib/armv7e-m/fpu\libc_nano.a(lib_a-nano-mallocr.o)
 .debug_frame   0x00003994       0x2c c:/program files (x86)/atollic/truestudio for arm 8.1.0/armtools/bin/../lib/gcc/arm-atollic-eabi/6.3.1/../../../../arm-atollic-eabi/lib/armv7e-m/fpu\libc_nano.a(lib_a-sbrkr.o)
 .debug_frame   0x000039c0       0x28 c:/program files (x86)/atollic/truestudio for arm 8.1.0/armtools/bin/../lib/gcc/arm-atollic-eabi/6.3.1/../../../../arm-atollic-eabi/lib/armv7e-m/fpu\libc_nano.a(lib_a-strncmp.o)
 .debug_frame   0x000039e8       0x3c c:/program files (x86)/atollic/truestudio for arm 8.1.0/armtools/bin/../lib/gcc/arm-atollic-eabi/6.3.1/../../../../arm-atollic-eabi/lib/armv7e-m/fpu\libc_nano.a(lib_a-wctomb_r.o)
 .debug_frame   0x00003a24       0x30 c:/program files (x86)/atollic/truestudio for arm 8.1.0/armtools/bin/../lib/gcc/arm-atollic-eabi/6.3.1/../../../../arm-atollic-eabi/lib/armv7e-m/fpu\libc_nano.a(lib_a-mlock.o)
 .debug_frame   0x00003a54       0x5c c:/program files (x86)/atollic/truestudio for arm 8.1.0/armtools/bin/../lib/gcc/arm-atollic-eabi/6.3.1/../../../../arm-atollic-eabi/lib/armv7e-m/fpu\libc_nano.a(lib_a-reent.o)
 .debug_frame   0x00003ab0       0xac c:/program files (x86)/atollic/truestudio for arm 8.1.0/armtools/bin/../lib/gcc/arm-atollic-eabi/6.3.1/armv7e-m/fpu\libgcc.a(_arm_addsubdf3.o)
 .debug_frame   0x00003b5c       0x50 c:/program files (x86)/atollic/truestudio for arm 8.1.0/armtools/bin/../lib/gcc/arm-atollic-eabi/6.3.1/armv7e-m/fpu\libgcc.a(_arm_muldivdf3.o)
 .debug_frame   0x00003bac       0xc4 c:/program files (x86)/atollic/truestudio for arm 8.1.0/armtools/bin/../lib/gcc/arm-atollic-eabi/6.3.1/armv7e-m/fpu\libgcc.a(_arm_cmpdf2.o)
 .debug_frame   0x00003c70       0x24 c:/program files (x86)/atollic/truestudio for arm 8.1.0/armtools/bin/../lib/gcc/arm-atollic-eabi/6.3.1/armv7e-m/fpu\libgcc.a(_arm_fixdfsi.o)
 .debug_frame   0x00003c94       0x24 c:/program files (x86)/atollic/truestudio for arm 8.1.0/armtools/bin/../lib/gcc/arm-atollic-eabi/6.3.1/armv7e-m/fpu\libgcc.a(_arm_fixunsdfsi.o)
 .debug_frame   0x00003cb8       0x20 c:/program files (x86)/atollic/truestudio for arm 8.1.0/armtools/bin/../lib/gcc/arm-atollic-eabi/6.3.1/../../../../arm-atollic-eabi/lib/armv7e-m/fpu\libnosys.a(sbrk.o)

.stabstr        0x00000000       0x3f
 .stabstr       0x00000000       0x3f c:/program files (x86)/atollic/truestudio for arm 8.1.0/armtools/bin/../lib/gcc/arm-atollic-eabi/6.3.1/../../../../arm-atollic-eabi/lib/armv7e-m/fpu\libnosys.a(write.o)

Cross Reference Table

Symbol                                            File
ACT                                               src\gprs.o
ADC_IRQHandler                                    src\startup_stm32f411xe.o
AHBPrescTable                                     src\system_stm32f4xx.o
                                                  Drivers\STM32F4xx_HAL_Driver\Src\stm32f4xx_hal_rcc.o
APBPrescTable                                     src\system_stm32f4xx.o
                                                  Drivers\STM32F4xx_HAL_Driver\Src\stm32f4xx_hal_rcc.o
BSP_GetVersion                                    Drivers\BSP\STM32F4xx-Nucleo\stm32f4xx_nucleo.o
BSP_LED_DeInit                                    Drivers\BSP\STM32F4xx-Nucleo\stm32f4xx_nucleo.o
BSP_LED_Init                                      Drivers\BSP\STM32F4xx-Nucleo\stm32f4xx_nucleo.o
                                                  src\main.o
                                                  src\init.o
BSP_LED_Off                                       Drivers\BSP\STM32F4xx-Nucleo\stm32f4xx_nucleo.o
BSP_LED_On                                        Drivers\BSP\STM32F4xx-Nucleo\stm32f4xx_nucleo.o
                                                  src\main.o
BSP_LED_Toggle                                    Drivers\BSP\STM32F4xx-Nucleo\stm32f4xx_nucleo.o
                                                  src\main.o
                                                  src\init.o
BSP_PB_DeInit                                     Drivers\BSP\STM32F4xx-Nucleo\stm32f4xx_nucleo.o
BSP_PB_GetState                                   Drivers\BSP\STM32F4xx-Nucleo\stm32f4xx_nucleo.o
                                                  src\init.o
BSP_PB_Init                                       Drivers\BSP\STM32F4xx-Nucleo\stm32f4xx_nucleo.o
                                                  src\lp_modes.o
                                                  src\init.o
BUTTON_IRQn                                       Drivers\BSP\STM32F4xx-Nucleo\stm32f4xx_nucleo.o
BUTTON_PIN                                        Drivers\BSP\STM32F4xx-Nucleo\stm32f4xx_nucleo.o
BUTTON_PORT                                       Drivers\BSP\STM32F4xx-Nucleo\stm32f4xx_nucleo.o
BusFault_Handler                                  src\startup_stm32f411xe.o
DMA1_Stream0_IRQHandler                           src\startup_stm32f411xe.o
DMA1_Stream1_IRQHandler                           src\startup_stm32f411xe.o
DMA1_Stream2_IRQHandler                           src\startup_stm32f411xe.o
DMA1_Stream3_IRQHandler                           src\startup_stm32f411xe.o
DMA1_Stream4_IRQHandler                           src\startup_stm32f411xe.o
DMA1_Stream5_IRQHandler                           src\startup_stm32f411xe.o
DMA1_Stream6_IRQHandler                           src\startup_stm32f411xe.o
DMA1_Stream7_IRQHandler                           src\startup_stm32f411xe.o
DMA2_Stream0_IRQHandler                           src\startup_stm32f411xe.o
DMA2_Stream1_IRQHandler                           src\startup_stm32f411xe.o
DMA2_Stream2_IRQHandler                           src\stm32f4xx_it.o
                                                  src\startup_stm32f411xe.o
DMA2_Stream3_IRQHandler                           src\startup_stm32f411xe.o
DMA2_Stream4_IRQHandler                           src\startup_stm32f411xe.o
DMA2_Stream5_IRQHandler                           src\stm32f4xx_it.o
                                                  src\startup_stm32f411xe.o
DMA2_Stream6_IRQHandler                           src\stm32f4xx_it.o
                                                  src\startup_stm32f411xe.o
DMA2_Stream7_IRQHandler                           src\stm32f4xx_it.o
                                                  src\startup_stm32f411xe.o
DMA_Init                                          src\init.o
                                                  src\main.o
DebugMon_Handler                                  src\startup_stm32f411xe.o
Default_Handler                                   src\startup_stm32f411xe.o
EXTI0_IRQHandler                                  src\startup_stm32f411xe.o
EXTI15_10_IRQHandler                              src\stm32f4xx_it.o
                                                  src\startup_stm32f411xe.o
EXTI1_IRQHandler                                  src\startup_stm32f411xe.o
EXTI2_IRQHandler                                  src\startup_stm32f411xe.o
EXTI3_IRQHandler                                  src\startup_stm32f411xe.o
EXTI4_IRQHandler                                  src\startup_stm32f411xe.o
EXTI9_5_IRQHandler                                src\startup_stm32f411xe.o
Error_Handler                                     src\main.o
                                                  src\lp_modes.o
                                                  src\init.o
                                                  src\gps.o