Archive member included to satisfy reference by file (symbol)

c:/program files (x86)/atollic/truestudio for arm 8.1.0/armtools/bin/../lib/gcc/arm-atollic-eabi/6.3.1/../../../../arm-atollic-eabi/lib/armv7e-m/fpu\libc_nano.a(lib_a-init.o)
                              src\startup_stm32f411xe.o (__libc_init_array)
c:/program files (x86)/atollic/truestudio for arm 8.1.0/armtools/bin/../lib/gcc/arm-atollic-eabi/6.3.1/../../../../arm-atollic-eabi/lib/armv7e-m/fpu\libc_nano.a(lib_a-strlen.o)
                              src\tiny_printf.o (strlen)
c:/program files (x86)/atollic/truestudio for arm 8.1.0/armtools/bin/../lib/gcc/arm-atollic-eabi/6.3.1/../../../../arm-atollic-eabi/lib/armv7e-m/fpu\libnosys.a(write.o)
                              src\tiny_printf.o (_write)
c:/program files (x86)/atollic/truestudio for arm 8.1.0/armtools/bin/../lib/gcc/arm-atollic-eabi/6.3.1/../../../../arm-atollic-eabi/lib/armv7e-m/fpu\libnosys.a(errno.o)
                              c:/program files (x86)/atollic/truestudio for arm 8.1.0/armtools/bin/../lib/gcc/arm-atollic-eabi/6.3.1/../../../../arm-atollic-eabi/lib/armv7e-m/fpu\libnosys.a(write.o) (errno)

Allocating common symbols
Common symbol       size              file

errno               0x4               c:/program files (x86)/atollic/truestudio for arm 8.1.0/armtools/bin/../lib/gcc/arm-atollic-eabi/6.3.1/../../../../arm-atollic-eabi/lib/armv7e-m/fpu\libnosys.a(errno.o)
hi2c1               0x54              src\init.o
uwTick              0x4               Drivers\STM32F4xx_HAL_Driver\Src\stm32f4xx_hal.o
pFlash              0x20              Drivers\STM32F4xx_HAL_Driver\Src\stm32f4xx_hal_flash.o
hwwdg               0x14              src\init.o
hspi1               0x58              src\init.o
husart1             0x44              src\init.o

Discarded input sections

 .text          0x00000000        0x0 c:/program files (x86)/atollic/truestudio for arm 8.1.0/armtools/bin/../lib/gcc/arm-atollic-eabi/6.3.1/armv7e-m/fpu/crti.o
 .data          0x00000000        0x0 c:/program files (x86)/atollic/truestudio for arm 8.1.0/armtools/bin/../lib/gcc/arm-atollic-eabi/6.3.1/armv7e-m/fpu/crti.o
 .bss           0x00000000        0x0 c:/program files (x86)/atollic/truestudio for arm 8.1.0/armtools/bin/../lib/gcc/arm-atollic-eabi/6.3.1/armv7e-m/fpu/crti.o
 .data          0x00000000        0x4 c:/program files (x86)/atollic/truestudio for arm 8.1.0/armtools/bin/../lib/gcc/arm-atollic-eabi/6.3.1/armv7e-m/fpu/crtbegin.o
 .text          0x00000000        0x0 Drivers\BSP\STM32F4xx-Nucleo\stm32f4xx_nucleo.o
 .data          0x00000000        0x0 Drivers\BSP\STM32F4xx-Nucleo\stm32f4xx_nucleo.o
 .bss           0x00000000        0x0 Drivers\BSP\STM32F4xx-Nucleo\stm32f4xx_nucleo.o
 .data.GPIO_PORT
                0x00000000        0x4 Drivers\BSP\STM32F4xx-Nucleo\stm32f4xx_nucleo.o
 .rodata.GPIO_PIN
                0x00000000        0x2 Drivers\BSP\STM32F4xx-Nucleo\stm32f4xx_nucleo.o
 .data.BUTTON_PORT
                0x00000000        0x4 Drivers\BSP\STM32F4xx-Nucleo\stm32f4xx_nucleo.o
 .rodata.BUTTON_PIN
                0x00000000        0x2 Drivers\BSP\STM32F4xx-Nucleo\stm32f4xx_nucleo.o
 .rodata.BUTTON_IRQn
                0x00000000        0x1 Drivers\BSP\STM32F4xx-Nucleo\stm32f4xx_nucleo.o
 .data.SpixTimeout
                0x00000000        0x4 Drivers\BSP\STM32F4xx-Nucleo\stm32f4xx_nucleo.o
 .bss.hnucleo_Spi
                0x00000000       0x58 Drivers\BSP\STM32F4xx-Nucleo\stm32f4xx_nucleo.o
 .text.BSP_GetVersion
                0x00000000       0x14 Drivers\BSP\STM32F4xx-Nucleo\stm32f4xx_nucleo.o
 .text.BSP_LED_Init
                0x00000000       0x6c Drivers\BSP\STM32F4xx-Nucleo\stm32f4xx_nucleo.o
 .text.BSP_LED_DeInit
                0x00000000       0x40 Drivers\BSP\STM32F4xx-Nucleo\stm32f4xx_nucleo.o
 .text.BSP_LED_On
                0x00000000       0x28 Drivers\BSP\STM32F4xx-Nucleo\stm32f4xx_nucleo.o
 .text.BSP_LED_Off
                0x00000000       0x28 Drivers\BSP\STM32F4xx-Nucleo\stm32f4xx_nucleo.o
 .text.BSP_LED_Toggle
                0x00000000       0x28 Drivers\BSP\STM32F4xx-Nucleo\stm32f4xx_nucleo.o
 .text.BSP_PB_Init
                0x00000000       0xac Drivers\BSP\STM32F4xx-Nucleo\stm32f4xx_nucleo.o
 .text.BSP_PB_DeInit
                0x00000000       0x38 Drivers\BSP\STM32F4xx-Nucleo\stm32f4xx_nucleo.o
 .text.BSP_PB_GetState
                0x00000000       0x2c Drivers\BSP\STM32F4xx-Nucleo\stm32f4xx_nucleo.o
 .text.SPIx_MspInit
                0x00000000       0xb8 Drivers\BSP\STM32F4xx-Nucleo\stm32f4xx_nucleo.o
 .text.SPIx_Init
                0x00000000       0x74 Drivers\BSP\STM32F4xx-Nucleo\stm32f4xx_nucleo.o
 .text.SPIx_WriteReadData
                0x00000000       0x44 Drivers\BSP\STM32F4xx-Nucleo\stm32f4xx_nucleo.o
 .text.SPIx_Write
                0x00000000       0x40 Drivers\BSP\STM32F4xx-Nucleo\stm32f4xx_nucleo.o
 .text.SPIx_Error
                0x00000000       0x18 Drivers\BSP\STM32F4xx-Nucleo\stm32f4xx_nucleo.o
 .text.SD_IO_Init
[...]
Memory Configuration

Name             Origin             Length             Attributes
FLASH            0x08000000         0x00040000         xr
RAM              0x20000000         0x00020000         xrw
MEMORY_B1        0x60000000         0x00000000         xr
*default*        0x00000000         0xffffffff

Linker script and memory map

LOAD c:/program files (x86)/atollic/truestudio for arm 8.1.0/armtools/bin/../lib/gcc/arm-atollic-eabi/6.3.1/armv7e-m/fpu/crti.o
LOAD c:/program files (x86)/atollic/truestudio for arm 8.1.0/armtools/bin/../lib/gcc/arm-atollic-eabi/6.3.1/armv7e-m/fpu/crtbegin.o
LOAD Drivers\BSP\STM32F4xx-Nucleo\stm32f4xx_nucleo.o
LOAD Drivers\STM32F4xx_HAL_Driver\Src\stm32f4xx_hal.o
LOAD Drivers\STM32F4xx_HAL_Driver\Src\stm32f4xx_hal_cortex.o
LOAD Drivers\STM32F4xx_HAL_Driver\Src\stm32f4xx_hal_crc.o
LOAD Drivers\STM32F4xx_HAL_Driver\Src\stm32f4xx_hal_dma.o
LOAD Drivers\STM32F4xx_HAL_Driver\Src\stm32f4xx_hal_dma2d.o
LOAD Drivers\STM32F4xx_HAL_Driver\Src\stm32f4xx_hal_dma_ex.o
LOAD Drivers\STM32F4xx_HAL_Driver\Src\stm32f4xx_hal_flash.o
LOAD Drivers\STM32F4xx_HAL_Driver\Src\stm32f4xx_hal_flash_ex.o
LOAD Drivers\STM32F4xx_HAL_Driver\Src\stm32f4xx_hal_flash_ramfunc.o
LOAD Drivers\STM32F4xx_HAL_Driver\Src\stm32f4xx_hal_gpio.o
LOAD Drivers\STM32F4xx_HAL_Driver\Src\stm32f4xx_hal_i2c.o
LOAD Drivers\STM32F4xx_HAL_Driver\Src\stm32f4xx_hal_i2c_ex.o
LOAD Drivers\STM32F4xx_HAL_Driver\Src\stm32f4xx_hal_nand.o
LOAD Drivers\STM32F4xx_HAL_Driver\Src\stm32f4xx_hal_nor.o
LOAD Drivers\STM32F4xx_HAL_Driver\Src\stm32f4xx_hal_pccard.o
LOAD Drivers\STM32F4xx_HAL_Driver\Src\stm32f4xx_hal_pwr.o
LOAD Drivers\STM32F4xx_HAL_Driver\Src\stm32f4xx_hal_pwr_ex.o
LOAD Drivers\STM32F4xx_HAL_Driver\Src\stm32f4xx_hal_rcc.o
LOAD Drivers\STM32F4xx_HAL_Driver\Src\stm32f4xx_hal_rcc_ex.o
LOAD Drivers\STM32F4xx_HAL_Driver\Src\stm32f4xx_hal_rtc.o
LOAD Drivers\STM32F4xx_HAL_Driver\Src\stm32f4xx_hal_rtc_ex.o
LOAD Drivers\STM32F4xx_HAL_Driver\Src\stm32f4xx_hal_sd.o
LOAD Drivers\STM32F4xx_HAL_Driver\Src\stm32f4xx_hal_sdram.o
LOAD Drivers\STM32F4xx_HAL_Driver\Src\stm32f4xx_hal_smartcard.o
LOAD Drivers\STM32F4xx_HAL_Driver\Src\stm32f4xx_hal_spi.o
LOAD Drivers\STM32F4xx_HAL_Driver\Src\stm32f4xx_hal_sram.o
LOAD Drivers\STM32F4xx_HAL_Driver\Src\stm32f4xx_hal_tim.o
LOAD Drivers\STM32F4xx_HAL_Driver\Src\stm32f4xx_hal_tim_ex.o
LOAD Drivers\STM32F4xx_HAL_Driver\Src\stm32f4xx_hal_uart.o
LOAD Drivers\STM32F4xx_HAL_Driver\Src\stm32f4xx_hal_usart.o
LOAD Drivers\STM32F4xx_HAL_Driver\Src\stm32f4xx_hal_wwdg.o
LOAD src\init.o
LOAD src\main.o
LOAD src\startup_stm32f411xe.o
LOAD src\stm32f4xx_hal_msp.o
LOAD src\stm32f4xx_it.o
LOAD src\system_stm32f4xx.o
LOAD src\tiny_printf.o
                0x00000080                malloc_getpagesize_P = 0x80
START GROUP
LOAD c:/program files (x86)/atollic/truestudio for arm 8.1.0/armtools/bin/../lib/gcc/arm-atollic-eabi/6.3.1/../../../../arm-atollic-eabi/lib/armv7e-m/fpu\libc_nano.a
LOAD c:/program files (x86)/atollic/truestudio for arm 8.1.0/armtools/bin/../lib/gcc/arm-atollic-eabi/6.3.1/../../../../arm-atollic-eabi/lib/armv7e-m/fpu\libm.a
END GROUP
START GROUP
LOAD c:/program files (x86)/atollic/truestudio for arm 8.1.0/armtools/bin/../lib/gcc/arm-atollic-eabi/6.3.1/armv7e-m/fpu\libgcc.a
LOAD c:/program files (x86)/atollic/truestudio for arm 8.1.0/armtools/bin/../lib/gcc/arm-atollic-eabi/6.3.1/../../../../arm-atollic-eabi/lib/armv7e-m/fpu\libc_nano.a
END GROUP
START GROUP
LOAD c:/program files (x86)/atollic/truestudio for arm 8.1.0/armtools/bin/../lib/gcc/arm-atollic-eabi/6.3.1/armv7e-m/fpu\libgcc.a
LOAD c:/program files (x86)/atollic/truestudio for arm 8.1.0/armtools/bin/../lib/gcc/arm-atollic-eabi/6.3.1/../../../../arm-atollic-eabi/lib/armv7e-m/fpu\libc_nano.a
LOAD c:/program files (x86)/atollic/truestudio for arm 8.1.0/armtools/bin/../lib/gcc/arm-atollic-eabi/6.3.1/../../../../arm-atollic-eabi/lib/armv7e-m/fpu\libnosys.a
END GROUP
START GROUP
LOAD c:/program files (x86)/atollic/truestudio for arm 8.1.0/armtools/bin/../lib/gcc/arm-atollic-eabi/6.3.1/armv7e-m/fpu\libgcc.a
LOAD c:/program files (x86)/atollic/truestudio for arm 8.1.0/armtools/bin/../lib/gcc/arm-atollic-eabi/6.3.1/../../../../arm-atollic-eabi/lib/armv7e-m/fpu\libc_nano.a
LOAD c:/program files (x86)/atollic/truestudio for arm 8.1.0/armtools/bin/../lib/gcc/arm-atollic-eabi/6.3.1/../../../../arm-atollic-eabi/lib/armv7e-m/fpu\libnosys.a
END GROUP
LOAD c:/program files (x86)/atollic/truestudio for arm 8.1.0/armtools/bin/../lib/gcc/arm-atollic-eabi/6.3.1/armv7e-m/fpu/crtend.o
LOAD c:/program files (x86)/atollic/truestudio for arm 8.1.0/armtools/bin/../lib/gcc/arm-atollic-eabi/6.3.1/armv7e-m/fpu/crtn.o
                0x20020000                _estack = 0x20020000
                0x00000000                _Min_Heap_Size = 0x0
                0x00000400                _Min_Stack_Size = 0x400

.isr_vector     0x08000000      0x198
                0x08000000                . = ALIGN (0x4)
 *(.isr_vector)
 .isr_vector    0x08000000      0x198 src\startup_stm32f411xe.o
                0x08000000                g_pfnVectors
                0x08000198                . = ALIGN (0x4)

.text           0x08000198     0x18b0
                0x08000198                . = ALIGN (0x4)
 *(.text)
 .text          0x08000198       0x40 c:/program files (x86)/atollic/truestudio for arm 8.1.0/armtools/bin/../lib/gcc/arm-atollic-eabi/6.3.1/armv7e-m/fpu/crtbegin.o
 *(.text*)
 .text.HAL_Init
                0x080001d8       0x44 Drivers\STM32F4xx_HAL_Driver\Src\stm32f4xx_hal.o
                0x080001d8                HAL_Init
 .text.HAL_InitTick
                0x0800021c       0x38 Drivers\STM32F4xx_HAL_Driver\Src\stm32f4xx_hal.o
                0x0800021c                HAL_InitTick
 .text.HAL_IncTick
                0x08000254       0x1c Drivers\STM32F4xx_HAL_Driver\Src\stm32f4xx_hal.o
                0x08000254                HAL_IncTick
 .text.HAL_GetTick
                0x08000270       0x18 Drivers\STM32F4xx_HAL_Driver\Src\stm32f4xx_hal.o
                0x08000270                HAL_GetTick
 .text.NVIC_SetPriorityGrouping
                0x08000288       0x48 Drivers\STM32F4xx_HAL_Driver\Src\stm32f4xx_hal_cortex.o
 .text.NVIC_GetPriorityGrouping
                0x080002d0       0x1c Drivers\STM32F4xx_HAL_Driver\Src\stm32f4xx_hal_cortex.o
 .text.NVIC_SetPriority
                0x080002ec       0x54 Drivers\STM32F4xx_HAL_Driver\Src\stm32f4xx_hal_cortex.o
 .text.NVIC_EncodePriority
                0x08000340       0x62 Drivers\STM32F4xx_HAL_Driver\Src\stm32f4xx_hal_cortex.o
 *fill*         0x080003a2        0x2 
 .text.SysTick_Config
                0x080003a4       0x44 Drivers\STM32F4xx_HAL_Driver\Src\stm32f4xx_hal_cortex.o
 .text.HAL_NVIC_SetPriorityGrouping
                0x080003e8       0x16 Drivers\STM32F4xx_HAL_Driver\Src\stm32f4xx_hal_cortex.o
                0x080003e8                HAL_NVIC_SetPriorityGrouping
 .text.HAL_NVIC_SetPriority
                0x080003fe       0x38 Drivers\STM32F4xx_HAL_Driver\Src\stm32f4xx_hal_cortex.o
                0x080003fe                HAL_NVIC_SetPriority
 .text.HAL_SYSTICK_Config
                0x08000436       0x18 Drivers\STM32F4xx_HAL_Driver\Src\stm32f4xx_hal_cortex.o
                0x08000436                HAL_SYSTICK_Config
 *fill*         0x0800044e        0x2 
 .text.HAL_SYSTICK_CLKSourceConfig
                0x08000450       0x38 Drivers\STM32F4xx_HAL_Driver\Src\stm32f4xx_hal_cortex.o
                0x08000450                HAL_SYSTICK_CLKSourceConfig
 .text.HAL_SYSTICK_IRQHandler
                0x08000488        0xc Drivers\STM32F4xx_HAL_Driver\Src\stm32f4xx_hal_cortex.o
                0x08000488                HAL_SYSTICK_IRQHandler
 .text.HAL_SYSTICK_Callback
                0x08000494        0xe Drivers\STM32F4xx_HAL_Driver\Src\stm32f4xx_hal_cortex.o
                0x08000494                HAL_SYSTICK_Callback
 *fill*         0x080004a2        0x2 
 .text.HAL_GPIO_Init
                0x080004a4      0x304 Drivers\STM32F4xx_HAL_Driver\Src\stm32f4xx_hal_gpio.o
                0x080004a4                HAL_GPIO_Init
 .text.HAL_I2C_Init
                0x080007a8      0x1c0 Drivers\STM32F4xx_HAL_Driver\Src\stm32f4xx_hal_i2c.o
                0x080007a8                HAL_I2C_Init
 .text.HAL_RCC_OscConfig
                0x08000968      0x4b4 Drivers\STM32F4xx_HAL_Driver\Src\stm32f4xx_hal_rcc.o
                0x08000968                HAL_RCC_OscConfig
 .text.HAL_RCC_ClockConfig
                0x08000e1c      0x224 Drivers\STM32F4xx_HAL_Driver\Src\stm32f4xx_hal_rcc.o
                0x08000e1c                HAL_RCC_ClockConfig
 .text.HAL_RCC_GetSysClockFreq
                0x08001040       0xfc Drivers\STM32F4xx_HAL_Driver\Src\stm32f4xx_hal_rcc.o
                0x08001040                HAL_RCC_GetSysClockFreq
 .text.HAL_RCC_GetHCLKFreq
                0x0800113c       0x18 Drivers\STM32F4xx_HAL_Driver\Src\stm32f4xx_hal_rcc.o
                0x0800113c                HAL_RCC_GetHCLKFreq
 .text.HAL_RCC_GetPCLK1Freq
                0x08001154       0x44 Drivers\STM32F4xx_HAL_Driver\Src\stm32f4xx_hal_rcc.o
                0x08001154                HAL_RCC_GetPCLK1Freq
 .text.HAL_RCC_GetPCLK2Freq
                0x08001198       0x44 Drivers\STM32F4xx_HAL_Driver\Src\stm32f4xx_hal_rcc.o
                0x08001198                HAL_RCC_GetPCLK2Freq
 .text.HAL_SPI_Init
                0x080011dc       0xc6 Drivers\STM32F4xx_HAL_Driver\Src\stm32f4xx_hal_spi.o
                0x080011dc                HAL_SPI_Init
 .text.HAL_USART_Init
                0x080012a2       0x82 Drivers\STM32F4xx_HAL_Driver\Src\stm32f4xx_hal_usart.o
                0x080012a2                HAL_USART_Init
 .text.USART_SetConfig
                0x08001324      0x1c4 Drivers\STM32F4xx_HAL_Driver\Src\stm32f4xx_hal_usart.o
 .text.HAL_WWDG_Init
                0x080014e8       0x46 Drivers\STM32F4xx_HAL_Driver\Src\stm32f4xx_hal_wwdg.o
                0x080014e8                HAL_WWDG_Init
 *fill*         0x0800152e        0x2 
 .text.I2C1_Init
                0x08001530       0x54 src\init.o
                0x08001530                I2C1_Init
 .text.SPI1_Init
                0x08001584       0x64 src\init.o
                0x08001584                SPI1_Init
 .text.USART1_Init
                0x080015e8       0x50 src\init.o
                0x080015e8                USART1_Init
 .text.WWDG_Init
                0x08001638       0x30 src\init.o
                0x08001638                WWDG_Init
 .text.GPIO_Init
                0x08001668       0x50 src\init.o
                0x08001668                GPIO_Init
 .text.main     0x080016b8       0x22 src\main.o
                0x080016b8                main
 *fill*         0x080016da        0x2 
 .text.SystemClock_Config
                0x080016dc       0xb4 src\main.o
                0x080016dc                SystemClock_Config
 .text.Reset_Handler
                0x08001790       0x50 src\startup_stm32f411xe.o
                0x08001790                Reset_Handler
 .text.Default_Handler
                0x080017e0        0x2 src\startup_stm32f411xe.o
                0x080017e0                RTC_Alarm_IRQHandler
                0x080017e0                EXTI2_IRQHandler
                0x080017e0                DebugMon_Handler
                0x080017e0                SPI4_IRQHandler
                0x080017e0                TIM1_CC_IRQHandler
                0x080017e0                DMA2_Stream5_IRQHandler
                0x080017e0                HardFault_Handler
                0x080017e0                DMA1_Stream5_IRQHandler
                0x080017e0                PVD_IRQHandler
                0x080017e0                SDIO_IRQHandler
                0x080017e0                TAMP_STAMP_IRQHandler
                0x080017e0                PendSV_Handler
                0x080017e0                NMI_Handler
                0x080017e0                EXTI3_IRQHandler
                0x080017e0                TIM1_UP_TIM10_IRQHandler
                0x080017e0                I2C3_ER_IRQHandler
                0x080017e0                EXTI0_IRQHandler
                0x080017e0                I2C2_EV_IRQHandler
                0x080017e0                DMA1_Stream2_IRQHandler
                0x080017e0                FPU_IRQHandler
                0x080017e0                UsageFault_Handler
                0x080017e0                DMA2_Stream2_IRQHandler
                0x080017e0                SPI1_IRQHandler
                0x080017e0                TIM1_BRK_TIM9_IRQHandler
                0x080017e0                DMA2_Stream3_IRQHandler
                0x080017e0                USART6_IRQHandler
                0x080017e0                DMA2_Stream0_IRQHandler
                0x080017e0                TIM4_IRQHandler
                0x080017e0                I2C1_EV_IRQHandler
                0x080017e0                DMA1_Stream6_IRQHandler
                0x080017e0                DMA1_Stream1_IRQHandler
                0x080017e0                TIM3_IRQHandler
                0x080017e0                RCC_IRQHandler
                0x080017e0                Default_Handler
                0x080017e0                EXTI15_10_IRQHandler
                0x080017e0                ADC_IRQHandler
                0x080017e0                DMA1_Stream7_IRQHandler
                0x080017e0                SPI5_IRQHandler
                0x080017e0                TIM5_IRQHandler
                0x080017e0                DMA2_Stream7_IRQHandler
                0x080017e0                I2C3_EV_IRQHandler
                0x080017e0                EXTI9_5_IRQHandler
                0x080017e0                RTC_WKUP_IRQHandler
                0x080017e0                SPI2_IRQHandler
                0x080017e0                MemManage_Handler
                0x080017e0                DMA1_Stream0_IRQHandler
                0x080017e0                SVC_Handler
                0x080017e0                EXTI4_IRQHandler
                0x080017e0                WWDG_IRQHandler
                0x080017e0                TIM2_IRQHandler
                0x080017e0                OTG_FS_WKUP_IRQHandler
                0x080017e0                TIM1_TRG_COM_TIM11_IRQHandler
                0x080017e0                EXTI1_IRQHandler
                0x080017e0                USART2_IRQHandler
                0x080017e0                I2C2_ER_IRQHandler
                0x080017e0                DMA2_Stream1_IRQHandler
                0x080017e0                FLASH_IRQHandler
                0x080017e0                DMA2_Stream4_IRQHandler
                0x080017e0                BusFault_Handler
                0x080017e0                USART1_IRQHandler
                0x080017e0                OTG_FS_IRQHandler
                0x080017e0                SPI3_IRQHandler
                0x080017e0                DMA1_Stream4_IRQHandler
                0x080017e0                I2C1_ER_IRQHandler
                0x080017e0                DMA2_Stream6_IRQHandler
                0x080017e0                DMA1_Stream3_IRQHandler
 .text.HAL_MspInit
                0x080017e2       0x1a src\stm32f4xx_hal_msp.o
                0x080017e2                HAL_MspInit
 .text.HAL_I2C_MspInit
                0x080017fc       0x64 src\stm32f4xx_hal_msp.o
                0x080017fc                HAL_I2C_MspInit
 .text.HAL_SPI_MspInit
                0x08001860       0x64 src\stm32f4xx_hal_msp.o
                0x08001860                HAL_SPI_MspInit
 .text.HAL_USART_MspInit
                0x080018c4       0x64 src\stm32f4xx_hal_msp.o
                0x080018c4                HAL_USART_MspInit
 .text.HAL_WWDG_MspInit
                0x08001928       0x44 src\stm32f4xx_hal_msp.o
                0x08001928                HAL_WWDG_MspInit
 .text.SysTick_Handler
                0x0800196c       0x10 src\stm32f4xx_it.o
                0x0800196c                SysTick_Handler
 .text.SystemInit
                0x0800197c       0x6c src\system_stm32f4xx.o
                0x0800197c                SystemInit
 .text.__libc_init_array
                0x080019e8       0x48 c:/program files (x86)/atollic/truestudio for arm 8.1.0/armtools/bin/../lib/gcc/arm-atollic-eabi/6.3.1/../../../../arm-atollic-eabi/lib/armv7e-m/fpu\libc_nano.a(lib_a-init.o)
                0x080019e8                __libc_init_array
 *(.glue_7)
 .glue_7        0x08001a30        0x0 linker stubs
 *(.glue_7t)
 .glue_7t       0x08001a30        0x0 linker stubs
 *(.eh_frame)
 .eh_frame      0x08001a30        0x0 c:/program files (x86)/atollic/truestudio for arm 8.1.0/armtools/bin/../lib/gcc/arm-atollic-eabi/6.3.1/armv7e-m/fpu/crtbegin.o
 *(.init)
 .init          0x08001a30        0x4 c:/program files (x86)/atollic/truestudio for arm 8.1.0/armtools/bin/../lib/gcc/arm-atollic-eabi/6.3.1/armv7e-m/fpu/crti.o
                0x08001a30                _init
 .init          0x08001a34        0x8 c:/program files (x86)/atollic/truestudio for arm 8.1.0/armtools/bin/../lib/gcc/arm-atollic-eabi/6.3.1/armv7e-m/fpu/crtn.o
 *(.fini)
 .fini          0x08001a3c        0x4 c:/program files (x86)/atollic/truestudio for arm 8.1.0/armtools/bin/../lib/gcc/arm-atollic-eabi/6.3.1/armv7e-m/fpu/crti.o
                0x08001a3c                _fini
 .fini          0x08001a40        0x8 c:/program files (x86)/atollic/truestudio for arm 8.1.0/armtools/bin/../lib/gcc/arm-atollic-eabi/6.3.1/armv7e-m/fpu/crtn.o
                0x08001a48                . = ALIGN (0x4)
                0x08001a48                _etext = .

.vfp11_veneer   0x08001a48        0x0
 .vfp11_veneer  0x08001a48        0x0 linker stubs

.v4_bx          0x08001a48        0x0
 .v4_bx         0x08001a48        0x0 linker stubs

.iplt           0x08001a48        0x0
 .iplt          0x08001a48        0x0 c:/program files (x86)/atollic/truestudio for arm 8.1.0/armtools/bin/../lib/gcc/arm-atollic-eabi/6.3.1/armv7e-m/fpu/crtbegin.o

.rodata         0x08001a48       0x18
                0x08001a48                . = ALIGN (0x4)
 *(.rodata)
 *(.rodata*)
 .rodata.AHBPrescTable
                0x08001a48       0x10 src\system_stm32f4xx.o
                0x08001a48                AHBPrescTable
 .rodata.APBPrescTable
                0x08001a58        0x8 src\system_stm32f4xx.o
                0x08001a58                APBPrescTable
                0x08001a60                . = ALIGN (0x4)

.rel.dyn        0x08001a60        0x0
 .rel.iplt      0x08001a60        0x0 c:/program files (x86)/atollic/truestudio for arm 8.1.0/armtools/bin/../lib/gcc/arm-atollic-eabi/6.3.1/armv7e-m/fpu/crtbegin.o

.ARM.extab
 *(.ARM.extab* .gnu.linkonce.armextab.*)

.ARM            0x08001a60        0x0
                0x08001a60                __exidx_start = .
 *(.ARM.exidx*)
                0x08001a60                __exidx_end = .

.preinit_array  0x08001a60        0x0
                0x08001a60                PROVIDE (__preinit_array_start, .)
 *(.preinit_array*)
                0x08001a60                PROVIDE (__preinit_array_end, .)

.init_array     0x08001a60        0x4
                0x08001a60                PROVIDE (__init_array_start, .)
 *(SORT(.init_array.*))
 *(.init_array*)
 .init_array    0x08001a60        0x4 c:/program files (x86)/atollic/truestudio for arm 8.1.0/armtools/bin/../lib/gcc/arm-atollic-eabi/6.3.1/armv7e-m/fpu/crtbegin.o
                0x08001a64                PROVIDE (__init_array_end, .)

.fini_array     0x08001a64        0x4
                [!provide]                PROVIDE (__fini_array_start, .)
 *(SORT(.fini_array.*))
 *(.fini_array*)
 .fini_array    0x08001a64        0x4 c:/program files (x86)/atollic/truestudio for arm 8.1.0/armtools/bin/../lib/gcc/arm-atollic-eabi/6.3.1/armv7e-m/fpu/crtbegin.o
                [!provide]                PROVIDE (__fini_array_end, .)
                0x08001a68                _sidata = LOADADDR (.data)

.data           0x20000000        0x4 load address 0x08001a68
                0x20000000                . = ALIGN (0x4)
                0x20000000                _sdata = .
 *(.data)
 *(.data*)
 .data.SystemCoreClock
                0x20000000        0x4 src\system_stm32f4xx.o
                0x20000000                SystemCoreClock
                0x20000004                . = ALIGN (0x4)
                0x20000004                _edata = .

.igot.plt       0x20000004        0x0 load address 0x08001a6c
 .igot.plt      0x20000004        0x0 c:/program files (x86)/atollic/truestudio for arm 8.1.0/armtools/bin/../lib/gcc/arm-atollic-eabi/6.3.1/armv7e-m/fpu/crtbegin.o
                0x20000004                . = ALIGN (0x4)

.bss            0x20000004      0x124 load address 0x08001a6c
                0x20000004                _sbss = .
                0x20000004                __bss_start__ = _sbss
 *(.bss)
 .bss           0x20000004       0x1c c:/program files (x86)/atollic/truestudio for arm 8.1.0/armtools/bin/../lib/gcc/arm-atollic-eabi/6.3.1/armv7e-m/fpu/crtbegin.o
 *(.bss*)
 *(COMMON)
 COMMON         0x20000020        0x4 Drivers\STM32F4xx_HAL_Driver\Src\stm32f4xx_hal.o
                0x20000020                uwTick
 COMMON         0x20000024      0x104 src\init.o
                0x20000024                hi2c1
                0x20000078                hwwdg
                0x2000008c                hspi1
                0x200000e4                husart1
                0x20000128                . = ALIGN (0x4)
                0x20000128                _ebss = .
                0x20000128                __bss_end__ = _ebss

._user_heap_stack
                0x20000128      0x400 load address 0x08001a6c
                0x20000128                . = ALIGN (0x4)
                [!provide]                PROVIDE (end, .)
                [!provide]                PROVIDE (_end, .)
                0x20000128                . = (. + _Min_Heap_Size)
                0x20000528                . = (. + _Min_Stack_Size)
 *fill*         0x20000128      0x400 
                0x20000528                . = ALIGN (0x4)

.memory_b1_text
 *(.mb1text)
 *(.mb1text*)
 *(.mb1rodata)
 *(.mb1rodata*)

/DISCARD/
 libc.a(*)
 libm.a(*)
 libgcc.a(*)

.ARM.attributes
                0x00000000       0x30
 *(.ARM.attributes)
 .ARM.attributes
                0x00000000       0x22 c:/program files (x86)/atollic/truestudio for arm 8.1.0/armtools/bin/../lib/gcc/arm-atollic-eabi/6.3.1/armv7e-m/fpu/crti.o
 .ARM.attributes
                0x00000022       0x34 c:/program files (x86)/atollic/truestudio for arm 8.1.0/armtools/bin/../lib/gcc/arm-atollic-eabi/6.3.1/armv7e-m/fpu/crtbegin.o
 .ARM.attributes
                0x00000056       0x39 Drivers\STM32F4xx_HAL_Driver\Src\stm32f4xx_hal.o
 .ARM.attributes
                0x0000008f       0x39 Drivers\STM32F4xx_HAL_Driver\Src\stm32f4xx_hal_cortex.o
 .ARM.attributes
                0x000000c8       0x39 Drivers\STM32F4xx_HAL_Driver\Src\stm32f4xx_hal_gpio.o
 .ARM.attributes
                0x00000101       0x39 Drivers\STM32F4xx_HAL_Driver\Src\stm32f4xx_hal_i2c.o
 .ARM.attributes
                0x0000013a       0x39 Drivers\STM32F4xx_HAL_Driver\Src\stm32f4xx_hal_rcc.o
 .ARM.attributes
                0x00000173       0x39 Drivers\STM32F4xx_HAL_Driver\Src\stm32f4xx_hal_spi.o
 .ARM.attributes
                0x000001ac       0x39 Drivers\STM32F4xx_HAL_Driver\Src\stm32f4xx_hal_usart.o
 .ARM.attributes
                0x000001e5       0x39 Drivers\STM32F4xx_HAL_Driver\Src\stm32f4xx_hal_wwdg.o
 .ARM.attributes
                0x0000021e       0x39 src\init.o
 .ARM.attributes
                0x00000257       0x39 src\main.o
 .ARM.attributes
                0x00000290       0x21 src\startup_stm32f411xe.o
 .ARM.attributes
                0x000002b1       0x39 src\stm32f4xx_hal_msp.o
 .ARM.attributes
                0x000002ea       0x39 src\stm32f4xx_it.o
 .ARM.attributes
                0x00000323       0x39 src\system_stm32f4xx.o
 .ARM.attributes
                0x0000035c       0x34 c:/program files (x86)/atollic/truestudio for arm 8.1.0/armtools/bin/../lib/gcc/arm-atollic-eabi/6.3.1/../../../../arm-atollic-eabi/lib/armv7e-m/fpu\libc_nano.a(lib_a-init.o)
 .ARM.attributes
                0x00000390       0x22 c:/program files (x86)/atollic/truestudio for arm 8.1.0/armtools/bin/../lib/gcc/arm-atollic-eabi/6.3.1/armv7e-m/fpu/crtn.o
OUTPUT(WhistBand.elf elf32-littlearm)

.debug_info     0x00000000     0xfdcb
 .debug_info    0x00000000     0x1081 Drivers\STM32F4xx_HAL_Driver\Src\stm32f4xx_hal.o
 .debug_info    0x00001081     0x1552 Drivers\STM32F4xx_HAL_Driver\Src\stm32f4xx_hal_cortex.o
 .debug_info    0x000025d3      0xf9f Drivers\STM32F4xx_HAL_Driver\Src\stm32f4xx_hal_gpio.o
 .debug_info    0x00003572     0x2889 Drivers\STM32F4xx_HAL_Driver\Src\stm32f4xx_hal_i2c.o
 .debug_info    0x00005dfb     0x137f Drivers\STM32F4xx_HAL_Driver\Src\stm32f4xx_hal_rcc.o
 .debug_info    0x0000717a     0x1cf1 Drivers\STM32F4xx_HAL_Driver\Src\stm32f4xx_hal_spi.o
 .debug_info    0x00008e6b     0x184f Drivers\STM32F4xx_HAL_Driver\Src\stm32f4xx_hal_usart.o
 .debug_info    0x0000a6ba      0xaf0 Drivers\STM32F4xx_HAL_Driver\Src\stm32f4xx_hal_wwdg.o
 .debug_info    0x0000b1aa     0x15b0 src\init.o
 .debug_info    0x0000c75a      0xe5d src\main.o
 .debug_info    0x0000d5b7       0x78 src\startup_stm32f411xe.o
 .debug_info    0x0000d62f     0x1934 src\stm32f4xx_hal_msp.o
 .debug_info    0x0000ef63      0x940 src\stm32f4xx_it.o
 .debug_info    0x0000f8a3      0x528 src\system_stm32f4xx.o

.debug_abbrev   0x00000000     0x1e5a
 .debug_abbrev  0x00000000      0x2d5 Drivers\STM32F4xx_HAL_Driver\Src\stm32f4xx_hal.o
 .debug_abbrev  0x000002d5      0x371 Drivers\STM32F4xx_HAL_Driver\Src\stm32f4xx_hal_cortex.o
 .debug_abbrev  0x00000646      0x24c Drivers\STM32F4xx_HAL_Driver\Src\stm32f4xx_hal_gpio.o
 .debug_abbrev  0x00000892      0x2a1 Drivers\STM32F4xx_HAL_Driver\Src\stm32f4xx_hal_i2c.o
 .debug_abbrev  0x00000b33      0x325 Drivers\STM32F4xx_HAL_Driver\Src\stm32f4xx_hal_rcc.o
 .debug_abbrev  0x00000e58      0x2ac Drivers\STM32F4xx_HAL_Driver\Src\stm32f4xx_hal_spi.o
 .debug_abbrev  0x00001104      0x2bd Drivers\STM32F4xx_HAL_Driver\Src\stm32f4xx_hal_usart.o
 .debug_abbrev  0x000013c1      0x230 Drivers\STM32F4xx_HAL_Driver\Src\stm32f4xx_hal_wwdg.o
 .debug_abbrev  0x000015f1      0x1eb src\init.o
 .debug_abbrev  0x000017dc      0x1e5 src\main.o
 .debug_abbrev  0x000019c1       0x12 src\startup_stm32f411xe.o
 .debug_abbrev  0x000019d3      0x201 src\stm32f4xx_hal_msp.o
 .debug_abbrev  0x00001bd4      0x178 src\stm32f4xx_it.o
 .debug_abbrev  0x00001d4c      0x10e src\system_stm32f4xx.o

.debug_aranges  0x00000000      0x9e0
 .debug_aranges
                0x00000000       0xc8 Drivers\STM32F4xx_HAL_Driver\Src\stm32f4xx_hal.o
 .debug_aranges
                0x000000c8      0x118 Drivers\STM32F4xx_HAL_Driver\Src\stm32f4xx_hal_cortex.o
 .debug_aranges
                0x000001e0       0x58 Drivers\STM32F4xx_HAL_Driver\Src\stm32f4xx_hal_gpio.o
 .debug_aranges
                0x00000238      0x268 Drivers\STM32F4xx_HAL_Driver\Src\stm32f4xx_hal_i2c.o
 .debug_aranges
                0x000004a0       0x88 Drivers\STM32F4xx_HAL_Driver\Src\stm32f4xx_hal_rcc.o
 .debug_aranges
                0x00000528      0x1c8 Drivers\STM32F4xx_HAL_Driver\Src\stm32f4xx_hal_spi.o
 .debug_aranges
                0x000006f0      0x178 Drivers\STM32F4xx_HAL_Driver\Src\stm32f4xx_hal_usart.o
 .debug_aranges
                0x00000868       0x40 Drivers\STM32F4xx_HAL_Driver\Src\stm32f4xx_hal_wwdg.o
 .debug_aranges
                0x000008a8       0x40 src\init.o
 .debug_aranges
                0x000008e8       0x28 src\main.o
 .debug_aranges
                0x00000910       0x28 src\startup_stm32f411xe.o
 .debug_aranges
                0x00000938       0x60 src\stm32f4xx_hal_msp.o
 .debug_aranges
                0x00000998       0x20 src\stm32f4xx_it.o
 .debug_aranges
                0x000009b8       0x28 src\system_stm32f4xx.o

.debug_ranges   0x00000000      0x908
 .debug_ranges  0x00000000       0xb8 Drivers\STM32F4xx_HAL_Driver\Src\stm32f4xx_hal.o
 .debug_ranges  0x000000b8      0x108 Drivers\STM32F4xx_HAL_Driver\Src\stm32f4xx_hal_cortex.o
 .debug_ranges  0x000001c0       0x48 Drivers\STM32F4xx_HAL_Driver\Src\stm32f4xx_hal_gpio.o
 .debug_ranges  0x00000208      0x258 Drivers\STM32F4xx_HAL_Driver\Src\stm32f4xx_hal_i2c.o
 .debug_ranges  0x00000460       0x78 Drivers\STM32F4xx_HAL_Driver\Src\stm32f4xx_hal_rcc.o
 .debug_ranges  0x000004d8      0x1b8 Drivers\STM32F4xx_HAL_Driver\Src\stm32f4xx_hal_spi.o
 .debug_ranges  0x00000690      0x168 Drivers\STM32F4xx_HAL_Driver\Src\stm32f4xx_hal_usart.o
 .debug_ranges  0x000007f8       0x30 Drivers\STM32F4xx_HAL_Driver\Src\stm32f4xx_hal_wwdg.o
 .debug_ranges  0x00000828       0x30 src\init.o
 .debug_ranges  0x00000858       0x18 src\main.o
 .debug_ranges  0x00000870       0x20 src\startup_stm32f411xe.o
 .debug_ranges  0x00000890       0x50 src\stm32f4xx_hal_msp.o
 .debug_ranges  0x000008e0       0x10 src\stm32f4xx_it.o
 .debug_ranges  0x000008f0       0x18 src\system_stm32f4xx.o

.debug_line     0x00000000     0x5018
 .debug_line    0x00000000      0x460 Drivers\STM32F4xx_HAL_Driver\Src\stm32f4xx_hal.o
 .debug_line    0x00000460      0x5c3 Drivers\STM32F4xx_HAL_Driver\Src\stm32f4xx_hal_cortex.o
 .debug_line    0x00000a23      0x455 Drivers\STM32F4xx_HAL_Driver\Src\stm32f4xx_hal_gpio.o
 .debug_line    0x00000e78     0x12d4 Drivers\STM32F4xx_HAL_Driver\Src\stm32f4xx_hal_i2c.o
 .debug_line    0x0000214c      0x612 Drivers\STM32F4xx_HAL_Driver\Src\stm32f4xx_hal_rcc.o
 .debug_line    0x0000275e      0xc30 Drivers\STM32F4xx_HAL_Driver\Src\stm32f4xx_hal_spi.o
 .debug_line    0x0000338e      0xb59 Drivers\STM32F4xx_HAL_Driver\Src\stm32f4xx_hal_usart.o
 .debug_line    0x00003ee7      0x30f Drivers\STM32F4xx_HAL_Driver\Src\stm32f4xx_hal_wwdg.o
 .debug_line    0x000041f6      0x34a src\init.o
 .debug_line    0x00004540      0x2af src\main.o
 .debug_line    0x000047ef       0x7b src\startup_stm32f411xe.o
 .debug_line    0x0000486a      0x3b1 src\stm32f4xx_hal_msp.o
 .debug_line    0x00004c1b      0x228 src\stm32f4xx_it.o
 .debug_line    0x00004e43      0x1d5 src\system_stm32f4xx.o

.debug_str      0x00000000     0x2f96
 .debug_str     0x00000000      0xcea Drivers\STM32F4xx_HAL_Driver\Src\stm32f4xx_hal.o
                                0xd91 (size before relaxing)
 .debug_str     0x00000cea      0x40f Drivers\STM32F4xx_HAL_Driver\Src\stm32f4xx_hal_cortex.o
                                0xf3d (size before relaxing)
 .debug_str     0x000010f9      0x1d8 Drivers\STM32F4xx_HAL_Driver\Src\stm32f4xx_hal_gpio.o
                                0x97d (size before relaxing)
 .debug_str     0x000012d1      0xc61 Drivers\STM32F4xx_HAL_Driver\Src\stm32f4xx_hal_i2c.o
                               0x1362 (size before relaxing)
 .debug_str     0x00001f32      0x2c5 Drivers\STM32F4xx_HAL_Driver\Src\stm32f4xx_hal_rcc.o
                                0xb10 (size before relaxing)
 .debug_str     0x000021f7      0x687 Drivers\STM32F4xx_HAL_Driver\Src\stm32f4xx_hal_spi.o
                                0xfb9 (size before relaxing)
 .debug_str     0x0000287e      0x52f Drivers\STM32F4xx_HAL_Driver\Src\stm32f4xx_hal_usart.o
                                0xeed (size before relaxing)
 .debug_str     0x00002dad       0xe8 Drivers\STM32F4xx_HAL_Driver\Src\stm32f4xx_hal_wwdg.o
                                0x767 (size before relaxing)
 .debug_str     0x00002e95       0x42 src\init.o
                                0xfc3 (size before relaxing)
 .debug_str     0x00002ed7       0x26 src\main.o
                                0xc14 (size before relaxing)
 .debug_str     0x00002efd       0x2e src\stm32f4xx_hal_msp.o
                               0x1431 (size before relaxing)
 .debug_str     0x00002f2b       0x26 src\stm32f4xx_it.o
                                0x64f (size before relaxing)
 .debug_str     0x00002f51       0x45 src\system_stm32f4xx.o
                                0x3b4 (size before relaxing)

.comment        0x00000000       0x7c
 .comment       0x00000000       0x7c Drivers\STM32F4xx_HAL_Driver\Src\stm32f4xx_hal.o
                                 0x7d (size before relaxing)
 .comment       0x0000007c       0x7d Drivers\STM32F4xx_HAL_Driver\Src\stm32f4xx_hal_cortex.o
 .comment       0x0000007c       0x7d Drivers\STM32F4xx_HAL_Driver\Src\stm32f4xx_hal_gpio.o
 .comment       0x0000007c       0x7d Drivers\STM32F4xx_HAL_Driver\Src\stm32f4xx_hal_i2c.o
 .comment       0x0000007c       0x7d Drivers\STM32F4xx_HAL_Driver\Src\stm32f4xx_hal_rcc.o
 .comment       0x0000007c       0x7d Drivers\STM32F4xx_HAL_Driver\Src\stm32f4xx_hal_spi.o
 .comment       0x0000007c       0x7d Drivers\STM32F4xx_HAL_Driver\Src\stm32f4xx_hal_usart.o
 .comment       0x0000007c       0x7d Drivers\STM32F4xx_HAL_Driver\Src\stm32f4xx_hal_wwdg.o
 .comment       0x0000007c       0x7d src\init.o
 .comment       0x0000007c       0x7d src\main.o
 .comment       0x0000007c       0x7d src\stm32f4xx_hal_msp.o
 .comment       0x0000007c       0x7d src\stm32f4xx_it.o
 .comment       0x0000007c       0x7d src\system_stm32f4xx.o

.debug_frame    0x00000000     0x2868
 .debug_frame   0x00000000      0x2e8 Drivers\STM32F4xx_HAL_Driver\Src\stm32f4xx_hal.o
 .debug_frame   0x000002e8      0x498 Drivers\STM32F4xx_HAL_Driver\Src\stm32f4xx_hal_cortex.o
 .debug_frame   0x00000780      0x14c Drivers\STM32F4xx_HAL_Driver\Src\stm32f4xx_hal_gpio.o
 .debug_frame   0x000008cc      0xb30 Drivers\STM32F4xx_HAL_Driver\Src\stm32f4xx_hal_i2c.o
 .debug_frame   0x000013fc      0x200 Drivers\STM32F4xx_HAL_Driver\Src\stm32f4xx_hal_rcc.o
 .debug_frame   0x000015fc      0x7fc Drivers\STM32F4xx_HAL_Driver\Src\stm32f4xx_hal_spi.o
 .debug_frame   0x00001df8      0x6a4 Drivers\STM32F4xx_HAL_Driver\Src\stm32f4xx_hal_usart.o
 .debug_frame   0x0000249c       0xd0 Drivers\STM32F4xx_HAL_Driver\Src\stm32f4xx_hal_wwdg.o
 .debug_frame   0x0000256c       0xa8 src\init.o
 .debug_frame   0x00002614       0x50 src\main.o
 .debug_frame   0x00002664      0x154 src\stm32f4xx_hal_msp.o
 .debug_frame   0x000027b8       0x2c src\stm32f4xx_it.o
 .debug_frame   0x000027e4       0x58 src\system_stm32f4xx.o
 .debug_frame   0x0000283c       0x2c c:/program files (x86)/atollic/truestudio for arm 8.1.0/armtools/bin/../lib/gcc/arm-atollic-eabi/6.3.1/../../../../arm-atollic-eabi/lib/armv7e-m/fpu\libc_nano.a(lib_a-init.o)

.stabstr        0x00000000       0x3f
 .stabstr       0x00000000       0x3f c:/program files (x86)/atollic/truestudio for arm 8.1.0/armtools/bin/../lib/gcc/arm-atollic-eabi/6.3.1/../../../../arm-atollic-eabi/lib/armv7e-m/fpu\libnosys.a(write.o)

Cross Reference Table

Symbol                                            File
ADC_IRQHandler                                    src\startup_stm32f411xe.o
AHBPrescTable                                     src\system_stm32f4xx.o
                                                  Drivers\STM32F4xx_HAL_Driver\Src\stm32f4xx_hal_rcc.o
APBPrescTable                                     src\system_stm32f4xx.o
                                                  Drivers\STM32F4xx_HAL_Driver\Src\stm32f4xx_hal_rcc.o
BSP_GetVersion                                    Drivers\BSP\STM32F4xx-Nucleo\stm32f4xx_nucleo.o
BSP_LED_DeInit                                    Drivers\BSP\STM32F4xx-Nucleo\stm32f4xx_nucleo.o
BSP_LED_Init                                      Drivers\BSP\STM32F4xx-Nucleo\stm32f4xx_nucleo.o
BSP_LED_Off                                       Drivers\BSP\STM32F4xx-Nucleo\stm32f4xx_nucleo.o
BSP_LED_On                                        Drivers\BSP\STM32F4xx-Nucleo\stm32f4xx_nucleo.o
BSP_LED_Toggle                                    Drivers\BSP\STM32F4xx-Nucleo\stm32f4xx_nucleo.o
BSP_PB_DeInit                                     Drivers\BSP\STM32F4xx-Nucleo\stm32f4xx_nucleo.o
BSP_PB_GetState                                   Drivers\BSP\STM32F4xx-Nucleo\stm32f4xx_nucleo.o
BSP_PB_Init                                       Drivers\BSP\STM32F4xx-Nucleo\stm32f4xx_nucleo.o
BUTTON_IRQn                                       Drivers\BSP\STM32F4xx-Nucleo\stm32f4xx_nucleo.o
BUTTON_PIN                                        Drivers\BSP\STM32F4xx-Nucleo\stm32f4xx_nucleo.o
BUTTON_PORT                                       Drivers\BSP\STM32F4xx-Nucleo\stm32f4xx_nucleo.o
BusFault_Handler                                  src\startup_stm32f411xe.o
DMA1_Stream0_IRQHandler                           src\startup_stm32f411xe.o
DMA1_Stream1_IRQHandler                           src\startup_stm32f411xe.o
DMA1_Stream2_IRQHandler                           src\startup_stm32f411xe.o
DMA1_Stream3_IRQHandler                           src\startup_stm32f411xe.o
DMA1_Stream4_IRQHandler                           src\startup_stm32f411xe.o
DMA1_Stream5_IRQHandler                           src\startup_stm32f411xe.o
DMA1_Stream6_IRQHandler                           src\startup_stm32f411xe.o
DMA1_Stream7_IRQHandler                           src\startup_stm32f411xe.o
DMA2_Stream0_IRQHandler                           src\startup_stm32f411xe.o
DMA2_Stream1_IRQHandler                           src\startup_stm32f411xe.o
DMA2_Stream2_IRQHandler                           src\startup_stm32f411xe.o
DMA2_Stream3_IRQHandler                           src\startup_stm32f411xe.o
DMA2_Stream4_IRQHandler                           src\startup_stm32f411xe.o
DMA2_Stream5_IRQHandler                           src\startup_stm32f411xe.o
DMA2_Stream6_IRQHandler                           src\startup_stm32f411xe.o
DMA2_Stream7_IRQHandler                           src\startup_stm32f411xe.o
DebugMon_Handler                                  src\startup_stm32f411xe.o
Default_Handler                                   src\startup_stm32f411xe.o
EXTI0_IRQHandler                                  src\startup_stm32f411xe.o
EXTI15_10_IRQHandler                              src\startup_stm32f411xe.o
EXTI1_IRQHandler                                  src\startup_stm32f411xe.o
EXTI2_IRQHandler                                  src\startup_stm32f411xe.o
EXTI3_IRQHandler                                  src\startup_stm32f411xe.o
EXTI4_IRQHandler                                  src\startup_stm32f411xe.o
EXTI9_5_IRQHandler                                src\startup_stm32f411xe.o
FLASH_Erase_Sector                                Drivers\STM32F4xx_HAL_Driver\Src\stm32f4xx_hal_flash_ex.o
                                                  Drivers\STM32F4xx_HAL_Driver\Src\stm32f4xx_hal_flash.o
FLASH_FlushCaches                                 Drivers\STM32F4xx_HAL_Driver\Src\stm32f4xx_hal_flash_ex.o
                                                  Drivers\STM32F4xx_HAL_Driver\Src\stm32f4xx_hal_flash.o
FLASH_IRQHandler                                  src\startup_stm32f411xe.o
FLASH_WaitForLastOperation                        Drivers\STM32F4xx_HAL_Driver\Src\stm32f4xx_hal_flash.o
                                                  Drivers\STM32F4xx_HAL_Driver\Src\stm32f4xx_hal_flash_ex.o
FPU_IRQHandler                                    src\startup_stm32f411xe.o
GPIO_Init                                         src\init.o
                                                  src\main.o
GPIO_PIN                                          Drivers\BSP\STM32F4xx-Nucleo\stm32f4xx_nucleo.o
GPIO_PORT                                         Drivers\BSP\STM32F4xx-Nucleo\stm32f4xx_nucleo.o
HAL_DBGMCU_DisableDBGSleepMode                    Drivers\STM32F4xx_HAL_Driver\Src\stm32f4xx_hal.o
HAL_DBGMCU_DisableDBGStandbyMode                  Drivers\STM32F4xx_HAL_Driver\Src\stm32f4xx_hal.o
HAL_DBGMCU_DisableDBGStopMode                     Drivers\STM32F4xx_HAL_Driver\Src\stm32f4xx_hal.o
HAL_DBGMCU_EnableDBGSleepMode                     Drivers\STM32F4xx_HAL_Driver\Src\stm32f4xx_hal.o
HAL_DBGMCU_EnableDBGStandbyMode                   Drivers\STM32F4xx_HAL_Driver\Src\stm32f4xx_hal.o
HAL_DBGMCU_EnableDBGStopMode                      Drivers\STM32F4xx_HAL_Driver\Src\stm32f4xx_hal.o
HAL_DMAEx_ChangeMemory                            Drivers\STM32F4xx_HAL_Driver\Src\stm32f4xx_hal_dma_ex.o
HAL_DMAEx_MultiBufferStart                        Drivers\STM32F4xx_HAL_Driver\Src\stm32f4xx_hal_dma_ex.o
HAL_DMAEx_MultiBufferStart_IT                     Drivers\STM32F4xx_HAL_Driver\Src\stm32f4xx_hal_dma_ex.o
HAL_DMA_Abort                                     Drivers\STM32F4xx_HAL_Driver\Src\stm32f4xx_hal_dma.o
                                                  Drivers\STM32F4xx_HAL_Driver\Src\stm32f4xx_hal_usart.o
                                                  Drivers\STM32F4xx_HAL_Driver\Src\stm32f4xx_hal_spi.o
HAL_DMA_Abort_IT                                  Drivers\STM32F4xx_HAL_Driver\Src\stm32f4xx_hal_dma.o
                                                  Drivers\STM32F4xx_HAL_Driver\Src\stm32f4xx_hal_usart.o
                                                  Drivers\STM32F4xx_HAL_Driver\Src\stm32f4xx_hal_spi.o
                                                  Drivers\STM32F4xx_HAL_Driver\Src\stm32f4xx_hal_i2c.o
HAL_DMA_DeInit                                    Drivers\STM32F4xx_HAL_Driver\Src\stm32f4xx_hal_dma.o
HAL_DMA_GetError                                  Drivers\STM32F4xx_HAL_Driver\Src\stm32f4xx_hal_dma.o
                                                  Drivers\STM32F4xx_HAL_Driver\Src\stm32f4xx_hal_i2c.o
HAL_DMA_GetState                                  Drivers\STM32F4xx_HAL_Driver\Src\stm32f4xx_hal_dma.o
HAL_DMA_IRQHandler                                Drivers\STM32F4xx_HAL_Driver\Src\stm32f4xx_hal_dma.o
HAL_DMA_Init                                      Drivers\STM32F4xx_HAL_Driver\Src\stm32f4xx_hal_dma.o
HAL_DMA_PollForTransfer                           Drivers\STM32F4xx_HAL_Driver\Src\stm32f4xx_hal_dma.o
HAL_DMA_RegisterCallback                          Drivers\STM32F4xx_HAL_Driver\Src\stm32f4xx_hal_dma.o
HAL_DMA_Start                                     Drivers\STM32F4xx_HAL_Driver\Src\stm32f4xx_hal_dma.o
HAL_DMA_Start_IT                                  Drivers\STM32F4xx_HAL_Driver\Src\stm32f4xx_hal_dma.o
                                                  Drivers\STM32F4xx_HAL_Driver\Src\stm32f4xx_hal_usart.o
                                                  Drivers\STM32F4xx_HAL_Driver\Src\stm32f4xx_hal_spi.o
                                                  Drivers\STM32F4xx_HAL_Driver\Src\stm32f4xx_hal_i2c.o
HAL_DMA_UnRegisterCallback                        Drivers\STM32F4xx_HAL_Driver\Src\stm32f4xx_hal_dma.o
HAL_DeInit                                        Drivers\STM32F4xx_HAL_Driver\Src\stm32f4xx_hal.o
HAL_Delay                                         Drivers\STM32F4xx_HAL_Driver\Src\stm32f4xx_hal.o
                                                  Drivers\BSP\STM32F4xx-Nucleo\stm32f4xx_nucleo.o
HAL_DisableCompensationCell                       Drivers\STM32F4xx_HAL_Driver\Src\stm32f4xx_hal.o
HAL_EnableCompensationCell                        Drivers\STM32F4xx_HAL_Driver\Src\stm32f4xx_hal.o
HAL_FLASHEx_AdvOBGetConfig                        Drivers\STM32F4xx_HAL_Driver\Src\stm32f4xx_hal_flash_ex.o
HAL_FLASHEx_AdvOBProgram                          Drivers\STM32F4xx_HAL_Driver\Src\stm32f4xx_hal_flash_ex.o
HAL_FLASHEx_DisableFlashSleepMode                 Drivers\STM32F4xx_HAL_Driver\Src\stm32f4xx_hal_flash_ramfunc.o
HAL_FLASHEx_EnableFlashSleepMode                  Drivers\STM32F4xx_HAL_Driver\Src\stm32f4xx_hal_flash_ramfunc.o
HAL_FLASHEx_Erase                                 Drivers\STM32F4xx_HAL_Driver\Src\stm32f4xx_hal_flash_ex.o
HAL_FLASHEx_Erase_IT                              Drivers\STM32F4xx_HAL_Driver\Src\stm32f4xx_hal_flash_ex.o
HAL_FLASHEx_OBGetConfig                           Drivers\STM32F4xx_HAL_Driver\Src\stm32f4xx_hal_flash_ex.o
HAL_FLASHEx_OBProgram                             Drivers\STM32F4xx_HAL_Driver\Src\stm32f4xx_hal_flash_ex.o
HAL_FLASHEx_OB_DeSelectPCROP                      Drivers\STM32F4xx_HAL_Driver\Src\stm32f4xx_hal_flash_ex.o
HAL_FLASHEx_OB_SelectPCROP                        Drivers\STM32F4xx_HAL_Driver\Src\stm32f4xx_hal_flash_ex.o
HAL_FLASHEx_StartFlashInterfaceClk                Drivers\STM32F4xx_HAL_Driver\Src\stm32f4xx_hal_flash_ramfunc.o
HAL_FLASHEx_StopFlashInterfaceClk                 Drivers\STM32F4xx_HAL_Driver\Src\stm32f4xx_hal_flash_ramfunc.o
HAL_FLASH_EndOfOperationCallback                  Drivers\STM32F4xx_HAL_Driver\Src\stm32f4xx_hal_flash.o
HAL_FLASH_GetError                                Drivers\STM32F4xx_HAL_Driver\Src\stm32f4xx_hal_flash.o
HAL_FLASH_IRQHandler                              Drivers\STM32F4xx_HAL_Driver\Src\stm32f4xx_hal_flash.o
HAL_FLASH_Lock                                    Drivers\STM32F4xx_HAL_Driver\Src\stm32f4xx_hal_flash.o
HAL_FLASH_OB_Launch                               Drivers\STM32F4xx_HAL_Driver\Src\stm32f4xx_hal_flash.o
HAL_FLASH_OB_Lock                                 Drivers\STM32F4xx_HAL_Driver\Src\stm32f4xx_hal_flash.o
HAL_FLASH_OB_Unlock                               Drivers\STM32F4xx_HAL_Driver\Src\stm32f4xx_hal_flash.o
HAL_FLASH_OperationErrorCallback                  Drivers\STM32F4xx_HAL_Driver\Src\stm32f4xx_hal_flash.o
HAL_FLASH_Program                                 Drivers\STM32F4xx_HAL_Driver\Src\stm32f4xx_hal_flash.o
HAL_FLASH_Program_IT                              Drivers\STM32F4xx_HAL_Driver\Src\stm32f4xx_hal_flash.o
HAL_FLASH_Unlock                                  Drivers\STM32F4xx_HAL_Driver\Src\stm32f4xx_hal_flash.o
HAL_GPIO_DeInit                                   Drivers\STM32F4xx_HAL_Driver\Src\stm32f4xx_hal_gpio.o
                                                  src\stm32f4xx_hal_msp.o
                                                  Drivers\BSP\STM32F4xx-Nucleo\stm32f4xx_nucleo.o
HAL_GPIO_EXTI_Callback                            Drivers\STM32F4xx_HAL_Driver\Src\stm32f4xx_hal_gpio.o
HAL_GPIO_EXTI_IRQHandler                          Drivers\STM32F4xx_HAL_Driver\Src\stm32f4xx_hal_gpio.o
HAL_GPIO_Init                                     Drivers\STM32F4xx_HAL_Driver\Src\stm32f4xx_hal_gpio.o
                                                  src\stm32f4xx_hal_msp.o
                                                  Drivers\STM32F4xx_HAL_Driver\Src\stm32f4xx_hal_rcc.o
                                                  Drivers\BSP\STM32F4xx-Nucleo\stm32f4xx_nucleo.o
HAL_GPIO_LockPin                                  Drivers\STM32F4xx_HAL_Driver\Src\stm32f4xx_hal_gpio.o
HAL_GPIO_ReadPin                                  Drivers\STM32F4xx_HAL_Driver\Src\stm32f4xx_hal_gpio.o
                                                  Drivers\BSP\STM32F4xx-Nucleo\stm32f4xx_nucleo.o
HAL_GPIO_TogglePin                                Drivers\STM32F4xx_HAL_Driver\Src\stm32f4xx_hal_gpio.o
                                                  Drivers\BSP\STM32F4xx-Nucleo\stm32f4xx_nucleo.o
HAL_GPIO_WritePin                                 Drivers\STM32F4xx_HAL_Driver\Src\stm32f4xx_hal_gpio.o
                                                  Drivers\BSP\STM32F4xx-Nucleo\stm32f4xx_nucleo.o
HAL_GetDEVID                                      Drivers\STM32F4xx_HAL_Driver\Src\stm32f4xx_hal.o
HAL_GetHalVersion                                 Drivers\STM32F4xx_HAL_Driver\Src\stm32f4xx_hal.o
HAL_GetREVID                                      Drivers\STM32F4xx_HAL_Driver\Src\stm32f4xx_hal.o
HAL_GetTick                                       Drivers\STM32F4xx_HAL_Driver\Src\stm32f4xx_hal.o
                                                  Drivers\STM32F4xx_HAL_Driver\Src\stm32f4xx_hal_usart.o
                                                  Drivers\STM32F4xx_HAL_Driver\Src\stm32f4xx_hal_spi.o
                                                  Drivers\STM32F4xx_HAL_Driver\Src\stm32f4xx_hal_rcc_ex.o
                                                  Drivers\STM32F4xx_HAL_Driver\Src\stm32f4xx_hal_rcc.o
                                                  Drivers\STM32F4xx_HAL_Driver\Src\stm32f4xx_hal_pwr_ex.o
                                                  Drivers\STM32F4xx_HAL_Driver\Src\stm32f4xx_hal_i2c.o
                                                  Drivers\STM32F4xx_HAL_Driver\Src\stm32f4xx_hal_flash.o
                                                  Drivers\STM32F4xx_HAL_Driver\Src\stm32f4xx_hal_dma.o
HAL_GetUID                                        Drivers\STM32F4xx_HAL_Driver\Src\stm32f4xx_hal.o
HAL_I2CEx_ConfigAnalogFilter                      Drivers\STM32F4xx_HAL_Driver\Src\stm32f4xx_hal_i2c_ex.o
HAL_I2CEx_ConfigDigitalFilter                     Drivers\STM32F4xx_HAL_Driver\Src\stm32f4xx_hal_i2c_ex.o
HAL_I2C_AbortCpltCallback                         Drivers\STM32F4xx_HAL_Driver\Src\stm32f4xx_hal_i2c.o
HAL_I2C_AddrCallback                              Drivers\STM32F4xx_HAL_Driver\Src\stm32f4xx_hal_i2c.o
HAL_I2C_DeInit                                    Drivers\STM32F4xx_HAL_Driver\Src\stm32f4xx_hal_i2c.o
HAL_I2C_DisableListen_IT                          Drivers\STM32F4xx_HAL_Driver\Src\stm32f4xx_hal_i2c.o
HAL_I2C_ER_IRQHandler                             Drivers\STM32F4xx_HAL_Driver\Src\stm32f4xx_hal_i2c.o
HAL_I2C_EV_IRQHandler                             Drivers\STM32F4xx_HAL_Driver\Src\stm32f4xx_hal_i2c.o
HAL_I2C_EnableListen_IT                           Drivers\STM32F4xx_HAL_Driver\Src\stm32f4xx_hal_i2c.o
HAL_I2C_ErrorCallback                             Drivers\STM32F4xx_HAL_Driver\Src\stm32f4xx_hal_i2c.o
HAL_I2C_GetError                                  Drivers\STM32F4xx_HAL_Driver\Src\stm32f4xx_hal_i2c.o
HAL_I2C_GetMode                                   Drivers\STM32F4xx_HAL_Driver\Src\stm32f4xx_hal_i2c.o
HAL_I2C_GetState                                  Drivers\STM32F4xx_HAL_Driver\Src\stm32f4xx_hal_i2c.o
HAL_I2C_Init                                      Drivers\STM32F4xx_HAL_Driver\Src\stm32f4xx_hal_i2c.o
                                                  src\init.o
HAL_I2C_IsDeviceReady                             Drivers\STM32F4xx_HAL_Driver\Src\stm32f4xx_hal_i2c.o
HAL_I2C_ListenCpltCallback                        Drivers\STM32F4xx_HAL_Driver\Src\stm32f4xx_hal_i2c.o
HAL_I2C_MasterRxCpltCallback                      Drivers\STM32F4xx_HAL_Driver\Src\stm32f4xx_hal_i2c.o
HAL_I2C_MasterTxCpltCallback                      Drivers\STM32F4xx_HAL_Driver\Src\stm32f4xx_hal_i2c.o
HAL_I2C_Master_Abort_IT                           Drivers\STM32F4xx_HAL_Driver\Src\stm32f4xx_hal_i2c.o
HAL_I2C_Master_Receive                            Drivers\STM32F4xx_HAL_Driver\Src\stm32f4xx_hal_i2c.o
HAL_I2C_Master_Receive_DMA                        Drivers\STM32F4xx_HAL_Driver\Src\stm32f4xx_hal_i2c.o
HAL_I2C_Master_Receive_IT                         Drivers\STM32F4xx_HAL_Driver\Src\stm32f4xx_hal_i2c.o
HAL_I2C_Master_Sequential_Receive_IT              Drivers\STM32F4xx_HAL_Driver\Src\stm32f4xx_hal_i2c.o
HAL_I2C_Master_Sequential_Transmit_IT             Drivers\STM32F4xx_HAL_Driver\Src\stm32f4xx_hal_i2c.o
HAL_I2C_Master_Transmit                           Drivers\STM32F4xx_HAL_Driver\Src\stm32f4xx_hal_i2c.o
HAL_I2C_Master_Transmit_DMA                       Drivers\STM32F4xx_HAL_Driver\Src\stm32f4xx_hal_i2c.o
HAL_I2C_Master_Transmit_IT                        Drivers\STM32F4xx_HAL_Driver\Src\stm32f4xx_hal_i2c.o
HAL_I2C_MemRxCpltCallback                         Drivers\STM32F4xx_HAL_Driver\Src\stm32f4xx_hal_i2c.o
HAL_I2C_MemTxCpltCallback                         Drivers\STM32F4xx_HAL_Driver\Src\stm32f4xx_hal_i2c.o
HAL_I2C_Mem_Read                                  Drivers\STM32F4xx_HAL_Driver\Src\stm32f4xx_hal_i2c.o
HAL_I2C_Mem_Read_DMA                              Drivers\STM32F4xx_HAL_Driver\Src\stm32f4xx_hal_i2c.o
HAL_I2C_Mem_Read_IT                               Drivers\STM32F4xx_HAL_Driver\Src\stm32f4xx_hal_i2c.o
HAL_I2C_Mem_Write                                 Drivers\STM32F4xx_HAL_Driver\Src\stm32f4xx_hal_i2c.o
HAL_I2C_Mem_Write_DMA                             Drivers\STM32F4xx_HAL_Driver\Src\stm32f4xx_hal_i2c.o
HAL_I2C_Mem_Write_IT                              Drivers\STM32F4xx_HAL_Driver\Src\stm32f4xx_hal_i2c.o
HAL_I2C_MspDeInit                                 src\stm32f4xx_hal_msp.o
                                                  Drivers\STM32F4xx_HAL_Driver\Src\stm32f4xx_hal_i2c.o
HAL_I2C_MspInit                                   src\stm32f4xx_hal_msp.o
                                                  Drivers\STM32F4xx_HAL_Driver\Src\stm32f4xx_hal_i2c.o
HAL_I2C_SlaveRxCpltCallback                       Drivers\STM32F4xx_HAL_Driver\Src\stm32f4xx_hal_i2c.o
HAL_I2C_SlaveTxCpltCallback                       Drivers\STM32F4xx_HAL_Driver\Src\stm32f4xx_hal_i2c.o
HAL_I2C_Slave_Receive                             Drivers\STM32F4xx_HAL_Driver\Src\stm32f4xx_hal_i2c.o
HAL_I2C_Slave_Receive_DMA                         Drivers\STM32F4xx_HAL_Driver\Src\stm32f4xx_hal_i2c.o
HAL_I2C_Slave_Receive_IT                          Drivers\STM32F4xx_HAL_Driver\Src\stm32f4xx_hal_i2c.o
HAL_I2C_Slave_Sequential_Receive_IT               Drivers\STM32F4xx_HAL_Driver\Src\stm32f4xx_hal_i2c.o
HAL_I2C_Slave_Sequential_Transmit_IT              Drivers\STM32F4xx_HAL_Driver\Src\stm32f4xx_hal_i2c.o
HAL_I2C_Slave_Transmit                            Drivers\STM32F4xx_HAL_Driver\Src\stm32f4xx_hal_i2c.o
HAL_I2C_Slave_Transmit_DMA                        Drivers\STM32F4xx_HAL_Driver\Src\stm32f4xx_hal_i2c.o
HAL_I2C_Slave_Transmit_IT                         Drivers\STM32F4xx_HAL_Driver\Src\stm32f4xx_hal_i2c.o
HAL_IncTick                                       Drivers\STM32F4xx_HAL_Driver\Src\stm32f4xx_hal.o
                                                  src\stm32f4xx_it.o
HAL_Init                                          Drivers\STM32F4xx_HAL_Driver\Src\stm32f4xx_hal.o
                                                  src\main.o
HAL_InitTick                                      Drivers\STM32F4xx_HAL_Driver\Src\stm32f4xx_hal.o
                                                  Drivers\STM32F4xx_HAL_Driver\Src\stm32f4xx_hal_rcc.o
HAL_MPU_ConfigRegion                              Drivers\STM32F4xx_HAL_Driver\Src\stm32f4xx_hal_cortex.o
HAL_MPU_Disable                                   Drivers\STM32F4xx_HAL_Driver\Src\stm32f4xx_hal_cortex.o
HAL_MPU_Enable                                    Drivers\STM32F4xx_HAL_Driver\Src\stm32f4xx_hal_cortex.o
HAL_MspDeInit                                     Drivers\STM32F4xx_HAL_Driver\Src\stm32f4xx_hal.o
HAL_MspInit                                       src\stm32f4xx_hal_msp.o
                                                  Drivers\STM32F4xx_HAL_Driver\Src\stm32f4xx_hal.o
HAL_NVIC_ClearPendingIRQ                          Drivers\STM32F4xx_HAL_Driver\Src\stm32f4xx_hal_cortex.o
HAL_NVIC_DisableIRQ                               Drivers\STM32F4xx_HAL_Driver\Src\stm32f4xx_hal_cortex.o
                                                  Drivers\BSP\STM32F4xx-Nucleo\stm32f4xx_nucleo.o
HAL_NVIC_EnableIRQ                                Drivers\STM32F4xx_HAL_Driver\Src\stm32f4xx_hal_cortex.o
                                                  Drivers\BSP\STM32F4xx-Nucleo\stm32f4xx_nucleo.o
HAL_NVIC_GetActive                                Drivers\STM32F4xx_HAL_Driver\Src\stm32f4xx_hal_cortex.o
HAL_NVIC_GetPendingIRQ                            Drivers\STM32F4xx_HAL_Driver\Src\stm32f4xx_hal_cortex.o
HAL_NVIC_GetPriority                              Drivers\STM32F4xx_HAL_Driver\Src\stm32f4xx_hal_cortex.o
HAL_NVIC_GetPriorityGrouping                      Drivers\STM32F4xx_HAL_Driver\Src\stm32f4xx_hal_cortex.o
HAL_NVIC_SetPendingIRQ                            Drivers\STM32F4xx_HAL_Driver\Src\stm32f4xx_hal_cortex.o
HAL_NVIC_SetPriority                              Drivers\STM32F4xx_HAL_Driver\Src\stm32f4xx_hal_cortex.o
                                                  src\stm32f4xx_hal_msp.o
                                                  src\main.o
                                                  Drivers\STM32F4xx_HAL_Driver\Src\stm32f4xx_hal.o
                                                  Drivers\BSP\STM32F4xx-Nucleo\stm32f4xx_nucleo.o
HAL_NVIC_SetPriorityGrouping                      Drivers\STM32F4xx_HAL_Driver\Src\stm32f4xx_hal_cortex.o
                                                  src\stm32f4xx_hal_msp.o
                                                  Drivers\STM32F4xx_HAL_Driver\Src\stm32f4xx_hal.o
HAL_NVIC_SystemReset                              Drivers\STM32F4xx_HAL_Driver\Src\stm32f4xx_hal_cortex.o
HAL_PWREx_ControlVoltageScaling                   Drivers\STM32F4xx_HAL_Driver\Src\stm32f4xx_hal_pwr_ex.o
HAL_PWREx_DisableBkUpReg                          Drivers\STM32F4xx_HAL_Driver\Src\stm32f4xx_hal_pwr_ex.o
HAL_PWREx_DisableFlashPowerDown                   Drivers\STM32F4xx_HAL_Driver\Src\stm32f4xx_hal_pwr_ex.o
HAL_PWREx_DisableLowRegulatorLowVoltage           Drivers\STM32F4xx_HAL_Driver\Src\stm32f4xx_hal_pwr_ex.o
HAL_PWREx_DisableMainRegulatorLowVoltage          Drivers\STM32F4xx_HAL_Driver\Src\stm32f4xx_hal_pwr_ex.o
HAL_PWREx_EnableBkUpReg                           Drivers\STM32F4xx_HAL_Driver\Src\stm32f4xx_hal_pwr_ex.o
HAL_PWREx_EnableFlashPowerDown                    Drivers\STM32F4xx_HAL_Driver\Src\stm32f4xx_hal_pwr_ex.o
HAL_PWREx_EnableLowRegulatorLowVoltage            Drivers\STM32F4xx_HAL_Driver\Src\stm32f4xx_hal_pwr_ex.o
HAL_PWREx_EnableMainRegulatorLowVoltage           Drivers\STM32F4xx_HAL_Driver\Src\stm32f4xx_hal_pwr_ex.o
HAL_PWREx_GetVoltageRange                         Drivers\STM32F4xx_HAL_Driver\Src\stm32f4xx_hal_pwr_ex.o
HAL_PWR_ConfigPVD                                 Drivers\STM32F4xx_HAL_Driver\Src\stm32f4xx_hal_pwr.o
HAL_PWR_DeInit                                    Drivers\STM32F4xx_HAL_Driver\Src\stm32f4xx_hal_pwr.o
HAL_PWR_DisableBkUpAccess                         Drivers\STM32F4xx_HAL_Driver\Src\stm32f4xx_hal_pwr.o
HAL_PWR_DisablePVD                                Drivers\STM32F4xx_HAL_Driver\Src\stm32f4xx_hal_pwr.o
HAL_PWR_DisableSEVOnPend                          Drivers\STM32F4xx_HAL_Driver\Src\stm32f4xx_hal_pwr.o
HAL_PWR_DisableSleepOnExit                        Drivers\STM32F4xx_HAL_Driver\Src\stm32f4xx_hal_pwr.o
HAL_PWR_DisableWakeUpPin                          Drivers\STM32F4xx_HAL_Driver\Src\stm32f4xx_hal_pwr.o
HAL_PWR_EnableBkUpAccess                          Drivers\STM32F4xx_HAL_Driver\Src\stm32f4xx_hal_pwr.o
HAL_PWR_EnablePVD                                 Drivers\STM32F4xx_HAL_Driver\Src\stm32f4xx_hal_pwr.o
HAL_PWR_EnableSEVOnPend                           Drivers\STM32F4xx_HAL_Driver\Src\stm32f4xx_hal_pwr.o
HAL_PWR_EnableSleepOnExit                         Drivers\STM32F4xx_HAL_Driver\Src\stm32f4xx_hal_pwr.o
HAL_PWR_EnableWakeUpPin                           Drivers\STM32F4xx_HAL_Driver\Src\stm32f4xx_hal_pwr.o
HAL_PWR_EnterSLEEPMode                            Drivers\STM32F4xx_HAL_Driver\Src\stm32f4xx_hal_pwr.o
HAL_PWR_EnterSTANDBYMode                          Drivers\STM32F4xx_HAL_Driver\Src\stm32f4xx_hal_pwr.o
HAL_PWR_EnterSTOPMode                             Drivers\STM32F4xx_HAL_Driver\Src\stm32f4xx_hal_pwr.o
HAL_PWR_PVDCallback                               Drivers\STM32F4xx_HAL_Driver\Src\stm32f4xx_hal_pwr.o
HAL_PWR_PVD_IRQHandler                            Drivers\STM32F4xx_HAL_Driver\Src\stm32f4xx_hal_pwr.o
HAL_RCCEx_GetPeriphCLKConfig                      Drivers\STM32F4xx_HAL_Driver\Src\stm32f4xx_hal_rcc_ex.o
HAL_RCCEx_GetPeriphCLKFreq                        Drivers\STM32F4xx_HAL_Driver\Src\stm32f4xx_hal_rcc_ex.o
HAL_RCCEx_PeriphCLKConfig                         Drivers\STM32F4xx_HAL_Driver\Src\stm32f4xx_hal_rcc_ex.o
HAL_RCCEx_SelectLSEMode                           Drivers\STM32F4xx_HAL_Driver\Src\stm32f4xx_hal_rcc_ex.o
HAL_RCC_CSSCallback                               Drivers\STM32F4xx_HAL_Driver\Src\stm32f4xx_hal_rcc.o
HAL_RCC_ClockConfig                               Drivers\STM32F4xx_HAL_Driver\Src\stm32f4xx_hal_rcc.o
                                                  src\main.o
HAL_RCC_DeInit                                    Drivers\STM32F4xx_HAL_Driver\Src\stm32f4xx_hal_rcc_ex.o
                                                  Drivers\STM32F4xx_HAL_Driver\Src\stm32f4xx_hal_rcc.o
HAL_RCC_DisableCSS                                Drivers\STM32F4xx_HAL_Driver\Src\stm32f4xx_hal_rcc.o
HAL_RCC_EnableCSS                                 Drivers\STM32F4xx_HAL_Driver\Src\stm32f4xx_hal_rcc.o
HAL_RCC_GetClockConfig                            Drivers\STM32F4xx_HAL_Driver\Src\stm32f4xx_hal_rcc.o
HAL_RCC_GetHCLKFreq                               Drivers\STM32F4xx_HAL_Driver\Src\stm32f4xx_hal_rcc.o
                                                  src\main.o
HAL_RCC_GetOscConfig                              Drivers\STM32F4xx_HAL_Driver\Src\stm32f4xx_hal_rcc.o
HAL_RCC_GetPCLK1Freq                              Drivers\STM32F4xx_HAL_Driver\Src\stm32f4xx_hal_rcc.o
                                                  Drivers\STM32F4xx_HAL_Driver\Src\stm32f4xx_hal_usart.o
                                                  Drivers\STM32F4xx_HAL_Driver\Src\stm32f4xx_hal_i2c.o
HAL_RCC_GetPCLK2Freq                              Drivers\STM32F4xx_HAL_Driver\Src\stm32f4xx_hal_rcc.o
                                                  Drivers\STM32F4xx_HAL_Driver\Src\stm32f4xx_hal_usart.o
HAL_RCC_GetSysClockFreq                           Drivers\STM32F4xx_HAL_Driver\Src\stm32f4xx_hal_rcc.o
HAL_RCC_MCOConfig                                 Drivers\STM32F4xx_HAL_Driver\Src\stm32f4xx_hal_rcc.o
HAL_RCC_NMI_IRQHandler                            Drivers\STM32F4xx_HAL_Driver\Src\stm32f4xx_hal_rcc.o
HAL_RCC_OscConfig                                 Drivers\STM32F4xx_HAL_Driver\Src\stm32f4xx_hal_rcc.o
                                                  src\main.o
HAL_ResumeTick                                    Drivers\STM32F4xx_HAL_Driver\Src\stm32f4xx_hal.o
HAL_SPI_Abort                                     Drivers\STM32F4xx_HAL_Driver\Src\stm32f4xx_hal_spi.o
HAL_SPI_AbortCpltCallback                         Drivers\STM32F4xx_HAL_Driver\Src\stm32f4xx_hal_spi.o
HAL_SPI_Abort_IT                                  Drivers\STM32F4xx_HAL_Driver\Src\stm32f4xx_hal_spi.o
HAL_SPI_DMAPause                                  Drivers\STM32F4xx_HAL_Driver\Src\stm32f4xx_hal_spi.o
HAL_SPI_DMAResume                                 Drivers\STM32F4xx_HAL_Driver\Src\stm32f4xx_hal_spi.o
HAL_SPI_DMAStop                                   Drivers\STM32F4xx_HAL_Driver\Src\stm32f4xx_hal_spi.o
HAL_SPI_DeInit                                    Drivers\STM32F4xx_HAL_Driver\Src\stm32f4xx_hal_spi.o
                                                  Drivers\BSP\STM32F4xx-Nucleo\stm32f4xx_nucleo.o
HAL_SPI_ErrorCallback                             Drivers\STM32F4xx_HAL_Driver\Src\stm32f4xx_hal_spi.o
HAL_SPI_GetError                                  Drivers\STM32F4xx_HAL_Driver\Src\stm32f4xx_hal_spi.o
HAL_SPI_GetState                                  Drivers\STM32F4xx_HAL_Driver\Src\stm32f4xx_hal_spi.o
                                                  Drivers\BSP\STM32F4xx-Nucleo\stm32f4xx_nucleo.o
HAL_SPI_IRQHandler                                Drivers\STM32F4xx_HAL_Driver\Src\stm32f4xx_hal_spi.o
HAL_SPI_Init                                      Drivers\STM32F4xx_HAL_Driver\Src\stm32f4xx_hal_spi.o
                                                  src\init.o
                                                  Drivers\BSP\STM32F4xx-Nucleo\stm32f4xx_nucleo.o
HAL_SPI_MspDeInit                                 src\stm32f4xx_hal_msp.o
                                                  Drivers\STM32F4xx_HAL_Driver\Src\stm32f4xx_hal_spi.o
HAL_SPI_MspInit                                   src\stm32f4xx_hal_msp.o
                                                  Drivers\STM32F4xx_HAL_Driver\Src\stm32f4xx_hal_spi.o
HAL_SPI_Receive                                   Drivers\STM32F4xx_HAL_Driver\Src\stm32f4xx_hal_spi.o
HAL_SPI_Receive_DMA                               Drivers\STM32F4xx_HAL_Driver\Src\stm32f4xx_hal_spi.o
HAL_SPI_Receive_IT                                Drivers\STM32F4xx_HAL_Driver\Src\stm32f4xx_hal_spi.o
HAL_SPI_RxCpltCallback                            Drivers\STM32F4xx_HAL_Driver\Src\stm32f4xx_hal_spi.o
HAL_SPI_RxHalfCpltCallback                        Drivers\STM32F4xx_HAL_Driver\Src\stm32f4xx_hal_spi.o
HAL_SPI_Transmit                                  Drivers\STM32F4xx_HAL_Driver\Src\stm32f4xx_hal_spi.o
HAL_SPI_TransmitReceive                           Drivers\STM32F4xx_HAL_Driver\Src\stm32f4xx_hal_spi.o
                                                  Drivers\BSP\STM32F4xx-Nucleo\stm32f4xx_nucleo.o
HAL_SPI_TransmitReceive_DMA                       Drivers\STM32F4xx_HAL_Driver\Src\stm32f4xx_hal_spi.o
HAL_SPI_TransmitReceive_IT                        Drivers\STM32F4xx_HAL_Driver\Src\stm32f4xx_hal_spi.o
HAL_SPI_Transmit_DMA                              Drivers\STM32F4xx_HAL_Driver\Src\stm32f4xx_hal_spi.o
HAL_SPI_Transmit_IT                               Drivers\STM32F4xx_HAL_Driver\Src\stm32f4xx_hal_spi.o
HAL_SPI_TxCpltCallback                            Drivers\STM32F4xx_HAL_Driver\Src\stm32f4xx_hal_spi.o
HAL_SPI_TxHalfCpltCallback                        Drivers\STM32F4xx_HAL_Driver\Src\stm32f4xx_hal_spi.o
HAL_SPI_TxRxCpltCallback                          Drivers\STM32F4xx_HAL_Driver\Src\stm32f4xx_hal_spi.o
HAL_SPI_TxRxHalfCpltCallback                      Drivers\STM32F4xx_HAL_Driver\Src\stm32f4xx_hal_spi.o
HAL_SYSTICK_CLKSourceConfig                       Drivers\STM32F4xx_HAL_Driver\Src\stm32f4xx_hal_cortex.o
                                                  src\main.o
HAL_SYSTICK_Callback                              Drivers\STM32F4xx_HAL_Driver\Src\stm32f4xx_hal_cortex.o
HAL_SYSTICK_Config                                Drivers\STM32F4xx_HAL_Driver\Src\stm32f4xx_hal_cortex.o
                                                  src\main.o
                                                  Drivers\STM32F4xx_HAL_Driver\Src\stm32f4xx_hal.o
HAL_SYSTICK_IRQHandler                            Drivers\STM32F4xx_HAL_Driver\Src\stm32f4xx_hal_cortex.o
                                                  src\stm32f4xx_it.o
HAL_SuspendTick                                   Drivers\STM32F4xx_HAL_Driver\Src\stm32f4xx_hal.o
HAL_USART_Abort                                   Drivers\STM32F4xx_HAL_Driver\Src\stm32f4xx_hal_usart.o
HAL_USART_AbortCpltCallback                       Drivers\STM32F4xx_HAL_Driver\Src\stm32f4xx_hal_usart.o
HAL_USART_Abort_IT                                Drivers\STM32F4xx_HAL_Driver\Src\stm32f4xx_hal_usart.o
HAL_USART_DMAPause                                Drivers\STM32F4xx_HAL_Driver\Src\stm32f4xx_hal_usart.o
HAL_USART_DMAResume                               Drivers\STM32F4xx_HAL_Driver\Src\stm32f4xx_hal_usart.o
HAL_USART_DMAStop                                 Drivers\STM32F4xx_HAL_Driver\Src\stm32f4xx_hal_usart.o
HAL_USART_DeInit                                  Drivers\STM32F4xx_HAL_Driver\Src\stm32f4xx_hal_usart.o
HAL_USART_ErrorCallback                           Drivers\STM32F4xx_HAL_Driver\Src\stm32f4xx_hal_usart.o
HAL_USART_GetError                                Drivers\STM32F4xx_HAL_Driver\Src\stm32f4xx_hal_usart.o
HAL_USART_GetState                                Drivers\STM32F4xx_HAL_Driver\Src\stm32f4xx_hal_usart.o
HAL_USART_IRQHandler                              Drivers\STM32F4xx_HAL_Driver\Src\stm32f4xx_hal_usart.o
HAL_USART_Init                                    Drivers\STM32F4xx_HAL_Driver\Src\stm32f4xx_hal_usart.o
                                                  src\init.o
HAL_USART_MspDeInit                               src\stm32f4xx_hal_msp.o
                                                  Drivers\STM32F4xx_HAL_Driver\Src\stm32f4xx_hal_usart.o
HAL_USART_MspInit                                 src\stm32f4xx_hal_msp.o
                                                  Drivers\STM32F4xx_HAL_Driver\Src\stm32f4xx_hal_usart.o
HAL_USART_Receive                                 Drivers\STM32F4xx_HAL_Driver\Src\stm32f4xx_hal_usart.o
HAL_USART_Receive_DMA                             Drivers\STM32F4xx_HAL_Driver\Src\stm32f4xx_hal_usart.o
HAL_USART_Receive_IT                              Drivers\STM32F4xx_HAL_Driver\Src\stm32f4xx_hal_usart.o
HAL_USART_RxCpltCallback                          Drivers\STM32F4xx_HAL_Driver\Src\stm32f4xx_hal_usart.o
HAL_USART_RxHalfCpltCallback                      Drivers\STM32F4xx_HAL_Driver\Src\stm32f4xx_hal_usart.o
HAL_USART_Transmit                                Drivers\STM32F4xx_HAL_Driver\Src\stm32f4xx_hal_usart.o
HAL_USART_TransmitReceive                         Drivers\STM32F4xx_HAL_Driver\Src\stm32f4xx_hal_usart.o
HAL_USART_TransmitReceive_DMA                     Drivers\STM32F4xx_HAL_Driver\Src\stm32f4xx_hal_usart.o
HAL_USART_TransmitReceive_IT                      Drivers\STM32F4xx_HAL_Driver\Src\stm32f4xx_hal_usart.o
HAL_USART_Transmit_DMA                            Drivers\STM32F4xx_HAL_Driver\Src\stm32f4xx_hal_usart.o
HAL_USART_Transmit_IT                             Drivers\STM32F4xx_HAL_Driver\Src\stm32f4xx_hal_usart.o
HAL_USART_TxCpltCallback                          Drivers\STM32F4xx_HAL_Driver\Src\stm32f4xx_hal_usart.o
HAL_USART_TxHalfCpltCallback                      Drivers\STM32F4xx_HAL_Driver\Src\stm32f4xx_hal_usart.o
HAL_USART_TxRxCpltCallback                        Drivers\STM32F4xx_HAL_Driver\Src\stm32f4xx_hal_usart.o
HAL_WWDG_EarlyWakeupCallback                      Drivers\STM32F4xx_HAL_Driver\Src\stm32f4xx_hal_wwdg.o
HAL_WWDG_IRQHandler                               Drivers\STM32F4xx_HAL_Driver\Src\stm32f4xx_hal_wwdg.o
HAL_WWDG_Init                                     Drivers\STM32F4xx_HAL_Driver\Src\stm32f4xx_hal_wwdg.o
                                                  src\init.o
HAL_WWDG_MspDeInit                                src\stm32f4xx_hal_msp.o
HAL_WWDG_MspInit                                  src\stm32f4xx_hal_msp.o
                                                  Drivers\STM32F4xx_HAL_Driver\Src\stm32f4xx_hal_wwdg.o
HAL_WWDG_Refresh                                  Drivers\STM32F4xx_HAL_Driver\Src\stm32f4xx_hal_wwdg.o
HardFault_Handler                                 src\startup_stm32f411xe.o
I2C1_ER_IRQHandler                                src\startup_stm32f411xe.o
I2C1_EV_IRQHandler                                src\startup_stm32f411xe.o
I2C1_Init                                         src\init.o
                                                  src\main.o
I2C2_ER_IRQHandler                                src\startup_stm32f411xe.o
I2C2_EV_IRQHandler                                src\startup_stm32f411xe.o
I2C3_ER_IRQHandler                                src\startup_stm32f411xe.o
I2C3_EV_IRQHandler                                src\startup_stm32f411xe.o
LCD_Delay                                         Drivers\BSP\STM32F4xx-Nucleo\stm32f4xx_nucleo.o
LCD_IO_Init                                       Drivers\BSP\STM32F4xx-Nucleo\stm32f4xx_nucleo.o
LCD_IO_WriteData                                  Drivers\BSP\STM32F4xx-Nucleo\stm32f4xx_nucleo.o
LCD_IO_WriteMultipleData                          Drivers\BSP\STM32F4xx-Nucleo\stm32f4xx_nucleo.o
LCD_IO_WriteReg                                   Drivers\BSP\STM32F4xx-Nucleo\stm32f4xx_nucleo.o
MemManage_Handler                                 src\startup_stm32f411xe.o
NMI_Handler                                       src\startup_stm32f411xe.o
OTG_FS_IRQHandler                                 src\startup_stm32f411xe.o
OTG_FS_WKUP_IRQHandler                            src\startup_stm32f411xe.o
PVD_IRQHandler                                    src\startup_stm32f411xe.o
PendSV_Handler                                    src\startup_stm32f411xe.o
RCC_IRQHandler                                    src\startup_stm32f411xe.o
RTC_Alarm_IRQHandler                              src\startup_stm32f411xe.o
RTC_WKUP_IRQHandler                               src\startup_stm32f411xe.o
Reset_Handler                                     src\startup_stm32f411xe.o
SDIO_IRQHandler                                   src\startup_stm32f411xe.o
SD_IO_CSState                                     Drivers\BSP\STM32F4xx-Nucleo\stm32f4xx_nucleo.o
SD_IO_Init                                        Drivers\BSP\STM32F4xx-Nucleo\stm32f4xx_nucleo.o
SD_IO_WriteByte                                   Drivers\BSP\STM32F4xx-Nucleo\stm32f4xx_nucleo.o
SD_IO_WriteReadData                               Drivers\BSP\STM32F4xx-Nucleo\stm32f4xx_nucleo.o
SPI1_IRQHandler                                   src\startup_stm32f411xe.o
SPI1_Init                                         src\init.o
                                                  src\main.o
SPI2_IRQHandler                                   src\startup_stm32f411xe.o
SPI3_IRQHandler                                   src\startup_stm32f411xe.o
SPI4_IRQHandler                                   src\startup_stm32f411xe.o
SPI5_IRQHandler                                   src\startup_stm32f411xe.o
SVC_Handler                                       src\startup_stm32f411xe.o
SpixTimeout                                       Drivers\BSP\STM32F4xx-Nucleo\stm32f4xx_nucleo.o
SysTick_Handler                                   src\stm32f4xx_it.o
                                                  src\startup_stm32f411xe.o
SystemClock_Config                                src\main.o
SystemCoreClock                                   src\system_stm32f4xx.o
                                                  Drivers\STM32F4xx_HAL_Driver\Src\stm32f4xx_hal_spi.o
                                                  Drivers\STM32F4xx_HAL_Driver\Src\stm32f4xx_hal_rcc_ex.o
                                                  Drivers\STM32F4xx_HAL_Driver\Src\stm32f4xx_hal_rcc.o
                                                  Drivers\STM32F4xx_HAL_Driver\Src\stm32f4xx_hal_i2c.o
                                                  Drivers\STM32F4xx_HAL_Driver\Src\stm32f4xx_hal_dma.o
                                                  Drivers\STM32F4xx_HAL_Driver\Src\stm32f4xx_hal.o
SystemCoreClockUpdate                             src\system_stm32f4xx.o
SystemInit                                        src\system_stm32f4xx.o
                                                  src\startup_stm32f411xe.o
TAMP_STAMP_IRQHandler                             src\startup_stm32f411xe.o
TIM1_BRK_TIM9_IRQHandler                          src\startup_stm32f411xe.o
TIM1_CC_IRQHandler                                src\startup_stm32f411xe.o
TIM1_TRG_COM_TIM11_IRQHandler                     src\startup_stm32f411xe.o
TIM1_UP_TIM10_IRQHandler                          src\startup_stm32f411xe.o
TIM2_IRQHandler                                   src\startup_stm32f411xe.o
TIM3_IRQHandler                                   src\startup_stm32f411xe.o
TIM4_IRQHandler                                   src\startup_stm32f411xe.o
TIM5_IRQHandler                                   src\startup_stm32f411xe.o
USART1_IRQHandler                                 src\startup_stm32f411xe.o
USART1_Init                                       src\init.o
                                                  src\main.o
USART2_IRQHandler                                 src\startup_stm32f411xe.o
USART6_IRQHandler                                 src\startup_stm32f411xe.o
UsageFault_Handler                                src\startup_stm32f411xe.o
WWDG_IRQHandler                                   src\startup_stm32f411xe.o
WWDG_Init                                         src\init.o
                                                  src\main.o
__deregister_frame_info                           c:/program files (x86)/atollic/truestudio for arm 8.1.0/armtools/bin/../lib/gcc/arm-atollic-eabi/6.3.1/armv7e-m/fpu/crtbegin.o
__dso_handle                                      c:/program files (x86)/atollic/truestudio for arm 8.1.0/armtools/bin/../lib/gcc/arm-atollic-eabi/6.3.1/armv7e-m/fpu/crtbegin.o
__init_array_end                                  c:/program files (x86)/atollic/truestudio for arm 8.1.0/armtools/bin/../lib/gcc/arm-atollic-eabi/6.3.1/../../../../arm-atollic-eabi/lib/armv7e-m/fpu\libc_nano.a(lib_a-init.o)
__init_array_start                                c:/program files (x86)/atollic/truestudio for arm 8.1.0/armtools/bin/../lib/gcc/arm-atollic-eabi/6.3.1/../../../../arm-atollic-eabi/lib/armv7e-m/fpu\libc_nano.a(lib_a-init.o)
__libc_init_array                                 c:/program files (x86)/atollic/truestudio for arm 8.1.0/armtools/bin/../lib/gcc/arm-atollic-eabi/6.3.1/../../../../arm-atollic-eabi/lib/armv7e-m/fpu\libc_nano.a(lib_a-init.o)
                                                  src\startup_stm32f411xe.o
__preinit_array_end                               c:/program files (x86)/atollic/truestudio for arm 8.1.0/armtools/bin/../lib/gcc/arm-atollic-eabi/6.3.1/../../../../arm-atollic-eabi/lib/armv7e-m/fpu\libc_nano.a(lib_a-init.o)
__preinit_array_start                             c:/program files (x86)/atollic/truestudio for arm 8.1.0/armtools/bin/../lib/gcc/arm-atollic-eabi/6.3.1/../../../../arm-atollic-eabi/lib/armv7e-m/fpu\libc_nano.a(lib_a-init.o)
__register_frame_info                             c:/program files (x86)/atollic/truestudio for arm 8.1.0/armtools/bin/../lib/gcc/arm-atollic-eabi/6.3.1/armv7e-m/fpu/crtbegin.o
_ebss                                             src\startup_stm32f411xe.o
_edata                                            src\startup_stm32f411xe.o
_estack                                           src\startup_stm32f411xe.o
_fini                                             c:/program files (x86)/atollic/truestudio for arm 8.1.0/armtools/bin/../lib/gcc/arm-atollic-eabi/6.3.1/armv7e-m/fpu/crti.o
_init                                             c:/program files (x86)/atollic/truestudio for arm 8.1.0/armtools/bin/../lib/gcc/arm-atollic-eabi/6.3.1/armv7e-m/fpu/crti.o
                                                  c:/program files (x86)/atollic/truestudio for arm 8.1.0/armtools/bin/../lib/gcc/arm-atollic-eabi/6.3.1/../../../../arm-atollic-eabi/lib/armv7e-m/fpu\libc_nano.a(lib_a-init.o)
_sbss                                             src\startup_stm32f411xe.o
_sdata                                            src\startup_stm32f411xe.o
_sidata                                           src\startup_stm32f411xe.o
_write                                            c:/program files (x86)/atollic/truestudio for arm 8.1.0/armtools/bin/../lib/gcc/arm-atollic-eabi/6.3.1/../../../../arm-atollic-eabi/lib/armv7e-m/fpu\libnosys.a(write.o)
                                                  src\tiny_printf.o
errno                                             c:/program files (x86)/atollic/truestudio for arm 8.1.0/armtools/bin/../lib/gcc/arm-atollic-eabi/6.3.1/../../../../arm-atollic-eabi/lib/armv7e-m/fpu\libnosys.a(errno.o)
                                                  c:/program files (x86)/atollic/truestudio for arm 8.1.0/armtools/bin/../lib/gcc/arm-atollic-eabi/6.3.1/../../../../arm-atollic-eabi/lib/armv7e-m/fpu\libnosys.a(write.o)
fiprintf                                          src\tiny_printf.o
fprintf                                           src\tiny_printf.o
fputs                                             src\tiny_printf.o
fwrite                                            src\tiny_printf.o
g_pfnVectors                                      src\startup_stm32f411xe.o
hi2c1                                             src\init.o
hspi1                                             src\init.o
husart1                                           src\init.o
hwwdg                                             src\init.o
iprintf                                           src\tiny_printf.o
main                                              src\main.o
                                                  src\startup_stm32f411xe.o
pFlash                                            Drivers\STM32F4xx_HAL_Driver\Src\stm32f4xx_hal_flash.o
                                                  Drivers\STM32F4xx_HAL_Driver\Src\stm32f4xx_hal_flash_ex.o
printf                                            src\tiny_printf.o
puts                                              src\tiny_printf.o
siprintf                                          src\tiny_printf.o
sprintf                                           src\tiny_printf.o
strlen                                            c:/program files (x86)/atollic/truestudio for arm 8.1.0/armtools/bin/../lib/gcc/arm-atollic-eabi/6.3.1/../../../../arm-atollic-eabi/lib/armv7e-m/fpu\libc_nano.a(lib_a-strlen.o)
                                                  src\tiny_printf.o
ts_formatlength                                   src\tiny_printf.o
ts_formatstring                                   src\tiny_printf.o
ts_itoa                                           src\tiny_printf.o
uwTick                                            Drivers\STM32F4xx_HAL_Driver\Src\stm32f4xx_hal.o
