init.c:23:6:GPIO_Init	32	static
init.c:33:6:LEDs_Init	32	static
init.c:44:6:LED_ON	16	static
init.c:55:6:LED_OFF	16	static
init.c:68:6:UART1_Init	8	static
init.c:83:6:UART2_Init	8	static
init.c:98:6:UART6_Init	8	static
init.c:115:6:DMA_Init	16	static
init.c:132:6:SPI1_Init	8	static
init.c:153:6:SPI5_Init	8	static
init.c:174:6:I2C1_Init	8	static
init.c:189:6:RTC_Init	4	static
init.c:210:6:RTC_Config	32	static
init.c:234:6:WWDG_Init	8	static
init.c:245:6:HAL_WWDG_EarlyWakeupCallback	16	static
init.c:251:6:LP_Init	16	static
init.c:344:6:HAL_SYSTICK_Callback	8	static
init.c:353:6:HAL_RTCEx_WakeUpTimerEventCallback	16	static
init.c:364:6:HAL_GPIO_EXTI_Callback	16	static
